ESP-ROM:esp32s3-20210327
Build:Mar 27 2021
rst:0x1 (POWERON),boot:0x18 (SPI_FAST_FLASH_BOOT)
SPIWP:0xee
Octal Flash Mode Enabled
For OPI Flash, Use Default Flash Boot Mode
mode:SLOW_RD, clock div:1
load:0x3fce2810,len:0x15a0
load:0x403c8700,len:0x4
load:0x403c8704,len:0xd20
load:0x403cb700,len:0x2ee4
entry 0x403c8928
[0;32mI (33) boot: ESP-IDF v5.4-dirty 2nd stage bootloader[0m
[0;32mI (33) boot: compile time Mar  3 2025 11:14:10[0m
[0;32mI (33) boot: Multicore bootloader[0m
[0;32mI (34) boot: chip revision: v0.1[0m
[0;32mI (37) boot: efuse block revision: v1.2[0m
[0;32mI (40) boot.esp32s3: Boot SPI Speed : 80MHz[0m
[0;32mI (44) boot.esp32s3: SPI Mode       : SLOW READ[0m
[0;32mI (48) boot.esp32s3: SPI Flash Size : 2MB[0m
[0;32mI (52) boot: Enabling RNG early entropy source...[0m
[0;32mI (57) boot: Partition Table:[0m
[0;32mI (59) boot: ## Label            Usage          Type ST Offset   Length[0m
[0;32mI (66) boot:  0 nvs              WiFi data        01 02 00009000 00006000[0m
[0;32mI (72) boot:  1 phy_init         RF data          01 01 0000f000 00001000[0m
[0;32mI (79) boot:  2 factory          factory app      00 00 00010000 00100000[0m
[0;32mI (85) boot: End of partition table[0m
[0;32mI (88) esp_image: segment 0: paddr=00010020 vaddr=3c020020 size=0b3f8h ( 46072) map[0m
[0;32mI (107) esp_image: segment 1: paddr=0001b420 vaddr=3fc93300 size=02a30h ( 10800) load[0m
[0;32mI (110) esp_image: segment 2: paddr=0001de58 vaddr=40374000 size=021c0h (  8640) load[0m
[0;32mI (113) esp_image: segment 3: paddr=00020020 vaddr=42000020 size=1a9e0h (109024) map[0m
[0;32mI (144) esp_image: segment 4: paddr=0003aa08 vaddr=403761c0 size=0d130h ( 53552) load[0m
[0;32mI (159) esp_image: segment 5: paddr=00047b40 vaddr=600fe100 size=0001ch (    28) load[0m
[0;32mI (165) boot: Loaded app from partition at offset 0x10000[0m
[0;32mI (165) boot: Disabling RNG early entropy source...[0m
[0;32mI (177) cpu_start: Multicore app[0m
[0;32mI (186) cpu_start: Pro cpu start user code[0m
[0;32mI (186) cpu_start: cpu freq: 160000000 Hz[0m
[0;32mI (186) app_init: Application information:[0m
[0;32mI (186) app_init: Project name:     fingerprint_scanner[0m
[0;32mI (191) app_init: App version:      4963aa0-dirty[0m
[0;32mI (195) app_init: Compile time:     Mar  3 2025 11:37:07[0m
[0;32mI (200) app_init: ELF file SHA256:  eda070ea4...[0m
[0;32mI (204) app_init: ESP-IDF:          v5.4-dirty[0m
[0;32mI (209) efuse_init: Min chip rev:     v0.0[0m
[0;32mI (212) efuse_init: Max chip rev:     v0.99 [0m
[0;32mI (216) efuse_init: Chip rev:         v0.1[0m
[0;32mI (220) heap_init: Initializing. RAM available for dynamic allocation:[0m
[0;32mI (227) heap_init: At 3FC96600 len 00053110 (332 KiB): RAM[0m
[0;32mI (232) heap_init: At 3FCE9710 len 00005724 (21 KiB): RAM[0m
[0;32mI (237) heap_init: At 3FCF0000 len 00008000 (32 KiB): DRAM[0m
[0;32mI (242) heap_init: At 600FE11C len 00001ECC (7 KiB): RTCRAM[0m
[0;33mW (248) spi_flash: Octal flash chip is using but dio mode is selected, will automatically switch to Octal mode[0m
[0;32mI (257) spi_flash: detected chip: mxic (opi)[0m
[0;32mI (261) spi_flash: flash io: opi_str[0m
[0;33mW (264) spi_flash: Detected size(32768k) larger than the size in the binary image header(2048k). Using the size in the binary image header.[0m
[0;32mI (277) sleep_gpio: Configure to isolate all GPIO pins in sleep state[0m
[0;32mI (283) sleep_gpio: Enable automatic switching of GPIO sleep configuration[0m
[0;32mI (290) main_task: Started on CPU0[0m
[0;32mI (300) main_task: Calling app_main()[0m
[0;32mI (300) FingerprintScanner: Starting Fingerprint Scanner Test...[0m
[0;32mI (300) main_task: Returned from app_main()[0m
[0;32mI (3300) FingerprintScanner: ğŸ‘† Finger detected![0m
[0;32mI (3570) FingerprintScanner: ğŸ‘† Finger detected![0m
[0;32mI (3570) FingerprintScanner: ğŸ‘† Finger detected![0m
[0;32mI (3570) FingerprintScanner: ğŸ‘† Finger detected![0m
[0;32mI (3570) FingerprintScanner: ğŸ‘† Finger detected![0m
[0;32mI (3580) FingerprintScanner: ğŸ‘† Finger detected![0m
[0;32mI (3580) FingerprintScanner: ğŸ‘† Finger detected![0m
[0;32mI (3590) FingerprintScanner: ğŸ‘† Finger detected![0m
[0;32mI (3590) FingerprintScanner: ğŸ‘† Finger detected![0m
[0;32mI (3600) FingerprintScanner: ğŸ‘† Finger detected![0m
[0;32mI (3600) FingerprintScanner: ğŸ‘† Finger detected![0m
[0;32mI (3610) FingerprintScanner: ğŸ‘† Finger detected![0m
[0;32mI (3610) FingerprintScanner: ğŸ‘† Finger detected![0m
[0;32mI (3610) FingerprintScanner: ğŸ‘† Finger detected![0m
[0;32mI (3710) FingerprintScanner: ğŸ‘† Finger detected![0m
[0;32mI (3720) FingerprintScanner: ğŸ‘† Finger detected![0m
[0;32mI (3730) FingerprintScanner: ğŸ‘† Finger detected![0m
[0;32mI (4420) FingerprintScanner: ğŸ‘† Finger detected![0m
[0;32mI (4420) FingerprintScanner: ğŸ‘† Finger detected![0m
[0;32mI (4950) FingerprintScanner: ğŸ‘† Finger detected![0m
[0;32mI (4960) FingerprintScanner: ğŸ‘† Finger detected![0m
[0;32mI (6430) FingerprintScanner: ğŸ‘† Finger detected![0m
[0;32mI (6570) FingerprintScanner: ğŸ‘† Finger detected![0m
[0;32mI (6570) FingerprintScanner: ğŸ‘† Finger detected![0m
[0;32mI (6570) FingerprintScanner: ğŸ‘† Finger detected![0m
[0;32mI (6920) FingerprintScanner: ğŸ‘† Finger detected![0m
[0;32mI (6920) FingerprintScanner: ğŸ‘† Finger detected![0m
[0;32mI (10070) FingerprintScanner: ğŸ‘† Finger detected![0m
[0;32mI (10080) FingerprintScanner: ğŸ‘† Finger detected![0m
[0;32mI (10290) FingerprintScanner: ğŸ‘† Finger detected![0m
[0;32mI (10760) FingerprintScanner: ğŸ‘† Finger detected![0m
[0;32mI (10810) FingerprintScanner: ğŸ‘† Finger detected![0m
[0;32mI (10820) FingerprintScanner: ğŸ‘† Finger detected![0m
[0;32mI (10940) FingerprintScanner: ğŸ‘† Finger detected![0m
[0;32mI (13390) FingerprintScanner: ğŸ‘† Finger detected![0m
[0;32mI (13390) FingerprintScanner: ğŸ‘† Finger detected![0m
[0;32mI (15270) FingerprintScanner: ğŸ‘† Finger detected![0m
[0;32mI (15480) FingerprintScanner: ğŸ‘† Finger detected![0m
[0;32mI (15600) FingerprintScanner: ğŸ‘† Finger detected![0m
[0;32mI (15610) FingerprintScanner: ğŸ‘† Finger detected![0m
[0;32mI (16440) FingerprintScanner: ğŸ‘† Finger detected![0m
[0;32mI (17280) FingerprintScanner: ğŸ‘† Finger detected![0m
[0;32mI (17490) FingerprintScanner: ğŸ‘† Finger detected![0m
[0;32mI (17700) FingerprintScanner: ğŸ‘† Finger detected![0m
[0;32mI (17900) FingerprintScanner: ğŸ‘† Finger detected![0m
[0;32mI (19850) FingerprintScanner: ğŸ‘† Finger detected![0m
[0;32mI (19860) FingerprintScanner: ğŸ‘† Finger detected![0m
[0;32mI (19860) FingerprintScanner: ğŸ‘† Finger detected![0m
[0;32mI (20070) FingerprintScanner: ğŸ‘† Finger detected![0m
[0;32mI (20280) FingerprintScanner: ğŸ‘† Finger detected![0m
[0;32mI (20690) FingerprintScanner: ğŸ‘† Finger detected![0m
[0;32mI (21740) FingerprintScanner: ğŸ‘† Finger detected![0m
[0;32mI (21950) FingerprintScanner: ğŸ‘† Finger detected![0m
[0;32mI (22360) FingerprintScanner: ğŸ‘† Finger detected![0m
[0;32mI (22570) FingerprintScanner: ğŸ‘† Finger detected![0m
[0;32mI (25470) FingerprintScanner: ğŸ‘† Finger detected![0m
[0;32mI (25520) FingerprintScanner: ğŸ‘† Finger detected![0m
[0;32mI (25520) FingerprintScanner: ğŸ‘† Finger detected![0m
[0;32mI (25790) FingerprintScanner: ğŸ‘† Finger detected![0m
[0;32mI (25790) FingerprintScanner: ğŸ‘† Finger detected![0m
[0;32mI (25790) FingerprintScanner: ğŸ‘† Finger detected![0m
[0;32mI (26000) FingerprintScanner: ğŸ‘† Finger detected![0m
[0;32mI (26120) FingerprintScanner: ğŸ‘† Finger detected![0m
[0;32mI (26130) FingerprintScanner: ğŸ‘† Finger detected![0m
[0;32mI (26130) FingerprintScanner: ğŸ‘† Finger detected![0m
[0;32mI (26450) FingerprintScanner: ğŸ‘† Finger detected![0m
[0;32mI (26450) FingerprintScanner: ğŸ‘† Finger detected![0m
[0;32mI (26460) FingerprintScanner: ğŸ‘† Finger detected![0m
[0;32mI (26600) FingerprintScanner: ğŸ‘† Finger detected![0m
[0;32mI (26600) FingerprintScanner: ğŸ‘† Finger detected![0m
[0;32mI (26600) FingerprintScanner: ğŸ‘† Finger detected![0m
[0;32mI (26610) FingerprintScanner: ğŸ‘† Finger detected![0m
[0;32mI (26610) FingerprintScanner: ğŸ‘† Finger detected![0m
[0;32mI (26610) FingerprintScanner: ğŸ‘† Finger detected![0m
[0;32mI (26640) FingerprintScanner: ğŸ‘† Finger detected![0m
[0;32mI (26650) FingerprintScanner: ğŸ‘† Finger detected![0m
[0;32mI (26650) FingerprintScanner: ğŸ‘† Finger detected![0m
[0;32mI (26860) FingerprintScanner: ğŸ‘† Finger detected![0m
[0;32mI (26920) FingerprintScanner: ğŸ‘† Finger detected![0m
[0;32mI (26960) FingerprintScanner: ğŸ‘† Finger detected![0m
[0;32mI (26970) FingerprintScanner: ğŸ‘† Finger detected![0m
[0;32mI (26970) FingerprintScanner: ğŸ‘† Finger detected![0m
[0;32mI (27180) FingerprintScanner: ğŸ‘† Finger detected![0m
[0;32mI (29470) FingerprintScanner: ğŸ‘† Finger detected![0m
[0;32mI (29590) FingerprintScanner: ğŸ‘† Finger detected![0m
[0;32mI (29590) FingerprintScanner: ğŸ‘† Finger detected![0m
[0;32mI (29590) FingerprintScanner: ğŸ‘† Finger detected![0m
[0;32mI (30010) FingerprintScanner: ğŸ‘† Finger detected![0m
[0;32mI (30220) FingerprintScanner: ğŸ‘† Finger detected![0m
[0;32mI (30510) FingerprintScanner: ğŸ‘† Finger detected![0m
[0;32mI (30510) FingerprintScanner: ğŸ‘† Finger detected![0m
[0;32mI (30510) FingerprintScanner: ğŸ‘† Finger detected![0m
[0;32mI (30720) FingerprintScanner: ğŸ‘† Finger detected![0m
[0;32mI (31010) FingerprintScanner: ğŸ‘† Finger detected![0m
[0;32mI (31010) FingerprintScanner: ğŸ‘† Finger detected![0m
[0;32mI (31020) FingerprintScanner: ğŸ‘† Finger detected![0m
[0;32mI (31220) FingerprintScanner: ğŸ‘† Finger detected![0m
[0;32mI (33720) FingerprintScanner: ğŸ‘† Finger detected![0m
[0;32mI (33990) FingerprintScanner: ğŸ‘† Finger detected![0m
[0;32mI (33990) FingerprintScanner: ğŸ‘† Finger detected![0m
[0;32mI (34040) FingerprintScanner: ğŸ‘† Finger detected![0m
[0;32mI (34040) FingerprintScanner: ğŸ‘† Finger detected![0m
[0;32mI (128640) FingerprintScanner: ğŸ‘† Finger detected![0m
[0;32mI (128640) FingerprintScanner: ğŸ‘† Finger detected![0m
[0;32mI (260140) FingerprintScanner: ğŸ‘† Finger detected![0m
[0;32mI (260140) FingerprintScanner: ğŸ‘† Finger detected![0m
[0;32mI (260190) FingerprintScanner: ğŸ‘† Finger detected![0m
[0;32mI (260200) FingerprintScanner: ğŸ‘† Finger detected![0m
[0;32mI (260250) FingerprintScanner: ğŸ‘† Finger detected![0m
[0;32mI (260250) FingerprintScanner: ğŸ‘† Finger detected![0m
[0;32mI (260430) FingerprintScanner: ğŸ‘† Finger detected![0m
[0;32mI (260430) FingerprintScanner: ğŸ‘† Finger detected![0m
[0;32mI (843260) FingerprintScanner: ğŸ‘† Finger detected![0m
[0;32mI (843260) FingerprintScanner: ğŸ‘† Finger detected![0m
