ESP-ROM:esp32s3-20210327
Build:Mar 27 2021
rst:0x1 (POWERON),boot:0x18 (SPI_FAST_FLASH_BOOT)
SPIWP:0xee
Octal Flash Mode Enabled
For OPI Flash, Use Default Flash Boot Mode
mode:SLOW_RD, clock div:1
load:0x3fce2810,len:0x15a0
load:0x403c8700,len:0x4
load:0x403c8704,len:0xd20
load:0x403cb700,len:0x2ee4
entry 0x403c8928
[0;32mI (33) boot: ESP-IDF v5.4-dirty 2nd stage bootloader[0m
[0;32mI (33) boot: compile time Mar  4 2025 16:14:42[0m
[0;32mI (33) boot: Multicore bootloader[0m
[0;32mI (34) boot: chip revision: v0.1[0m
[0;32mI (37) boot: efuse block revision: v1.2[0m
[0;32mI (40) boot.esp32s3: Boot SPI Speed : 80MHz[0m
[0;32mI (44) boot.esp32s3: SPI Mode       : SLOW READ[0m
[0;32mI (48) boot.esp32s3: SPI Flash Size : 2MB[0m
[0;32mI (52) boot: Enabling RNG early entropy source...[0m
[0;32mI (57) boot: Partition Table:[0m
[0;32mI (59) boot: ## Label            Usage          Type ST Offset   Length[0m
[0;32mI (66) boot:  0 nvs              WiFi data        01 02 00009000 00006000[0m
[0;32mI (72) boot:  1 phy_init         RF data          01 01 0000f000 00001000[0m
[0;32mI (79) boot:  2 factory          factory app      00 00 00010000 00100000[0m
[0;32mI (85) boot: End of partition table[0m
[0;32mI (88) esp_image: segment 0: paddr=00010020 vaddr=3c020020 size=0d8b8h ( 55480) map[0m
[0;32mI (109) esp_image: segment 1: paddr=0001d8e0 vaddr=3fc93900 size=02738h ( 10040) load[0m
[0;32mI (112) esp_image: segment 2: paddr=00020020 vaddr=42000020 size=1e760h (124768) map[0m
[0;32mI (142) esp_image: segment 3: paddr=0003e788 vaddr=3fc96038 size=00fc8h (  4040) load[0m
[0;32mI (143) esp_image: segment 4: paddr=0003f758 vaddr=40374000 size=0f8cch ( 63692) load[0m
[0;32mI (163) esp_image: segment 5: paddr=0004f02c vaddr=600fe100 size=0001ch (    28) load[0m
[0;32mI (170) boot: Loaded app from partition at offset 0x10000[0m
[0;32mI (170) boot: Disabling RNG early entropy source...[0m
[0;32mI (181) cpu_start: Multicore app[0m
[0;32mI (190) cpu_start: Pro cpu start user code[0m
[0;32mI (190) cpu_start: cpu freq: 160000000 Hz[0m
[0;32mI (190) app_init: Application information:[0m
[0;32mI (190) app_init: Project name:     fingerprint_scanner[0m
[0;32mI (195) app_init: App version:      364a432-dirty[0m
[0;32mI (200) app_init: Compile time:     Mar 18 2025 08:14:33[0m
[0;32mI (205) app_init: ELF file SHA256:  8f0be83c5...[0m
[0;32mI (209) app_init: ESP-IDF:          v5.4-dirty[0m
[0;32mI (213) efuse_init: Min chip rev:     v0.0[0m
[0;32mI (217) efuse_init: Max chip rev:     v0.99 [0m
[0;32mI (221) efuse_init: Chip rev:         v0.1[0m
[0;32mI (225) heap_init: Initializing. RAM available for dynamic allocation:[0m
[0;32mI (231) heap_init: At 3FC98D48 len 000509C8 (322 KiB): RAM[0m
[0;32mI (236) heap_init: At 3FCE9710 len 00005724 (21 KiB): RAM[0m
[0;32mI (241) heap_init: At 3FCF0000 len 00008000 (32 KiB): DRAM[0m
[0;32mI (247) heap_init: At 600FE11C len 00001ECC (7 KiB): RTCRAM[0m
[0;33mW (252) spi_flash: Octal flash chip is using but dio mode is selected, will automatically switch to Octal mode[0m
[0;32mI (262) spi_flash: detected chip: mxic (opi)[0m
[0;32mI (266) spi_flash: flash io: opi_str[0m
[0;33mW (269) spi_flash: Detected size(32768k) larger than the size in the binary image header(2048k). Using the size in the binary image header.[0m
[0;32mI (281) sleep_gpio: Configure to isolate all GPIO pins in sleep state[0m
[0;32mI (288) sleep_gpio: Enable automatic switching of GPIO sleep configuration[0m
[0;32mI (294) main_task: Started on CPU0[0m
[0;32mI (304) main_task: Calling app_main()[0m
[0;32mI (304) FINGERPRINT: Initializing fingerprint scanner...[0m
[0;33mW (504) FINGERPRINT: No handshake received, retrying...[0m
[0;33mW (904) FINGERPRINT: No handshake received, retrying...[0m
[0;33mW (1304) FINGERPRINT: No handshake received, retrying...[0m
[0;33mW (1704) FINGERPRINT: No handshake received, retrying...[0m
[0;33mW (2104) FINGERPRINT: No handshake received, retrying...[0m
[0;33mW (2504) FINGERPRINT: No handshake received, retrying...[0m
[0;33mW (2904) FINGERPRINT: No handshake received, retrying...[0m
[0;33mW (3304) FINGERPRINT: No handshake received, retrying...[0m
[0;33mW (3704) FINGERPRINT: No handshake received, retrying...[0m
[0;33mW (4104) FINGERPRINT: No handshake received, retrying...[0m
[0;33mW (4504) FINGERPRINT: No handshake received, retrying...[0m
[0;33mW (4904) FINGERPRINT: No handshake received, retrying...[0m
[0;33mW (5304) FINGERPRINT: No handshake received, retrying...[0m
[0;33mW (5704) FINGERPRINT: No handshake received, retrying...[0m
[0;33mW (6104) FINGERPRINT: No handshake received, retrying...[0m
[0;33mW (6504) FINGERPRINT: No handshake received, retrying...[0m
[0;33mW (6904) FINGERPRINT: No handshake received, retrying...[0m
[0;33mW (7304) FINGERPRINT: No handshake received, retrying...[0m
[0;33mW (7704) FINGERPRINT: No handshake received, retrying...[0m
[0;33mW (8104) FINGERPRINT: No handshake received, retrying...[0m
[0;33mW (8504) FINGERPRINT: No handshake received, retrying...[0m
[0;33mW (8904) FINGERPRINT: No handshake received, retrying...[0m
[0;33mW (9304) FINGERPRINT: No handshake received, retrying...[0m
[0;33mW (9704) FINGERPRINT: No handshake received, retrying...[0m
[0;33mW (10104) FINGERPRINT: No handshake received, retrying...[0m
[0;33mW (10504) FINGERPRINT: No handshake received, retrying...[0m
[0;33mW (10904) FINGERPRINT: No handshake received, retrying...[0m
[0;33mW (11304) FINGERPRINT: No handshake received, retrying...[0m
[0;33mW (11704) FINGERPRINT: No handshake received, retrying...[0m
[0;33mW (12104) FINGERPRINT: No handshake received, retrying...[0m
[0;33mW (12504) FINGERPRINT: No handshake received, retrying...[0m
[0;33mW (12904) FINGERPRINT: No handshake received, retrying...[0m
[0;33mW (13304) FINGERPRINT: No handshake received, retrying...[0m
[0;33mW (13704) FINGERPRINT: No handshake received, retrying...[0m
[0;33mW (14104) FINGERPRINT: No handshake received, retrying...[0m
[0;33mW (14504) FINGERPRINT: No handshake received, retrying...[0m
[0;33mW (14904) FINGERPRINT: No handshake received, retrying...[0m
[0;33mW (15304) FINGERPRINT: No handshake received, retrying...[0m
[0;33mW (15704) FINGERPRINT: No handshake received, retrying...[0m
[0;33mW (16104) FINGERPRINT: No handshake received, retrying...[0m
[0;33mW (16504) FINGERPRINT: No handshake received, retrying...[0m
[0;33mW (16904) FINGERPRINT: No handshake received, retrying...[0m
[0;33mW (17304) FINGERPRINT: No handshake received, retrying...[0m
[0;33mW (17704) FINGERPRINT: No handshake received, retrying...[0m
[0;33mW (18104) FINGERPRINT: No handshake received, retrying...[0m
[0;33mW (18504) FINGERPRINT: No handshake received, retrying...[0m
[0;33mW (18904) FINGERPRINT: No handshake received, retrying...[0m
[0;33mW (19304) FINGERPRINT: No handshake received, retrying...[0m
[0;33mW (19704) FINGERPRINT: No handshake received, retrying...[0m
[0;33mW (20104) FINGERPRINT: No handshake received, retrying...[0m
[0;33mW (20504) FINGERPRINT: No handshake received, retrying...[0m
[0;33mW (20904) FINGERPRINT: No handshake received, retrying...[0m
[0;33mW (21304) FINGERPRINT: No handshake received, retrying...[0m
