ESP-ROM:esp32s3-20210327
Build:Mar 27 2021
rst:0x1 (POWERON),boot:0x18 (SPI_FAST_FLASH_BOOT)
SPIWP:0xee
Octal Flash Mode Enabled
For OPI Flash, Use Default Flash Boot Mode
mode:SLOW_RD, clock div:1
load:0x3fce2810,len:0x15a0
load:0x403c8700,len:0x4
load:0x403c8704,len:0xd20
load:0x403cb700,len:0x2ee4
entry 0x403c8928
[0;32mI (33) boot: ESP-IDF v5.4-dirty 2nd stage bootloader[0m
[0;32mI (33) boot: compile time Mar  4 2025 16:14:42[0m
[0;32mI (33) boot: Multicore bootloader[0m
[0;32mI (34) boot: chip revision: v0.1[0m
[0;32mI (37) boot: efuse block revision: v1.2[0m
[0;32mI (40) boot.esp32s3: Boot SPI Speed : 80MHz[0m
[0;32mI (44) boot.esp32s3: SPI Mode       : SLOW READ[0m
[0;32mI (48) boot.esp32s3: SPI Flash Size : 2MB[0m
[0;32mI (52) boot: Enabling RNG early entropy source...[0m
[0;32mI (57) boot: Partition Table:[0m
[0;32mI (59) boot: ## Label            Usage          Type ST Offset   Length[0m
[0;32mI (66) boot:  0 nvs              WiFi data        01 02 00009000 00006000[0m
[0;32mI (72) boot:  1 phy_init         RF data          01 01 0000f000 00001000[0m
[0;32mI (79) boot:  2 factory          factory app      00 00 00010000 00100000[0m
[0;32mI (85) boot: End of partition table[0m
[0;32mI (88) esp_image: segment 0: paddr=00010020 vaddr=3c020020 size=0c748h ( 51016) map[0m
[0;32mI (108) esp_image: segment 1: paddr=0001c770 vaddr=3fc93900 size=02c50h ( 11344) load[0m
[0;32mI (111) esp_image: segment 2: paddr=0001f3c8 vaddr=40374000 size=00c50h (  3152) load[0m
[0;32mI (113) esp_image: segment 3: paddr=00020020 vaddr=42000020 size=1c730h (116528) map[0m
[0;32mI (147) esp_image: segment 4: paddr=0003c758 vaddr=40374c50 size=0ec7ch ( 60540) load[0m
[0;32mI (163) esp_image: segment 5: paddr=0004b3dc vaddr=600fe100 size=0001ch (    28) load[0m
[0;32mI (170) boot: Loaded app from partition at offset 0x10000[0m
[0;32mI (170) boot: Disabling RNG early entropy source...[0m
[0;32mI (181) cpu_start: Multicore app[0m
[0;32mI (190) cpu_start: Pro cpu start user code[0m
[0;32mI (190) cpu_start: cpu freq: 160000000 Hz[0m
[0;32mI (190) app_init: Application information:[0m
[0;32mI (190) app_init: Project name:     fingerprint_scanner[0m
[0;32mI (195) app_init: App version:      128b7ae-dirty[0m
[0;32mI (200) app_init: Compile time:     Mar 12 2025 11:13:33[0m
[0;32mI (205) app_init: ELF file SHA256:  8d1db6f6c...[0m
[0;32mI (209) app_init: ESP-IDF:          v5.4-dirty[0m
[0;32mI (213) efuse_init: Min chip rev:     v0.0[0m
[0;32mI (217) efuse_init: Max chip rev:     v0.99 [0m
[0;32mI (221) efuse_init: Chip rev:         v0.1[0m
[0;32mI (225) heap_init: Initializing. RAM available for dynamic allocation:[0m
[0;32mI (231) heap_init: At 3FC96E38 len 000528D8 (330 KiB): RAM[0m
[0;32mI (236) heap_init: At 3FCE9710 len 00005724 (21 KiB): RAM[0m
[0;32mI (241) heap_init: At 3FCF0000 len 00008000 (32 KiB): DRAM[0m
[0;32mI (247) heap_init: At 600FE11C len 00001ECC (7 KiB): RTCRAM[0m
[0;33mW (252) spi_flash: Octal flash chip is using but dio mode is selected, will automatically switch to Octal mode[0m
[0;32mI (262) spi_flash: detected chip: mxic (opi)[0m
[0;32mI (266) spi_flash: flash io: opi_str[0m
[0;33mW (269) spi_flash: Detected size(32768k) larger than the size in the binary image header(2048k). Using the size in the binary image header.[0m
[0;32mI (281) sleep_gpio: Configure to isolate all GPIO pins in sleep state[0m
[0;32mI (288) sleep_gpio: Enable automatic switching of GPIO sleep configuration[0m
[0;32mI (294) main_task: Started on CPU0[0m
[0;32mI (304) main_task: Calling app_main()[0m
[0;32mI (304) FINGERPRINT: Initializing fingerprint scanner...[0m
[0;33mW (504) FINGERPRINT: No handshake received, retrying...[0m
[0;33mW (904) FINGERPRINT: No handshake received, retrying...[0m
[0;33mW (1304) FINGERPRINT: No handshake received, retrying...[0m
[0;33mW (1704) FINGERPRINT: No handshake received, retrying...[0m
[0;33mW (2104) FINGERPRINT: No handshake received, retrying...[0m
[0;33mW (2504) FINGERPRINT: No handshake received, retrying...[0m
[0;33mW (2904) FINGERPRINT: No handshake received, retrying...[0m
[0;33mW (3304) FINGERPRINT: No handshake received, retrying...[0m
[0;33mW (3704) FINGERPRINT: No handshake received, retrying...[0m
[0;33mW (4104) FINGERPRINT: No handshake received, retrying...[0m
[0;33mW (4504) FINGERPRINT: No handshake received, retrying...[0m
[0;33mW (4904) FINGERPRINT: No handshake received, retrying...[0m
[0;33mW (5304) FINGERPRINT: No handshake received, retrying...[0m
[0;33mW (5704) FINGERPRINT: No handshake received, retrying...[0m
[0;33mW (6074) FINGERPRINT: No handshake received, retrying...[0m
[0;32mI (6274) FINGERPRINT: Fingerprint module handshake received: 0x55[0m
[0;32mI (6274) FINGERPRINT: Fingerprint scanner initialized successfully.[0m
[0;32mI (7474) FINGERPRINT: Fingerprint scanner initialized and waiting for a finger to be detected.[0m
[0;32mI (7774) FINGERPRINT: Index table read successful. Status: 0x00[0m
[0;32mI (7774) Index Table Parameters: 03 00 00 00 00 00 00 00 00 00 00 00 00 00 00 00[0m
[0;32mI (7774) Index Table Parameters: 00 00 00 00 00 00 00 00 00 00 00 00 00 00 00 00[0m
[1;31mE (7774) FINGERPRINT: Location 1 is already occupied[0m
[1;31mE (7784) FINGERPRINT: Fingeprint not enrolled![0m
[0;32mI (7784) FINGERPRINT: Starting fingerprint verification...[0m
[0;32mI (9794) FINGERPRINT: Please place your finger on the sensor...[0m
[0;32mI (11844) FINGERPRINT: Finger detected! Status: 0x00[0m
[0;32mI (11844) FINGERPRINT: Finger detected![0m
[0;32mI (12104) FINGERPRINT: Fingerprint features extracted successfully! Status: 0x00[0m
[0;32mI (12104) FINGERPRINT: Searching for fingerprint match...[0m
[0;32mI (12474) FINGERPRINT: Fingerprint search successful. Status: 0x00[0m
[0;32mI (12474) FINGERPRINT: Match found at Enrollee ID: 0[0m
[0;32mI (12474) FINGERPRINT: Match score: 6656[0m
[0;32mI (12474) FINGERPRINT: Access granted - fingerprint verified![0m
[0;32mI (12684) EVENT TEMPLATE COUNT: Number of valid templates: 2[0m
[0;32mI (12684) FINGERPRINT: Count of enrolled fingerprints sent successfully.[0m

assert failed: xEventGroupWaitBits event_groups.c:345 (xEventGroup)


Backtrace: 0x40375bdd:0x3fc99300 0x4037ab91:0x3fc99320 0x40381925:0x3fc99340 0x4037bf7d:0x3fc99460 0x4200cc55:0x3fc99490 0x4200ccc1:0x3fc994c0 0x4200ba0a:0x3fc996f0 0x4201bf83:0x3fc99720 0x4037b5fd:0x3fc99750




ELF file SHA256: 8d1db6f6c

Rebooting...
ESP-ROM:esp32s3-20210327
Build:Mar 27 2021
rst:0xc (RTC_SW_CPU_RST),boot:0x18 (SPI_FAST_FLASH_BOOT)
Saved PC:0x40375b1c
SPIWP:0xee
Octal Flash Mode Enabled
For OPI Flash, Use Default Flash Boot Mode
mode:SLOW_RD, clock div:1
load:0x3fce2810,len:0x15a0
load:0x403c8700,len:0x4
load:0x403c8704,len:0xd20
load:0x403cb700,len:0x2ee4
entry 0x403c8928
[0;32mI (37) boot: ESP-IDF v5.4-dirty 2nd stage bootloader[0m
[0;32mI (38) boot: compile time Mar  4 2025 16:14:42[0m
[0;32mI (38) boot: Multicore bootloader[0m
[0;32mI (38) boot: chip revision: v0.1[0m
[0;32mI (41) boot: efuse block revision: v1.2[0m
[0;32mI (45) boot.esp32s3: Boot SPI Speed : 80MHz[0m
[0;32mI (49) boot.esp32s3: SPI Mode       : SLOW READ[0m
[0;32mI (53) boot.esp32s3: SPI Flash Size : 2MB[0m
[0;32mI (57) boot: Enabling RNG early entropy source...[0m
[0;32mI (61) boot: Partition Table:[0m
[0;32mI (64) boot: ## Label            Usage          Type ST Offset   Length[0m
[0;32mI (70) boot:  0 nvs              WiFi data        01 02 00009000 00006000[0m
[0;32mI (77) boot:  1 phy_init         RF data          01 01 0000f000 00001000[0m
[0;32mI (83) boot:  2 factory          factory app      00 00 00010000 00100000[0m
[0;32mI (90) boot: End of partition table[0m
[0;32mI (93) esp_image: segment 0: paddr=00010020 vaddr=3c020020 size=0c748h ( 51016) map[0m
[0;32mI (112) esp_image: segment 1: paddr=0001c770 vaddr=3fc93900 size=02c50h ( 11344) load[0m
[0;32mI (116) esp_image: segment 2: paddr=0001f3c8 vaddr=40374000 size=00c50h (  3152) load[0m
[0;32mI (117) esp_image: segment 3: paddr=00020020 vaddr=42000020 size=1c730h (116528) map[0m
[0;32mI (151) esp_image: segment 4: paddr=0003c758 vaddr=40374c50 size=0ec7ch ( 60540) load[0m
[0;32mI (168) esp_image: segment 5: paddr=0004b3dc vaddr=600fe100 size=0001ch (    28) load[0m
[0;32mI (174) boot: Loaded app from partition at offset 0x10000[0m
[0;32mI (174) boot: Disabling RNG early entropy source...[0m
[0;32mI (186) cpu_start: Multicore app[0m
[0;32mI (195) cpu_start: Pro cpu start user code[0m
[0;32mI (195) cpu_start: cpu freq: 160000000 Hz[0m
[0;32mI (195) app_init: Application information:[0m
[0;32mI (195) app_init: Project name:     fingerprint_scanner[0m
[0;32mI (200) app_init: App version:      128b7ae-dirty[0m
[0;32mI (204) app_init: Compile time:     Mar 12 2025 11:13:33[0m
[0;32mI (209) app_init: ELF file SHA256:  8d1db6f6c...[0m
[0;32mI (213) app_init: ESP-IDF:          v5.4-dirty[0m
[0;32mI (218) efuse_init: Min chip rev:     v0.0[0m
[0;32mI (221) efuse_init: Max chip rev:     v0.99 [0m
[0;32mI (225) efuse_init: Chip rev:         v0.1[0m
[0;32mI (229) heap_init: Initializing. RAM available for dynamic allocation:[0m
[0;32mI (236) heap_init: At 3FC96E38 len 000528D8 (330 KiB): RAM[0m
[0;32mI (241) heap_init: At 3FCE9710 len 00005724 (21 KiB): RAM[0m
[0;32mI (246) heap_init: At 3FCF0000 len 00008000 (32 KiB): DRAM[0m
[0;32mI (251) heap_init: At 600FE11C len 00001ECC (7 KiB): RTCRAM[0m
[0;33mW (257) spi_flash: Octal flash chip is using but dio mode is selected, will automatically switch to Octal mode[0m
[0;32mI (266) spi_flash: detected chip: mxic (opi)[0m
[0;32mI (270) spi_flash: flash io: opi_str[0m
[0;33mW (273) spi_flash: Detected size(32768k) larger than the size in the binary image header(2048k). Using the size in the binary image header.[0m
[0;32mI (286) sleep_gpio: Configure to isolate all GPIO pins in sleep state[0m
[0;32mI (292) sleep_gpio: Enable automatic switching of GPIO sleep configuration[0m
[0;32mI (299) main_task: Started on CPU0[0m
[0;32mI (309) main_task: Calling app_main()[0m
[0;32mI (309) FINGERPRINT: Initializing fingerprint scanner...[0m
[0;33mW (509) FINGERPRINT: No handshake received, retrying...[0m
[0;33mW (909) FINGERPRINT: No handshake received, retrying...[0m
[0;33mW (1309) FINGERPRINT: No handshake received, retrying...[0m
[0;33mW (1709) FINGERPRINT: No handshake received, retrying...[0m
[0;33mW (2109) FINGERPRINT: No handshake received, retrying...[0m
[0;33mW (2509) FINGERPRINT: No handshake received, retrying...[0m
[0;33mW (2909) FINGERPRINT: No handshake received, retrying...[0m
[0;33mW (3309) FINGERPRINT: No handshake received, retrying...[0m
[0;33mW (3709) FINGERPRINT: No handshake received, retrying...[0m
[0;33mW (4109) FINGERPRINT: No handshake received, retrying...[0m
[0;33mW (4509) FINGERPRINT: No handshake received, retrying...[0m
[0;33mW (4709) FINGERPRINT: No handshake received, retrying...[0m
[0;33mW (4909) FINGERPRINT: No handshake received, retrying...[0m
[0;33mW (5109) FINGERPRINT: No handshake received, retrying...[0m
[0;33mW (5309) FINGERPRINT: No handshake received, retrying...[0m
[0;33mW (5509) FINGERPRINT: No handshake received, retrying...[0m
[0;32mI (5709) FINGERPRINT: Fingerprint module handshake received: 0x55[0m
[0;32mI (5709) FINGERPRINT: Fingerprint scanner initialized successfully.[0m
[0;32mI (6909) FINGERPRINT: Fingerprint scanner initialized and waiting for a finger to be detected.[0m
[0;32mI (7209) FINGERPRINT: Index table read successful. Status: 0x00[0m
[0;32mI (7209) Index Table Parameters: 03 00 00 00 00 00 00 00 00 00 00 00 00 00 00 00[0m
[0;32mI (7209) Index Table Parameters: 00 00 00 00 00 00 00 00 00 00 00 00 00 00 00 00[0m
[1;31mE (7209) FINGERPRINT: Location 1 is already occupied[0m
[1;31mE (7219) FINGERPRINT: Fingeprint not enrolled![0m
[0;32mI (7219) FINGERPRINT: Starting fingerprint verification...[0m
[0;32mI (9229) FINGERPRINT: Please place your finger on the sensor...[0m
[0;32mI (9819) FINGERPRINT: Finger detected! Status: 0x00[0m
[0;32mI (9819) FINGERPRINT: Finger detected![0m
[0;32mI (10079) FINGERPRINT: Fingerprint features extracted successfully! Status: 0x00[0m
[0;32mI (10079) FINGERPRINT: Searching for fingerprint match...[0m
[0;32mI (10439) FINGERPRINT: Fingerprint search successful. Status: 0x00[0m
[0;32mI (10439) FINGERPRINT: Match found at Enrollee ID: 0[0m
[0;32mI (10439) FINGERPRINT: Match score: 3328[0m
[0;32mI (10439) FINGERPRINT: Access granted - fingerprint verified![0m
[0;32mI (10649) EVENT TEMPLATE COUNT: Number of valid templates: 2[0m
[0;32mI (10649) FINGERPRINT: Count of enrolled fingerprints sent successfully.[0m

assert failed: xEventGroupWaitBits event_groups.c:345 (xEventGroup)


Backtrace: 0x40375bdd:0x3fc99300 0x4037ab91:0x3fc99320 0x40381925:0x3fc99340 0x4037bf7d:0x3fc99460 0x4200cc55:0x3fc99490 0x4200ccc1:0x3fc994c0 0x4200ba0a:0x3fc996f0 0x4201bf83:0x3fc99720 0x4037b5fd:0x3fc99750




ELF file SHA256: 8d1db6f6c

Rebooting...
ESP-ROM:esp32s3-20210327
Build:Mar 27 2021
rst:0xc (RTC_SW_CPU_RST),boot:0x18 (SPI_FAST_FLASH_BOOT)
Saved PC:0x40375b1c
SPIWP:0xee
Octal Flash Mode Enabled
For OPI Flash, Use Default Flash Boot Mode
mode:SLOW_RD, clock div:1
load:0x3fce2810,len:0x15a0
load:0x403c8700,len:0x4
load:0x403c8704,len:0xd20
load:0x403cb700,len:0x2ee4
entry 0x403c8928
[0;32mI (37) boot: ESP-IDF v5.4-dirty 2nd stage bootloader[0m
[0;32mI (38) boot: compile time Mar  4 2025 16:14:42[0m
[0;32mI (38) boot: Multicore bootloader[0m
[0;32mI (38) boot: chip revision: v0.1[0m
[0;32mI (41) boot: efuse block revision: v1.2[0m
[0;32mI (45) boot.esp32s3: Boot SPI Speed : 80MHz[0m
[0;32mI (49) boot.esp32s3: SPI Mode       : SLOW READ[0m
[0;32mI (53) boot.esp32s3: SPI Flash Size : 2MB[0m
[0;32mI (57) boot: Enabling RNG early entropy source...[0m
[0;32mI (61) boot: Partition Table:[0m
[0;32mI (64) boot: ## Label            Usage          Type ST Offset   Length[0m
[0;32mI (70) boot:  0 nvs              WiFi data        01 02 00009000 00006000[0m
[0;32mI (77) boot:  1 phy_init         RF data          01 01 0000f000 00001000[0m
[0;32mI (83) boot:  2 factory          factory app      00 00 00010000 00100000[0m
[0;32mI (90) boot: End of partition table[0m
[0;32mI (93) esp_image: segment 0: paddr=00010020 vaddr=3c020020 size=0c748h ( 51016) map[0m
[0;32mI (112) esp_image: segment 1: paddr=0001c770 vaddr=3fc93900 size=02c50h ( 11344) load[0m
[0;32mI (116) esp_image: segment 2: paddr=0001f3c8 vaddr=40374000 size=00c50h (  3152) load[0m
[0;32mI (117) esp_image: segment 3: paddr=00020020 vaddr=42000020 size=1c730h (116528) map[0m
[0;32mI (151) esp_image: segment 4: paddr=0003c758 vaddr=40374c50 size=0ec7ch ( 60540) load[0m
[0;32mI (168) esp_image: segment 5: paddr=0004b3dc vaddr=600fe100 size=0001ch (    28) load[0m
[0;32mI (174) boot: Loaded app from partition at offset 0x10000[0m
[0;32mI (174) boot: Disabling RNG early entropy source...[0m
[0;32mI (186) cpu_start: Multicore app[0m
[0;32mI (195) cpu_start: Pro cpu start user code[0m
[0;32mI (195) cpu_start: cpu freq: 160000000 Hz[0m
[0;32mI (195) app_init: Application information:[0m
[0;32mI (195) app_init: Project name:     fingerprint_scanner[0m
[0;32mI (200) app_init: App version:      128b7ae-dirty[0m
[0;32mI (204) app_init: Compile time:     Mar 12 2025 11:13:33[0m
[0;32mI (209) app_init: ELF file SHA256:  8d1db6f6c...[0m
[0;32mI (213) app_init: ESP-IDF:          v5.4-dirty[0m
[0;32mI (218) efuse_init: Min chip rev:     v0.0[0m
[0;32mI (221) efuse_init: Max chip rev:     v0.99 [0m
[0;32mI (225) efuse_init: Chip rev:         v0.1[0m
[0;32mI (229) heap_init: Initializing. RAM available for dynamic allocation:[0m
[0;32mI (236) heap_init: At 3FC96E38 len 000528D8 (330 KiB): RAM[0m
[0;32mI (241) heap_init: At 3FCE9710 len 00005724 (21 KiB): RAM[0m
[0;32mI (246) heap_init: At 3FCF0000 len 00008000 (32 KiB): DRAM[0m
[0;32mI (251) heap_init: At 600FE11C len 00001ECC (7 KiB): RTCRAM[0m
[0;33mW (257) spi_flash: Octal flash chip is using but dio mode is selected, will automatically switch to Octal mode[0m
[0;32mI (266) spi_flash: detected chip: mxic (opi)[0m
[0;32mI (270) spi_flash: flash io: opi_str[0m
[0;33mW (273) spi_flash: Detected size(32768k) larger than the size in the binary image header(2048k). Using the size in the binary image header.[0m
[0;32mI (286) sleep_gpio: Configure to isolate all GPIO pins in sleep state[0m
[0;32mI (292) sleep_gpio: Enable automatic switching of GPIO sleep configuration[0m
[0;32mI (299) main_task: Started on CPU0[0m
[0;32mI (309) main_task: Calling app_main()[0m
[0;32mI (309) FINGERPRINT: Initializing fingerprint scanner...[0m
[0;33mW (509) FINGERPRINT: No handshake received, retrying...[0m
[0;33mW (909) FINGERPRINT: No handshake received, retrying...[0m
[0;33mW (1309) FINGERPRINT: No handshake received, retrying...[0m
[0;33mW (1709) FINGERPRINT: No handshake received, retrying...[0m
[0;33mW (2109) FINGERPRINT: No handshake received, retrying...[0m
[0;33mW (2509) FINGERPRINT: No handshake received, retrying...[0m
[0;33mW (2909) FINGERPRINT: No handshake received, retrying...[0m
[0;33mW (3309) FINGERPRINT: No handshake received, retrying...[0m
[0;33mW (3709) FINGERPRINT: No handshake received, retrying...[0m
