ESP-ROM:esp32s3-20210327
Build:Mar 27 2021
rst:0x1 (POWERON),boot:0x18 (SPI_FAST_FLASH_BOOT)
SPIWP:0xee
Octal Flash Mode Enabled
For OPI Flash, Use Default Flash Boot Mode
mode:SLOW_RD, clock div:1
load:0x3fce2810,len:0x15a0
load:0x403c8700,len:0x4
load:0x403c8704,len:0xd20
load:0x403cb700,len:0x2ee4
entry 0x403c8928
[0;32mI (33) boot: ESP-IDF v5.4-dirty 2nd stage bootloader[0m
[0;32mI (33) boot: compile time Mar  4 2025 16:14:42[0m
[0;32mI (33) boot: Multicore bootloader[0m
[0;32mI (34) boot: chip revision: v0.1[0m
[0;32mI (37) boot: efuse block revision: v1.2[0m
[0;32mI (40) boot.esp32s3: Boot SPI Speed : 80MHz[0m
[0;32mI (44) boot.esp32s3: SPI Mode       : SLOW READ[0m
[0;32mI (48) boot.esp32s3: SPI Flash Size : 2MB[0m
[0;32mI (52) boot: Enabling RNG early entropy source...[0m
[0;32mI (57) boot: Partition Table:[0m
[0;32mI (59) boot: ## Label            Usage          Type ST Offset   Length[0m
[0;32mI (66) boot:  0 nvs              WiFi data        01 02 00009000 00006000[0m
[0;32mI (72) boot:  1 phy_init         RF data          01 01 0000f000 00001000[0m
[0;32mI (79) boot:  2 factory          factory app      00 00 00010000 00100000[0m
[0;32mI (85) boot: End of partition table[0m
[0;32mI (88) esp_image: segment 0: paddr=00010020 vaddr=3c020020 size=0bfe0h ( 49120) map[0m
[0;32mI (107) esp_image: segment 1: paddr=0001c008 vaddr=3fc93400 size=02b60h ( 11104) load[0m
[0;32mI (111) esp_image: segment 2: paddr=0001eb70 vaddr=40374000 size=014a8h (  5288) load[0m
[0;32mI (113) esp_image: segment 3: paddr=00020020 vaddr=42000020 size=1bbb8h (113592) map[0m
[0;32mI (145) esp_image: segment 4: paddr=0003bbe0 vaddr=403754a8 size=0de68h ( 56936) load[0m
[0;32mI (161) esp_image: segment 5: paddr=00049a50 vaddr=600fe100 size=0001ch (    28) load[0m
[0;32mI (167) boot: Loaded app from partition at offset 0x10000[0m
[0;32mI (168) boot: Disabling RNG early entropy source...[0m
[0;32mI (179) cpu_start: Multicore app[0m
[0;32mI (188) cpu_start: Pro cpu start user code[0m
[0;32mI (188) cpu_start: cpu freq: 160000000 Hz[0m
[0;32mI (188) app_init: Application information:[0m
[0;32mI (188) app_init: Project name:     fingerprint_scanner[0m
[0;32mI (193) app_init: App version:      3d487bd-dirty[0m
[0;32mI (198) app_init: Compile time:     Mar  6 2025 16:50:34[0m
[0;32mI (203) app_init: ELF file SHA256:  40549bcf8...[0m
[0;32mI (207) app_init: ESP-IDF:          v5.4-dirty[0m
[0;32mI (211) efuse_init: Min chip rev:     v0.0[0m
[0;32mI (215) efuse_init: Max chip rev:     v0.99 [0m
[0;32mI (219) efuse_init: Chip rev:         v0.1[0m
[0;32mI (223) heap_init: Initializing. RAM available for dynamic allocation:[0m
[0;32mI (229) heap_init: At 3FC96840 len 00052ED0 (331 KiB): RAM[0m
[0;32mI (234) heap_init: At 3FCE9710 len 00005724 (21 KiB): RAM[0m
[0;32mI (239) heap_init: At 3FCF0000 len 00008000 (32 KiB): DRAM[0m
[0;32mI (244) heap_init: At 600FE11C len 00001ECC (7 KiB): RTCRAM[0m
[0;33mW (250) spi_flash: Octal flash chip is using but dio mode is selected, will automatically switch to Octal mode[0m
[0;32mI (260) spi_flash: detected chip: mxic (opi)[0m
[0;32mI (263) spi_flash: flash io: opi_str[0m
[0;33mW (267) spi_flash: Detected size(32768k) larger than the size in the binary image header(2048k). Using the size in the binary image header.[0m
[0;32mI (279) sleep_gpio: Configure to isolate all GPIO pins in sleep state[0m
[0;32mI (285) sleep_gpio: Enable automatic switching of GPIO sleep configuration[0m
[0;32mI (292) main_task: Started on CPU0[0m
[0;32mI (302) main_task: Calling app_main()[0m
[0;32mI (302) FINGERPRINT: Initializing fingerprint scanner...[0m
[0;33mW (502) FINGERPRINT: No handshake received, retrying...[0m
[0;33mW (902) FINGERPRINT: No handshake received, retrying...[0m
[0;33mW (1302) FINGERPRINT: No handshake received, retrying...[0m
[0;33mW (1702) FINGERPRINT: No handshake received, retrying...[0m
[0;33mW (2102) FINGERPRINT: No handshake received, retrying...[0m
[0;33mW (2502) FINGERPRINT: No handshake received, retrying...[0m
[0;33mW (2902) FINGERPRINT: No handshake received, retrying...[0m
[0;33mW (3302) FINGERPRINT: No handshake received, retrying...[0m
[0;33mW (3702) FINGERPRINT: No handshake received, retrying...[0m
[0;33mW (4102) FINGERPRINT: No handshake received, retrying...[0m
[0;33mW (4502) FINGERPRINT: No handshake received, retrying...[0m
[0;33mW (4902) FINGERPRINT: No handshake received, retrying...[0m
[0;33mW (5132) FINGERPRINT: No handshake received, retrying...[0m
[0;32mI (5332) FINGERPRINT: Fingerprint module handshake received: 0x55[0m
[0;32mI (5332) FINGERPRINT: Fingerprint scanner initialized successfully.[0m
[0;32mI (5432) FINGERPRINT: Stored command 0x15 in queue successfully.[0m
[0;32mI (5532) FINGERPRINT: Sent fingerprint command: 0x15 to address 0xFFFFFFFF[0m
[0;32mI (5532) Fingerprint sent command: : ef 01 ff ff ff ff 01 00 07 15 ff ff ff ff 04 19[0m
[0;32mI (5782) Fingerprint: Received 12 bytes from UART[0m
[0;32mI (5782) Fingerprint: ef 01 ff ff ff ff 07 00 03 00 00 0a[0m
[0;32mI (5782) Fingerprint: Extracted packet at offset 0: Command 0x00[0m
[0;32mI (5782) Fingerprint: Triggering event: 0 for status: 0x00[0m
[0;32mI (5782) FINGERPRINT: Finger detected! Status: 0x00[0m
[0;32mI (5792) FINGERPRINT: Command 0x15 executed successfully.[0m
[0;32mI (5792) FINGERPRINT: Confirmation code: 0x00[0m
[0;32mI (5802) Fingerprint: Triggering event: 0 for status: 0x00[0m
[0;32mI (5802) FINGERPRINT: Finger detected! Status: 0x00[0m
[0;32mI (6532) FINGERPRINT: Fingerprint scanner initialized and waiting for a finger to be detected.[0m
[0;32mI (6532) FINGERPRINT: Waiting for a finger to be placed...[0m
[0;32mI (6532) FINGERPRINT: Stored command 0x01 in queue successfully.[0m
[0;32mI (6632) FINGERPRINT: Sent fingerprint command: 0x01 to address 0xFFFFFFFF[0m
[0;32mI (6632) Fingerprint sent command: : ef 01 ff ff ff ff 01 00 03 01 00 05[0m
[0;32mI (6922) Fingerprint: Received 12 bytes from UART[0m
[0;32mI (6922) Fingerprint: ef 01 ff ff ff ff 07 00 03 00 00 0a[0m
[0;32mI (6922) Fingerprint: Extracted packet at offset 0: Command 0x00[0m
[0;32mI (6922) Fingerprint: Triggering event: 0 for status: 0x00[0m
[0;32mI (6922) FINGERPRINT: Finger detected! Status: 0x00[0m
[0;32mI (6932) FINGERPRINT: Command 0x01 executed successfully.[0m
[0;32mI (6932) FINGERPRINT: Confirmation code: 0x00[0m
[0;32mI (6942) Fingerprint: Triggering event: 0 for status: 0x00[0m
[0;32mI (6942) FINGERPRINT: Finger detected! Status: 0x00[0m
[0;32mI (7632) FINGERPRINT: Stored command 0x02 in queue successfully.[0m
[0;32mI (7772) FINGERPRINT: Sent fingerprint command: 0x02 to address 0xFFFFFFFF[0m
[0;32mI (7772) Fingerprint sent command: : ef 01 ff ff ff ff 01 00 04 02 00 00 07[0m
[0;32mI (8032) Fingerprint: Received 12 bytes from UART[0m
[0;32mI (8032) Fingerprint: ef 01 ff ff ff ff 07 00 03 00 00 0a[0m
[0;32mI (8032) Fingerprint: Extracted packet at offset 0: Command 0x00[0m
[0;32mI (8032) Fingerprint: Triggering event: 0 for status: 0x00[0m
[0;32mI (8032) FINGERPRINT: Finger detected! Status: 0x00[0m
[0;32mI (8042) FINGERPRINT: Command 0x02 executed successfully.[0m
[0;32mI (8042) FINGERPRINT: Confirmation code: 0x00[0m
[0;32mI (8052) Fingerprint: Triggering event: 0 for status: 0x00[0m
[0;32mI (8052) FINGERPRINT: Finger detected! Status: 0x00[0m
[0;32mI (8772) FINGERPRINT: Please remove and place the same finger again...[0m
[0;32mI (10772) FINGERPRINT: Stored command 0x01 in queue successfully.[0m
[0;32mI (10772) FINGERPRINT: Sent fingerprint command: 0x01 to address 0xFFFFFFFF[0m
[0;32mI (10772) Fingerprint sent command: : ef 01 ff ff ff ff 01 00 03 01 00 05[0m
[0;32mI (11772) FINGERPRINT: Stored command 0x02 in queue successfully.[0m
[0;32mI (11822) FINGERPRINT: Sent fingerprint command: 0x02 to address 0xFFFFFFFF[0m
[0;32mI (11822) Fingerprint sent command: : ef 01 ff ff ff ff 01 00 04 02 00 00 07[0m
[0;32mI (12032) Fingerprint: Received 12 bytes from UART[0m
[0;32mI (12032) Fingerprint: ef 01 ff ff ff ff 07 00 03 00 00 0a[0m
[0;32mI (12032) Fingerprint: Extracted packet at offset 0: Command 0x00[0m
[0;32mI (12032) Fingerprint: Triggering event: 0 for status: 0x00[0m
[0;32mI (12032) FINGERPRINT: Finger detected! Status: 0x00[0m
[0;32mI (12042) FINGERPRINT: Command 0x01 executed successfully.[0m
[0;32mI (12042) FINGERPRINT: Confirmation code: 0x00[0m
[0;32mI (12052) Fingerprint: Triggering event: 0 for status: 0x00[0m
[0;32mI (12052) FINGERPRINT: Finger detected! Status: 0x00[0m
[0;32mI (12822) FINGERPRINT: Stored command 0x05 in queue successfully.[0m
[0;32mI (12882) FINGERPRINT: Sent fingerprint command: 0x05 to address 0xFFFFFFFF[0m
[0;32mI (12882) Fingerprint sent command: : ef 01 ff ff ff ff 01 00 03 05 00 09[0m
[0;32mI (13092) Fingerprint: Received 12 bytes from UART[0m
[0;32mI (13092) Fingerprint: ef 01 ff ff ff ff 07 00 03 00 00 0a[0m
[0;32mI (13092) Fingerprint: Extracted packet at offset 0: Command 0x00[0m
[0;32mI (13092) Fingerprint: Triggering event: 0 for status: 0x00[0m
[0;32mI (13092) FINGERPRINT: Finger detected! Status: 0x00[0m
[0;32mI (13102) FINGERPRINT: Command 0x02 executed successfully.[0m
[0;32mI (13102) FINGERPRINT: Confirmation code: 0x00[0m
[0;32mI (13112) Fingerprint: Triggering event: 0 for status: 0x00[0m
[0;32mI (13112) FINGERPRINT: Finger detected! Status: 0x00[0m
[0;32mI (13882) FINGERPRINT: Stored command 0x06 in queue successfully.[0m
[0;32mI (13942) FINGERPRINT: Sent fingerprint command: 0x06 to address 0xFFFFFFFF[0m
[0;32mI (13942) Fingerprint sent command: : ef 01 ff ff ff ff 01 00 06 06 01 00 01 00 0f[0m
[0;32mI (14242) Fingerprint: Received 12 bytes from UART[0m
[0;32mI (14242) Fingerprint: ef 01 ff ff ff ff 07 00 03 00 00 0a[0m
[0;32mI (14242) Fingerprint: Extracted packet at offset 0: Command 0x00[0m
[0;32mI (14242) Fingerprint: Triggering event: 0 for status: 0x00[0m
[0;32mI (14242) FINGERPRINT: Finger detected! Status: 0x00[0m
[0;32mI (14252) FINGERPRINT: Command 0x05 executed successfully.[0m
[0;32mI (14252) FINGERPRINT: Confirmation code: 0x00[0m
[0;32mI (14262) Fingerprint: Triggering event: 0 for status: 0x00[0m
[0;32mI (14262) FINGERPRINT: Finger detected! Status: 0x00[0m
[0;32mI (14942) FINGERPRINT: Fingerprint enrollment completed successfully![0m
[0;32mI (14942) main_task: Returned from app_main()[0m
