ESP-ROM:esp32s3-20210327
Build:Mar 27 2021
rst:0x1 (POWERON),boot:0x3b (SPI_FAST_FLASH_BOOT)
SPIWP:0xee
Octal Flash Mode Enabled
For OPI Flash, Use Default Flash Boot Mode
mode:SLOW_RD, clock div:1
load:0x3fce2810,len:0x15a0
load:0x403c8700,len:0x4
load:0x403c8704,len:0xd20
load:0x403cb700,len:0x2ee4
entry 0x403c8928
[0;32mI (33) boot: ESP-IDF v5.4-dirty 2nd stage bootloader[0m
[0;32mI (33) boot: compile time Mar 20 2025 11:43:23[0m
[0;32mI (33) boot: Multicore bootloader[0m
[0;32mI (34) boot: chip revision: v0.1[0m
[0;32mI (37) boot: efuse block revision: v1.2[0m
[0;32mI (40) boot.esp32s3: Boot SPI Speed : 80MHz[0m
[0;32mI (44) boot.esp32s3: SPI Mode       : SLOW READ[0m
[0;32mI (48) boot.esp32s3: SPI Flash Size : 2MB[0m
[0;32mI (52) boot: Enabling RNG early entropy source...[0m
[0;32mI (57) boot: Partition Table:[0m
[0;32mI (59) boot: ## Label            Usage          Type ST Offset   Length[0m
[0;32mI (66) boot:  0 nvs              WiFi data        01 02 00009000 00006000[0m
[0;32mI (72) boot:  1 phy_init         RF data          01 01 0000f000 00001000[0m
[0;32mI (79) boot:  2 factory          factory app      00 00 00010000 00100000[0m
[0;32mI (85) boot: End of partition table[0m
[0;32mI (88) esp_image: segment 0: paddr=00010020 vaddr=3c020020 size=0de90h ( 56976) map[0m
[0;32mI (109) esp_image: segment 1: paddr=0001deb8 vaddr=3fc94000 size=02160h (  8544) load[0m
[0;32mI (112) esp_image: segment 2: paddr=00020020 vaddr=42000020 size=1f028h (127016) map[0m
[0;32mI (143) esp_image: segment 3: paddr=0003f050 vaddr=3fc96160 size=01390h (  5008) load[0m
[0;32mI (145) esp_image: segment 4: paddr=000403e8 vaddr=40374000 size=0ff1ch ( 65308) load[0m
[0;32mI (165) esp_image: segment 5: paddr=0005030c vaddr=600fe100 size=0001ch (    28) load[0m
[0;32mI (171) boot: Loaded app from partition at offset 0x10000[0m
[0;32mI (171) boot: Disabling RNG early entropy source...[0m
[0;32mI (183) cpu_start: Multicore app[0m
[0;32mI (191) cpu_start: Pro cpu start user code[0m
[0;32mI (191) cpu_start: cpu freq: 160000000 Hz[0m
[0;32mI (192) app_init: Application information:[0m
[0;32mI (192) app_init: Project name:     fingerprint_scanner[0m
[0;32mI (196) app_init: App version:      8d513b8-dirty[0m
[0;32mI (201) app_init: Compile time:     Mar 27 2025 15:15:15[0m
[0;32mI (206) app_init: ELF file SHA256:  5625b5de1...[0m
[0;32mI (210) app_init: ESP-IDF:          v5.4-dirty[0m
[0;32mI (214) efuse_init: Min chip rev:     v0.0[0m
[0;32mI (218) efuse_init: Max chip rev:     v0.99 [0m
[0;32mI (222) efuse_init: Chip rev:         v0.1[0m
[0;32mI (226) heap_init: Initializing. RAM available for dynamic allocation:[0m
[0;32mI (232) heap_init: At 3FC9B1A8 len 0004E568 (313 KiB): RAM[0m
[0;32mI (238) heap_init: At 3FCE9710 len 00005724 (21 KiB): RAM[0m
[0;32mI (243) heap_init: At 3FCF0000 len 00008000 (32 KiB): DRAM[0m
[0;32mI (248) heap_init: At 600FE11C len 00001ECC (7 KiB): RTCRAM[0m
[0;33mW (254) spi_flash: Octal flash chip is using but dio mode is selected, will automatically switch to Octal mode[0m
[0;32mI (263) spi_flash: detected chip: mxic (opi)[0m
[0;32mI (267) spi_flash: flash io: opi_str[0m
[0;33mW (270) spi_flash: Detected size(32768k) larger than the size in the binary image header(2048k). Using the size in the binary image header.[0m
[0;32mI (283) sleep_gpio: Configure to isolate all GPIO pins in sleep state[0m
[0;32mI (289) sleep_gpio: Enable automatic switching of GPIO sleep configuration[0m
[0;32mI (296) main_task: Started on CPU0[0m
[0;32mI (306) main_task: Calling app_main()[0m
[0;32mI (306) FINGERPRINT: Fingerprint event handler registered[0m
[0;32mI (306) FINGERPRINT: Initializing fingerprint scanner...[0m
[0;32mI (316) gpio: GPIO[15]| InputEn: 1| OutputEn: 0| OpenDrain: 0| Pullup: 0| Pulldown: 1| Intr:1 [0m
[0;32mI (316) FINGERPRINT: Fingerprint scanner initialized successfully with interrupt-based detection.[0m
[0;32mI (1566) FINGERPRINT: Fingerprint scanner initialized and waiting for a finger to be detected.[0m
[0;32mI (1566) FINGERPRINT: Starting fingerprint verification...[0m
[0;32mI (3706) FINGERPRINT: Please place your finger on the sensor...[0m
[0;33mW (3806) FINGERPRINT: Could not take finger detection mutex, skipping[0m
[0;32mI (4056) FINGERPRINT: Finger detected! Status: 0x00[0m
Guru Meditation Error: Core  0 panic'ed (LoadProhibited). Exception was unhandled.

Core  0 register dump:
PC      : 0x4200d953  PS      : 0x00060730  A0      : 0x8200db11  A1      : 0x3fca6030  
A2      : 0x3fca6180  A3      : 0x3fca62b0  A4      : 0x00000130  A5      : 0x3fca6180  
A6      : 0x00000000  A7      : 0x00000000  A8      : 0x00000000  A9      : 0xffffffdb  
A10     : 0x00000000  A11     : 0x00000000  A12     : 0xffffffe1  A13     : 0x00000fd8  
A14     : 0x3c0257d8  A15     : 0x00000000  SAR     : 0x00000004  EXCCAUSE: 0x0000001c  
EXCVADDR: 0x00000010  LBEG    : 0x400556d5  LEND    : 0x400556e5  LCOUNT  : 0xfffffffc  


Backtrace: 0x4200d950:0x3fca6030 0x4200db0e:0x3fca6050 0x4200e433:0x3fca62d0 0x4200e937:0x3fca6560 0x4037b78d:0x3fca67e0




ELF file SHA256: 5625b5de1

Rebooting...
ï¿½ï¿½ï¿½ESP-ROM:esp32s3-20210327
Build:Mar 27 2021
rst:0xc (RTC_SW_CPU_RST),boot:0x3b (SPI_FAST_FLASH_BOOT)
Saved PC:0x40375b78
SPIWP:0xee
Octal Flash Mode Enabled
For OPI Flash, Use Default Flash Boot Mode
mode:SLOW_RD, clock div:1
load:0x3fce2810,len:0x15a0
load:0x403c8700,len:0x4
load:0x403c8704,len:0xd20
load:0x403cb700,len:0x2ee4
entry 0x403c8928
[0;32mI (37) boot: ESP-IDF v5.4-dirty 2nd stage bootloader[0m
[0;32mI (38) boot: compile time Mar 20 2025 11:43:23[0m
[0;32mI (38) boot: Multicore bootloader[0m
[0;32mI (38) boot: chip revision: v0.1[0m
[0;32mI (41) boot: efuse block revision: v1.2[0m
[0;32mI (45) boot.esp32s3: Boot SPI Speed : 80MHz[0m
[0;32mI (49) boot.esp32s3: SPI Mode       : SLOW READ[0m
[0;32mI (53) boot.esp32s3: SPI Flash Size : 2MB[0m
[0;32mI (57) boot: Enabling RNG early entropy source...[0m
[0;32mI (61) boot: Partition Table:[0m
[0;32mI (64) boot: ## Label            Usage          Type ST Offset   Length[0m
[0;32mI (70) boot:  0 nvs              WiFi data        01 02 00009000 00006000[0m
[0;32mI (77) boot:  1 phy_init         RF data          01 01 0000f000 00001000[0m
[0;32mI (83) boot:  2 factory          factory app      00 00 00010000 00100000[0m
[0;32mI (90) boot: End of partition table[0m
[0;32mI (93) esp_image: segment 0: paddr=00010020 vaddr=3c020020 size=0de90h ( 56976) map[0m
[0;32mI (114) esp_image: segment 1: paddr=0001deb8 vaddr=3fc94000 size=02160h (  8544) load[0m
[0;32mI (116) esp_image: segment 2: paddr=00020020 vaddr=42000020 size=1f028h (127016) map[0m
[0;32mI (147) esp_image: segment 3: paddr=0003f050 vaddr=3fc96160 size=01390h (  5008) load[0m
[0;32mI (149) esp_image: segment 4: paddr=000403e8 vaddr=40374000 size=0ff1ch ( 65308) load[0m
[0;32mI (169) esp_image: segment 5: paddr=0005030c vaddr=600fe100 size=0001ch (    28) load[0m
[0;32mI (176) boot: Loaded app from partition at offset 0x10000[0m
[0;32mI (176) boot: Disabling RNG early entropy source...[0m
[0;32mI (187) cpu_start: Multicore app[0m
[0;32mI (196) cpu_start: Pro cpu start user code[0m
[0;32mI (196) cpu_start: cpu freq: 160000000 Hz[0m
[0;32mI (196) app_init: Application information:[0m
[0;32mI (196) app_init: Project name:     fingerprint_scanner[0m
[0;32mI (201) app_init: App version:      8d513b8-dirty[0m
[0;32mI (205) app_init: Compile time:     Mar 27 2025 15:15:15[0m
[0;32mI (210) app_init: ELF file SHA256:  5625b5de1...[0m
[0;32mI (215) app_init: ESP-IDF:          v5.4-dirty[0m
[0;32mI (219) efuse_init: Min chip rev:     v0.0[0m
[0;32mI (223) efuse_init: Max chip rev:     v0.99 [0m
[0;32mI (227) efuse_init: Chip rev:         v0.1[0m
[0;32mI (231) heap_init: Initializing. RAM available for dynamic allocation:[0m
[0;32mI (237) heap_init: At 3FC9B1A8 len 0004E568 (313 KiB): RAM[0m
[0;32mI (242) heap_init: At 3FCE9710 len 00005724 (21 KiB): RAM[0m
[0;32mI (247) heap_init: At 3FCF0000 len 00008000 (32 KiB): DRAM[0m
[0;32mI (252) heap_init: At 600FE11C len 00001ECC (7 KiB): RTCRAM[0m
[0;33mW (258) spi_flash: Octal flash chip is using but dio mode is selected, will automatically switch to Octal mode[0m
[0;32mI (267) spi_flash: detected chip: mxic (opi)[0m
[0;32mI (271) spi_flash: flash io: opi_str[0m
[0;33mW (275) spi_flash: Detected size(32768k) larger than the size in the binary image header(2048k). Using the size in the binary image header.[0m
[0;32mI (287) sleep_gpio: Configure to isolate all GPIO pins in sleep state[0m
[0;32mI (293) sleep_gpio: Enable automatic switching of GPIO sleep configuration[0m
[0;32mI (300) main_task: Started on CPU0[0m
[0;32mI (310) main_task: Calling app_main()[0m
[0;32mI (310) FINGERPRINT: Fingerprint event handler registered[0m
[0;32mI (310) FINGERPRINT: Initializing fingerprint scanner...[0m
[0;32mI (320) gpio: GPIO[15]| InputEn: 1| OutputEn: 0| OpenDrain: 0| Pullup: 0| Pulldown: 1| Intr:1 [0m
[0;32mI (320) FINGERPRINT: Fingerprint scanner initialized successfully with interrupt-based detection.[0m
[0;32mI (1570) FINGERPRINT: Fingerprint scanner initialized and waiting for a finger to be detected.[0m
[0;32mI (1570) FINGERPRINT: Starting fingerprint verification...[0m
Guru Meditation Error: Core  0 panic'ed (LoadProhibited). Exception was unhandled.

Core  0 register dump:
PC      : 0x4200d953  PS      : 0x00060130  A0      : 0x8200db11  A1      : 0x3fca6030  
A2      : 0x3fca6180  A3      : 0x3fca62b0  A4      : 0x00000130  A5      : 0x3fca6180  
A6      : 0x00000000  A7      : 0x00000012  A8      : 0x00000000  A9      : 0xffffffed  
A10     : 0x00000000  A11     : 0x00000000  A12     : 0xfffffff3  A13     : 0x3fc9e0b0  
A14     : 0x00000000  A15     : 0x3fc9b898  SAR     : 0x00000020  EXCCAUSE: 0x0000001c  
EXCVADDR: 0x00000010  LBEG    : 0x40056f5c  LEND    : 0x40056f72  LCOUNT  : 0x00000000  


Backtrace: 0x4200d950:0x3fca6030 0x4200db0e:0x3fca6050 0x4200e433:0x3fca62d0 0x4200e937:0x3fca6560 0x4037b78d:0x3fca67e0




ELF file SHA256: 5625b5de1

Rebooting...
ESP-ROM:esp32s3-20210327
Build:Mar 27 2021
rst:0xc (RTC_SW_CPU_RST),boot:0x3b (SPI_FAST_FLASH_BOOT)
Saved PC:0x40375b78
SPIWP:0xee
Octal Flash Mode Enabled
For OPI Flash, Use Default Flash Boot Mode
mode:SLOW_RD, clock div:1
load:0x3fce2810,len:0x15a0
load:0x403c8700,len:0x4
load:0x403c8704,len:0xd20
load:0x403cb700,len:0x2ee4
entry 0x403c8928
[0;32mI (37) boot: ESP-IDF v5.4-dirty 2nd stage bootloader[0m
[0;32mI (38) boot: compile time Mar 20 2025 11:43:23[0m
[0;32mI (38) boot: Multicore bootloader[0m
[0;32mI (38) boot: chip revision: v0.1[0m
[0;32mI (41) boot: efuse block revision: v1.2[0m
[0;32mI (45) boot.esp32s3: Boot SPI Speed : 80MHz[0m
[0;32mI (49) boot.esp32s3: SPI Mode       : SLOW READ[0m
[0;32mI (53) boot.esp32s3: SPI Flash Size : 2MB[0m
[0;32mI (57) boot: Enabling RNG early entropy source...[0m
[0;32mI (61) boot: Partition Table:[0m
[0;32mI (64) boot: ## Label            Usage          Type ST Offset   Length[0m
[0;32mI (70) boot:  0 nvs              WiFi data        01 02 00009000 00006000[0m
[0;32mI (77) boot:  1 phy_init         RF data          01 01 0000f000 00001000[0m
[0;32mI (83) boot:  2 factory          factory app      00 00 00010000 00100000[0m
[0;32mI (90) boot: End of partition table[0m
[0;32mI (93) esp_image: segment 0: paddr=00010020 vaddr=3c020020 size=0de90h ( 56976) map[0m
[0;32mI (114) esp_image: segment 1: paddr=0001deb8 vaddr=3fc94000 size=02160h (  8544) load[0m
[0;32mI (116) esp_image: segment 2: paddr=00020020 vaddr=42000020 size=1f028h (127016) map[0m
[0;32mI (147) esp_image: segment 3: paddr=0003f050 vaddr=3fc96160 size=01390h (  5008) load[0m
[0;32mI (149) esp_image: segment 4: paddr=000403e8 vaddr=40374000 size=0ff1ch ( 65308) load[0m
[0;32mI (169) esp_image: segment 5: paddr=0005030c vaddr=600fe100 size=0001ch (    28) load[0m
[0;32mI (176) boot: Loaded app from partition at offset 0x10000[0m
[0;32mI (176) boot: Disabling RNG early entropy source...[0m
[0;32mI (187) cpu_start: Multicore app[0m
[0;32mI (196) cpu_start: Pro cpu start user code[0m
[0;32mI (196) cpu_start: cpu freq: 160000000 Hz[0m
[0;32mI (196) app_init: Application information:[0m
[0;32mI (196) app_init: Project name:     fingerprint_scanner[0m
[0;32mI (201) app_init: App version:      8d513b8-dirty[0m
[0;32mI (205) app_init: Compile time:     Mar 27 2025 15:15:15[0m
[0;32mI (210) app_init: ELF file SHA256:  5625b5de1...[0m
[0;32mI (215) app_init: ESP-IDF:          v5.4-dirty[0m
[0;32mI (219) efuse_init: Min chip rev:     v0.0[0m
[0;32mI (223) efuse_init: Max chip rev:     v0.99 [0m
[0;32mI (227) efuse_init: Chip rev:         v0.1[0m
[0;32mI (231) heap_init: Initializing. RAM available for dynamic allocation:[0m
[0;32mI (237) heap_init: At 3FC9B1A8 len 0004E568 (313 KiB): RAM[0m
[0;32mI (242) heap_init: At 3FCE9710 len 00005724 (21 KiB): RAM[0m
[0;32mI (247) heap_init: At 3FCF0000 len 00008000 (32 KiB): DRAM[0m
[0;32mI (252) heap_init: At 600FE11C len 00001ECC (7 KiB): RTCRAM[0m
[0;33mW (258) spi_flash: Octal flash chip is using but dio mode is selected, will automatically switch to Octal mode[0m
[0;32mI (267) spi_flash: detected chip: mxic (opi)[0m
[0;32mI (271) spi_flash: flash io: opi_str[0m
[0;33mW (275) spi_flash: Detected size(32768k) larger than the size in the binary image header(2048k). Using the size in the binary image header.[0m
[0;32mI (287) sleep_gpio: Configure to isolate all GPIO pins in sleep state[0m
[0;32mI (293) sleep_gpio: Enable automatic switching of GPIO sleep configuration[0m
[0;32mI (300) main_task: Started on CPU0[0m
[0;32mI (310) main_task: Calling app_main()[0m
[0;32mI (310) FINGERPRINT: Fingerprint event handler registered[0m
[0;32mI (310) FINGERPRINT: Initializing fingerprint scanner...[0m
[0;32mI (320) gpio: GPIO[15]| InputEn: 1| OutputEn: 0| OpenDrain: 0| Pullup: 0| Pulldown: 1| Intr:1 [0m
[0;32mI (320) FINGERPRINT: Fingerprint scanner initialized successfully with interrupt-based detection.[0m
[0;32mI (1570) FINGERPRINT: Fingerprint scanner initialized and waiting for a finger to be detected.[0m
[0;32mI (1570) FINGERPRINT: Starting fingerprint verification...[0m
[0;32mI (3700) FINGERPRINT: Please place your finger on the sensor...[0m
Guru Meditation Error: Core  0 panic'ed (LoadProhibited). Exception was unhandled.

Core  0 register dump:
PC      : 0x4200d953  PS      : 0x00060930  A0      : 0x8200db11  A1      : 0x3fca6030  
A2      : 0x3fca6180  A3      : 0x3fca62b0  A4      : 0x00000130  A5      : 0x3fca6180  
A6      : 0x00000000  A7      : 0x00000012  A8      : 0x00000000  A9      : 0xffffffed  
A10     : 0x00000000  A11     : 0x00000000  A12     : 0xfffffff3  A13     : 0x00060523  
A14     : 0x00000000  A15     : 0x0000cdcd  SAR     : 0x00000020  EXCCAUSE: 0x0000001c  
EXCVADDR: 0x00000010  LBEG    : 0x40056f5c  LEND    : 0x40056f72  LCOUNT  : 0x00000000  


Backtrace: 0x4200d950:0x3fca6030 0x4200db0e:0x3fca6050 0x4200e433:0x3fca62d0 0x4200e937:0x3fca6560 0x4037b78d:0x3fca67e0




ELF file SHA256: 5625b5de1

Rebooting...
ï¿½ï¿½ï¿½ESP-ROM:esp32s3-20210327
Build:Mar 27 2021
rst:0xc (RTC_SW_CPU_RST),boot:0x3b (SPI_FAST_FLASH_BOOT)
Saved PC:0x40375b78
SPIWP:0xee
Octal Flash Mode Enabled
For OPI Flash, Use Default Flash Boot Mode
mode:SLOW_RD, clock div:1
load:0x3fce2810,len:0x15a0
load:0x403c8700,len:0x4
load:0x403c8704,len:0xd20
load:0x403cb700,len:0x2ee4
entry 0x403c8928
[0;32mI (37) boot: ESP-IDF v5.4-dirty 2nd stage bootloader[0m
[0;32mI (38) boot: compile time Mar 20 2025 11:43:23[0m
[0;32mI (38) boot: Multicore bootloader[0m
[0;32mI (38) boot: chip revision: v0.1[0m
[0;32mI (41) boot: efuse block revision: v1.2[0m
[0;32mI (45) boot.esp32s3: Boot SPI Speed : 80MHz[0m
[0;32mI (49) boot.esp32s3: SPI Mode       : SLOW READ[0m
[0;32mI (53) boot.esp32s3: SPI Flash Size : 2MB[0m
[0;32mI (57) boot: Enabling RNG early entropy source...[0m
[0;32mI (61) boot: Partition Table:[0m
[0;32mI (64) boot: ## Label            Usage          Type ST Offset   Length[0m
[0;32mI (70) boot:  0 nvs              WiFi data        01 02 00009000 00006000[0m
[0;32mI (77) boot:  1 phy_init         RF data          01 01 0000f000 00001000[0m
[0;32mI (83) boot:  2 factory          factory app      00 00 00010000 00100000[0m
[0;32mI (90) boot: End of partition table[0m
[0;32mI (93) esp_image: segment 0: paddr=00010020 vaddr=3c020020 size=0de90h ( 56976) map[0m
[0;32mI (114) esp_image: segment 1: paddr=0001deb8 vaddr=3fc94000 size=02160h (  8544) load[0m
[0;32mI (116) esp_image: segment 2: paddr=00020020 vaddr=42000020 size=1f028h (127016) map[0m
[0;32mI (147) esp_image: segment 3: paddr=0003f050 vaddr=3fc96160 size=01390h (  5008) load[0m
[0;32mI (149) esp_image: segment 4: paddr=000403e8 vaddr=40374000 size=0ff1ch ( 65308) load[0m
[0;32mI (169) esp_image: segment 5: paddr=0005030c vaddr=600fe100 size=0001ch (    28) load[0m
[0;32mI (176) boot: Loaded app from partition at offset 0x10000[0m
[0;32mI (176) boot: Disabling RNG early entropy source...[0m
[0;32mI (187) cpu_start: Multicore app[0m
[0;32mI (196) cpu_start: Pro cpu start user code[0m
[0;32mI (196) cpu_start: cpu freq: 160000000 Hz[0m
[0;32mI (196) app_init: Application information:[0m
[0;32mI (196) app_init: Project name:     fingerprint_scanner[0m
[0;32mI (201) app_init: App version:      8d513b8-dirty[0m
[0;32mI (205) app_init: Compile time:     Mar 27 2025 15:15:15[0m
[0;32mI (210) app_init: ELF file SHA256:  5625b5de1...[0m
[0;32mI (215) app_init: ESP-IDF:          v5.4-dirty[0m
[0;32mI (219) efuse_init: Min chip rev:     v0.0[0m
[0;32mI (223) efuse_init: Max chip rev:     v0.99 [0m
[0;32mI (227) efuse_init: Chip rev:         v0.1[0m
[0;32mI (231) heap_init: Initializing. RAM available for dynamic allocation:[0m
[0;32mI (237) heap_init: At 3FC9B1A8 len 0004E568 (313 KiB): RAM[0m
[0;32mI (242) heap_init: At 3FCE9710 len 00005724 (21 KiB): RAM[0m
[0;32mI (247) heap_init: At 3FCF0000 len 00008000 (32 KiB): DRAM[0m
[0;32mI (252) heap_init: At 600FE11C len 00001ECC (7 KiB): RTCRAM[0m
[0;33mW (258) spi_flash: Octal flash chip is using but dio mode is selected, will automatically switch to Octal mode[0m
[0;32mI (267) spi_flash: detected chip: mxic (opi)[0m
[0;32mI (271) spi_flash: flash io: opi_str[0m
[0;33mW (275) spi_flash: Detected size(32768k) larger than the size in the binary image header(2048k). Using the size in the binary image header.[0m
[0;32mI (287) sleep_gpio: Configure to isolate all GPIO pins in sleep state[0m
[0;32mI (293) sleep_gpio: Enable automatic switching of GPIO sleep configuration[0m
[0;32mI (300) main_task: Started on CPU0[0m
[0;32mI (310) main_task: Calling app_main()[0m
[0;32mI (310) FINGERPRINT: Fingerprint event handler registered[0m
[0;32mI (310) FINGERPRINT: Initializing fingerprint scanner...[0m
[0;32mI (320) gpio: GPIO[15]| InputEn: 1| OutputEn: 0| OpenDrain: 0| Pullup: 0| Pulldown: 1| Intr:1 [0m
[0;32mI (320) FINGERPRINT: Fingerprint scanner initialized successfully with interrupt-based detection.[0m
[0;32mI (1570) FINGERPRINT: Fingerprint scanner initialized and waiting for a finger to be detected.[0m
[0;32mI (1570) FINGERPRINT: Starting fingerprint verification...[0m
ESP-ROM:esp32s3-20210327
Build:Mar 27 2021
rst:0x1 (POWERON),boot:0x38 (SPI_FAST_FLASH_BOOT)
SPIWP:0xee
Octal Flash Mode Enabled
For OPI Flash, Use Default Flash Boot Mode
mode:SLOW_RD, clock div:1
load:0x3fce2810,len:0x15a0
load:0x403c8700,len:0x4
load:0x403c8704,len:0xd20
load:0x403cb700,len:0x2ee4
entry 0x403c8928
[0;32mI (33) boot: ESP-IDF v5.4-dirty 2nd stage bootloader[0m
[0;32mI (33) boot: compile time Mar 20 2025 11:43:23[0m
[0;32mI (33) boot: Multicore bootloader[0m
[0;32mI (34) boot: chip revision: v0.1[0m
[0;32mI (37) boot: efuse block revision: v1.2[0m
[0;32mI (40) boot.esp32s3: Boot SPI Speed : 80MHz[0m
[0;32mI (44) boot.esp32s3: SPI Mode       : SLOW READ[0m
[0;32mI (48) boot.esp32s3: SPI Flash Size : 2MB[0m
[0;32mI (52) boot: Enabling RNG early entropy source...[0m
[0;32mI (57) boot: Partition Table:[0m
[0;32mI (59) boot: ## Label            Usage          Type ST Offset   Length[0m
[0;32mI (66) boot:  0 nvs              WiFi data        01 02 00009000 00006000[0m
[0;32mI (72) boot:  1 phy_init         RF data          01 01 0000f000 00001000[0m
[0;32mI (79) boot:  2 factory          factory app      00 00 00010000 00100000[0m
[0;32mI (85) boot: End of partition table[0m
[0;32mI (88) esp_image: segment 0: paddr=00010020 vaddr=3c020020 size=0de90h ( 56976) map[0m
[0;32mI (109) esp_image: segment 1: paddr=0001deb8 vaddr=3fc94000 size=02160h (  8544) load[0m
[0;32mI (112) esp_image: segment 2: paddr=00020020 vaddr=42000020 size=1f028h (127016) map[0m
[0;32mI (143) esp_image: segment 3: paddr=0003f050 vaddr=3fc96160 size=01390h (  5008) load[0m
[0;32mI (145) esp_image: segment 4: paddr=000403e8 vaddr=40374000 size=0ff1ch ( 65308) load[0m
[0;32mI (165) esp_image: segment 5: paddr=0005030c vaddr=600fe100 size=0001ch (    28) load[0m
[0;32mI (171) boot: Loaded app from partition at offset 0x10000[0m
[0;32mI (171) boot: Disabling RNG early entropy source...[0m
[0;32mI (183) cpu_start: Multicore app[0m
[0;32mI (191) cpu_start: Pro cpu start user code[0m
[0;32mI (191) cpu_start: cpu freq: 160000000 Hz[0m
[0;32mI (192) app_init: Application information:[0m
[0;32mI (192) app_init: Project name:     fingerprint_scanner[0m
[0;32mI (196) app_init: App version:      8d513b8-dirty[0m
[0;32mI (201) app_init: Compile time:     Mar 27 2025 15:15:15[0m
[0;32mI (206) app_init: ELF file SHA256:  5625b5de1...[0m
[0;32mI (210) app_init: ESP-IDF:          v5.4-dirty[0m
[0;32mI (214) efuse_init: Min chip rev:     v0.0[0m
[0;32mI (218) efuse_init: Max chip rev:     v0.99 [0m
[0;32mI (222) efuse_init: Chip rev:         v0.1[0m
[0;32mI (226) heap_init: Initializing. RAM available for dynamic allocation:[0m
[0;32mI (232) heap_init: At 3FC9B1A8 len 0004E568 (313 KiB): RAM[0m
[0;32mI (238) heap_init: At 3FCE9710 len 00005724 (21 KiB): RAM[0m
[0;32mI (243) heap_init: At 3FCF0000 len 00008000 (32 KiB): DRAM[0m
[0;32mI (248) heap_init: At 600FE11C len 00001ECC (7 KiB): RTCRAM[0m
[0;33mW (254) spi_flash: Octal flash chip is using but dio mode is selected, will automatically switch to Octal mode[0m
[0;32mI (263) spi_flash: detected chip: mxic (opi)[0m
[0;32mI (267) spi_flash: flash io: opi_str[0m
[0;33mW (270) spi_flash: Detected size(32768k) larger than the size in the binary image header(2048k). Using the size in the binary image header.[0m
[0;32mI (283) sleep_gpio: Configure to isolate all GPIO pins in sleep state[0m
[0;32mI (289) sleep_gpio: Enable automatic switching of GPIO sleep configuration[0m
[0;32mI (296) main_task: Started on CPU0[0m
[0;32mI (306) main_task: Calling app_main()[0m
[0;32mI (306) FINGERPRINT: Fingerprint event handler registered[0m
[0;32mI (306) FINGERPRINT: Initializing fingerprint scanner...[0m
[0;32mI (316) gpio: GPIO[15]| InputEn: 1| OutputEn: 0| OpenDrain: 0| Pullup: 0| Pulldown: 1| Intr:1 [0m
[0;32mI (316) FINGERPRINT: Fingerprint scanner initialized successfully with interrupt-based detection.[0m
[0;32mI (1566) FINGERPRINT: Fingerprint scanner initialized and waiting for a finger to be detected.[0m
[0;32mI (1566) FINGERPRINT: Starting fingerprint verification...[0m
Guru Meditation Error: Core  0 panic'ed (LoadProhibited). Exception was unhandled.

Core  0 register dump:
PC      : 0x4200d953  PS      : 0x00060130  A0      : 0x8200db11  A1      : 0x3fca6030  
A2      : 0x3fca6180  A3      : 0x3fca62b0  A4      : 0x00000130  A5      : 0x3fca6180  
A6      : 0x00000000  A7      : 0x00000012  A8      : 0x00000000  A9      : 0xffffffed  
A10     : 0x00000000  A11     : 0x00000000  A12     : 0xfffffff3  A13     : 0x3fc9e0b0  
A14     : 0x00000000  A15     : 0x3fc9b898  SAR     : 0x00000020  EXCCAUSE: 0x0000001c  
EXCVADDR: 0x00000010  LBEG    : 0x40056f5c  LEND    : 0x40056f72  LCOUNT  : 0x00000000  


Backtrace: 0x4200d950:0x3fca6030 0x4200db0e:0x3fca6050 0x4200e433:0x3fca62d0 0x4200e937:0x3fca6560 0x4037b78d:0x3fca67e0




ELF file SHA256: 5625b5de1

Rebooting...
ESP-ROM:esp32s3-20210327
Build:Mar 27 2021
rst:0xc (RTC_SW_CPU_RST),boot:0x38 (SPI_FAST_FLASH_BOOT)
Saved PC:0x40375b78
SPIWP:0xee
Octal Flash Mode Enabled
For OPI Flash, Use Default Flash Boot Mode
mode:SLOW_RD, clock div:1
load:0x3fce2810,len:0x15a0
load:0x403c8700,len:0x4
load:0x403c8704,len:0xd20
load:0x403cb700,len:0x2ee4
entry 0x403c8928
[0;32mI (37) boot: ESP-IDF v5.4-dirty 2nd stage bootloader[0m
[0;32mI (38) boot: compile time Mar 20 2025 11:43:23[0m
[0;32mI (38) boot: Multicore bootloader[0m
[0;32mI (38) boot: chip revision: v0.1[0m
[0;32mI (41) boot: efuse block revision: v1.2[0m
[0;32mI (45) boot.esp32s3: Boot SPI Speed : 80MHz[0m
[0;32mI (49) boot.esp32s3: SPI Mode       : SLOW READ[0m
[0;32mI (53) boot.esp32s3: SPI Flash Size : 2MB[0m
[0;32mI (57) boot: Enabling RNG early entropy source...[0m
[0;32mI (61) boot: Partition Table:[0m
[0;32mI (64) boot: ## Label            Usage          Type ST Offset   Length[0m
[0;32mI (70) boot:  0 nvs              WiFi data        01 02 00009000 00006000[0m
[0;32mI (77) boot:  1 phy_init         RF data          01 01 0000f000 00001000[0m
[0;32mI (83) boot:  2 factory          factory app      00 00 00010000 00100000[0m
[0;32mI (90) boot: End of partition table[0m
[0;32mI (93) esp_image: segment 0: paddr=00010020 vaddr=3c020020 size=0de90h ( 56976) map[0m
[0;32mI (114) esp_image: segment 1: paddr=0001deb8 vaddr=3fc94000 size=02160h (  8544) load[0m
[0;32mI (116) esp_image: segment 2: paddr=00020020 vaddr=42000020 size=1f028h (127016) map[0m
[0;32mI (147) esp_image: segment 3: paddr=0003f050 vaddr=3fc96160 size=01390h (  5008) load[0m
[0;32mI (149) esp_image: segment 4: paddr=000403e8 vaddr=40374000 size=0ff1ch ( 65308) load[0m
[0;32mI (169) esp_image: segment 5: paddr=0005030c vaddr=600fe100 size=0001ch (    28) load[0m
[0;32mI (176) boot: Loaded app from partition at offset 0x10000[0m
[0;32mI (176) boot: Disabling RNG early entropy source...[0m
[0;32mI (187) cpu_start: Multicore app[0m
[0;32mI (196) cpu_start: Pro cpu start user code[0m
[0;32mI (196) cpu_start: cpu freq: 160000000 Hz[0m
[0;32mI (196) app_init: Application information:[0m
[0;32mI (196) app_init: Project name:     fingerprint_scanner[0m
[0;32mI (201) app_init: App version:      8d513b8-dirty[0m
[0;32mI (205) app_init: Compile time:     Mar 27 2025 15:15:15[0m
[0;32mI (210) app_init: ELF file SHA256:  5625b5de1...[0m
[0;32mI (215) app_init: ESP-IDF:          v5.4-dirty[0m
[0;32mI (219) efuse_init: Min chip rev:     v0.0[0m
[0;32mI (223) efuse_init: Max chip rev:     v0.99 [0m
[0;32mI (227) efuse_init: Chip rev:         v0.1[0m
[0;32mI (231) heap_init: Initializing. RAM available for dynamic allocation:[0m
[0;32mI (237) heap_init: At 3FC9B1A8 len 0004E568 (313 KiB): RAM[0m
[0;32mI (242) heap_init: At 3FCE9710 len 00005724 (21 KiB): RAM[0m
[0;32mI (247) heap_init: At 3FCF0000 len 00008000 (32 KiB): DRAM[0m
[0;32mI (252) heap_init: At 600FE11C len 00001ECC (7 KiB): RTCRAM[0m
[0;33mW (258) spi_flash: Octal flash chip is using but dio mode is selected, will automatically switch to Octal mode[0m
[0;32mI (267) spi_flash: detected chip: mxic (opi)[0m
[0;32mI (271) spi_flash: flash io: opi_str[0m
[0;33mW (275) spi_flash: Detected size(32768k) larger than the size in the binary image header(2048k). Using the size in the binary image header.[0m
[0;32mI (287) sleep_gpio: Configure to isolate all GPIO pins in sleep state[0m
[0;32mI (293) sleep_gpio: Enable automatic switching of GPIO sleep configuration[0m
[0;32mI (300) main_task: Started on CPU0[0m
[0;32mI (310) main_task: Calling app_main()[0m
[0;32mI (310) FINGERPRINT: Fingerprint event handler registered[0m
[0;32mI (310) FINGERPRINT: Initializing fingerprint scanner...[0m
[0;32mI (320) gpio: GPIO[15]| InputEn: 1| OutputEn: 0| OpenDrain: 0| Pullup: 0| Pulldown: 1| Intr:1 [0m
[0;32mI (320) FINGERPRINT: Fingerprint scanner initialized successfully with interrupt-based detection.[0m
[0;32mI (1570) FINGERPRINT: Fingerprint scanner initialized and waiting for a finger to be detected.[0m
[0;32mI (1570) FINGERPRINT: Starting fingerprint verification...[0m
