ESP-ROM:esp32s3-20210327
Build:Mar 27 2021
rst:0x1 (POWERON),boot:0x18 (SPI_FAST_FLASH_BOOT)
SPIWP:0xee
Octal Flash Mode Enabled
For OPI Flash, Use Default Flash Boot Mode
mode:SLOW_RD, clock div:1
load:0x3fce2810,len:0x15a0
load:0x403c8700,len:0x4
load:0x403c8704,len:0xd20
load:0x403cb700,len:0x2ee4
entry 0x403c8928
[0;32mI (33) boot: ESP-IDF v5.4-dirty 2nd stage bootloader[0m
[0;32mI (33) boot: compile time Mar  4 2025 16:14:42[0m
[0;32mI (33) boot: Multicore bootloader[0m
[0;32mI (34) boot: chip revision: v0.1[0m
[0;32mI (37) boot: efuse block revision: v1.2[0m
[0;32mI (40) boot.esp32s3: Boot SPI Speed : 80MHz[0m
[0;32mI (44) boot.esp32s3: SPI Mode       : SLOW READ[0m
[0;32mI (48) boot.esp32s3: SPI Flash Size : 2MB[0m
[0;32mI (52) boot: Enabling RNG early entropy source...[0m
[0;32mI (57) boot: Partition Table:[0m
[0;32mI (59) boot: ## Label            Usage          Type ST Offset   Length[0m
[0;32mI (66) boot:  0 nvs              WiFi data        01 02 00009000 00006000[0m
[0;32mI (72) boot:  1 phy_init         RF data          01 01 0000f000 00001000[0m
[0;32mI (79) boot:  2 factory          factory app      00 00 00010000 00100000[0m
[0;32mI (85) boot: End of partition table[0m
[0;32mI (88) esp_image: segment 0: paddr=00010020 vaddr=3c020020 size=0cfb8h ( 53176) map[0m
[0;32mI (108) esp_image: segment 1: paddr=0001cfe0 vaddr=3fc93900 size=03038h ( 12344) load[0m
[0;32mI (112) esp_image: segment 2: paddr=00020020 vaddr=42000020 size=1d288h (119432) map[0m
[0;32mI (140) esp_image: segment 3: paddr=0003d2b0 vaddr=3fc96938 size=010b8h (  4280) load[0m
[0;32mI (142) esp_image: segment 4: paddr=0003e370 vaddr=40374000 size=0f8cch ( 63692) load[0m
[0;32mI (162) esp_image: segment 5: paddr=0004dc44 vaddr=600fe100 size=0001ch (    28) load[0m
[0;32mI (168) boot: Loaded app from partition at offset 0x10000[0m
[0;32mI (168) boot: Disabling RNG early entropy source...[0m
[0;32mI (180) cpu_start: Multicore app[0m
[0;32mI (188) cpu_start: Pro cpu start user code[0m
[0;32mI (188) cpu_start: cpu freq: 160000000 Hz[0m
[0;32mI (188) app_init: Application information:[0m
[0;32mI (188) app_init: Project name:     fingerprint_scanner[0m
[0;32mI (193) app_init: App version:      7eb2ecb-dirty[0m
[0;32mI (198) app_init: Compile time:     Mar 14 2025 08:27:26[0m
[0;32mI (203) app_init: ELF file SHA256:  cdc4e7372...[0m
[0;32mI (207) app_init: ESP-IDF:          v5.4-dirty[0m
[0;32mI (211) efuse_init: Min chip rev:     v0.0[0m
[0;32mI (215) efuse_init: Max chip rev:     v0.99 [0m
[0;32mI (219) efuse_init: Chip rev:         v0.1[0m
[0;32mI (223) heap_init: Initializing. RAM available for dynamic allocation:[0m
[0;32mI (229) heap_init: At 3FC988F8 len 00050E18 (323 KiB): RAM[0m
[0;32mI (234) heap_init: At 3FCE9710 len 00005724 (21 KiB): RAM[0m
[0;32mI (240) heap_init: At 3FCF0000 len 00008000 (32 KiB): DRAM[0m
[0;32mI (245) heap_init: At 600FE11C len 00001ECC (7 KiB): RTCRAM[0m
[0;33mW (251) spi_flash: Octal flash chip is using but dio mode is selected, will automatically switch to Octal mode[0m
[0;32mI (260) spi_flash: detected chip: mxic (opi)[0m
[0;32mI (264) spi_flash: flash io: opi_str[0m
[0;33mW (267) spi_flash: Detected size(32768k) larger than the size in the binary image header(2048k). Using the size in the binary image header.[0m
[0;32mI (279) sleep_gpio: Configure to isolate all GPIO pins in sleep state[0m
[0;32mI (286) sleep_gpio: Enable automatic switching of GPIO sleep configuration[0m
[0;32mI (293) main_task: Started on CPU0[0m
[0;32mI (303) main_task: Calling app_main()[0m
[0;32mI (303) FINGERPRINT: Initializing fingerprint scanner...[0m
[0;33mW (503) FINGERPRINT: No handshake received, retrying...[0m
[0;33mW (903) FINGERPRINT: No handshake received, retrying...[0m
[0;33mW (1303) FINGERPRINT: No handshake received, retrying...[0m
[0;33mW (1703) FINGERPRINT: No handshake received, retrying...[0m
[0;33mW (2103) FINGERPRINT: No handshake received, retrying...[0m
[0;33mW (2453) FINGERPRINT: No handshake received, retrying...[0m
[0;32mI (2663) FINGERPRINT: Fingerprint module handshake received: 0x55[0m
[0;32mI (2663) FINGERPRINT: Fingerprint scanner initialized successfully.[0m
[0;32mI (3113) FINGERPRINT: Read 12 bytes, buffer now contains 12 bytes[0m
[0;32mI (3113) FINGERPRINT: ef 01 ff ff ff ff 07 00 03 00 00 0a[0m
[0;32mI (3113) FINGERPRINT: Found header (0xEF01) at position 0[0m
[0;32mI (3113) FINGERPRINT: Read address: 0xFFFFFFFF[0m
[0;32mI (3113) FINGERPRINT: Read packet_id: 0x07[0m
[0;32mI (3123) FINGERPRINT: Read length: 3[0m
[0;32mI (3123) FINGERPRINT: Received command confirmation: 0x00[0m
[0;32mI (3133) FINGERPRINT: Read checksum: 0x000A[0m
[0;32mI (3133) FINGERPRINT: Added packet to response, count now: 1[0m
[0;32mI (3143) FINGERPRINT: Buffer fully processed, reset position[0m
[0;32mI (3143) FINGERPRINT: Returning response with 1 packets[0m
[0;32mI (3863) FINGERPRINT: Fingerprint scanner initialized and waiting for a finger to be detected.[0m
[0;32mI (4203) FINGERPRINT: Read 44 bytes, buffer now contains 44 bytes[0m
[0;32mI (4203) FINGERPRINT: ef 01 ff ff ff ff 07 00 23 00 03 00 00 00 00 00[0m
[0;32mI (4203) FINGERPRINT: 00 00 00 00 00 00 00 00 00 00 00 00 00 00 00 00[0m
[0;32mI (4203) FINGERPRINT: 00 00 00 00 00 00 00 00 00 00 00 2d[0m
[0;32mI (4213) FINGERPRINT: Found header (0xEF01) at position 0[0m
[0;32mI (4213) FINGERPRINT: Read address: 0xFFFFFFFF[0m
[0;32mI (4223) FINGERPRINT: Read packet_id: 0x07[0m
[0;32mI (4223) FINGERPRINT: Read length: 35[0m
[0;32mI (4223) FINGERPRINT: Received command confirmation: 0x00[0m
[0;32mI (4233) FINGERPRINT: Response parameters (32 bytes):[0m
[0;32mI (4233) FINGERPRINT: 03 00 00 00 00 00 00 00 00 00 00 00 00 00 00 00[0m
[0;32mI (4243) FINGERPRINT: Read checksum: 0x002D[0m
[0;32mI (4243) FINGERPRINT: Added packet to response, count now: 1[0m
[0;32mI (4253) FINGERPRINT: Buffer fully processed, reset position[0m
[0;32mI (4253) FINGERPRINT: Returning response with 1 packets[0m
[0;32mI (4263) FINGERPRINT: Index table read successful. Status: 0x00[0m
[0;32mI (4273) Index Table Parameters: 03 00 00 00 00 00 00 00 Guru Meditation Error: Core  1 panic'ed (StoreProhibited). Exception was unhandled.[0m

Core  1 register dump:
PC      : 0x4037c526  PS      : 0x00060033  A0      : 0x8037ce91  A1      : 0x3fc9bf70  
A2      : 0xa5a5a5a5  A3      : 0xa5a5a5a5  A4      : 0x00000000  A5      : 0x00060023  
A6      : 0x00000001  A7      : 0x00000000  A8      : 0x3fc97f20  A9      : 0x00000017  
A10     : 0x00060a23  A11     : 0x3fca21d8  A12     : 0x00000001  A13     : 0x3fc97f28  
A14     : 0x3fca21d8  A15     : 0x00000001  SAR     : 0x00000012  EXCCAUSE: 0x0000001d  
EXCVADDR: 0x00060a2b  LBEG    : 0x00000000  LEND    : 0x00000000  LCOUNT  : 0x00000000  


Backtrace: 0x4037c523:0x3fc9bf70 0x4037ce8e:0x3fc9bf90 0x4037baa8:0x3fc9bfb0 0x4037ba9e:0xa5a5a5a5 |<-CORRUPTED




ELF file SHA256: cdc4e7372

Rebooting...
ï¿½ï¿½ï¿½ESP-ROM:esp32s3-20210327
Build:Mar 27 2021
rst:0xc (RTC_SW_CPU_RST),boot:0x18 (SPI_FAST_FLASH_BOOT)
Saved PC:0x42006903
SPIWP:0xee
Octal Flash Mode Enabled
For OPI Flash, Use Default Flash Boot Mode
mode:SLOW_RD, clock div:1
load:0x3fce2810,len:0x15a0
load:0x403c8700,len:0x4
load:0x403c8704,len:0xd20
load:0x403cb700,len:0x2ee4
entry 0x403c8928
[0;32mI (38) boot: ESP-IDF v5.4-dirty 2nd stage bootloader[0m
[0;32mI (38) boot: compile time Mar  4 2025 16:14:42[0m
[0;32mI (38) boot: Multicore bootloader[0m
[0;32mI (38) boot: chip revision: v0.1[0m
[0;32mI (41) boot: efuse block revision: v1.2[0m
[0;32mI (45) boot.esp32s3: Boot SPI Speed : 80MHz[0m
[0;32mI (49) boot.esp32s3: SPI Mode       : SLOW READ[0m
[0;32mI (53) boot.esp32s3: SPI Flash Size : 2MB[0m
[0;32mI (57) boot: Enabling RNG early entropy source...[0m
[0;32mI (61) boot: Partition Table:[0m
[0;32mI (64) boot: ## Label            Usage          Type ST Offset   Length[0m
[0;32mI (70) boot:  0 nvs              WiFi data        01 02 00009000 00006000[0m
[0;32mI (77) boot:  1 phy_init         RF data          01 01 0000f000 00001000[0m
[0;32mI (83) boot:  2 factory          factory app      00 00 00010000 00100000[0m
[0;32mI (90) boot: End of partition table[0m
[0;32mI (93) esp_image: segment 0: paddr=00010020 vaddr=3c020020 size=0cfb8h ( 53176) map[0m
[0;32mI (113) esp_image: segment 1: paddr=0001cfe0 vaddr=3fc93900 size=03038h ( 12344) load[0m
[0;32mI (116) esp_image: segment 2: paddr=00020020 vaddr=42000020 size=1d288h (119432) map[0m
[0;32mI (145) esp_image: segment 3: paddr=0003d2b0 vaddr=3fc96938 size=010b8h (  4280) load[0m
[0;32mI (146) esp_image: segment 4: paddr=0003e370 vaddr=40374000 size=0f8cch ( 63692) load[0m
[0;32mI (166) esp_image: segment 5: paddr=0004dc44 vaddr=600fe100 size=0001ch (    28) load[0m
[0;32mI (173) boot: Loaded app from partition at offset 0x10000[0m
[0;32mI (173) boot: Disabling RNG early entropy source...[0m
[0;32mI (184) cpu_start: Multicore app[0m
[0;32mI (193) cpu_start: Pro cpu start user code[0m
[0;32mI (193) cpu_start: cpu freq: 160000000 Hz[0m
[0;32mI (193) app_init: Application information:[0m
[0;32mI (193) app_init: Project name:     fingerprint_scanner[0m
[0;32mI (198) app_init: App version:      7eb2ecb-dirty[0m
[0;32mI (202) app_init: Compile time:     Mar 14 2025 08:27:26[0m
[0;32mI (207) app_init: ELF file SHA256:  cdc4e7372...[0m
[0;32mI (212) app_init: ESP-IDF:          v5.4-dirty[0m
[0;32mI (216) efuse_init: Min chip rev:     v0.0[0m
[0;32mI (220) efuse_init: Max chip rev:     v0.99 [0m
[0;32mI (224) efuse_init: Chip rev:         v0.1[0m
[0;32mI (228) heap_init: Initializing. RAM available for dynamic allocation:[0m
[0;32mI (234) heap_init: At 3FC988F8 len 00050E18 (323 KiB): RAM[0m
[0;32mI (239) heap_init: At 3FCE9710 len 00005724 (21 KiB): RAM[0m
[0;32mI (244) heap_init: At 3FCF0000 len 00008000 (32 KiB): DRAM[0m
[0;32mI (249) heap_init: At 600FE11C len 00001ECC (7 KiB): RTCRAM[0m
[0;33mW (255) spi_flash: Octal flash chip is using but dio mode is selected, will automatically switch to Octal mode[0m
[0;32mI (265) spi_flash: detected chip: mxic (opi)[0m
[0;32mI (268) spi_flash: flash io: opi_str[0m
[0;33mW (272) spi_flash: Detected size(32768k) larger than the size in the binary image header(2048k). Using the size in the binary image header.[0m
[0;32mI (284) sleep_gpio: Configure to isolate all GPIO pins in sleep state[0m
[0;32mI (290) sleep_gpio: Enable automatic switching of GPIO sleep configuration[0m
[0;32mI (297) main_task: Started on CPU0[0m
[0;32mI (307) main_task: Calling app_main()[0m
[0;32mI (307) FINGERPRINT: Initializing fingerprint scanner...[0m
[0;33mW (507) FINGERPRINT: No handshake received, retrying...[0m
[0;33mW (907) FINGERPRINT: No handshake received, retrying...[0m
[0;33mW (1307) FINGERPRINT: No handshake received, retrying...[0m
[0;33mW (1707) FINGERPRINT: No handshake received, retrying...[0m
[0;33mW (2107) FINGERPRINT: No handshake received, retrying...[0m
[0;33mW (2507) FINGERPRINT: No handshake received, retrying...[0m
[0;33mW (2907) FINGERPRINT: No handshake received, retrying...[0m
[0;33mW (3307) FINGERPRINT: No handshake received, retrying...[0m
[0;33mW (3707) FINGERPRINT: No handshake received, retrying...[0m
[0;33mW (3917) FINGERPRINT: No handshake received, retrying...[0m
[0;32mI (4117) FINGERPRINT: Fingerprint module handshake received: 0x55[0m
[0;32mI (4117) FINGERPRINT: Fingerprint scanner initialized successfully.[0m
[0;32mI (4567) FINGERPRINT: Read 12 bytes, buffer now contains 12 bytes[0m
[0;32mI (4567) FINGERPRINT: ef 01 ff ff ff ff 07 00 03 00 00 0a[0m
[0;32mI (4567) FINGERPRINT: Found header (0xEF01) at position 0[0m
[0;32mI (4567) FINGERPRINT: Read address: 0xFFFFFFFF[0m
[0;32mI (4567) FINGERPRINT: Read packet_id: 0x07[0m
[0;32mI (4577) FINGERPRINT: Read length: 3[0m
[0;32mI (4577) FINGERPRINT: Received command confirmation: 0x00[0m
[0;32mI (4587) FINGERPRINT: Read checksum: 0x000A[0m
[0;32mI (4587) FINGERPRINT: Added packet to response, count now: 1[0m
[0;32mI (4597) FINGERPRINT: Buffer fully processed, reset position[0m
[0;32mI (4597) FINGERPRINT: Returning response with 1 packets[0m
