ESP-ROM:esp32s3-20210327
Build:Mar 27 2021
rst:0x1 (POWERON),boot:0x18 (SPI_FAST_FLASH_BOOT)
SPIWP:0xee
Octal Flash Mode Enabled
For OPI Flash, Use Default Flash Boot Mode
mode:SLOW_RD, clock div:1
load:0x3fce2810,len:0x15a0
load:0x403c8700,len:0x4
load:0x403c8704,len:0xd20
load:0x403cb700,len:0x2ee4
entry 0x403c8928
[0;32mI (33) boot: ESP-IDF v5.4-dirty 2nd stage bootloader[0m
[0;32mI (33) boot: compile time Mar  4 2025 16:14:42[0m
[0;32mI (33) boot: Multicore bootloader[0m
[0;32mI (34) boot: chip revision: v0.1[0m
[0;32mI (37) boot: efuse block revision: v1.2[0m
[0;32mI (40) boot.esp32s3: Boot SPI Speed : 80MHz[0m
[0;32mI (44) boot.esp32s3: SPI Mode       : SLOW READ[0m
[0;32mI (48) boot.esp32s3: SPI Flash Size : 2MB[0m
[0;32mI (52) boot: Enabling RNG early entropy source...[0m
[0;32mI (57) boot: Partition Table:[0m
[0;32mI (59) boot: ## Label            Usage          Type ST Offset   Length[0m
[0;32mI (66) boot:  0 nvs              WiFi data        01 02 00009000 00006000[0m
[0;32mI (72) boot:  1 phy_init         RF data          01 01 0000f000 00001000[0m
[0;32mI (79) boot:  2 factory          factory app      00 00 00010000 00100000[0m
[0;32mI (85) boot: End of partition table[0m
[0;32mI (88) esp_image: segment 0: paddr=00010020 vaddr=3c020020 size=0d878h ( 55416) map[0m
[0;32mI (109) esp_image: segment 1: paddr=0001d8a0 vaddr=3fc93900 size=02778h ( 10104) load[0m
[0;32mI (112) esp_image: segment 2: paddr=00020020 vaddr=42000020 size=1e4fch (124156) map[0m
[0;32mI (142) esp_image: segment 3: paddr=0003e524 vaddr=3fc96078 size=00f88h (  3976) load[0m
[0;32mI (143) esp_image: segment 4: paddr=0003f4b4 vaddr=40374000 size=0f8cch ( 63692) load[0m
[0;32mI (163) esp_image: segment 5: paddr=0004ed88 vaddr=600fe100 size=0001ch (    28) load[0m
[0;32mI (170) boot: Loaded app from partition at offset 0x10000[0m
[0;32mI (170) boot: Disabling RNG early entropy source...[0m
[0;32mI (181) cpu_start: Multicore app[0m
[0;32mI (190) cpu_start: Pro cpu start user code[0m
[0;32mI (190) cpu_start: cpu freq: 160000000 Hz[0m
[0;32mI (190) app_init: Application information:[0m
[0;32mI (190) app_init: Project name:     fingerprint_scanner[0m
[0;32mI (195) app_init: App version:      eba1181-dirty[0m
[0;32mI (199) app_init: Compile time:     Mar 17 2025 10:43:10[0m
[0;32mI (204) app_init: ELF file SHA256:  d08876197...[0m
[0;32mI (209) app_init: ESP-IDF:          v5.4-dirty[0m
[0;32mI (213) efuse_init: Min chip rev:     v0.0[0m
[0;32mI (217) efuse_init: Max chip rev:     v0.99 [0m
[0;32mI (221) efuse_init: Chip rev:         v0.1[0m
[0;32mI (225) heap_init: Initializing. RAM available for dynamic allocation:[0m
[0;32mI (231) heap_init: At 3FC98D48 len 000509C8 (322 KiB): RAM[0m
[0;32mI (236) heap_init: At 3FCE9710 len 00005724 (21 KiB): RAM[0m
[0;32mI (241) heap_init: At 3FCF0000 len 00008000 (32 KiB): DRAM[0m
[0;32mI (246) heap_init: At 600FE11C len 00001ECC (7 KiB): RTCRAM[0m
[0;33mW (252) spi_flash: Octal flash chip is using but dio mode is selected, will automatically switch to Octal mode[0m
[0;32mI (262) spi_flash: detected chip: mxic (opi)[0m
[0;32mI (265) spi_flash: flash io: opi_str[0m
[0;33mW (269) spi_flash: Detected size(32768k) larger than the size in the binary image header(2048k). Using the size in the binary image header.[0m
[0;32mI (281) sleep_gpio: Configure to isolate all GPIO pins in sleep state[0m
[0;32mI (287) sleep_gpio: Enable automatic switching of GPIO sleep configuration[0m
[0;32mI (294) main_task: Started on CPU0[0m
[0;32mI (304) main_task: Calling app_main()[0m
[0;32mI (304) FINGERPRINT: Initializing fingerprint scanner...[0m
[0;33mW (504) FINGERPRINT: No handshake received, retrying...[0m
[0;33mW (904) FINGERPRINT: No handshake received, retrying...[0m
[0;33mW (1304) FINGERPRINT: No handshake received, retrying...[0m
[0;33mW (1704) FINGERPRINT: No handshake received, retrying...[0m
[0;33mW (2104) FINGERPRINT: No handshake received, retrying...[0m
[0;33mW (2334) FINGERPRINT: No handshake received, retrying...[0m
[0;32mI (2534) FINGERPRINT: Fingerprint module handshake received: 0x55[0m
[0;32mI (2534) FINGERPRINT: Fingerprint scanner initialized successfully.[0m
[0;33mW (3354) FINGERPRINT: No complete packets found, returning NULL[0m
[0;33mW (3664) FINGERPRINT: No complete packets found, returning NULL[0m
[0;32mI (3734) FINGERPRINT: Fingerprint scanner initialized and waiting for a finger to be detected.[0m
[0;33mW (3874) FINGERPRINT: No complete packets found, returning NULL[0m
[0;33mW (4084) FINGERPRINT: No complete packets found, returning NULL[0m
[0;33mW (4294) FINGERPRINT: No complete packets found, returning NULL[0m
[0;33mW (4504) FINGERPRINT: No complete packets found, returning NULL[0m
[0;33mW (4714) FINGERPRINT: No complete packets found, returning NULL[0m
[0;33mW (4924) FINGERPRINT: No complete packets found, returning NULL[0m
[0;33mW (5134) FINGERPRINT: No complete packets found, returning NULL[0m
[0;33mW (5344) FINGERPRINT: No complete packets found, returning NULL[0m
ESP-ROM:esp32s3-20210327
Build:Mar 27 2021
rst:0x1 (POWERON),boot:0x18 (SPI_FAST_FLASH_BOOT)
SPIWP:0xee
Octal Flash Mode Enabled
For OPI Flash, Use Default Flash Boot Mode
mode:SLOW_RD, clock div:1
load:0x3fce2810,len:0x15a0
load:0x403c8700,len:0x4
load:0x403c8704,len:0xd20
load:0x403cb700,len:0x2ee4
entry 0x403c8928
[0;32mI (33) boot: ESP-IDF v5.4-dirty 2nd stage bootloader[0m
[0;32mI (33) boot: compile time Mar  4 2025 16:14:42[0m
[0;32mI (33) boot: Multicore bootloader[0m
[0;32mI (34) boot: chip revision: v0.1[0m
[0;32mI (37) boot: efuse block revision: v1.2[0m
[0;32mI (40) boot.esp32s3: Boot SPI Speed : 80MHz[0m
[0;32mI (44) boot.esp32s3: SPI Mode       : SLOW READ[0m
[0;32mI (48) boot.esp32s3: SPI Flash Size : 2MB[0m
[0;32mI (52) boot: Enabling RNG early entropy source...[0m
[0;32mI (57) boot: Partition Table:[0m
[0;32mI (59) boot: ## Label            Usage          Type ST Offset   Length[0m
[0;32mI (66) boot:  0 nvs              WiFi data        01 02 00009000 00006000[0m
[0;32mI (72) boot:  1 phy_init         RF data          01 01 0000f000 00001000[0m
[0;32mI (79) boot:  2 factory          factory app      00 00 00010000 00100000[0m
[0;32mI (85) boot: End of partition table[0m
[0;32mI (88) esp_image: segment 0: paddr=00010020 vaddr=3c020020 size=0d878h ( 55416) map[0m
[0;32mI (109) esp_image: segment 1: paddr=0001d8a0 vaddr=3fc93900 size=02778h ( 10104) load[0m
[0;32mI (112) esp_image: segment 2: paddr=00020020 vaddr=42000020 size=1e4fch (124156) map[0m
[0;32mI (142) esp_image: segment 3: paddr=0003e524 vaddr=3fc96078 size=00f88h (  3976) load[0m
[0;32mI (143) esp_image: segment 4: paddr=0003f4b4 vaddr=40374000 size=0f8cch ( 63692) load[0m
[0;32mI (163) esp_image: segment 5: paddr=0004ed88 vaddr=600fe100 size=0001ch (    28) load[0m
[0;32mI (170) boot: Loaded app from partition at offset 0x10000[0m
[0;32mI (170) boot: Disabling RNG early entropy source...[0m
[0;32mI (181) cpu_start: Multicore app[0m
[0;32mI (190) cpu_start: Pro cpu start user code[0m
[0;32mI (190) cpu_start: cpu freq: 160000000 Hz[0m
[0;32mI (190) app_init: Application information:[0m
[0;32mI (190) app_init: Project name:     fingerprint_scanner[0m
[0;32mI (195) app_init: App version:      eba1181-dirty[0m
[0;32mI (199) app_init: Compile time:     Mar 17 2025 10:43:10[0m
[0;32mI (204) app_init: ELF file SHA256:  d08876197...[0m
[0;32mI (209) app_init: ESP-IDF:          v5.4-dirty[0m
[0;32mI (213) efuse_init: Min chip rev:     v0.0[0m
[0;32mI (217) efuse_init: Max chip rev:     v0.99 [0m
[0;32mI (221) efuse_init: Chip rev:         v0.1[0m
[0;32mI (225) heap_init: Initializing. RAM available for dynamic allocation:[0m
[0;32mI (231) heap_init: At 3FC98D48 len 000509C8 (322 KiB): RAM[0m
[0;32mI (236) heap_init: At 3FCE9710 len 00005724 (21 KiB): RAM[0m
[0;32mI (241) heap_init: At 3FCF0000 len 00008000 (32 KiB): DRAM[0m
[0;32mI (246) heap_init: At 600FE11C len 00001ECC (7 KiB): RTCRAM[0m
[0;33mW (252) spi_flash: Octal flash chip is using but dio mode is selected, will automatically switch to Octal mode[0m
[0;32mI (262) spi_flash: detected chip: mxic (opi)[0m
[0;32mI (265) spi_flash: flash io: opi_str[0m
[0;33mW (269) spi_flash: Detected size(32768k) larger than the size in the binary image header(2048k). Using the size in the binary image header.[0m
[0;32mI (281) sleep_gpio: Configure to isolate all GPIO pins in sleep state[0m
[0;32mI (287) sleep_gpio: Enable automatic switching of GPIO sleep configuration[0m
[0;32mI (294) main_task: Started on CPU0[0m
[0;32mI (304) main_task: Calling app_main()[0m
[0;32mI (304) FINGERPRINT: Initializing fingerprint scanner...[0m
[0;33mW (504) FINGERPRINT: No handshake received, retrying...[0m
[0;33mW (904) FINGERPRINT: No handshake received, retrying...[0m
[0;33mW (1284) FINGERPRINT: No handshake received, retrying...[0m
[0;32mI (1484) FINGERPRINT: Fingerprint module handshake received: 0x55[0m
[0;32mI (1484) FINGERPRINT: Fingerprint scanner initialized successfully.[0m
[0;33mW (1974) FINGERPRINT: No complete packets found, returning NULL[0m
[0;33mW (2184) FINGERPRINT: No complete packets found, returning NULL[0m
[0;33mW (2394) FINGERPRINT: No complete packets found, returning NULL[0m
[0;33mW (2604) FINGERPRINT: No complete packets found, returning NULL[0m
[0;32mI (2684) FINGERPRINT: Fingerprint scanner initialized and waiting for a finger to be detected.[0m
[0;33mW (2814) FINGERPRINT: No complete packets found, returning NULL[0m
[0;32mI (3024) FINGERPRINT: Returning response with 1 packets[0m
[0;32mI (3024) FINGERPRINT: Command response packet: ID=0x07, Status=0x00[0m
[0;32mI (3024) FINGERPRINT: UART RECEIVED: 1 packets (first ID=0x07)[0m
[0;32mI (3024) FINGERPRINT: Index table read successful. Status: 0x00[0m
[0;32mI (3034) Index Table Parameters: 03 00 00 00 00 00 00 00 00 00 00 00 00 00 00 00[0m
[0;32mI (3034) Index Table Parameters: 00 00 00 00 00 00 00 00 00 00 00 00 00 00 00 00[0m
[0;32mI (3044) Index Table Parameters: 00 00 00 00 00 00 00 00 00 00 00 00 00 00 00 00[0m
[0;32mI (3054) Index Table Parameters: 00 00 00 00 00 00 00 00 00 00 00 00 00 00 00 00[0m
[0;32mI (3054) Index Table Parameters: 00 00 00 00 00 00 00 00 00 00 00 00 00 00 00 00[0m
[0;32mI (3064) Index Table Parameters: 00 00 00 00 00 00 00 00 00 00 00 00 00 00 00 00[0m
[0;32mI (3074) Index Table Parameters: 00 00 00 00 00 00 00 00 00 00 00 00 00 00 00 00[0m
[0;32mI (3084) Index Table Parameters: 00 00 00 00 00 00 00 00 00 00 00 00 00 00 00 00[0m
[0;32mI (3084) Index Table Parameters: 00 00 00 00 00 00 00 00 00 00 00 00 00 00 00 00[0m
[0;32mI (3094) Index Table Parameters: 00 00 00 00 00 00 00 00 00 00 00 00 00 00 00 00[0m
[0;32mI (3104) Index Table Parameters: 00 00 00 00 00 00 00 00 00 00 00 00 00 00 00 00[0m
[0;32mI (3104) Index Table Parameters: 00 00 00 00 00 00 00 00 00 00 00 00 00 00 00 00[0m
[0;32mI (3114) Index Table Parameters: 00 00 00 00 00 00 00 00 00 00 00 00 00 00 00 00[0m
[0;32mI (3124) Index Table Parameters: 00 00 00 00 00 00 00 00 00 00 00 00 00 00 00 00[0m
[0;32mI (3134) Index Table Parameters: 00 00 00 00 00 00 00 00 00 00 00 00 00 00 00 00[0m
[0;32mI (3134) Index Table Parameters: 00 00 00 00 00 00 00 00 00 00 00 00 00 00 00 00[0m
[1;31mE (3144) FINGERPRINT: Location 1 is already occupied[0m
[1;31mE (3144) FINGERPRINT: Fingeprint not enrolled![0m
[0;32mI (3154) FINGERPRINT: Starting fingerprint verification...[0m
[0;32mI (5154) FINGERPRINT: Please place your finger on the sensor...[0m
[0;32mI (5824) FINGERPRINT: Returning response with 1 packets[0m
[0;32mI (5824) FINGERPRINT: Command response packet: ID=0x07, Status=0x02[0m
[0;32mI (5824) FINGERPRINT: UART RECEIVED: 1 packets (first ID=0x07)[0m
[0;32mI (6324) FINGERPRINT: Returning response with 1 packets[0m
[0;32mI (6324) FINGERPRINT: Command response packet: ID=0x07, Status=0x00[0m
[0;32mI (6324) FINGERPRINT: UART RECEIVED: 1 packets (first ID=0x07)[0m
[0;32mI (6324) FINGERPRINT: Finger detected! Status: 0x00[0m
[0;32mI (6334) FINGERPRINT: Finger detected![0m
[0;32mI (6594) FINGERPRINT: Returning response with 1 packets[0m
[0;32mI (6594) FINGERPRINT: Command response packet: ID=0x07, Status=0x00[0m
[0;32mI (6594) FINGERPRINT: UART RECEIVED: 1 packets (first ID=0x07)[0m
[0;32mI (6594) FINGERPRINT: Fingerprint features extracted successfully! Status: 0x00[0m
[0;32mI (6604) FINGERPRINT: Searching for fingerprint match...[0m
[0;32mI (6964) FINGERPRINT: Returning response with 1 packets[0m
[0;32mI (6964) FINGERPRINT: Command response packet: ID=0x07, Status=0x00[0m
[0;32mI (6964) FINGERPRINT: UART RECEIVED: 1 packets (first ID=0x07)[0m
[0;32mI (6964) FINGERPRINT: Fingerprint search successful. Status: 0x00[0m
[0;32mI (6974) FINGERPRINT: Match found at Enrollee ID: 0[0m
[0;32mI (6974) FINGERPRINT: Match score: 3072[0m
[0;32mI (6974) FINGERPRINT: Access granted - fingerprint verified![0m
[0;32mI (7394) FINGERPRINT: Returning response with 1 packets[0m
[0;32mI (7394) FINGERPRINT: Command response packet: ID=0x07, Status=0x00[0m
[0;32mI (7394) FINGERPRINT: UART RECEIVED: 1 packets (first ID=0x07)[0m
[0;32mI (7394) EVENT TEMPLATE COUNT: Number of valid templates: 2[0m
[0;32mI (7404) FINGERPRINT: Count of enrolled fingerprints sent successfully.[0m
[0;32mI (7404) FINGERPRINT: Backing up template id 0x0001[0m
[0;32mI (7414) FINGERPRINT: Loading Template...[0m
[0;32mI (7614) FINGERPRINT: LoadChar command sent[0m
[0;32mI (7824) FINGERPRINT: Returning response with 1 packets[0m
[0;32mI (7824) FINGERPRINT: Command response packet: ID=0x07, Status=0x00[0m
[0;32mI (7824) FINGERPRINT: UART RECEIVED: 1 packets (first ID=0x07)[0m
[0;32mI (7824) FINGERPRINT: Template loaded successfully. Status: 0x00[0m
[0;32mI (7834) FINGERPRINT: Loading Template Successful[0m
[0;32mI (7834) FINGERPRINT: Uploading Template...[0m
[0;32mI (7834) FINGERPRINT: Sending UpChar command for buffer 1[0m
[0;32mI (8044) FINGERPRINT: Waiting for template data transfer...[0m
[0;32mI (8094) FINGERPRINT: Received template data packet 1[0m
[0;32mI (8094) FINGERPRINT: UART RECEIVED: 3 packets (first ID=0x07)[0m
[0;32mI (8094) FINGERPRINT: Template accumulator initialized[0m
[0;32mI (8144) FINGERPRINT: UART RECEIVED: 1 packets (first ID=0x02)[0m
[0;32mI (8194) FINGERPRINT: UART RECEIVED: 1 packets (first ID=0x02)[0m
[0;32mI (8244) FINGERPRINT: UART RECEIVED: 1 packets (first ID=0x02)[0m
[0;32mI (8294) FINGERPRINT: UART RECEIVED: 1 packets (first ID=0x02)[0m
[0;32mI (8344) FINGERPRINT: UART RECEIVED: 1 packets (first ID=0x02)[0m
[0;32mI (8394) FINGERPRINT: UART RECEIVED: 1 packets (first ID=0x02)[0m
[0;32mI (8444) FINGERPRINT: UART RECEIVED: 1 packets (first ID=0x02)[0m
[0;32mI (8494) FINGERPRINT: UART RECEIVED: 1 packets (first ID=0x02)[0m
[0;32mI (8544) FINGERPRINT: UART RECEIVED: 1 packets (first ID=0x02)[0m
[0;32mI (8564) FINGERPRINT: UART RECEIVED: 1 packets (first ID=0x02)[0m
[0;32mI (8614) FINGERPRINT: UART RECEIVED: 1 packets (first ID=0x02)[0m
[0;32mI (8664) FINGERPRINT: UART RECEIVED: 1 packets (first ID=0x02)[0m
[0;32mI (8714) FINGERPRINT: UART RECEIVED: 1 packets (first ID=0x02)[0m
[0;32mI (8764) FINGERPRINT: UART RECEIVED: 1 packets (first ID=0x02)[0m
[0;32mI (8814) FINGERPRINT: Found FOOF end marker at position 242[0m
[0;32mI (8814) FINGERPRINT: Copied 256 bytes to template buffer[0m
[0;32mI (8824) FINGERPRINT: UART RECEIVED: 2 packets (first ID=0x02)[0m
[0;32mI (8824) FINGERPRINT: UART RECEIVED: Final packet (0x08)[0m
[0;32mI (8824) FINGERPRINT: Added 256 bytes to template accumulator (total: 256 bytes)[0m
[0;32mI (8834) FINGERPRINT: Triggering template event with 256 bytes of complete data[0m
[0;32mI (8844) FINGERPRINT: Complete template data (256 bytes):[0m
[0;32mI (8844) Template Data: 0x3fca4250   f3 be 24 2e 25 9c d8 8f  0d 00 25 21 6f 3a 13 2e  |..$.%.....%!o:..|[0m
[0;32mI (8854) Template Data: 0x3fca4260   e4 59 e8 a3 f4 6c 40 4f  39 27 a9 ed 7f e9 23 1c  |.Y...l@O9'....#.|[0m
[0;32mI (8864) Template Data: 0x3fca4270   ef f1 1f 1b 23 93 b9 7a  f6 ad c5 04 bc c9 16 0c  |....#..z........|[0m
[0;32mI (8874) Template Data: 0x3fca4280   a0 7e 4a 86 b9 05 6a 18  17 3d 41 b1 80 a4 0e eb  |.~J...j..=A.....|[0m
[0;32mI (8884) Template Data: 0x3fca4290   5e bb f1 a3 3e 11 31 e5  9a ba 7b 56 34 40 fe 00  |^...>.1...{V4@..|[0m
[0;32mI (8894) Template Data: 0x3fca42a0   01 00 31 03 00 97 00 04  0a 32 22 46 d6 d7 f9 ae  |..1......2"F....|[0m
[0;32mI (8904) Template Data: 0x3fca42b0   a8 43 cc 3e 4a b6 68 40  b5 be e7 27 c8 19 18 19  |.C.>J.h@...'....|[0m
[0;32mI (8914) Template Data: 0x3fca42c0   a0 33 63 ef ab 21 fb 7e  0f 1d 08 25 d5 7b 8f 3e  |.3c..!.~...%.{.>|[0m
[0;32mI (8924) Template Data: 0x3fca42d0   6c b7 bd 6f 00 05 00 18  00 00 00 9b 00 00 00 00  |l..o............|[0m
[0;32mI (8934) Template Data: 0x3fca42e0   00 00 00 00 00 00 00 00  00 00 00 00 00 00 00 00  |................|[0m
[0;32mI (8944) Template Data: 0x3fca42f0   00 0b 00 43 01 10 04 00  00 00 00 00 00 07 0d 00  |...C............|[0m
[0;32mI (8954) Template Data: 0x3fca4300   00 12 1d 00 00 02 05 00  00 00 00 00 00 00 00 59  |...............Y|[0m
[0;32mI (8954) Template Data: 0x3fca4310   05 ef 01 ff ff ff ff 02  01 02 00 00 00 00 00 00  |................|[0m
[0;32mI (8964) Template Data: 0x3fca4320   00 00 00 00 00 00 00 00  08 08 00 00 18 21 00 00  |.............!..|[0m
[0;32mI (8974) Template Data: 0x3fca4330   04 04 00 00 00 00 00 00  00 00 00 00 00 00 00 00  |................|[0m
[0;32mI (8984) Template Data: 0x3fca4340   00 00 46 4f 4f 46 93 07  50 52 45 43 49 53 45 00  |..FOOF..PRECISE.|[0m
[0;32mI (8994) FINGERPRINT: Template saved for later use[0m
[0;32mI (9004) FINGERPRINT: Fingerprint template uploaded successfully[0m
[0;32mI (9004) FINGERPRINT: Template accumulation complete and event triggered[0m
[0;32mI (12044) FINGERPRINT: Template upload should be complete[0m
[0;32mI (12044) FINGERPRINT: Template backup successful[0m
[0;32mI (12044) FINGERPRINT: Template backed up successfully.[0m
[0;32mI (14044) FINGERPRINT: Template backed up successfully.[0m
[0;32mI (16044) FINGERPRINT: Downloading saved template to location 2[0m
[0;32mI (16044) FINGERPRINT: Found template validation marker (FOOF) at offset 242[0m
[0;32mI (18574) FINGERPRINT: Returning response with 1 packets[0m
[0;32mI (18574) FINGERPRINT: Command response packet: ID=0x07, Status=0x00[0m
[0;32mI (18574) FINGERPRINT: UART RECEIVED: 1 packets (first ID=0x07)[0m
[0;32mI (18574) FINGERPRINT: Download starting - module ready to receive data[0m
[0;32mI (18584) FINGERPRINT: Sending template chunk 1 of 32 bytes[0m
[0;32mI (18834) FINGERPRINT: Sending template chunk 2 of 32 bytes[0m
[0;32mI (19044) FINGERPRINT: Sending template chunk 3 of 32 bytes[0m
[0;32mI (19254) FINGERPRINT: Sending template chunk 4 of 32 bytes[0m
[0;32mI (19464) FINGERPRINT: Sending template chunk 5 of 32 bytes[0m
[0;32mI (19674) FINGERPRINT: Sending template chunk 6 of 32 bytes[0m
[0;32mI (19884) FINGERPRINT: Sending template chunk 7 of 32 bytes[0m
[0;32mI (20094) FINGERPRINT: Sending template chunk 8 of 32 bytes[0m
[0;32mI (20504) FINGERPRINT: Sending final packet (0x08)[0m
ESP-ROM:esp32s3-20210327
Build:Mar 27 2021
rst:0x7 (TG0WDT_SYS_RST),boot:0x18 (SPI_FAST_FLASH_BOOT)
Saved PC:0x40041a76
SPIWP:0xee
Octal Flash Mode Enabled
For OPI Flash, Use Default Flash Boot Mode
mode:SLOW_RD, clock div:1
load:0x3fce2810,len:0x15a0
load:0x403c8700,len:0x4
load:0x403c8704,len:0xd20
load:0x403cb700,len:0x2ee4
entry 0x403c8928
[0;32mI (37) boot: ESP-IDF v5.4-dirty 2nd stage bootloader[0m
[0;32mI (38) boot: compile time Mar  4 2025 16:14:42[0m
[0;32mI (38) boot: Multicore bootloader[0m
[0;32mI (38) boot: chip revision: v0.1[0m
[0;32mI (41) boot: efuse block revision: v1.2[0m
[0;32mI (45) boot.esp32s3: Boot SPI Speed : 80MHz[0m
[0;32mI (49) boot.esp32s3: SPI Mode       : SLOW READ[0m
[0;32mI (53) boot.esp32s3: SPI Flash Size : 2MB[0m
[0;33mW (57) boot.esp32s3: PRO CPU has been reset by WDT.[0m
[0;33mW (61) boot.esp32s3: APP CPU has been reset by WDT.[0m
[0;32mI (66) boot: Enabling RNG early entropy source...[0m
[0;32mI (70) boot: Partition Table:[0m
[0;32mI (73) boot: ## Label            Usage          Type ST Offset   Length[0m
[0;32mI (79) boot:  0 nvs              WiFi data        01 02 00009000 00006000[0m
[0;32mI (86) boot:  1 phy_init         RF data          01 01 0000f000 00001000[0m
[0;32mI (92) boot:  2 factory          factory app      00 00 00010000 00100000[0m
[0;32mI (99) boot: End of partition table[0m
[0;32mI (102) esp_image: segment 0: paddr=00010020 vaddr=3c020020 size=0d878h ( 55416) map[0m
[0;32mI (123) esp_image: segment 1: paddr=0001d8a0 vaddr=3fc93900 size=02778h ( 10104) load[0m
[0;32mI (126) esp_image: segment 2: paddr=00020020 vaddr=42000020 size=1e4fch (124156) map[0m
[0;32mI (156) esp_image: segment 3: paddr=0003e524 vaddr=3fc96078 size=00f88h (  3976) load[0m
[0;32mI (157) esp_image: segment 4: paddr=0003f4b4 vaddr=40374000 size=0f8cch ( 63692) load[0m
[0;32mI (177) esp_image: segment 5: paddr=0004ed88 vaddr=600fe100 size=0001ch (    28) load[0m
[0;32mI (183) boot: Loaded app from partition at offset 0x10000[0m
[0;32mI (183) boot: Disabling RNG early entropy source...[0m
[0;32mI (195) cpu_start: Multicore app[0m
[0;32mI (204) cpu_start: Pro cpu start user code[0m
[0;32mI (204) cpu_start: cpu freq: 160000000 Hz[0m
[0;32mI (204) app_init: Application information:[0m
[0;32mI (204) app_init: Project name:     fingerprint_scanner[0m
[0;32mI (209) app_init: App version:      eba1181-dirty[0m
[0;32mI (213) app_init: Compile time:     Mar 17 2025 10:43:10[0m
[0;32mI (218) app_init: ELF file SHA256:  d08876197...[0m
[0;32mI (222) app_init: ESP-IDF:          v5.4-dirty[0m
[0;32mI (227) efuse_init: Min chip rev:     v0.0[0m
[0;32mI (230) efuse_init: Max chip rev:     v0.99 [0m
[0;32mI (234) efuse_init: Chip rev:         v0.1[0m
[0;32mI (238) heap_init: Initializing. RAM available for dynamic allocation:[0m
[0;32mI (245) heap_init: At 3FC98D48 len 000509C8 (322 KiB): RAM[0m
[0;32mI (250) heap_init: At 3FCE9710 len 00005724 (21 KiB): RAM[0m
[0;32mI (255) heap_init: At 3FCF0000 len 00008000 (32 KiB): DRAM[0m
[0;32mI (260) heap_init: At 600FE11C len 00001ECC (7 KiB): RTCRAM[0m
[0;33mW (266) spi_flash: Octal flash chip is using but dio mode is selected, will automatically switch to Octal mode[0m
[0;32mI (275) spi_flash: detected chip: mxic (opi)[0m
[0;32mI (279) spi_flash: flash io: opi_str[0m
[0;33mW (282) spi_flash: Detected size(32768k) larger than the size in the binary image header(2048k). Using the size in the binary image header.[0m
[0;32mI (295) sleep_gpio: Configure to isolate all GPIO pins in sleep state[0m
[0;32mI (301) sleep_gpio: Enable automatic switching of GPIO sleep configuration[0m
[0;32mI (308) main_task: Started on CPU0[0m
[0;32mI (318) main_task: Calling app_main()[0m
[0;32mI (318) FINGERPRINT: Initializing fingerprint scanner...[0m
[0;33mW (518) FINGERPRINT: No handshake received, retrying...[0m
[0;33mW (918) FINGERPRINT: No handshake received, retrying...[0m
[0;33mW (1318) FINGERPRINT: No handshake received, retrying...[0m
[0;33mW (1718) FINGERPRINT: No handshake received, retrying...[0m
[0;33mW (2118) FINGERPRINT: No handshake received, retrying...[0m
[0;33mW (2358) FINGERPRINT: No handshake received, retrying...[0m
