ESP-ROM:esp32s3-20210327
Build:Mar 27 2021
rst:0x1 (POWERON),boot:0x3b (SPI_FAST_FLASH_BOOT)
SPIWP:0xee
Octal Flash Mode Enabled
For OPI Flash, Use Default Flash Boot Mode
mode:SLOW_RD, clock div:1
load:0x3fce2810,len:0x15a0
load:0x403c8700,len:0x4
load:0x403c8704,len:0xd20
load:0x403cb700,len:0x2ee4
entry 0x403c8928
[0;32mI (33) boot: ESP-IDF v5.4-dirty 2nd stage bootloader[0m
[0;32mI (33) boot: compile time Mar  4 2025 16:14:42[0m
[0;32mI (33) boot: Multicore bootloader[0m
[0;32mI (34) boot: chip revision: v0.1[0m
[0;32mI (37) boot: efuse block revision: v1.2[0m
[0;32mI (40) boot.esp32s3: Boot SPI Speed : 80MHz[0m
[0;32mI (44) boot.esp32s3: SPI Mode       : SLOW READ[0m
[0;32mI (48) boot.esp32s3: SPI Flash Size : 2MB[0m
[0;32mI (52) boot: Enabling RNG early entropy source...[0m
[0;32mI (57) boot: Partition Table:[0m
[0;32mI (59) boot: ## Label            Usage          Type ST Offset   Length[0m
[0;32mI (66) boot:  0 nvs              WiFi data        01 02 00009000 00006000[0m
[0;32mI (72) boot:  1 phy_init         RF data          01 01 0000f000 00001000[0m
[0;32mI (79) boot:  2 factory          factory app      00 00 00010000 00100000[0m
[0;32mI (85) boot: End of partition table[0m
[0;32mI (88) esp_image: segment 0: paddr=00010020 vaddr=3c020020 size=0d5a8h ( 54696) map[0m
[0;32mI (109) esp_image: segment 1: paddr=0001d5d0 vaddr=3fc93900 size=02a48h ( 10824) load[0m
[0;32mI (112) esp_image: segment 2: paddr=00020020 vaddr=42000020 size=1e044h (122948) map[0m
[0;32mI (141) esp_image: segment 3: paddr=0003e06c vaddr=3fc96348 size=00cb8h (  3256) load[0m
[0;32mI (143) esp_image: segment 4: paddr=0003ed2c vaddr=40374000 size=0f8cch ( 63692) load[0m
[0;32mI (163) esp_image: segment 5: paddr=0004e600 vaddr=600fe100 size=0001ch (    28) load[0m
[0;32mI (169) boot: Loaded app from partition at offset 0x10000[0m
[0;32mI (169) boot: Disabling RNG early entropy source...[0m
[0;32mI (181) cpu_start: Multicore app[0m
[0;32mI (189) cpu_start: Pro cpu start user code[0m
[0;32mI (190) cpu_start: cpu freq: 160000000 Hz[0m
[0;32mI (190) app_init: Application information:[0m
[0;32mI (190) app_init: Project name:     fingerprint_scanner[0m
[0;32mI (195) app_init: App version:      eba1181-dirty[0m
[0;32mI (199) app_init: Compile time:     Mar 17 2025 10:43:10[0m
[0;32mI (204) app_init: ELF file SHA256:  d18be827b...[0m
[0;32mI (208) app_init: ESP-IDF:          v5.4-dirty[0m
[0;32mI (213) efuse_init: Min chip rev:     v0.0[0m
[0;32mI (216) efuse_init: Max chip rev:     v0.99 [0m
[0;32mI (220) efuse_init: Chip rev:         v0.1[0m
[0;32mI (224) heap_init: Initializing. RAM available for dynamic allocation:[0m
[0;32mI (230) heap_init: At 3FC98D50 len 000509C0 (322 KiB): RAM[0m
[0;32mI (236) heap_init: At 3FCE9710 len 00005724 (21 KiB): RAM[0m
[0;32mI (241) heap_init: At 3FCF0000 len 00008000 (32 KiB): DRAM[0m
[0;32mI (246) heap_init: At 600FE11C len 00001ECC (7 KiB): RTCRAM[0m
[0;33mW (252) spi_flash: Octal flash chip is using but dio mode is selected, will automatically switch to Octal mode[0m
[0;32mI (261) spi_flash: detected chip: mxic (opi)[0m
[0;32mI (265) spi_flash: flash io: opi_str[0m
[0;33mW (268) spi_flash: Detected size(32768k) larger than the size in the binary image header(2048k). Using the size in the binary image header.[0m
[0;32mI (281) sleep_gpio: Configure to isolate all GPIO pins in sleep state[0m
[0;32mI (287) sleep_gpio: Enable automatic switching of GPIO sleep configuration[0m
[0;32mI (294) main_task: Started on CPU0[0m
[0;32mI (304) main_task: Calling app_main()[0m
[0;32mI (304) FINGERPRINT: Initializing fingerprint scanner...[0m
[0;33mW (504) FINGERPRINT: No handshake received, retrying...[0m
[0;33mW (904) FINGERPRINT: No handshake received, retrying...[0m
[0;33mW (1304) FINGERPRINT: No handshake received, retrying...[0m
[0;33mW (1504) FINGERPRINT: No handshake received, retrying...[0m
[0;32mI (1704) FINGERPRINT: Fingerprint module handshake received: 0x55[0m
[0;32mI (1704) FINGERPRINT: Fingerprint scanner initialized successfully.[0m
[0;32mI (1904) FINGERPRINT: 00 55[0m
[0;33mW (1904) FINGERPRINT: No complete packets found, returning NULL[0m
[0;32mI (2154) FINGERPRINT: 55 ef 01 ff ff ff ff 07 00 03 00 00 0a[0m
[0;32mI (2154) FINGERPRINT: Returning response with 1 packets[0m
[0;32mI (2154) FINGERPRINT: Command response packet: ID=0x07, Status=0x00[0m
[0;32mI (2904) FINGERPRINT: Fingerprint scanner initialized and waiting for a finger to be detected.[0m
[0;32mI (3204) FINGERPRINT: ef 01 ff ff ff ff 07 00 23 00 03 00 00 00 00 00[0m
[0;32mI (3204) FINGERPRINT: 00 00 00 00 00 00 00 00 00 00 00 00 00 00 00 00[0m
[0;32mI (3204) FINGERPRINT: 00 00 00 00 00 00 00 00 00 00 00 2d[0m
[0;32mI (3204) FINGERPRINT: Returning response with 1 packets[0m
[0;32mI (3214) FINGERPRINT: Command response packet: ID=0x07, Status=0x00[0m
[0;32mI (4994) FINGERPRINT: Location 1 is available[0m
[0;32mI (4994) FINGERPRINT: Waiting for a finger to be placed...[0m
[0;32mI (5384) FINGERPRINT: ef 01 ff ff ff ff 07 00 03 02 00 0c[0m
[0;32mI (5384) FINGERPRINT: Returning response with 1 packets[0m
[0;32mI (5384) FINGERPRINT: Command response packet: ID=0x07, Status=0x02[0m
[0;32mI (6504) FINGERPRINT: ef 01 ff ff ff ff 07 00 03 02 00 0c[0m
[0;32mI (6504) FINGERPRINT: Returning response with 1 packets[0m
[0;32mI (6504) FINGERPRINT: Command response packet: ID=0x07, Status=0x02[0m
[0;32mI (7624) FINGERPRINT: ef 01 ff ff ff ff 07 00 03 02 00 0c[0m
[0;32mI (7624) FINGERPRINT: Returning response with 1 packets[0m
[0;32mI (7624) FINGERPRINT: Command response packet: ID=0x07, Status=0x02[0m
[0;32mI (8744) FINGERPRINT: ef 01 ff ff ff ff 07 00 03 02 00 0c[0m
[0;32mI (8744) FINGERPRINT: Returning response with 1 packets[0m
[0;32mI (8744) FINGERPRINT: Command response packet: ID=0x07, Status=0x02[0m
ESP-ROM:esp32s3-20210327
Build:Mar 27 2021
rst:0x1 (POWERON),boot:0x18 (SPI_FAST_FLASH_BOOT)
SPIWP:0xee
Octal Flash Mode Enabled
For OPI Flash, Use Default Flash Boot Mode
mode:SLOW_RD, clock div:1
load:0x3fce2810,len:0x15a0
load:0x403c8700,len:0x4
load:0x403c8704,len:0xd20
load:0x403cb700,len:0x2ee4
entry 0x403c8928
[0;32mI (33) boot: ESP-IDF v5.4-dirty 2nd stage bootloader[0m
[0;32mI (33) boot: compile time Mar  4 2025 16:14:42[0m
[0;32mI (33) boot: Multicore bootloader[0m
[0;32mI (34) boot: chip revision: v0.1[0m
[0;32mI (37) boot: efuse block revision: v1.2[0m
[0;32mI (40) boot.esp32s3: Boot SPI Speed : 80MHz[0m
[0;32mI (44) boot.esp32s3: SPI Mode       : SLOW READ[0m
[0;32mI (48) boot.esp32s3: SPI Flash Size : 2MB[0m
[0;32mI (52) boot: Enabling RNG early entropy source...[0m
[0;32mI (57) boot: Partition Table:[0m
[0;32mI (59) boot: ## Label            Usage          Type ST Offset   Length[0m
[0;32mI (66) boot:  0 nvs              WiFi data        01 02 00009000 00006000[0m
[0;32mI (72) boot:  1 phy_init         RF data          01 01 0000f000 00001000[0m
[0;32mI (79) boot:  2 factory          factory app      00 00 00010000 00100000[0m
[0;32mI (85) boot: End of partition table[0m
[0;32mI (88) esp_image: segment 0: paddr=00010020 vaddr=3c020020 size=0d5a8h ( 54696) map[0m
[0;32mI (109) esp_image: segment 1: paddr=0001d5d0 vaddr=3fc93900 size=02a48h ( 10824) load[0m
[0;32mI (112) esp_image: segment 2: paddr=00020020 vaddr=42000020 size=1e044h (122948) map[0m
[0;32mI (141) esp_image: segment 3: paddr=0003e06c vaddr=3fc96348 size=00cb8h (  3256) load[0m
[0;32mI (143) esp_image: segment 4: paddr=0003ed2c vaddr=40374000 size=0f8cch ( 63692) load[0m
[0;32mI (163) esp_image: segment 5: paddr=0004e600 vaddr=600fe100 size=0001ch (    28) load[0m
[0;32mI (169) boot: Loaded app from partition at offset 0x10000[0m
[0;32mI (169) boot: Disabling RNG early entropy source...[0m
[0;32mI (181) cpu_start: Multicore app[0m
[0;32mI (189) cpu_start: Pro cpu start user code[0m
[0;32mI (190) cpu_start: cpu freq: 160000000 Hz[0m
[0;32mI (190) app_init: Application information:[0m
[0;32mI (190) app_init: Project name:     fingerprint_scanner[0m
[0;32mI (195) app_init: App version:      eba1181-dirty[0m
[0;32mI (199) app_init: Compile time:     Mar 17 2025 10:43:10[0m
[0;32mI (204) app_init: ELF file SHA256:  d18be827b...[0m
[0;32mI (208) app_init: ESP-IDF:          v5.4-dirty[0m
[0;32mI (213) efuse_init: Min chip rev:     v0.0[0m
[0;32mI (216) efuse_init: Max chip rev:     v0.99 [0m
[0;32mI (220) efuse_init: Chip rev:         v0.1[0m
[0;32mI (224) heap_init: Initializing. RAM available for dynamic allocation:[0m
[0;32mI (230) heap_init: At 3FC98D50 len 000509C0 (322 KiB): RAM[0m
[0;32mI (236) heap_init: At 3FCE9710 len 00005724 (21 KiB): RAM[0m
[0;32mI (241) heap_init: At 3FCF0000 len 00008000 (32 KiB): DRAM[0m
[0;32mI (246) heap_init: At 600FE11C len 00001ECC (7 KiB): RTCRAM[0m
[0;33mW (252) spi_flash: Octal flash chip is using but dio mode is selected, will automatically switch to Octal mode[0m
[0;32mI (261) spi_flash: detected chip: mxic (opi)[0m
[0;32mI (265) spi_flash: flash io: opi_str[0m
[0;33mW (268) spi_flash: Detected size(32768k) larger than the size in the binary image header(2048k). Using the size in the binary image header.[0m
[0;32mI (281) sleep_gpio: Configure to isolate all GPIO pins in sleep state[0m
[0;32mI (287) sleep_gpio: Enable automatic switching of GPIO sleep configuration[0m
[0;32mI (294) main_task: Started on CPU0[0m
[0;32mI (304) main_task: Calling app_main()[0m
[0;32mI (304) FINGERPRINT: Initializing fingerprint scanner...[0m
[0;33mW (504) FINGERPRINT: No handshake received, retrying...[0m
[0;33mW (904) FINGERPRINT: No handshake received, retrying...[0m
[0;33mW (1104) FINGERPRINT: No handshake received, retrying...[0m
[0;32mI (1304) FINGERPRINT: Fingerprint module handshake received: 0x55[0m
[0;32mI (1304) FINGERPRINT: Fingerprint scanner initialized successfully.[0m
[0;32mI (2504) FINGERPRINT: Fingerprint scanner initialized and waiting for a finger to be detected.[0m
[0;32mI (4554) FINGERPRINT: Location 1 is available[0m
[0;32mI (4554) FINGERPRINT: Waiting for a finger to be placed...[0m
[0;32mI (8254) FINGERPRINT: 00 55[0m
[0;33mW (8254) FINGERPRINT: No complete packets found, returning NULL[0m
[0;33mW (8464) FINGERPRINT: No complete packets found, returning NULL[0m
[0;33mW (8674) FINGERPRINT: No complete packets found, returning NULL[0m
[0;33mW (8884) FINGERPRINT: No complete packets found, returning NULL[0m
[0;33mW (9094) FINGERPRINT: No complete packets found, returning NULL[0m
[0;33mW (9304) FINGERPRINT: No complete packets found, returning NULL[0m
[0;33mW (9514) FINGERPRINT: No complete packets found, returning NULL[0m
[0;33mW (9724) FINGERPRINT: No complete packets found, returning NULL[0m
[0;33mW (9934) FINGERPRINT: No complete packets found, returning NULL[0m
[0;33mW (10144) FINGERPRINT: No complete packets found, returning NULL[0m
[0;33mW (10354) FINGERPRINT: No complete packets found, returning NULL[0m
[0;33mW (10364) FINGERPRINT: Clearing stuck buffer with 1 bytes[0m
[0;32mI (13774) FINGERPRINT: ef 01 ff ff ff ff 07 00 03 02 00 0c[0m
[0;32mI (13774) FINGERPRINT: Returning response with 1 packets[0m
[0;32mI (13774) FINGERPRINT: Command response packet: ID=0x07, Status=0x02[0m
[0;32mI (14884) FINGERPRINT: ef 01 ff ff ff ff 07 00 03 02 00 0c[0m
[0;32mI (14884) FINGERPRINT: Returning response with 1 packets[0m
[0;32mI (14884) FINGERPRINT: Command response packet: ID=0x07, Status=0x02[0m
