ESP-ROM:esp32s3-20210327
Build:Mar 27 2021
rst:0x1 (POWERON),boot:0x18 (SPI_FAST_FLASH_BOOT)
SPIWP:0xee
Octal Flash Mode Enabled
For OPI Flash, Use Default Flash Boot Mode
mode:SLOW_RD, clock div:1
load:0x3fce2810,len:0x15a0
load:0x403c8700,len:0x4
load:0x403c8704,len:0xd20
load:0x403cb700,len:0x2ee4
entry 0x403c8928
[0;32mI (33) boot: ESP-IDF v5.4-dirty 2nd stage bootloader[0m
[0;32mI (33) boot: compile time Mar  4 2025 16:14:42[0m
[0;32mI (33) boot: Multicore bootloader[0m
[0;32mI (34) boot: chip revision: v0.1[0m
[0;32mI (37) boot: efuse block revision: v1.2[0m
[0;32mI (40) boot.esp32s3: Boot SPI Speed : 80MHz[0m
[0;32mI (44) boot.esp32s3: SPI Mode       : SLOW READ[0m
[0;32mI (48) boot.esp32s3: SPI Flash Size : 2MB[0m
[0;32mI (52) boot: Enabling RNG early entropy source...[0m
[0;32mI (57) boot: Partition Table:[0m
[0;32mI (59) boot: ## Label            Usage          Type ST Offset   Length[0m
[0;32mI (66) boot:  0 nvs              WiFi data        01 02 00009000 00006000[0m
[0;32mI (72) boot:  1 phy_init         RF data          01 01 0000f000 00001000[0m
[0;32mI (79) boot:  2 factory          factory app      00 00 00010000 00100000[0m
[0;32mI (85) boot: End of partition table[0m
[0;32mI (88) esp_image: segment 0: paddr=00010020 vaddr=3c020020 size=0c828h ( 51240) map[0m
[0;32mI (108) esp_image: segment 1: paddr=0001c850 vaddr=3fc93900 size=02c50h ( 11344) load[0m
[0;32mI (111) esp_image: segment 2: paddr=0001f4a8 vaddr=40374000 size=00b70h (  2928) load[0m
[0;32mI (113) esp_image: segment 3: paddr=00020020 vaddr=42000020 size=1c89ch (116892) map[0m
[0;32mI (147) esp_image: segment 4: paddr=0003c8c4 vaddr=40374b70 size=0ed5ch ( 60764) load[0m
[0;32mI (164) esp_image: segment 5: paddr=0004b628 vaddr=600fe100 size=0001ch (    28) load[0m
[0;32mI (170) boot: Loaded app from partition at offset 0x10000[0m
[0;32mI (170) boot: Disabling RNG early entropy source...[0m
[0;32mI (182) cpu_start: Multicore app[0m
[0;32mI (190) cpu_start: Pro cpu start user code[0m
[0;32mI (190) cpu_start: cpu freq: 160000000 Hz[0m
[0;32mI (190) app_init: Application information:[0m
[0;32mI (191) app_init: Project name:     fingerprint_scanner[0m
[0;32mI (195) app_init: App version:      128b7ae-dirty[0m
[0;32mI (200) app_init: Compile time:     Mar 12 2025 11:13:33[0m
[0;32mI (205) app_init: ELF file SHA256:  4a56946fb...[0m
[0;32mI (209) app_init: ESP-IDF:          v5.4-dirty[0m
[0;32mI (213) efuse_init: Min chip rev:     v0.0[0m
[0;32mI (217) efuse_init: Max chip rev:     v0.99 [0m
[0;32mI (221) efuse_init: Chip rev:         v0.1[0m
[0;32mI (225) heap_init: Initializing. RAM available for dynamic allocation:[0m
[0;32mI (231) heap_init: At 3FC96E38 len 000528D8 (330 KiB): RAM[0m
[0;32mI (236) heap_init: At 3FCE9710 len 00005724 (21 KiB): RAM[0m
[0;32mI (242) heap_init: At 3FCF0000 len 00008000 (32 KiB): DRAM[0m
[0;32mI (247) heap_init: At 600FE11C len 00001ECC (7 KiB): RTCRAM[0m
[0;33mW (253) spi_flash: Octal flash chip is using but dio mode is selected, will automatically switch to Octal mode[0m
[0;32mI (262) spi_flash: detected chip: mxic (opi)[0m
[0;32mI (266) spi_flash: flash io: opi_str[0m
[0;33mW (269) spi_flash: Detected size(32768k) larger than the size in the binary image header(2048k). Using the size in the binary image header.[0m
[0;32mI (281) sleep_gpio: Configure to isolate all GPIO pins in sleep state[0m
[0;32mI (288) sleep_gpio: Enable automatic switching of GPIO sleep configuration[0m
[0;32mI (295) main_task: Started on CPU0[0m
[0;32mI (305) main_task: Calling app_main()[0m
[0;32mI (305) FINGERPRINT: Initializing fingerprint scanner...[0m
[0;33mW (505) FINGERPRINT: No handshake received, retrying...[0m
[0;33mW (905) FINGERPRINT: No handshake received, retrying...[0m
[0;33mW (1305) FINGERPRINT: No handshake received, retrying...[0m
[0;33mW (1705) FINGERPRINT: No handshake received, retrying...[0m
[0;33mW (2105) FINGERPRINT: No handshake received, retrying...[0m
[0;33mW (2305) FINGERPRINT: No handshake received, retrying...[0m
[0;32mI (2505) FINGERPRINT: Fingerprint module handshake received: 0x55[0m
[0;32mI (2505) FINGERPRINT: Fingerprint scanner initialized successfully.[0m
[0;32mI (3705) FINGERPRINT: Fingerprint scanner initialized and waiting for a finger to be detected.[0m
[0;32mI (4005) FINGERPRINT: Index table read successful. Status: 0x00[0m
[0;32mI (4005) Index Table Parameters: 07 00 00 00 00 00 00 00 00 00 00 00 00 00 00 00[0m
[0;32mI (4005) Index Table Parameters: 00 00 00 00 00 00 00 00 00 00 00 00 00 00 00 00[0m
[1;31mE (4005) FINGERPRINT: Location 2 is already occupied[0m
[1;31mE (4015) FINGERPRINT: Fingeprint not enrolled![0m
[0;32mI (4015) FINGERPRINT: Starting fingerprint verification...[0m
[0;32mI (6025) FINGERPRINT: Please place your finger on the sensor...[0m
[0;32mI (9545) FINGERPRINT: Finger detected! Status: 0x00[0m
[0;32mI (9545) FINGERPRINT: Finger detected![0m
[0;32mI (9805) FINGERPRINT: Fingerprint features extracted successfully! Status: 0x00[0m
[0;32mI (9805) FINGERPRINT: Searching for fingerprint match...[0m
[0;32mI (10125) FINGERPRINT: Fingerprint mismatch. Status: 0x09[0m
[0;33mW (10125) FINGERPRINT: No match found, attempt 1 of 3[0m
[0;32mI (11125) FINGERPRINT: Please place your finger on the sensor...[0m
[0;32mI (12165) FINGERPRINT: Finger detected! Status: 0x00[0m
[0;32mI (12165) FINGERPRINT: Finger detected![0m
[0;32mI (12425) FINGERPRINT: Fingerprint features extracted successfully! Status: 0x00[0m
[0;32mI (12425) FINGERPRINT: Searching for fingerprint match...[0m
[0;32mI (12755) FINGERPRINT: Fingerprint search successful. Status: 0x00[0m
[0;32mI (12755) FINGERPRINT: Match found at Enrollee ID: 2[0m
[0;32mI (12755) FINGERPRINT: Match score: 7936[0m
[0;32mI (12755) FINGERPRINT: Access granted - fingerprint verified![0m
[0;32mI (12965) EVENT TEMPLATE COUNT: Number of valid templates: 3[0m
[0;32mI (12965) FINGERPRINT: Count of enrolled fingerprints sent successfully.[0m
[0;32mI (12965) FINGERPRINT: Loading Template...[0m
[0;32mI (12965) FINGERPRINT: LoadChar command sent[0m
[0;32mI (13175) FINGERPRINT: Template loaded successfully[0m
[0;32mI (13175) FINGERPRINT: Loading Template Successful[0m
[0;32mI (13175) FINGERPRINT: Uploading Template...[0m
[0;32mI (13275) FINGERPRINT: Uploading Template Successful[0m
[0;32mI (13275) FINGERPRINT: Template backed up successfully.[0m
[0;32mI (13275) main_task: Returned from app_main()[0m
Guru Meditation Error: Core  0 panic'ed (StoreProhibited). Exception was unhandled.

Core  0 register dump:
PC      : 0x40380582  PS      : 0x00060033  A0      : 0x803801d7  A1      : 0x3fc9c270  
A2      : 0x3fc96e4c  A3      : 0x3fc988b8  A4      : 0x00000000  A5      : 0x00060423  
A6      : 0x00000001  A7      : 0x3fc988b0  A8      : 0x0511043d  A9      : 0x3fc988e4  
A10     : 0x3fc988e4  A11     : 0x00000019  A12     : 0x0000000e  A13     : 0xe222bf90  
A14     : 0x00000005  A15     : 0x0000cdcd  SAR     : 0x0000001b  EXCCAUSE: 0x0000001d  
EXCVADDR: 0xe222bf9c  LBEG    : 0x40056f5c  LEND    : 0x40056f72  LCOUNT  : 0x00000000  


Backtrace: 0x4038057f:0x3fc9c270 0x403801d4:0x3fc9c290 0x403763b2:0x3fc9c2b0 0x40381941:0x3fc9c2d0 0x4200c098:0x3fc9c2f0 0x4037b5fd:0x3fc9c350




ELF file SHA256: 4a56946fb

Rebooting...
ï¿½ï¿½ï¿½ESP-ROM:esp32s3-20210327
Build:Mar 27 2021
rst:0xc (RTC_SW_CPU_RST),boot:0x18 (SPI_FAST_FLASH_BOOT)
Saved PC:0x40375b1c
SPIWP:0xee
Octal Flash Mode Enabled
For OPI Flash, Use Default Flash Boot Mode
mode:SLOW_RD, clock div:1
load:0x3fce2810,len:0x15a0
load:0x403c8700,len:0x4
load:0x403c8704,len:0xd20
load:0x403cb700,len:0x2ee4
entry 0x403c8928
[0;32mI (37) boot: ESP-IDF v5.4-dirty 2nd stage bootloader[0m
[0;32mI (38) boot: compile time Mar  4 2025 16:14:42[0m
[0;32mI (38) boot: Multicore bootloader[0m
[0;32mI (38) boot: chip revision: v0.1[0m
[0;32mI (41) boot: efuse block revision: v1.2[0m
[0;32mI (45) boot.esp32s3: Boot SPI Speed : 80MHz[0m
[0;32mI (49) boot.esp32s3: SPI Mode       : SLOW READ[0m
[0;32mI (53) boot.esp32s3: SPI Flash Size : 2MB[0m
[0;32mI (57) boot: Enabling RNG early entropy source...[0m
[0;32mI (61) boot: Partition Table:[0m
[0;32mI (64) boot: ## Label            Usage          Type ST Offset   Length[0m
[0;32mI (70) boot:  0 nvs              WiFi data        01 02 00009000 00006000[0m
[0;32mI (77) boot:  1 phy_init         RF data          01 01 0000f000 00001000[0m
[0;32mI (83) boot:  2 factory          factory app      00 00 00010000 00100000[0m
[0;32mI (90) boot: End of partition table[0m
[0;32mI (93) esp_image: segment 0: paddr=00010020 vaddr=3c020020 size=0c828h ( 51240) map[0m
[0;32mI (112) esp_image: segment 1: paddr=0001c850 vaddr=3fc93900 size=02c50h ( 11344) load[0m
[0;32mI (116) esp_image: segment 2: paddr=0001f4a8 vaddr=40374000 size=00b70h (  2928) load[0m
[0;32mI (117) esp_image: segment 3: paddr=00020020 vaddr=42000020 size=1c89ch (116892) map[0m
[0;32mI (151) esp_image: segment 4: paddr=0003c8c4 vaddr=40374b70 size=0ed5ch ( 60764) load[0m
[0;32mI (168) esp_image: segment 5: paddr=0004b628 vaddr=600fe100 size=0001ch (    28) load[0m
[0;32mI (174) boot: Loaded app from partition at offset 0x10000[0m
[0;32mI (175) boot: Disabling RNG early entropy source...[0m
[0;32mI (186) cpu_start: Multicore app[0m
[0;32mI (195) cpu_start: Pro cpu start user code[0m
[0;32mI (195) cpu_start: cpu freq: 160000000 Hz[0m
[0;32mI (195) app_init: Application information:[0m
[0;32mI (195) app_init: Project name:     fingerprint_scanner[0m
[0;32mI (200) app_init: App version:      128b7ae-dirty[0m
[0;32mI (204) app_init: Compile time:     Mar 12 2025 11:13:33[0m
[0;32mI (209) app_init: ELF file SHA256:  4a56946fb...[0m
[0;32mI (214) app_init: ESP-IDF:          v5.4-dirty[0m
[0;32mI (218) efuse_init: Min chip rev:     v0.0[0m
[0;32mI (222) efuse_init: Max chip rev:     v0.99 [0m
[0;32mI (226) efuse_init: Chip rev:         v0.1[0m
[0;32mI (229) heap_init: Initializing. RAM available for dynamic allocation:[0m
[0;32mI (236) heap_init: At 3FC96E38 len 000528D8 (330 KiB): RAM[0m
[0;32mI (241) heap_init: At 3FCE9710 len 00005724 (21 KiB): RAM[0m
[0;32mI (246) heap_init: At 3FCF0000 len 00008000 (32 KiB): DRAM[0m
[0;32mI (251) heap_init: At 600FE11C len 00001ECC (7 KiB): RTCRAM[0m
[0;33mW (257) spi_flash: Octal flash chip is using but dio mode is selected, will automatically switch to Octal mode[0m
[0;32mI (266) spi_flash: detected chip: mxic (opi)[0m
[0;32mI (270) spi_flash: flash io: opi_str[0m
[0;33mW (274) spi_flash: Detected size(32768k) larger than the size in the binary image header(2048k). Using the size in the binary image header.[0m
[0;32mI (286) sleep_gpio: Configure to isolate all GPIO pins in sleep state[0m
[0;32mI (292) sleep_gpio: Enable automatic switching of GPIO sleep configuration[0m
[0;32mI (299) main_task: Started on CPU0[0m
[0;32mI (309) main_task: Calling app_main()[0m
[0;32mI (309) FINGERPRINT: Initializing fingerprint scanner...[0m
[0;33mW (329) FINGERPRINT: No handshake received, retrying...[0m
[0;33mW (529) FINGERPRINT: No handshake received, retrying...[0m
[0;33mW (729) FINGERPRINT: No handshake received, retrying...[0m
[0;32mI (929) FINGERPRINT: Fingerprint module handshake received: 0x55[0m
Guru Meditation Error: Core  0 panic'ed (StoreProhibited). Exception was unhandled.

Core  0 register dump:
PC      : 0x4038087e  PS      : 0x00060133  A0      : 0x80380254  A1      : 0x3fc99560  
A2      : 0x3fc9c64c  A3      : 0x00001000  A4      : 0x3c02412c  A5      : 0x3fc99700  
A6      : 0x3fc996e0  A7      : 0x3fc9753c  A8      : 0x3fc96e4c  A9      : 0x006303c0  
A10     : 0x0000000c  A11     : 0x00000006  A12     : 0x939f0418  A13     : 0x00001000  
A14     : 0x00000018  A15     : 0x0000cdcd  SAR     : 0x00000019  EXCCAUSE: 0x0000001d  
EXCVADDR: 0x939f0424  LBEG    : 0x400570e8  LEND    : 0x400570f3  LCOUNT  : 0x00000000  


Backtrace: 0x4038087b:0x3fc99560 0x40380251:0x3fc99580 0x40376359:0x3fc995a0 0x40376465:0x3fc995c0 0x40376495:0x3fc995f0 0x4037616c:0x3fc99610 0x4037bc1d:0x3fc99630 0x4037e1e2:0x3fc99650 0x4200bcd5:0x3fc99690 0x4200b8e5:0x3fc996f0 0x4201c0ef:0x3fc99720 0x4037b5fd:0x3fc99750




ELF file SHA256: 4a56946fb

Rebooting...
ESP-ROM:esp32s3-20210327
Build:Mar 27 2021
rst:0xc (RTC_SW_CPU_RST),boot:0x18 (SPI_FAST_FLASH_BOOT)
Saved PC:0x40375b1c
SPIWP:0xee
Octal Flash Mode Enabled
For OPI Flash, Use Default Flash Boot Mode
mode:SLOW_RD, clock div:1
load:0x3fce2810,len:0x15a0
load:0x403c8700,len:0x4
load:0x403c8704,len:0xd20
load:0x403cb700,len:0x2ee4
entry 0x403c8928
[0;32mI (37) boot: ESP-IDF v5.4-dirty 2nd stage bootloader[0m
[0;32mI (38) boot: compile time Mar  4 2025 16:14:42[0m
[0;32mI (38) boot: Multicore bootloader[0m
[0;32mI (38) boot: chip revision: v0.1[0m
[0;32mI (41) boot: efuse block revision: v1.2[0m
[0;32mI (45) boot.esp32s3: Boot SPI Speed : 80MHz[0m
[0;32mI (49) boot.esp32s3: SPI Mode       : SLOW READ[0m
[0;32mI (53) boot.esp32s3: SPI Flash Size : 2MB[0m
[0;32mI (57) boot: Enabling RNG early entropy source...[0m
[0;32mI (61) boot: Partition Table:[0m
[0;32mI (64) boot: ## Label            Usage          Type ST Offset   Length[0m
[0;32mI (70) boot:  0 nvs              WiFi data        01 02 00009000 00006000[0m
[0;32mI (77) boot:  1 phy_init         RF data          01 01 0000f000 00001000[0m
[0;32mI (83) boot:  2 factory          factory app      00 00 00010000 00100000[0m
[0;32mI (90) boot: End of partition table[0m
[0;32mI (93) esp_image: segment 0: paddr=00010020 vaddr=3c020020 size=0c828h ( 51240) map[0m
I (112) esp_image: segment 1: paddr=0001c850 vaddr=3fc93900 size=02c50h ( 11344) load
[0;32mI (116) esp_image: segment 2: paddr=0001f4a8 vaddr=40374000 size=00b70h (  2928) load[0m
[0;32mI (117) esp_image: segment 3: paddr=00020020 vaddr=42000020 size=1c89ch (116892) map[0m
[0;32mI (151) esp_image: segment 4: paddr=0003c8c4 vaddr=40374b70 size=0ed5ch ( 60764) load[0m
[0;32mI (168) esp_image: segment 5: paddr=0004b628 vaddr=600fe100 size=0001ch (    28) load[0m
[0;32mI (174) boot: Loaded app from partition at offset 0x10000[0m
[0;32mI (175) boot: Disabling RNG early entropy source...[0m
[0;32mI (186) cpu_start: Multicore app[0m
[0;32mI (195) cpu_start: Pro cpu start user code[0m
[0;32mI (195) cpu_start: cpu freq: 160000000 Hz[0m
[0;32mI (195) app_init: Application information:[0m
[0;32mI (195) app_init: Project name:     fingerprint_scanner[0m
[0;32mI (200) app_init: App version:      128b7ae-dirty[0m
[0;32mI (204) app_init: Compile time:     Mar 12 2025 11:13:33[0m
[0;32mI (209) app_init: ELF file SHA256:  4a56946fb...[0m
[0;32mI (214) app_init: ESP-IDF:          v5.4-dirty[0m
[0;32mI (218) efuse_init: Min chip rev:     v0.0[0m
[0;32mI (222) efuse_init: Max chip rev:     v0.99 [0m
[0;32mI (226) efuse_init: Chip rev:         v0.1[0m
[0;32mI (229) heap_init: Initializing. RAM available for dynamic allocation:[0m
[0;32mI (236) heap_init: At 3FC96E38 len 000528D8 (330 KiB): RAM[0m
[0;32mI (241) heap_init: At 3FCE9710 len 00005724 (21 KiB): RAM[0m
[0;32mI (246) heap_init: At 3FCF0000 len 00008000 (32 KiB): DRAM[0m
[0;32mI (251) heap_init: At 600FE11C len 00001ECC (7 KiB): RTCRAM[0m
[0;33mW (257) spi_flash: Octal flash chip is using but dio mode is selected, will automatically switch to Octal mode[0m
[0;32mI (266) spi_flash: detected chip: mxic (opi)[0m
[0;32mI (270) spi_flash: flash io: opi_str[0m
[0;33mW (274) spi_flash: Detected size(32768k) larger than the size in the binary image header(2048k). Using the size in the binary image header.[0m
[0;32mI (286) sleep_gpio: Configure to isolate all GPIO pins in sleep state[0m
[0;32mI (292) sleep_gpio: Enable automatic switching of GPIO sleep configuration[0m
[0;32mI (299) main_task: Started on CPU0[0m
[0;32mI (309) main_task: Calling app_main()[0m
[0;32mI (309) FINGERPRINT: Initializing fingerprint scanner...[0m
[0;33mW (509) FINGERPRINT: No handshake received, retrying...[0m
[0;33mW (909) FINGERPRINT: No handshake received, retrying...[0m
[0;33mW (1309) FINGERPRINT: No handshake received, retrying...[0m
[0;33mW (1709) FINGERPRINT: No handshake received, retrying...[0m
[0;33mW (2109) FINGERPRINT: No handshake received, retrying...[0m
