ESP-ROM:esp32s3-20210327
Build:Mar 27 2021
rst:0x1 (POWERON),boot:0x3b (SPI_FAST_FLASH_BOOT)
SPIWP:0xee
Octal Flash Mode Enabled
For OPI Flash, Use Default Flash Boot Mode
mode:SLOW_RD, clock div:1
load:0x3fce2810,len:0x15a0
load:0x403c8700,len:0x4
load:0x403c8704,len:0xd20
load:0x403cb700,len:0x2ee4
entry 0x403c8928
[0;32mI (33) boot: ESP-IDF v5.4-dirty 2nd stage bootloader[0m
[0;32mI (33) boot: compile time Mar  4 2025 16:14:42[0m
[0;32mI (33) boot: Multicore bootloader[0m
[0;32mI (34) boot: chip revision: v0.1[0m
[0;32mI (37) boot: efuse block revision: v1.2[0m
[0;32mI (40) boot.esp32s3: Boot SPI Speed : 80MHz[0m
[0;32mI (44) boot.esp32s3: SPI Mode       : SLOW READ[0m
[0;32mI (48) boot.esp32s3: SPI Flash Size : 2MB[0m
[0;32mI (52) boot: Enabling RNG early entropy source...[0m
[0;32mI (57) boot: Partition Table:[0m
[0;32mI (59) boot: ## Label            Usage          Type ST Offset   Length[0m
[0;32mI (66) boot:  0 nvs              WiFi data        01 02 00009000 00006000[0m
[0;32mI (72) boot:  1 phy_init         RF data          01 01 0000f000 00001000[0m
[0;32mI (79) boot:  2 factory          factory app      00 00 00010000 00100000[0m
[0;32mI (85) boot: End of partition table[0m
[0;32mI (88) esp_image: segment 0: paddr=00010020 vaddr=3c020020 size=0bf50h ( 48976) map[0m
[0;32mI (107) esp_image: segment 1: paddr=0001bf78 vaddr=3fc93400 size=02ad0h ( 10960) load[0m
[0;32mI (111) esp_image: segment 2: paddr=0001ea50 vaddr=40374000 size=015c8h (  5576) load[0m
[0;32mI (113) esp_image: segment 3: paddr=00020020 vaddr=42000020 size=1bae0h (113376) map[0m
[0;32mI (145) esp_image: segment 4: paddr=0003bb08 vaddr=403755c8 size=0dd48h ( 56648) load[0m
[0;32mI (161) esp_image: segment 5: paddr=00049858 vaddr=600fe100 size=0001ch (    28) load[0m
[0;32mI (167) boot: Loaded app from partition at offset 0x10000[0m
[0;32mI (167) boot: Disabling RNG early entropy source...[0m
[0;32mI (179) cpu_start: Multicore app[0m
[0;32mI (188) cpu_start: Pro cpu start user code[0m
[0;32mI (188) cpu_start: cpu freq: 160000000 Hz[0m
[0;32mI (188) app_init: Application information:[0m
[0;32mI (188) app_init: Project name:     fingerprint_scanner[0m
[0;32mI (193) app_init: App version:      bd86e16-dirty[0m
[0;32mI (197) app_init: Compile time:     Mar  5 2025 16:02:21[0m
[0;32mI (202) app_init: ELF file SHA256:  6b91198b0...[0m
[0;32mI (207) app_init: ESP-IDF:          v5.4-dirty[0m
[0;32mI (211) efuse_init: Min chip rev:     v0.0[0m
[0;32mI (215) efuse_init: Max chip rev:     v0.99 [0m
[0;32mI (219) efuse_init: Chip rev:         v0.1[0m
[0;32mI (223) heap_init: Initializing. RAM available for dynamic allocation:[0m
[0;32mI (229) heap_init: At 3FC967B0 len 00052F60 (331 KiB): RAM[0m
[0;32mI (234) heap_init: At 3FCE9710 len 00005724 (21 KiB): RAM[0m
[0;32mI (239) heap_init: At 3FCF0000 len 00008000 (32 KiB): DRAM[0m
[0;32mI (244) heap_init: At 600FE11C len 00001ECC (7 KiB): RTCRAM[0m
[0;33mW (250) spi_flash: Octal flash chip is using but dio mode is selected, will automatically switch to Octal mode[0m
[0;32mI (260) spi_flash: detected chip: mxic (opi)[0m
[0;32mI (263) spi_flash: flash io: opi_str[0m
[0;33mW (267) spi_flash: Detected size(32768k) larger than the size in the binary image header(2048k). Using the size in the binary image header.[0m
[0;32mI (279) sleep_gpio: Configure to isolate all GPIO pins in sleep state[0m
[0;32mI (285) sleep_gpio: Enable automatic switching of GPIO sleep configuration[0m
[0;32mI (292) main_task: Started on CPU0[0m
[0;32mI (302) main_task: Calling app_main()[0m
[0;32mI (302) FINGERPRINT: Initializing fingerprint scanner...[0m
[0;33mW (502) FINGERPRINT: No handshake received, retrying...[0m
[0;33mW (902) FINGERPRINT: No handshake received, retrying...[0m
[0;33mW (1302) FINGERPRINT: No handshake received, retrying...[0m
[0;33mW (1662) FINGERPRINT: No handshake received, retrying...[0m
[0;32mI (1862) FINGERPRINT: Fingerprint module handshake received: 0x55[0m
[0;32mI (1862) FINGERPRINT: Fingerprint scanner initialized successfully.[0m
[0;32mI (2062) FINGERPRINT: Sent fingerprint command: 0x15 to address 0xFFFFFFFF[0m
[0;32mI (2062) Fingerprint sent command: : ef 01 ff ff ff ff 01 00 07 15 ff ff ff ff 04 19[0m
[0;32mI (2062) FINGERPRINT: Last sent command: 0x15[0m
[0;32mI (2312) Fingerprint: ef 01 ff ff ff ff 07 00 03 00 00 0a[0m
[0;32mI (2312) Fingerprint: Response read successfully: Command 0x00[0m
[0;32mI (2312) Fingerprint: Processing queued response: Confirmation code 0x00[0m
[0;32mI (2312) Fingerprint: Triggering event: 0 for status: 0x00[0m
[0;32mI (2322) FINGERPRINT: Finger detected! Status: 0x00[0m
[0;32mI (3062) FINGERPRINT: Attempting to send Get Image command...[0m
[0;32mI (3062) FINGERPRINT: Fingerprint scanner initialized and waiting for a finger to be detected.[0m
[0;32mI (3062) FINGERPRINT: Enrolling fingerprint...[0m
[0;32mI (3152) FINGERPRINT: Sent fingerprint command: 0x01 to address 0xFFFFFFFF[0m
[0;32mI (3152) FINGERPRINT: Sent fingerprint command: 0x31 to address 0xFFFFFFFF[0m
[0;32mI (3152) Fingerprint sent command: : ef 01 ff ff ff ff 01 00 03 01 00 05[0m
[0;32mI (3152) FINGERPRINT: Last sent command: 0x01[0m
[0;32mI (3162) FINGERPRINT: Get Image command sent successfully.[0m
[0;32mI (3162) Fingerprint sent command: : ef 01 ff ff ff ff 01 00 06 31 00 01 03 00 3c[0m
[0;32mI (3172) FINGERPRINT: Last sent command: 0x31[0m
[0;32mI (3172) FINGERPRINT: Enrollment process started for Fingerprint ID: 1[0m
[0;32mI (3182) main_task: Returned from app_main()[0m
[0;32mI (3432) Fingerprint: ef 01 ff ff ff ff 07 00 03 02 00 0c ef 01 ff ff[0m
[0;32mI (3432) Fingerprint: ff ff 07 00 05 00 00 00 00 0c[0m
[1;31mE (3432) Fingerprint: Packet length mismatch! Expected: 12, Received: 26[0m
[0;32mI (3432) Fingerprint: Triggering event: 5 for status: 0x01[0m
[1;31mE (3442) FINGERPRINT: An error occurred during fingerprint processing. Status: 0x01[0m
[1;31mE (3442) FINGERPRINT: Command: 0x00[0m
[0;32mI (5162) FINGERPRINT: Attempting to send Get Image command...[0m
[0;32mI (5342) FINGERPRINT: Sent fingerprint command: 0x01 to address 0xFFFFFFFF[0m
[0;32mI (5342) Fingerprint sent command: : ef 01 ff ff ff ff 01 00 03 01 00 05[0m
[0;32mI (5342) FINGERPRINT: Last sent command: 0x01[0m
[0;32mI (5342) FINGERPRINT: Get Image command sent successfully.[0m
[0;32mI (6522) Fingerprint: ef 01 ff ff ff ff 07 00 03 02 00 0c[0m
[0;32mI (6522) Fingerprint: Response read successfully: Command 0x02[0m
[0;32mI (6522) Fingerprint: Processing queued response: Confirmation code 0x02[0m
[0;32mI (6522) Fingerprint: Triggering event: 16 for status: 0x02[0m
[0;32mI (6532) FINGERPRINT: No finger detected. Status: 0x02[0m
[0;32mI (7352) FINGERPRINT: Attempting to send Get Image command...[0m
[0;32mI (7362) FINGERPRINT: Sent fingerprint command: 0x01 to address 0xFFFFFFFF[0m
[0;32mI (7362) Fingerprint sent command: : ef 01 ff ff ff ff 01 00 03 01 00 05[0m
[0;32mI (7362) FINGERPRINT: Last sent command: 0x01[0m
[0;32mI (7362) FINGERPRINT: Get Image command sent successfully.[0m
[0;32mI (8452) Fingerprint: ef 01 ff ff ff ff 07 00 05 26 01 00 00 33 ef 01[0m
[0;32mI (8452) Fingerprint: ff ff ff ff 07 00 03 02 00 0c[0m
[1;31mE (8452) Fingerprint: Packet length mismatch! Expected: 14, Received: 26[0m
[0;32mI (8452) Fingerprint: Triggering event: 5 for status: 0x01[0m
[1;31mE (8462) FINGERPRINT: An error occurred during fingerprint processing. Status: 0x01[0m
[1;31mE (8462) FINGERPRINT: Command: 0x00[0m
[0;32mI (9372) FINGERPRINT: Attempting to send Get Image command...[0m
[0;32mI (9522) FINGERPRINT: Sent fingerprint command: 0x01 to address 0xFFFFFFFF[0m
[0;32mI (9522) Fingerprint sent command: : ef 01 ff ff ff ff 01 00 03 01 00 05[0m
[0;32mI (9522) FINGERPRINT: Last sent command: 0x01[0m
[0;32mI (9522) FINGERPRINT: Get Image command sent successfully.[0m
[0;32mI (9802) Fingerprint: ef 01 ff ff ff ff 07 00 03 02 00 0c[0m
[0;32mI (9802) Fingerprint: Response read successfully: Command 0x02[0m
[0;32mI (9802) Fingerprint: Processing queued response: Confirmation code 0x02[0m
[0;32mI (9802) Fingerprint: Triggering event: 16 for status: 0x02[0m
[0;32mI (9812) FINGERPRINT: No finger detected. Status: 0x02[0m
[0;32mI (11532) FINGERPRINT: Attempting to send Get Image command...[0m
[0;32mI (11692) FINGERPRINT: Sent fingerprint command: 0x01 to address 0xFFFFFFFF[0m
[0;32mI (11692) Fingerprint sent command: : ef 01 ff ff ff ff 01 00 03 01 00 05[0m
[0;32mI (11692) FINGERPRINT: Last sent command: 0x01[0m
[0;32mI (11692) FINGERPRINT: Get Image command sent successfully.[0m
[0;32mI (11972) Fingerprint: ef 01 ff ff ff ff 07 00 03 02 00 0c[0m
[0;32mI (11972) Fingerprint: Response read successfully: Command 0x02[0m
[0;32mI (11972) Fingerprint: Processing queued response: Confirmation code 0x02[0m
[0;32mI (11972) Fingerprint: Triggering event: 16 for status: 0x02[0m
[0;32mI (11982) FINGERPRINT: No finger detected. Status: 0x02[0m
[0;32mI (13702) FINGERPRINT: Attempting to send Get Image command...[0m
[0;32mI (13862) FINGERPRINT: Sent fingerprint command: 0x01 to address 0xFFFFFFFF[0m
[0;32mI (13862) Fingerprint sent command: : ef 01 ff ff ff ff 01 00 03 01 00 05[0m
[0;32mI (13862) FINGERPRINT: Last sent command: 0x01[0m
[0;32mI (13862) FINGERPRINT: Get Image command sent successfully.[0m
[0;32mI (14142) Fingerprint: ef 01 ff ff ff ff 07 00 03 02 00 0c[0m
[0;32mI (14142) Fingerprint: Response read successfully: Command 0x02[0m
[0;32mI (14142) Fingerprint: Processing queued response: Confirmation code 0x02[0m
[0;32mI (14142) Fingerprint: Triggering event: 16 for status: 0x02[0m
[0;32mI (14152) FINGERPRINT: No finger detected. Status: 0x02[0m
[0;32mI (15872) FINGERPRINT: Attempting to send Get Image command...[0m
[0;32mI (16032) FINGERPRINT: Sent fingerprint command: 0x01 to address 0xFFFFFFFF[0m
[0;32mI (16032) Fingerprint sent command: : ef 01 ff ff ff ff 01 00 03 01 00 05[0m
[0;32mI (16032) FINGERPRINT: Last sent command: 0x01[0m
[0;32mI (16032) FINGERPRINT: Get Image command sent successfully.[0m
