ESP-ROM:esp32s3-20210327
Build:Mar 27 2021
rst:0x1 (POWERON),boot:0x38 (SPI_FAST_FLASH_BOOT)
SPIWP:0xee
Octal Flash Mode Enabled
For OPI Flash, Use Default Flash Boot Mode
mode:SLOW_RD, clock div:1
load:0x3fce2810,len:0x15a0
load:0x403c8700,len:0x4
load:0x403c8704,len:0xd20
load:0x403cb700,len:0x2ee4
entry 0x403c8928
[0;32mI (33) boot: ESP-IDF v5.4-dirty 2nd stage bootloader[0m
[0;32mI (33) boot: compile time Mar 20 2025 11:43:23[0m
[0;32mI (33) boot: Multicore bootloader[0m
[0;32mI (34) boot: chip revision: v0.1[0m
[0;32mI (37) boot: efuse block revision: v1.2[0m
[0;32mI (40) boot.esp32s3: Boot SPI Speed : 80MHz[0m
[0;32mI (44) boot.esp32s3: SPI Mode       : SLOW READ[0m
[0;32mI (48) boot.esp32s3: SPI Flash Size : 2MB[0m
[0;32mI (52) boot: Enabling RNG early entropy source...[0m
[0;32mI (57) boot: Partition Table:[0m
[0;32mI (59) boot: ## Label            Usage          Type ST Offset   Length[0m
[0;32mI (66) boot:  0 nvs              WiFi data        01 02 00009000 00006000[0m
[0;32mI (72) boot:  1 phy_init         RF data          01 01 0000f000 00001000[0m
[0;32mI (79) boot:  2 factory          factory app      00 00 00010000 00100000[0m
[0;32mI (85) boot: End of partition table[0m
[0;32mI (88) esp_image: segment 0: paddr=00010020 vaddr=3c020020 size=0e060h ( 57440) map[0m
[0;32mI (109) esp_image: segment 1: paddr=0001e088 vaddr=3fc93f00 size=01f90h (  8080) load[0m
[0;32mI (112) esp_image: segment 2: paddr=00020020 vaddr=42000020 size=1ed1ch (126236) map[0m
[0;32mI (143) esp_image: segment 3: paddr=0003ed44 vaddr=3fc95e90 size=01450h (  5200) load[0m
[0;32mI (144) esp_image: segment 4: paddr=0004019c vaddr=40374000 size=0fe30h ( 65072) load[0m
[0;32mI (165) esp_image: segment 5: paddr=0004ffd4 vaddr=600fe100 size=0001ch (    28) load[0m
[0;32mI (171) boot: Loaded app from partition at offset 0x10000[0m
[0;32mI (171) boot: Disabling RNG early entropy source...[0m
[0;32mI (183) cpu_start: Multicore app[0m
[0;32mI (191) cpu_start: Pro cpu start user code[0m
[0;32mI (191) cpu_start: cpu freq: 160000000 Hz[0m
[0;32mI (191) app_init: Application information:[0m
[0;32mI (192) app_init: Project name:     fingerprint_scanner[0m
[0;32mI (196) app_init: App version:      06a89e0-dirty[0m
[0;32mI (201) app_init: Compile time:     Mar 27 2025 13:30:24[0m
[0;32mI (206) app_init: ELF file SHA256:  d995e5ff1...[0m
[0;32mI (210) app_init: ESP-IDF:          v5.4-dirty[0m
[0;32mI (214) efuse_init: Min chip rev:     v0.0[0m
[0;32mI (218) efuse_init: Max chip rev:     v0.99 [0m
[0;32mI (222) efuse_init: Chip rev:         v0.1[0m
[0;32mI (226) heap_init: Initializing. RAM available for dynamic allocation:[0m
[0;32mI (232) heap_init: At 3FC9D0D8 len 0004C638 (305 KiB): RAM[0m
[0;32mI (237) heap_init: At 3FCE9710 len 00005724 (21 KiB): RAM[0m
[0;32mI (243) heap_init: At 3FCF0000 len 00008000 (32 KiB): DRAM[0m
[0;32mI (248) heap_init: At 600FE11C len 00001ECC (7 KiB): RTCRAM[0m
[0;33mW (254) spi_flash: Octal flash chip is using but dio mode is selected, will automatically switch to Octal mode[0m
[0;32mI (263) spi_flash: detected chip: mxic (opi)[0m
[0;32mI (267) spi_flash: flash io: opi_str[0m
[0;33mW (270) spi_flash: Detected size(32768k) larger than the size in the binary image header(2048k). Using the size in the binary image header.[0m
[0;32mI (282) sleep_gpio: Configure to isolate all GPIO pins in sleep state[0m
[0;32mI (289) sleep_gpio: Enable automatic switching of GPIO sleep configuration[0m
[0;32mI (296) main_task: Started on CPU0[0m
[0;32mI (306) main_task: Calling app_main()[0m
[0;32mI (306) FINGERPRINT: Fingerprint event handler registered[0m
[0;32mI (306) FINGERPRINT: Initializing fingerprint scanner...[0m
[0;32mI (316) gpio: GPIO[15]| InputEn: 1| OutputEn: 0| OpenDrain: 0| Pullup: 0| Pulldown: 1| Intr:1 [0m
[0;32mI (316) FINGERPRINT: Fingerprint scanner initialized successfully with interrupt-based detection.[0m
[0;32mI (846) FINGERPRINT: Processing packet ID=0x07, Command=0x00, LastCommand=0x15[0m
[0;32mI (846) FINGERPRINT: Response found![0m
[0;32mI (1566) FINGERPRINT: Fingerprint scanner initialized and waiting for a finger to be detected.[0m
[0;32mI (1896) FINGERPRINT: Processing packet ID=0x07, Command=0x00, LastCommand=0x0C[0m
[0;32mI (1896) FINGERPRINT: Response found![0m
[0;32mI (1896) FINGERPRINT: Starting fingerprint verification...[0m
[0;32mI (1946) FINGERPRINT: Fingerprint template deleted successfully. Status: 0x00[0m
[0;32mI (4026) FINGERPRINT: Please place your finger on the sensor...[0m
[0;32mI (4306) FINGERPRINT: Processing packet ID=0x07, Command=0x02, LastCommand=0x01[0m
[0;32mI (4306) FINGERPRINT: Response found![0m
[0;32mI (6996) FINGERPRINT: Processing packet ID=0x07, Command=0x00, LastCommand=0x01[0m
[0;32mI (6996) FINGERPRINT: Response found![0m
[0;32mI (7046) FINGERPRINT: Fingerprint features extracted successfully! Status: 0x00[0m
[0;32mI (7376) FINGERPRINT: Processing packet ID=0x07, Command=0x00, LastCommand=0x04[0m
[0;32mI (7376) FINGERPRINT: Response found![0m
[0;32mI (7376) FINGERPRINT: Search returned success but match score is 0, waiting for more responses[0m
[0;32mI (7376) FINGERPRINT: Processing packet ID=0x07, Command=0x00, LastCommand=0x04[0m
[0;32mI (7386) FINGERPRINT: Response found![0m
[0;32mI (7436) FINGERPRINT: EVENT SEARCH SUCCESS[0m
[0;32mI (7436) FINGERPRINT: Fingerprint search successful. Status: 0x00[0m
[0;32mI (7436) FINGERPRINT: Match found at Enrollee ID: 10[0m
[0;32mI (7436) FINGERPRINT: Match score: 2560[0m
[0;32mI (8006) FINGERPRINT: Fingerprint verification successful![0m
[0;32mI (8006) FINGERPRINT: Access granted - fingerprint verified![0m
[0;32mI (8226) FINGERPRINT: Processing packet ID=0x07, Command=0x00, LastCommand=0x1D[0m
[0;32mI (8226) FINGERPRINT: Response found![0m
[0;32mI (8226) FINGERPRINT: Count of enrolled fingerprints sent successfully.[0m
[0;32mI (8226) main_task: Returned from app_main()[0m
[0;32mI (8276) EVENT TEMPLATE COUNT: Number of valid templates: 1[0m
[0;32mI (18036) FINGERPRINT: Processing packet ID=0x07, Command=0x02, LastCommand=0x01[0m
[0;32mI (18036) FINGERPRINT: Response found![0m
[0;33mW (18126) FINGERPRINT: Could not confirm finger presence after multiple attempts[0m
[0;32mI (18356) FINGERPRINT: Processing packet ID=0x07, Command=0x02, LastCommand=0x01[0m
[0;32mI (18356) FINGERPRINT: Response found![0m
[0;32mI (21986) FINGERPRINT: Processing packet ID=0x07, Command=0x02, LastCommand=0x01[0m
[0;32mI (21986) FINGERPRINT: Response found![0m
[0;32mI (22306) FINGERPRINT: Processing packet ID=0x07, Command=0x02, LastCommand=0x01[0m
[0;32mI (22306) FINGERPRINT: Response found![0m
[0;33mW (22396) FINGERPRINT: Could not confirm finger presence after multiple attempts[0m
[0;33mW (26066) FINGERPRINT: Could not confirm finger presence after multiple attempts[0m
[0;33mW (27386) FINGERPRINT: Clearing stuck buffer with 1 bytes[0m
[0;32mI (33606) FINGERPRINT: Processing packet ID=0x07, Command=0x02, LastCommand=0x01[0m
[0;32mI (33606) FINGERPRINT: Response found![0m
[0;32mI (33926) FINGERPRINT: Processing packet ID=0x07, Command=0x02, LastCommand=0x01[0m
[0;32mI (33926) FINGERPRINT: Response found![0m
[0;33mW (34016) FINGERPRINT: Could not confirm finger presence after multiple attempts[0m
[0;32mI (34246) FINGERPRINT: Processing packet ID=0x07, Command=0x02, LastCommand=0x01[0m
[0;32mI (34246) FINGERPRINT: Response found![0m
