ESP-ROM:esp32s3-20210327
Build:Mar 27 2021
rst:0x1 (POWERON),boot:0x18 (SPI_FAST_FLASH_BOOT)
SPIWP:0xee
Octal Flash Mode Enabled
For OPI Flash, Use Default Flash Boot Mode
mode:SLOW_RD, clock div:1
load:0x3fce2810,len:0x15a0
load:0x403c8700,len:0x4
load:0x403c8704,len:0xd20
load:0x403cb700,len:0x2ee4
entry 0x403c8928
[0;32mI (33) boot: ESP-IDF v5.4-dirty 2nd stage bootloader[0m
[0;32mI (33) boot: compile time Mar 20 2025 11:43:23[0m
[0;32mI (33) boot: Multicore bootloader[0m
[0;32mI (34) boot: chip revision: v0.1[0m
[0;32mI (37) boot: efuse block revision: v1.2[0m
[0;32mI (40) boot.esp32s3: Boot SPI Speed : 80MHz[0m
[0;32mI (44) boot.esp32s3: SPI Mode       : SLOW READ[0m
[0;32mI (48) boot.esp32s3: SPI Flash Size : 2MB[0m
[0;32mI (52) boot: Enabling RNG early entropy source...[0m
[0;32mI (57) boot: Partition Table:[0m
[0;32mI (59) boot: ## Label            Usage          Type ST Offset   Length[0m
[0;32mI (66) boot:  0 nvs              WiFi data        01 02 00009000 00006000[0m
[0;32mI (72) boot:  1 phy_init         RF data          01 01 0000f000 00001000[0m
[0;32mI (79) boot:  2 factory          factory app      00 00 00010000 00100000[0m
[0;32mI (85) boot: End of partition table[0m
[0;32mI (88) esp_image: segment 0: paddr=00010020 vaddr=3c020020 size=0ecf0h ( 60656) map[0m
[0;32mI (110) esp_image: segment 1: paddr=0001ed18 vaddr=3fc93a00 size=01300h (  4864) load[0m
[0;32mI (112) esp_image: segment 2: paddr=00020020 vaddr=42000020 size=1fce4h (130276) map[0m
[0;32mI (144) esp_image: segment 3: paddr=0003fd0c vaddr=3fc94d00 size=02410h (  9232) load[0m
[0;32mI (147) esp_image: segment 4: paddr=00042124 vaddr=40374000 size=0f8f8h ( 63736) load[0m
[0;32mI (166) esp_image: segment 5: paddr=00051a24 vaddr=600fe100 size=0001ch (    28) load[0m
[0;32mI (172) boot: Loaded app from partition at offset 0x10000[0m
[0;32mI (172) boot: Disabling RNG early entropy source...[0m
[0;32mI (184) cpu_start: Multicore app[0m
[0;32mI (193) cpu_start: Pro cpu start user code[0m
[0;32mI (193) cpu_start: cpu freq: 160000000 Hz[0m
[0;32mI (193) app_init: Application information:[0m
[0;32mI (193) app_init: Project name:     fingerprint_scanner[0m
[0;32mI (198) app_init: App version:      7a85fc0-dirty[0m
[0;32mI (202) app_init: Compile time:     Mar 20 2025 14:19:46[0m
[0;32mI (207) app_init: ELF file SHA256:  ab3c5bf7b...[0m
[0;32mI (211) app_init: ESP-IDF:          v5.4-dirty[0m
[0;32mI (216) efuse_init: Min chip rev:     v0.0[0m
[0;32mI (219) efuse_init: Max chip rev:     v0.99 [0m
[0;32mI (223) efuse_init: Chip rev:         v0.1[0m
[0;32mI (227) heap_init: Initializing. RAM available for dynamic allocation:[0m
[0;32mI (234) heap_init: At 3FC99278 len 00050498 (321 KiB): RAM[0m
[0;32mI (239) heap_init: At 3FCE9710 len 00005724 (21 KiB): RAM[0m
[0;32mI (244) heap_init: At 3FCF0000 len 00008000 (32 KiB): DRAM[0m
[0;32mI (249) heap_init: At 600FE11C len 00001ECC (7 KiB): RTCRAM[0m
[0;33mW (255) spi_flash: Octal flash chip is using but dio mode is selected, will automatically switch to Octal mode[0m
[0;32mI (264) spi_flash: detected chip: mxic (opi)[0m
[0;32mI (268) spi_flash: flash io: opi_str[0m
[0;33mW (271) spi_flash: Detected size(32768k) larger than the size in the binary image header(2048k). Using the size in the binary image header.[0m
[0;32mI (284) sleep_gpio: Configure to isolate all GPIO pins in sleep state[0m
[0;32mI (290) sleep_gpio: Enable automatic switching of GPIO sleep configuration[0m
[0;32mI (297) main_task: Started on CPU0[0m
[0;32mI (307) main_task: Calling app_main()[0m
[0;32mI (307) FINGERPRINT: Fingerprint event handler registered[0m
[0;32mI (307) FINGERPRINT: Initializing fingerprint scanner...[0m
[0;32mI (317) FINGERPRINT: Initial power cycle of fingerprint module...[0m
[0;32mI (317) gpio: GPIO[9]| InputEn: 0| OutputEn: 1| OpenDrain: 0| Pullup: 0| Pulldown: 0| Intr:0 [0m
[0;32mI (327) FINGERPRINT: Fingerprint module power ON[0m
[0;32mI (1127) gpio: GPIO[9]| InputEn: 0| OutputEn: 1| OpenDrain: 0| Pullup: 0| Pulldown: 0| Intr:0 [0m
[0;32mI (1127) FINGERPRINT: Fingerprint module power OFF[0m
[0;32mI (2427) FINGERPRINT: Waiting for fingerprint module handshake...[0m
[0;33mW (2727) FINGERPRINT: No handshake received, retry 1/10...[0m
[0;33mW (3227) FINGERPRINT: No handshake received, retry 2/10...[0m
[0;33mW (3727) FINGERPRINT: No handshake received, retry 3/10...[0m
[0;33mW (4227) FINGERPRINT: No handshake received, retry 4/10...[0m
[0;33mW (4727) FINGERPRINT: No handshake received, retry 5/10...[0m
[0;32mI (4727) FINGERPRINT: Performing power cycle 1/3...[0m
[0;32mI (4727) gpio: GPIO[9]| InputEn: 0| OutputEn: 1| OpenDrain: 0| Pullup: 0| Pulldown: 0| Intr:0 [0m
[0;32mI (4727) FINGERPRINT: Fingerprint module power OFF[0m
[0;32mI (6037) gpio: GPIO[9]| InputEn: 0| OutputEn: 1| OpenDrain: 0| Pullup: 0| Pulldown: 0| Intr:0 [0m
[0;32mI (6037) FINGERPRINT: Fingerprint module power ON[0m
[0;33mW (7837) FINGERPRINT: No handshake received, retry 6/10...[0m
[0;33mW (8337) FINGERPRINT: No handshake received, retry 7/10...[0m
[0;33mW (8837) FINGERPRINT: No handshake received, retry 8/10...[0m
[0;32mI (9137) FINGERPRINT: Received byte: 0x00[0m
[0;32mI (9137) FINGERPRINT: Received byte: 0x55[0m
[0;32mI (9137) FINGERPRINT: Fingerprint module handshake received: 0x55[0m
[0;32mI (9137) gpio: GPIO[15]| InputEn: 1| OutputEn: 0| OpenDrain: 0| Pullup: 0| Pulldown: 1| Intr:1 [0m
[0;32mI (9147) FINGERPRINT: Finger detection task started[0m
[0;32mI (9157) FINGERPRINT: Fingerprint scanner initialized successfully with interrupt-based detection.[0m
[0;32mI (9587) FINGERPRINT: Returning response with 1 packets[0m
[0;32mI (9587) FINGERPRINT: Command response packet: ID=0x07, Status=0x00[0m
[0;32mI (10337) FINGERPRINT: Fingerprint scanner initialized and waiting for a finger to be detected.[0m
[0;32mI (10337) FINGERPRINT: Checking if location 0 is available (page 0, position 0)[0m
[0;32mI (10637) FINGERPRINT: Returning response with 1 packets[0m
[0;32mI (10637) FINGERPRINT: Command response packet: ID=0x07, Status=0x00[0m
[0;32mI (10637) FINGERPRINT: Checking template at position 0 (byte 0, bit 0)[0m
[0;33mW (10637) FINGERPRINT: Template exists at position 0[0m
[0;32mI (10647) FINGERPRINT: Index table read successful. Status: 0x00[0m
[0;32mI (10647) Index Table Parameters: 01 00 00 00 00 00 00 00 00 00 00 00 00 00 00 00[0m
[0;32mI (10657) Index Table Parameters: 00 00 00 00 00 00 00 00 00 00 00 00 00 00 00 00[0m
[0;32mI (10667) Index Table Parameters: 00 00 00 00 00 00 00 00 00 00 00 00 00 00 00 00[0m
[0;32mI (10667) Index Table Parameters: 00 00 00 00 00 00 00 00 00 00 00 00 00 00 00 00[0m
[0;32mI (10677) Index Table Parameters: 00 00 00 00 00 00 00 00 00 00 00 00 00 00 00 00[0m
[0;32mI (10687) Index Table Parameters: 00 00 00 00 00 00 00 00 00 00 00 00 00 00 00 00[0m
[0;32mI (10697) Index Table Parameters: 00 00 00 00 00 00 00 00 00 00 00 00 00 00 00 00[0m
[0;32mI (10697) Index Table Parameters: 00 00 00 00 00 00 00 00 00 00 00 00 00 00 00 00[0m
[0;32mI (10707) Index Table Parameters: 00 00 00 00 00 00 00 00 00 00 00 00 00 00 00 00[0m
[0;32mI (10717) Index Table Parameters: 00 00 00 00 00 00 00 00 00 00 00 00 00 00 00 00[0m
[0;32mI (10717) Index Table Parameters: 00 00 00 00 00 00 00 00 00 00 00 00 00 00 00 00[0m
[0;32mI (10727) Index Table Parameters: 00 00 00 00 00 00 00 00 00 00 00 00 00 00 00 00[0m
[0;32mI (10737) Index Table Parameters: 00 00 00 00 00 00 00 00 00 00 00 00 00 00 00 00[0m
[0;32mI (10747) Index Table Parameters: 00 00 00 00 00 00 00 00 00 00 00 00 00 00 00 00[0m
[0;32mI (10747) Index Table Parameters: 00 00 00 00 00 00 00 00 00 00 00 00 00 00 00 00[0m
[0;32mI (10757) Index Table Parameters: 00 00 00 00 00 00 00 00 00 00 00 00 00 00 00 00[0m

***ERROR*** A stack overflow in task FingerprintRead has been detected.


Backtrace: 0x40375be5:0x3fca0500 0x4037abbd:0x3fca0520 0x4037ba0e:0x3fca0540 0x4037ceb7:0x3fca05c0 0x4037bad4:0x3fca05e0 0x4037baca:0x00000000 |<-CORRUPTED




ELF file SHA256: ab3c5bf7b

Rebooting...
ï¿½ï¿½ï¿½ESP-ROM:esp32s3-20210327
Build:Mar 27 2021
rst:0xc (RTC_SW_CPU_RST),boot:0x18 (SPI_FAST_FLASH_BOOT)
Saved PC:0x40375b24
SPIWP:0xee
Octal Flash Mode Enabled
For OPI Flash, Use Default Flash Boot Mode
mode:SLOW_RD, clock div:1
load:0x3fce2810,len:0x15a0
load:0x403c8700,len:0x4
load:0x403c8704,len:0xd20
load:0x403cb700,len:0x2ee4
entry 0x403c8928
[0;32mI (37) boot: ESP-IDF v5.4-dirty 2nd stage bootloader[0m
[0;32mI (38) boot: compile time Mar 20 2025 11:43:23[0m
[0;32mI (38) boot: Multicore bootloader[0m
[0;32mI (38) boot: chip revision: v0.1[0m
[0;32mI (41) boot: efuse block revision: v1.2[0m
[0;32mI (45) boot.esp32s3: Boot SPI Speed : 80MHz[0m
[0;32mI (49) boot.esp32s3: SPI Mode       : SLOW READ[0m
[0;32mI (53) boot.esp32s3: SPI Flash Size : 2MB[0m
[0;32mI (57) boot: Enabling RNG early entropy source...[0m
[0;32mI (61) boot: Partition Table:[0m
[0;32mI (64) boot: ## Label            Usage          Type ST Offset   Length[0m
[0;32mI (70) boot:  0 nvs              WiFi data        01 02 00009000 00006000[0m
[0;32mI (77) boot:  1 phy_init         RF data          01 01 0000f000 00001000[0m
[0;32mI (83) boot:  2 factory          factory app      00 00 00010000 00100000[0m
[0;32mI (90) boot: End of partition table[0m
[0;32mI (93) esp_image: segment 0: paddr=00010020 vaddr=3c020020 size=0ecf0h ( 60656) map[0m
[0;32mI (114) esp_image: segment 1: paddr=0001ed18 vaddr=3fc93a00 size=01300h (  4864) load[0m
[0;32mI (116) esp_image: segment 2: paddr=00020020 vaddr=42000020 size=1fce4h (130276) map[0m
[0;32mI (149) esp_image: segment 3: paddr=0003fd0c vaddr=3fc94d00 size=02410h (  9232) load[0m
[0;32mI (152) esp_image: segment 4: paddr=00042124 vaddr=40374000 size=0f8f8h ( 63736) load[0m
[0;32mI (170) esp_image: segment 5: paddr=00051a24 vaddr=600fe100 size=0001ch (    28) load[0m
[0;32mI (177) boot: Loaded app from partition at offset 0x10000[0m
[0;32mI (177) boot: Disabling RNG early entropy source...[0m
[0;32mI (188) cpu_start: Multicore app[0m
[0;32mI (197) cpu_start: Pro cpu start user code[0m
[0;32mI (197) cpu_start: cpu freq: 160000000 Hz[0m
[0;32mI (197) app_init: Application information:[0m
[0;32mI (197) app_init: Project name:     fingerprint_scanner[0m
[0;32mI (202) app_init: App version:      7a85fc0-dirty[0m
[0;32mI (206) app_init: Compile time:     Mar 20 2025 14:19:46[0m
[0;32mI (211) app_init: ELF file SHA256:  ab3c5bf7b...[0m
[0;32mI (216) app_init: ESP-IDF:          v5.4-dirty[0m
[0;32mI (220) efuse_init: Min chip rev:     v0.0[0m
[0;32mI (224) efuse_init: Max chip rev:     v0.99 [0m
[0;32mI (228) efuse_init: Chip rev:         v0.1[0m
[0;32mI (232) heap_init: Initializing. RAM available for dynamic allocation:[0m
[0;32mI (238) heap_init: At 3FC99278 len 00050498 (321 KiB): RAM[0m
[0;32mI (243) heap_init: At 3FCE9710 len 00005724 (21 KiB): RAM[0m
[0;32mI (248) heap_init: At 3FCF0000 len 00008000 (32 KiB): DRAM[0m
[0;32mI (253) heap_init: At 600FE11C len 00001ECC (7 KiB): RTCRAM[0m
[0;33mW (259) spi_flash: Octal flash chip is using but dio mode is selected, will automatically switch to Octal mode[0m
[0;32mI (269) spi_flash: detected chip: mxic (opi)[0m
[0;32mI (272) spi_flash: flash io: opi_str[0m
[0;33mW (276) spi_flash: Detected size(32768k) larger than the size in the binary image header(2048k). Using the size in the binary image header.[0m
[0;32mI (288) sleep_gpio: Configure to isolate all GPIO pins in sleep state[0m
[0;32mI (294) sleep_gpio: Enable automatic switching of GPIO sleep configuration[0m
[0;32mI (301) main_task: Started on CPU0[0m
[0;32mI (311) main_task: Calling app_main()[0m
[0;32mI (311) FINGERPRINT: Fingerprint event handler registered[0m
[0;32mI (311) FINGERPRINT: Initializing fingerprint scanner...[0m
[0;32mI (321) FINGERPRINT: Initial power cycle of fingerprint module...[0m
[0;32mI (321) gpio: GPIO[9]| InputEn: 0| OutputEn: 1| OpenDrain: 0| Pullup: 0| Pulldown: 0| Intr:0 [0m
[0;32mI (331) FINGERPRINT: Fingerprint module power ON[0m
[0;32mI (1131) gpio: GPIO[9]| InputEn: 0| OutputEn: 1| OpenDrain: 0| Pullup: 0| Pulldown: 0| Intr:0 [0m
[0;32mI (1131) FINGERPRINT: Fingerprint module power OFF[0m
[0;32mI (2431) FINGERPRINT: Waiting for fingerprint module handshake...[0m
[0;33mW (2731) FINGERPRINT: No handshake received, retry 1/10...[0m
[0;33mW (3231) FINGERPRINT: No handshake received, retry 2/10...[0m
[0;33mW (3731) FINGERPRINT: No handshake received, retry 3/10...[0m
[0;33mW (4231) FINGERPRINT: No handshake received, retry 4/10...[0m
[0;33mW (4731) FINGERPRINT: No handshake received, retry 5/10...[0m
[0;32mI (4731) FINGERPRINT: Performing power cycle 1/3...[0m
[0;32mI (4731) gpio: GPIO[9]| InputEn: 0| OutputEn: 1| OpenDrain: 0| Pullup: 0| Pulldown: 0| Intr:0 [0m
[0;32mI (4731) FINGERPRINT: Fingerprint module power OFF[0m
