ESP-ROM:esp32s3-20210327
Build:Mar 27 2021
rst:0x1 (POWERON),boot:0x3b (SPI_FAST_FLASH_BOOT)
SPIWP:0xee
Octal Flash Mode Enabled
For OPI Flash, Use Default Flash Boot Mode
mode:SLOW_RD, clock div:1
load:0x3fce2810,len:0x15a0
load:0x403c8700,len:0x4
load:0x403c8704,len:0xd20
load:0x403cb700,len:0x2ee4
entry 0x403c8928
[0;32mI (33) boot: ESP-IDF v5.4-dirty 2nd stage bootloader[0m
[0;32mI (33) boot: compile time Mar 20 2025 11:43:23[0m
[0;32mI (33) boot: Multicore bootloader[0m
[0;32mI (34) boot: chip revision: v0.1[0m
[0;32mI (37) boot: efuse block revision: v1.2[0m
[0;32mI (40) boot.esp32s3: Boot SPI Speed : 80MHz[0m
[0;32mI (44) boot.esp32s3: SPI Mode       : SLOW READ[0m
[0;32mI (48) boot.esp32s3: SPI Flash Size : 2MB[0m
[0;32mI (52) boot: Enabling RNG early entropy source...[0m
[0;32mI (57) boot: Partition Table:[0m
[0;32mI (59) boot: ## Label            Usage          Type ST Offset   Length[0m
[0;32mI (66) boot:  0 nvs              WiFi data        01 02 00009000 00006000[0m
[0;32mI (72) boot:  1 phy_init         RF data          01 01 0000f000 00001000[0m
[0;32mI (79) boot:  2 factory          factory app      00 00 00010000 00100000[0m
[0;32mI (85) boot: End of partition table[0m
[0;32mI (88) esp_image: segment 0: paddr=00010020 vaddr=3c020020 size=0e530h ( 58672) map[0m
[0;32mI (110) esp_image: segment 1: paddr=0001e558 vaddr=3fc93f00 size=01ac0h (  6848) load[0m
[0;32mI (112) esp_image: segment 2: paddr=00020020 vaddr=42000020 size=1f2b0h (127664) map[0m
[0;32mI (143) esp_image: segment 3: paddr=0003f2d8 vaddr=3fc959c0 size=01c50h (  7248) load[0m
[0;32mI (146) esp_image: segment 4: paddr=00040f30 vaddr=40374000 size=0fe30h ( 65072) load[0m
[0;32mI (165) esp_image: segment 5: paddr=00050d68 vaddr=600fe100 size=0001ch (    28) load[0m
[0;32mI (172) boot: Loaded app from partition at offset 0x10000[0m
[0;32mI (172) boot: Disabling RNG early entropy source...[0m
[0;32mI (183) cpu_start: Multicore app[0m
[0;32mI (192) cpu_start: Pro cpu start user code[0m
[0;32mI (192) cpu_start: cpu freq: 160000000 Hz[0m
[0;32mI (192) app_init: Application information:[0m
[0;32mI (192) app_init: Project name:     fingerprint_scanner[0m
[0;32mI (197) app_init: App version:      02277cb-dirty[0m
[0;32mI (201) app_init: Compile time:     Mar 27 2025 08:11:28[0m
[0;32mI (206) app_init: ELF file SHA256:  16e9b49f4...[0m
[0;32mI (211) app_init: ESP-IDF:          v5.4-dirty[0m
[0;32mI (215) efuse_init: Min chip rev:     v0.0[0m
[0;32mI (219) efuse_init: Max chip rev:     v0.99 [0m
[0;32mI (223) efuse_init: Chip rev:         v0.1[0m
[0;32mI (227) heap_init: Initializing. RAM available for dynamic allocation:[0m
[0;32mI (233) heap_init: At 3FC9D400 len 0004C310 (304 KiB): RAM[0m
[0;32mI (238) heap_init: At 3FCE9710 len 00005724 (21 KiB): RAM[0m
[0;32mI (243) heap_init: At 3FCF0000 len 00008000 (32 KiB): DRAM[0m
[0;32mI (248) heap_init: At 600FE11C len 00001ECC (7 KiB): RTCRAM[0m
[0;33mW (254) spi_flash: Octal flash chip is using but dio mode is selected, will automatically switch to Octal mode[0m
[0;32mI (264) spi_flash: detected chip: mxic (opi)[0m
[0;32mI (267) spi_flash: flash io: opi_str[0m
[0;33mW (271) spi_flash: Detected size(32768k) larger than the size in the binary image header(2048k). Using the size in the binary image header.[0m
[0;32mI (283) sleep_gpio: Configure to isolate all GPIO pins in sleep state[0m
[0;32mI (289) sleep_gpio: Enable automatic switching of GPIO sleep configuration[0m
[0;32mI (296) main_task: Started on CPU0[0m
[0;32mI (306) main_task: Calling app_main()[0m
[0;32mI (306) FINGERPRINT: Fingerprint event handler registered[0m
[0;32mI (306) FINGERPRINT: Initializing fingerprint scanner...[0m
[0;32mI (316) gpio: GPIO[15]| InputEn: 1| OutputEn: 0| OpenDrain: 0| Pullup: 0| Pulldown: 1| Intr:1 [0m
[0;32mI (316) FINGERPRINT: Fingerprint scanner initialized successfully with interrupt-based detection.[0m
[0;32mI (566) Read Data: 0x3fc9af74   e0                                                |.|[0m
[0;32mI (566) Send Command Packet: 0x3fcaa014   ef 01 ff ff ff ff 01 00  07 15 ff ff ff ff 04 19  |................|[0m
[0;32mI (836) Read Data: 0x3fc9af75   ef 01 ff ff ff ff 07 00  03 00 00 0a              |............|[0m
[0;32mI (1566) FINGERPRINT: Fingerprint scanner initialized and waiting for a finger to be detected.[0m
[0;32mI (1626) Send Command Packet: 0x3fcaa03c   ef 01 ff ff ff ff 01 00  07 0c 00 00 00 01 00 15  |................|[0m
[0;32mI (1886) Read Data: 0x3fc9af74   ef 01 ff ff ff ff 07 00  03 00 00 0a              |............|[0m
[0;32mI (1896) FINGERPRINT: Successfully deleted fingerprint at location 0[0m
[0;32mI (1896) FINGERPRINT: Fingerprint deleted successfully![0m
[0;32mI (1896) Send Command Packet: 0x3fcaa03c   ef 01 ff ff ff ff 01 00  04 1f 00 00 24           |............$|[0m
[0;32mI (2156) Read Data: 0x3fc9af74   ef 01 ff ff ff ff 07 00  23 00 00 04 00 00 00 00  |........#.......|[0m
[0;32mI (2156) Read Data: 0x3fc9af84   00 00 00 00 00 00 00 00  00 00 00 00 00 00 00 00  |................|[0m
[0;32mI (2156) Read Data: 0x3fc9af94   00 00 00 00 00 00 00 00  00 00 00 2e              |............|[0m
[0;32mI (2176) FINGERPRINT: Checking template at position 0 (byte 0, bit 0)[0m
[0;32mI (2176) FINGERPRINT: Position 0 is free[0m
[0;32mI (2176) FINGERPRINT: Location 0 is available[0m
[0;32mI (2176) FINGERPRINT: Fingerprint operation mode set to 2[0m
[0;32mI (2186) FINGERPRINT: Waiting for a finger to be placed (via interrupt)...[0m

assert failed: xQueueSemaphoreTake queue.c:1709 (( pxQueue ))


Backtrace: 0x40375c35:0x3fc9f750 0x4037ac0d:0x3fc9f770 0x40381e89:0x3fc9f790 0x4037b45e:0x3fc9f8b0 0x4200ec5b:0x3fc9f8f0 0x4200ee5e:0x3fc9f910 0x4200c0b6:0x3fc9fcb0 0x4201eb03:0x3fc9fce0 0x4037b6a1:0x3fc9fd10




ELF file SHA256: 16e9b49f4

Rebooting...
ï¿½ï¿½ï¿½ESP-ROM:esp32s3-20210327
Build:Mar 27 2021
rst:0xc (RTC_SW_CPU_RST),boot:0x3b (SPI_FAST_FLASH_BOOT)
Saved PC:0x40375b74
SPIWP:0xee
Octal Flash Mode Enabled
For OPI Flash, Use Default Flash Boot Mode
mode:SLOW_RD, clock div:1
load:0x3fce2810,len:0x15a0
load:0x403c8700,len:0x4
load:0x403c8704,len:0xd20
load:0x403cb700,len:0x2ee4
entry 0x403c8928
[0;32mI (37) boot: ESP-IDF v5.4-dirty 2nd stage bootloader[0m
[0;32mI (38) boot: compile time Mar 20 2025 11:43:23[0m
[0;32mI (38) boot: Multicore bootloader[0m
[0;32mI (38) boot: chip revision: v0.1[0m
[0;32mI (41) boot: efuse block revision: v1.2[0m
[0;32mI (45) boot.esp32s3: Boot SPI Speed : 80MHz[0m
[0;32mI (49) boot.esp32s3: SPI Mode       : SLOW READ[0m
[0;32mI (53) boot.esp32s3: SPI Flash Size : 2MB[0m
[0;32mI (57) boot: Enabling RNG early entropy source...[0m
[0;32mI (61) boot: Partition Table:[0m
[0;32mI (64) boot: ## Label            Usage          Type ST Offset   Length[0m
[0;32mI (70) boot:  0 nvs              WiFi data        01 02 00009000 00006000[0m
[0;32mI (77) boot:  1 phy_init         RF data          01 01 0000f000 00001000[0m
[0;32mI (83) boot:  2 factory          factory app      00 00 00010000 00100000[0m
[0;32mI (90) boot: End of partition table[0m
[0;32mI (93) esp_image: segment 0: paddr=00010020 vaddr=3c020020 size=0e530h ( 58672) map[0m
[0;32mI (114) esp_image: segment 1: paddr=0001e558 vaddr=3fc93f00 size=01ac0h (  6848) load[0m
[0;32mI (116) esp_image: segment 2: paddr=00020020 vaddr=42000020 size=1f2b0h (127664) map[0m
[0;32mI (148) esp_image: segment 3: paddr=0003f2d8 vaddr=3fc959c0 size=01c50h (  7248) load[0m
[0;32mI (150) esp_image: segment 4: paddr=00040f30 vaddr=40374000 size=0fe30h ( 65072) load[0m
[0;32mI (170) esp_image: segment 5: paddr=00050d68 vaddr=600fe100 size=0001ch (    28) load[0m
[0;32mI (176) boot: Loaded app from partition at offset 0x10000[0m
[0;32mI (176) boot: Disabling RNG early entropy source...[0m
[0;32mI (188) cpu_start: Multicore app[0m
[0;32mI (196) cpu_start: Pro cpu start user code[0m
[0;32mI (196) cpu_start: cpu freq: 160000000 Hz[0m
[0;32mI (196) app_init: Application information:[0m
[0;32mI (196) app_init: Project name:     fingerprint_scanner[0m
[0;32mI (201) app_init: App version:      02277cb-dirty[0m
[0;32mI (206) app_init: Compile time:     Mar 27 2025 08:11:28[0m
[0;32mI (211) app_init: ELF file SHA256:  16e9b49f4...[0m
[0;32mI (215) app_init: ESP-IDF:          v5.4-dirty[0m
[0;32mI (219) efuse_init: Min chip rev:     v0.0[0m
[0;32mI (223) efuse_init: Max chip rev:     v0.99 [0m
[0;32mI (227) efuse_init: Chip rev:         v0.1[0m
[0;32mI (231) heap_init: Initializing. RAM available for dynamic allocation:[0m
[0;32mI (237) heap_init: At 3FC9D400 len 0004C310 (304 KiB): RAM[0m
[0;32mI (242) heap_init: At 3FCE9710 len 00005724 (21 KiB): RAM[0m
[0;32mI (248) heap_init: At 3FCF0000 len 00008000 (32 KiB): DRAM[0m
[0;32mI (253) heap_init: At 600FE11C len 00001ECC (7 KiB): RTCRAM[0m
[0;33mW (259) spi_flash: Octal flash chip is using but dio mode is selected, will automatically switch to Octal mode[0m
[0;32mI (268) spi_flash: detected chip: mxic (opi)[0m
[0;32mI (272) spi_flash: flash io: opi_str[0m
[0;33mW (275) spi_flash: Detected size(32768k) larger than the size in the binary image header(2048k). Using the size in the binary image header.[0m
[0;32mI (287) sleep_gpio: Configure to isolate all GPIO pins in sleep state[0m
[0;32mI (294) sleep_gpio: Enable automatic switching of GPIO sleep configuration[0m
[0;32mI (301) main_task: Started on CPU0[0m
[0;32mI (311) main_task: Calling app_main()[0m
[0;32mI (311) FINGERPRINT: Fingerprint event handler registered[0m
[0;32mI (311) FINGERPRINT: Initializing fingerprint scanner...[0m
[0;32mI (321) gpio: GPIO[15]| InputEn: 1| OutputEn: 0| OpenDrain: 0| Pullup: 0| Pulldown: 1| Intr:1 [0m
[0;32mI (321) FINGERPRINT: Fingerprint scanner initialized successfully with interrupt-based detection.[0m
[0;32mI (571) Send Command Packet: 0x3fcaa014   ef 01 ff ff ff ff 01 00  07 15 ff ff ff ff 04 19  |................|[0m
[0;32mI (831) Read Data: 0x3fc9af74   ef 01 ff ff ff ff 07 00  03 00 00 0a              |............|[0m
[0;32mI (1571) FINGERPRINT: Fingerprint scanner initialized and waiting for a finger to be detected.[0m
[0;32mI (1621) Send Command Packet: 0x3fcaa03c   ef 01 ff ff ff ff 01 00  07 0c 00 00 00 01 00 15  |................|[0m
[0;32mI (1881) Read Data: 0x3fc9af74   ef 01 ff ff ff ff 07 00  03 00 00 0a              |............|[0m
[0;32mI (1891) FINGERPRINT: Successfully deleted fingerprint at location 0[0m
[0;32mI (1891) FINGERPRINT: Fingerprint deleted successfully![0m
[0;32mI (1891) Send Command Packet: 0x3fcaa03c   ef 01 ff ff ff ff 01 00  04 1f 00 00 24           |............$|[0m
[0;32mI (2151) Read Data: 0x3fc9af74   ef 01 ff ff ff ff 07 00  23 00 00 04 00 00 00 00  |........#.......|[0m
[0;32mI (2151) Read Data: 0x3fc9af84   00 00 00 00 00 00 00 00  00 00 00 00 00 00 00 00  |................|[0m
[0;32mI (2151) Read Data: 0x3fc9af94   00 00 00 00 00 00 00 00  00 00 00 2e              |............|[0m
[0;32mI (2171) FINGERPRINT: Checking template at position 0 (byte 0, bit 0)[0m
[0;32mI (2171) FINGERPRINT: Position 0 is free[0m
[0;32mI (2171) FINGERPRINT: Location 0 is available[0m
[0;32mI (2171) FINGERPRINT: Fingerprint operation mode set to 2[0m
[0;32mI (2181) FINGERPRINT: Waiting for a finger to be placed (via interrupt)...[0m

assert failed: xQueueSemaphoreTake queue.c:1709 (( pxQueue ))


Backtrace: 0x40375c35:0x3fc9f750 0x4037ac0d:0x3fc9f770 0x40381e89:0x3fc9f790 0x4037b45e:0x3fc9f8b0 0x4200ec5b:0x3fc9f8f0 0x4200ee5e:0x3fc9f910 0x4200c0b6:0x3fc9fcb0 0x4201eb03:0x3fc9fce0 0x4037b6a1:0x3fc9fd10




ELF file SHA256: 16e9b49f4

Rebooting...
ESP-ROM:esp32s3-20210327
Build:Mar 27 2021
rst:0xc (RTC_SW_CPU_RST),boot:0x3b (SPI_FAST_FLASH_BOOT)
Saved PC:0x40375b74
SPIWP:0xee
Octal Flash Mode Enabled
For OPI Flash, Use Default Flash Boot Mode
mode:SLOW_RD, clock div:1
load:0x3fce2810,len:0x15a0
load:0x403c8700,len:0x4
load:0x403c8704,len:0xd20
load:0x403cb700,len:0x2ee4
entry 0x403c8928
[0;32mI (37) boot: ESP-IDF v5.4-dirty 2nd stage bootloader[0m
[0;32mI (38) boot: compile time Mar 20 2025 11:43:23[0m
[0;32mI (38) boot: Multicore bootloader[0m
[0;32mI (38) boot: chip revision: v0.1[0m
[0;32mI (41) boot: efuse block revision: v1.2[0m
[0;32mI (45) boot.esp32s3: Boot SPI Speed : 80MHz[0m
[0;32mI (49) boot.esp32s3: SPI Mode       : SLOW READ[0m
[0;32mI (53) boot.esp32s3: SPI Flash Size : 2MB[0m
[0;32mI (57) boot: Enabling RNG early entropy source...[0m
[0;32mI (61) boot: Partition Table:[0m
[0;32mI (64) boot: ## Label            Usage          Type ST Offset   Length[0m
[0;32mI (70) boot:  0 nvs              WiFi data        01 02 00009000 00006000[0m
[0;32mI (77) boot:  1 phy_init         RF data          01 01 0000f000 00001000[0m
[0;32mI (83) boot:  2 factory          factory app      00 00 00010000 00100000[0m
[0;32mI (90) boot: End of partition table[0m
[0;32mI (93) esp_image: segment 0: paddr=00010020 vaddr=3c020020 size=0e530h ( 58672) map[0m
[0;32mI (114) esp_image: segment 1: paddr=0001e558 vaddr=3fc93f00 size=01ac0h (  6848) load[0m
[0;32mI (116) esp_image: segment 2: paddr=00020020 vaddr=42000020 size=1f2b0h (127664) map[0m
[0;32mI (148) esp_image: segment 3: paddr=0003f2d8 vaddr=3fc959c0 size=01c50h (  7248) load[0m
[0;32mI (150) esp_image: segment 4: paddr=00040f30 vaddr=40374000 size=0fe30h ( 65072) load[0m
[0;32mI (170) esp_image: segment 5: paddr=00050d68 vaddr=600fe100 size=0001ch (    28) load[0m
[0;32mI (176) boot: Loaded app from partition at offset 0x10000[0m
[0;32mI (176) boot: Disabling RNG early entropy source...[0m
[0;32mI (188) cpu_start: Multicore app[0m
[0;32mI (196) cpu_start: Pro cpu start user code[0m
[0;32mI (196) cpu_start: cpu freq: 160000000 Hz[0m
[0;32mI (196) app_init: Application information:[0m
[0;32mI (196) app_init: Project name:     fingerprint_scanner[0m
[0;32mI (201) app_init: App version:      02277cb-dirty[0m
[0;32mI (206) app_init: Compile time:     Mar 27 2025 08:11:28[0m
[0;32mI (211) app_init: ELF file SHA256:  16e9b49f4...[0m
[0;32mI (215) app_init: ESP-IDF:          v5.4-dirty[0m
[0;32mI (219) efuse_init: Min chip rev:     v0.0[0m
[0;32mI (223) efuse_init: Max chip rev:     v0.99 [0m
[0;32mI (227) efuse_init: Chip rev:         v0.1[0m
[0;32mI (231) heap_init: Initializing. RAM available for dynamic allocation:[0m
[0;32mI (237) heap_init: At 3FC9D400 len 0004C310 (304 KiB): RAM[0m
[0;32mI (242) heap_init: At 3FCE9710 len 00005724 (21 KiB): RAM[0m
[0;32mI (248) heap_init: At 3FCF0000 len 00008000 (32 KiB): DRAM[0m
[0;32mI (253) heap_init: At 600FE11C len 00001ECC (7 KiB): RTCRAM[0m
[0;33mW (259) spi_flash: Octal flash chip is using but dio mode is selected, will automatically switch to Octal mode[0m
[0;32mI (268) spi_flash: detected chip: mxic (opi)[0m
[0;32mI (272) spi_flash: flash io: opi_str[0m
[0;33mW (275) spi_flash: Detected size(32768k) larger than the size in the binary image header(2048k). Using the size in the binary image header.[0m
[0;32mI (287) sleep_gpio: Configure to isolate all GPIO pins in sleep state[0m
[0;32mI (294) sleep_gpio: Enable automatic switching of GPIO sleep configuration[0m
[0;32mI (301) main_task: Started on CPU0[0m
[0;32mI (311) main_task: Calling app_main()[0m
[0;32mI (311) FINGERPRINT: Fingerprint event handler registered[0m
[0;32mI (311) FINGERPRINT: Initializing fingerprint scanner...[0m
[0;32mI (321) gpio: GPIO[15]| InputEn: 1| OutputEn: 0| OpenDrain: 0| Pullup: 0| Pulldown: 1| Intr:1 [0m
[0;32mI (321) FINGERPRINT: Fingerprint scanner initialized successfully with interrupt-based detection.[0m
[0;32mI (571) Send Command Packet: 0x3fcaa014   ef 01 ff ff ff ff 01 00  07 15 ff ff ff ff 04 19  |................|[0m
[0;32mI (831) Read Data: 0x3fc9af74   ef 01 ff ff ff ff 07 00  03 00 00 0a              |............|[0m
[0;32mI (1571) FINGERPRINT: Fingerprint scanner initialized and waiting for a finger to be detected.[0m
[0;32mI (1671) Read Data: 0x3fc9af74   00 00 00 00 00 00                                 |......|[0m
[0;32mI (1671) Send Command Packet: 0x3fcaa0e0   ef 01 ff ff ff ff 01 00  07 0c 00 00 00 01 00 15  |................|[0m
