ESP-ROM:esp32s3-20210327
Build:Mar 27 2021
rst:0x1 (POWERON),boot:0x18 (SPI_FAST_FLASH_BOOT)
SPIWP:0xee
Octal Flash Mode Enabled
For OPI Flash, Use Default Flash Boot Mode
mode:SLOW_RD, clock div:1
load:0x3fce2810,len:0x15a0
load:0x403c8700,len:0x4
load:0x403c8704,len:0xd20
load:0x403cb700,len:0x2ee4
entry 0x403c8928
[0;32mI (33) boot: ESP-IDF v5.4-dirty 2nd stage bootloader[0m
[0;32mI (33) boot: compile time Mar 20 2025 11:43:23[0m
[0;32mI (33) boot: Multicore bootloader[0m
[0;32mI (34) boot: chip revision: v0.1[0m
[0;32mI (37) boot: efuse block revision: v1.2[0m
[0;32mI (40) boot.esp32s3: Boot SPI Speed : 80MHz[0m
[0;32mI (44) boot.esp32s3: SPI Mode       : SLOW READ[0m
[0;32mI (48) boot.esp32s3: SPI Flash Size : 2MB[0m
[0;32mI (52) boot: Enabling RNG early entropy source...[0m
[0;32mI (57) boot: Partition Table:[0m
[0;32mI (59) boot: ## Label            Usage          Type ST Offset   Length[0m
[0;32mI (66) boot:  0 nvs              WiFi data        01 02 00009000 00006000[0m
[0;32mI (72) boot:  1 phy_init         RF data          01 01 0000f000 00001000[0m
[0;32mI (79) boot:  2 factory          factory app      00 00 00010000 00100000[0m
[0;32mI (85) boot: End of partition table[0m
[0;32mI (88) esp_image: segment 0: paddr=00010020 vaddr=3c020020 size=0dff0h ( 57328) map[0m
[0;32mI (109) esp_image: segment 1: paddr=0001e018 vaddr=3fc93a00 size=02000h (  8192) load[0m
[0;32mI (112) esp_image: segment 2: paddr=00020020 vaddr=42000020 size=1ef2ch (126764) map[0m
[0;32mI (143) esp_image: segment 3: paddr=0003ef54 vaddr=3fc95a00 size=012d0h (  4816) load[0m
[0;32mI (144) esp_image: segment 4: paddr=0004022c vaddr=40374000 size=0f8f8h ( 63736) load[0m
[0;32mI (164) esp_image: segment 5: paddr=0004fb2c vaddr=600fe100 size=0001ch (    28) load[0m
[0;32mI (171) boot: Loaded app from partition at offset 0x10000[0m
[0;32mI (171) boot: Disabling RNG early entropy source...[0m
[0;32mI (182) cpu_start: Multicore app[0m
[0;32mI (191) cpu_start: Pro cpu start user code[0m
[0;32mI (191) cpu_start: cpu freq: 160000000 Hz[0m
[0;32mI (191) app_init: Application information:[0m
[0;32mI (191) app_init: Project name:     fingerprint_scanner[0m
[0;32mI (196) app_init: App version:      f1c5aa9-dirty[0m
[0;32mI (200) app_init: Compile time:     Mar 20 2025 16:54:43[0m
[0;32mI (206) app_init: ELF file SHA256:  8a96644ca...[0m
[0;32mI (210) app_init: ESP-IDF:          v5.4-dirty[0m
[0;32mI (214) efuse_init: Min chip rev:     v0.0[0m
[0;32mI (218) efuse_init: Max chip rev:     v0.99 [0m
[0;32mI (222) efuse_init: Chip rev:         v0.1[0m
[0;32mI (226) heap_init: Initializing. RAM available for dynamic allocation:[0m
[0;32mI (232) heap_init: At 3FC98A30 len 00050CE0 (323 KiB): RAM[0m
[0;32mI (237) heap_init: At 3FCE9710 len 00005724 (21 KiB): RAM[0m
[0;32mI (242) heap_init: At 3FCF0000 len 00008000 (32 KiB): DRAM[0m
[0;32mI (247) heap_init: At 600FE11C len 00001ECC (7 KiB): RTCRAM[0m
[0;33mW (253) spi_flash: Octal flash chip is using but dio mode is selected, will automatically switch to Octal mode[0m
[0;32mI (263) spi_flash: detected chip: mxic (opi)[0m
[0;32mI (266) spi_flash: flash io: opi_str[0m
[0;33mW (270) spi_flash: Detected size(32768k) larger than the size in the binary image header(2048k). Using the size in the binary image header.[0m
[0;32mI (282) sleep_gpio: Configure to isolate all GPIO pins in sleep state[0m
[0;32mI (288) sleep_gpio: Enable automatic switching of GPIO sleep configuration[0m
[0;32mI (295) main_task: Started on CPU0[0m
[0;32mI (305) main_task: Calling app_main()[0m
[0;32mI (305) FINGERPRINT: Fingerprint event handler registered[0m
[0;32mI (305) FINGERPRINT: Initializing fingerprint scanner...[0m
[0;32mI (315) gpio: GPIO[15]| InputEn: 1| OutputEn: 0| OpenDrain: 0| Pullup: 0| Pulldown: 1| Intr:1 [0m
[0;32mI (315) FINGERPRINT: Finger detection task started[0m
[0;32mI (325) FINGERPRINT: Fingerprint scanner initialized successfully with interrupt-based detection.[0m
[0;32mI (1485) FINGERPRINT: Fingerprint scanner initialized and waiting for a finger to be detected.[0m
[0;32mI (1485) main_task: Returned from app_main()[0m
[0;33mW (5535) FINGERPRINT: No complete packets found, returning NULL[0m
[0;33mW (5595) FINGERPRINT: No complete packets found, returning NULL[0m
[0;33mW (5655) FINGERPRINT: No complete packets found, returning NULL[0m
[0;33mW (5715) FINGERPRINT: No complete packets found, returning NULL[0m
[0;33mW (5775) FINGERPRINT: No complete packets found, returning NULL[0m
[0;33mW (5835) FINGERPRINT: No complete packets found, returning NULL[0m
[0;33mW (5895) FINGERPRINT: No complete packets found, returning NULL[0m
[0;33mW (5955) FINGERPRINT: No complete packets found, returning NULL[0m
[0;33mW (6015) FINGERPRINT: No complete packets found, returning NULL[0m
[0;33mW (6075) FINGERPRINT: No complete packets found, returning NULL[0m
[0;33mW (6135) FINGERPRINT: No complete packets found, returning NULL[0m
[0;33mW (6195) FINGERPRINT: No complete packets found, returning NULL[0m
[0;33mW (6255) FINGERPRINT: No complete packets found, returning NULL[0m
[0;33mW (6315) FINGERPRINT: No complete packets found, returning NULL[0m
[0;33mW (6375) FINGERPRINT: No complete packets found, returning NULL[0m
[0;33mW (6435) FINGERPRINT: No complete packets found, returning NULL[0m
[0;33mW (6495) FINGERPRINT: No complete packets found, returning NULL[0m
[0;33mW (6555) FINGERPRINT: No complete packets found, returning NULL[0m
[0;33mW (6615) FINGERPRINT: No complete packets found, returning NULL[0m
[0;33mW (6675) FINGERPRINT: No complete packets found, returning NULL[0m
[0;33mW (6735) FINGERPRINT: No complete packets found, returning NULL[0m
[0;33mW (6795) FINGERPRINT: No complete packets found, returning NULL[0m
[0;33mW (6855) FINGERPRINT: No complete packets found, returning NULL[0m
[0;33mW (6915) FINGERPRINT: No complete packets found, returning NULL[0m
[0;33mW (6975) FINGERPRINT: No complete packets found, returning NULL[0m
[0;33mW (7035) FINGERPRINT: No complete packets found, returning NULL[0m
[0;33mW (7095) FINGERPRINT: No complete packets found, returning NULL[0m
[0;33mW (7155) FINGERPRINT: No complete packets found, returning NULL[0m
[0;33mW (7215) FINGERPRINT: No complete packets found, returning NULL[0m
[0;33mW (7275) FINGERPRINT: No complete packets found, returning NULL[0m
[0;33mW (7335) FINGERPRINT: No complete packets found, returning NULL[0m
[0;33mW (7395) FINGERPRINT: No complete packets found, returning NULL[0m
[0;33mW (7455) FINGERPRINT: No complete packets found, returning NULL[0m
[0;33mW (7515) FINGERPRINT: No complete packets found, returning NULL[0m
[0;33mW (7575) FINGERPRINT: No complete packets found, returning NULL[0m
[0;33mW (7585) FINGERPRINT: Clearing stuck buffer with 1 bytes[0m
[0;32mI (11655) FINGERPRINT: Finger detected via interrupt![0m
[0;32mI (11655) FINGERPRINT: Processing fingerprint in mode: 0[0m
[0;33mW (11715) FINGERPRINT: No complete packets found, returning NULL[0m
[0;33mW (11775) FINGERPRINT: No complete packets found, returning NULL[0m
[0;32mI (11875) FINGERPRINT: Returning response with 1 packets[0m
[0;32mI (11875) FINGERPRINT: Command response packet: ID=0x07, Status=0x00[0m
[0;32mI (12025) FINGERPRINT: Returning response with 1 packets[0m
[0;32mI (12025) FINGERPRINT: Command response packet: ID=0x07, Status=0x00[0m
[0;33mW (12115) FINGERPRINT: Could not confirm finger presence after multiple attempts[0m
[0;32mI (12175) FINGERPRINT: Returning response with 1 packets[0m
[0;32mI (12175) FINGERPRINT: Command response packet: ID=0x07, Status=0x00[0m
[0;32mI (12935) FINGERPRINT: Finger detected via interrupt![0m
[0;32mI (12945) FINGERPRINT: Processing fingerprint in mode: 0[0m
[0;33mW (13035) FINGERPRINT: No complete packets found, returning NULL[0m
[0;33mW (13095) FINGERPRINT: No complete packets found, returning NULL[0m
[0;32mI (13195) FINGERPRINT: Returning response with 1 packets[0m
[0;32mI (13195) FINGERPRINT: Command response packet: ID=0x07, Status=0x02[0m
[0;33mW (13255) FINGERPRINT: No complete packets found, returning NULL[0m
[0;33mW (13315) FINGERPRINT: No complete packets found, returning NULL[0m
[0;33mW (13375) FINGERPRINT: No complete packets found, returning NULL[0m
[0;33mW (13435) FINGERPRINT: No complete packets found, returning NULL[0m
[0;33mW (13475) FINGERPRINT: Could not confirm finger presence after multiple attempts[0m
[0;32mI (13515) FINGERPRINT: Returning response with 1 packets[0m
[0;32mI (13515) FINGERPRINT: Command response packet: ID=0x07, Status=0x02[0m
