ESP-ROM:esp32s3-20210327
Build:Mar 27 2021
rst:0x1 (POWERON),boot:0x18 (SPI_FAST_FLASH_BOOT)
SPIWP:0xee
Octal Flash Mode Enabled
For OPI Flash, Use Default Flash Boot Mode
mode:SLOW_RD, clock div:1
load:0x3fce2810,len:0x15a0
load:0x403c8700,len:0x4
load:0x403c8704,len:0xd20
load:0x403cb700,len:0x2ee4
entry 0x403c8928
[0;32mI (33) boot: ESP-IDF v5.4-dirty 2nd stage bootloader[0m
[0;32mI (33) boot: compile time Mar  4 2025 16:14:42[0m
[0;32mI (33) boot: Multicore bootloader[0m
[0;32mI (34) boot: chip revision: v0.1[0m
[0;32mI (37) boot: efuse block revision: v1.2[0m
[0;32mI (40) boot.esp32s3: Boot SPI Speed : 80MHz[0m
[0;32mI (44) boot.esp32s3: SPI Mode       : SLOW READ[0m
[0;32mI (48) boot.esp32s3: SPI Flash Size : 2MB[0m
[0;32mI (52) boot: Enabling RNG early entropy source...[0m
[0;32mI (57) boot: Partition Table:[0m
[0;32mI (59) boot: ## Label            Usage          Type ST Offset   Length[0m
[0;32mI (66) boot:  0 nvs              WiFi data        01 02 00009000 00006000[0m
[0;32mI (72) boot:  1 phy_init         RF data          01 01 0000f000 00001000[0m
[0;32mI (79) boot:  2 factory          factory app      00 00 00010000 00100000[0m
[0;32mI (85) boot: End of partition table[0m
[0;32mI (88) esp_image: segment 0: paddr=00010020 vaddr=3c020020 size=0c058h ( 49240) map[0m
[0;32mI (107) esp_image: segment 1: paddr=0001c080 vaddr=3fc93400 size=02ae0h ( 10976) load[0m
[0;32mI (111) esp_image: segment 2: paddr=0001eb68 vaddr=40374000 size=014b0h (  5296) load[0m
[0;32mI (113) esp_image: segment 3: paddr=00020020 vaddr=42000020 size=1bf54h (114516) map[0m
[0;32mI (146) esp_image: segment 4: paddr=0003bf7c vaddr=403754b0 size=0de60h ( 56928) load[0m
[0;32mI (162) esp_image: segment 5: paddr=00049de4 vaddr=600fe100 size=0001ch (    28) load[0m
[0;32mI (168) boot: Loaded app from partition at offset 0x10000[0m
[0;32mI (168) boot: Disabling RNG early entropy source...[0m
[0;32mI (180) cpu_start: Multicore app[0m
[0;32mI (188) cpu_start: Pro cpu start user code[0m
[0;32mI (188) cpu_start: cpu freq: 160000000 Hz[0m
[0;32mI (188) app_init: Application information:[0m
[0;32mI (188) app_init: Project name:     fingerprint_scanner[0m
[0;32mI (193) app_init: App version:      4716798-dirty[0m
[0;32mI (198) app_init: Compile time:     Mar  6 2025 08:58:59[0m
[0;32mI (203) app_init: ELF file SHA256:  6b0917aca...[0m
[0;32mI (207) app_init: ESP-IDF:          v5.4-dirty[0m
[0;32mI (211) efuse_init: Min chip rev:     v0.0[0m
[0;32mI (215) efuse_init: Max chip rev:     v0.99 [0m
[0;32mI (219) efuse_init: Chip rev:         v0.1[0m
[0;32mI (223) heap_init: Initializing. RAM available for dynamic allocation:[0m
[0;32mI (229) heap_init: At 3FC967C0 len 00052F50 (331 KiB): RAM[0m
[0;32mI (234) heap_init: At 3FCE9710 len 00005724 (21 KiB): RAM[0m
[0;32mI (240) heap_init: At 3FCF0000 len 00008000 (32 KiB): DRAM[0m
[0;32mI (245) heap_init: At 600FE11C len 00001ECC (7 KiB): RTCRAM[0m
[0;33mW (251) spi_flash: Octal flash chip is using but dio mode is selected, will automatically switch to Octal mode[0m
[0;32mI (260) spi_flash: detected chip: mxic (opi)[0m
[0;32mI (264) spi_flash: flash io: opi_str[0m
[0;33mW (267) spi_flash: Detected size(32768k) larger than the size in the binary image header(2048k). Using the size in the binary image header.[0m
[0;32mI (279) sleep_gpio: Configure to isolate all GPIO pins in sleep state[0m
[0;32mI (286) sleep_gpio: Enable automatic switching of GPIO sleep configuration[0m
[0;32mI (293) main_task: Started on CPU0[0m
[0;32mI (303) main_task: Calling app_main()[0m
[0;32mI (303) gpio: GPIO[46]| InputEn: 0| OutputEn: 1| OpenDrain: 0| Pullup: 0| Pulldown: 0| Intr:0 [0m
[0;32mI (303) FINGERPRINT: Initializing fingerprint scanner...[0m
[0;33mW (513) FINGERPRINT: No handshake received, retrying...[0m
[0;33mW (913) FINGERPRINT: No handshake received, retrying...[0m
[0;33mW (1313) FINGERPRINT: No handshake received, retrying...[0m
[0;33mW (1713) FINGERPRINT: No handshake received, retrying...[0m
[0;33mW (2113) FINGERPRINT: No handshake received, retrying...[0m
[0;33mW (2513) FINGERPRINT: No handshake received, retrying...[0m
[0;33mW (2913) FINGERPRINT: No handshake received, retrying...[0m
[0;33mW (3313) FINGERPRINT: No handshake received, retrying...[0m
[0;33mW (3713) FINGERPRINT: No handshake received, retrying...[0m
[0;33mW (4113) FINGERPRINT: No handshake received, retrying...[0m
[0;33mW (4513) FINGERPRINT: No handshake received, retrying...[0m
[0;33mW (4913) FINGERPRINT: No handshake received, retrying...[0m
[0;33mW (5313) FINGERPRINT: No handshake received, retrying...[0m
[0;33mW (5713) FINGERPRINT: No handshake received, retrying...[0m
[0;33mW (6113) FINGERPRINT: No handshake received, retrying...[0m
[0;33mW (6513) FINGERPRINT: No handshake received, retrying...[0m
[0;33mW (6913) FINGERPRINT: No handshake received, retrying...[0m
[0;33mW (7313) FINGERPRINT: No handshake received, retrying...[0m
[0;33mW (7713) FINGERPRINT: No handshake received, retrying...[0m
[0;33mW (8113) FINGERPRINT: No handshake received, retrying...[0m
[0;33mW (8513) FINGERPRINT: No handshake received, retrying...[0m
[0;33mW (8913) FINGERPRINT: No handshake received, retrying...[0m
[0;33mW (9313) FINGERPRINT: No handshake received, retrying...[0m
[0;33mW (9713) FINGERPRINT: No handshake received, retrying...[0m
[0;33mW (10113) FINGERPRINT: No handshake received, retrying...[0m
[0;33mW (10513) FINGERPRINT: No handshake received, retrying...[0m
[0;33mW (10913) FINGERPRINT: No handshake received, retrying...[0m
[0;33mW (11313) FINGERPRINT: No handshake received, retrying...[0m
[0;33mW (11713) FINGERPRINT: No handshake received, retrying...[0m
[0;33mW (12113) FINGERPRINT: No handshake received, retrying...[0m
[0;33mW (12493) FINGERPRINT: No handshake received, retrying...[0m
[0;33mW (12693) FINGERPRINT: No handshake received, retrying...[0m
[0;33mW (12893) FINGERPRINT: No handshake received, retrying...[0m
[0;33mW (13093) FINGERPRINT: No handshake received, retrying...[0m
[0;32mI (13293) FINGERPRINT: Fingerprint module handshake received: 0x55[0m
[0;32mI (13293) FINGERPRINT: Fingerprint scanner initialized successfully.[0m
[1;31mE (13493) Fingerprint: Invalid packet length: 7[0m
[0;32mI (13493) Fingerprint: 00 fe 00 55 00 00 55[0m
[0;32mI (13493) Fingerprint: Triggering event: 5 for status: 0x01[0m
[1;31mE (13493) FINGERPRINT: An error occurred during fingerprint processing. Status: 0x01[0m
[1;31mE (13503) FINGERPRINT: Command: 0x00[0m
[0;32mI (13503) FINGERPRINT: Sent fingerprint command: 0x15 to address 0xFFFFFFFF[0m
[0;32mI (13513) Fingerprint sent command: : ef 01 ff ff ff ff 01 00 07 15 ff ff ff ff 04 19[0m
[0;32mI (13513) FINGERPRINT: Last sent command: 0x15[0m
[0;32mI (13753) Fingerprint: ef 01 ff ff ff ff 07 00 03 00 00 0a[0m
[0;32mI (13753) Fingerprint: Response read successfully: Command 0x00[0m
[0;32mI (13753) Fingerprint: Processing queued response: Confirmation code 0x00[0m
[0;32mI (13753) Fingerprint: Triggering event: 0 for status: 0x00[0m
[0;32mI (13763) FINGERPRINT: Finger detected! Status: 0x00[0m
[0;32mI (14523) FINGERPRINT: Attempting to send Get Image command...[0m
[0;32mI (14523) FINGERPRINT: Fingerprint scanner initialized and waiting for a finger to be detected.[0m
[0;32mI (14523) FINGERPRINT: Enrolling fingerprint...[0m
[0;32mI (14593) FINGERPRINT: Sent fingerprint command: 0x01 to address 0xFFFFFFFF[0m
[0;32mI (14593) FINGERPRINT: Sent fingerprint command: 0x31 to address 0xFFFFFFFF[0m
[0;32mI (14593) Fingerprint sent command: : ef 01 ff ff ff ff 01 00 03 01 00 05[0m
[0;32mI (14593) FINGERPRINT: Last sent command: 0x01[0m
[0;32mI (14603) FINGERPRINT: Get Image command sent successfully.[0m
[0;32mI (14603) Fingerprint sent command: : ef 01 ff ff ff ff 01 00 06 31 00 01 03 00 3c[0m
[0;32mI (14613) FINGERPRINT: Last sent command: 0x31[0m
[0;32mI (14613) FINGERPRINT: Enrollment process started for Fingerprint ID: 1[0m
[0;32mI (14623) main_task: Returned from app_main()[0m
[0;32mI (16603) FINGERPRINT: Attempting to send Get Image command...[0m
[0;32mI (16693) FINGERPRINT: Sent fingerprint command: 0x01 to address 0xFFFFFFFF[0m
[0;32mI (16693) Fingerprint sent command: : ef 01 ff ff ff ff 01 00 03 01 00 05[0m
[0;32mI (16693) FINGERPRINT: Last sent command: 0x01[0m
[0;32mI (16693) FINGERPRINT: Get Image command sent successfully.[0m
