ESP-ROM:esp32s3-20210327
Build:Mar 27 2021
rst:0x1 (POWERON),boot:0x18 (SPI_FAST_FLASH_BOOT)
SPIWP:0xee
Octal Flash Mode Enabled
For OPI Flash, Use Default Flash Boot Mode
mode:SLOW_RD, clock div:1
load:0x3fce2810,len:0x15a0
load:0x403c8700,len:0x4
load:0x403c8704,len:0xd20
load:0x403cb700,len:0x2ee4
entry 0x403c8928
[0;32mI (33) boot: ESP-IDF v5.4-dirty 2nd stage bootloader[0m
[0;32mI (33) boot: compile time Mar  4 2025 16:14:42[0m
[0;32mI (33) boot: Multicore bootloader[0m
[0;32mI (34) boot: chip revision: v0.1[0m
[0;32mI (37) boot: efuse block revision: v1.2[0m
[0;32mI (40) boot.esp32s3: Boot SPI Speed : 80MHz[0m
[0;32mI (44) boot.esp32s3: SPI Mode       : SLOW READ[0m
[0;32mI (48) boot.esp32s3: SPI Flash Size : 2MB[0m
[0;32mI (52) boot: Enabling RNG early entropy source...[0m
[0;32mI (57) boot: Partition Table:[0m
[0;32mI (59) boot: ## Label            Usage          Type ST Offset   Length[0m
[0;32mI (66) boot:  0 nvs              WiFi data        01 02 00009000 00006000[0m
[0;32mI (72) boot:  1 phy_init         RF data          01 01 0000f000 00001000[0m
[0;32mI (79) boot:  2 factory          factory app      00 00 00010000 00100000[0m
[0;32mI (85) boot: End of partition table[0m
[0;32mI (88) esp_image: segment 0: paddr=00010020 vaddr=3c020020 size=0daf8h ( 56056) map[0m
[0;32mI (109) esp_image: segment 1: paddr=0001db20 vaddr=3fc93900 size=024f8h (  9464) load[0m
[0;32mI (112) esp_image: segment 2: paddr=00020020 vaddr=42000020 size=1e9f0h (125424) map[0m
[0;32mI (142) esp_image: segment 3: paddr=0003ea18 vaddr=3fc95df8 size=010f8h (  4344) load[0m
[0;32mI (144) esp_image: segment 4: paddr=0003fb18 vaddr=40374000 size=0f8cch ( 63692) load[0m
[0;32mI (164) esp_image: segment 5: paddr=0004f3ec vaddr=600fe100 size=0001ch (    28) load[0m
[0;32mI (170) boot: Loaded app from partition at offset 0x10000[0m
[0;32mI (170) boot: Disabling RNG early entropy source...[0m
[0;32mI (182) cpu_start: Multicore app[0m
[0;32mI (190) cpu_start: Pro cpu start user code[0m
[0;32mI (190) cpu_start: cpu freq: 160000000 Hz[0m
[0;32mI (190) app_init: Application information:[0m
[0;32mI (191) app_init: Project name:     fingerprint_scanner[0m
[0;32mI (195) app_init: App version:      28a0d14-dirty[0m
[0;32mI (200) app_init: Compile time:     Mar 18 2025 14:53:21[0m
[0;32mI (205) app_init: ELF file SHA256:  907cca3f2...[0m
[0;32mI (209) app_init: ESP-IDF:          v5.4-dirty[0m
[0;32mI (213) efuse_init: Min chip rev:     v0.0[0m
[0;32mI (217) efuse_init: Max chip rev:     v0.99 [0m
[0;32mI (221) efuse_init: Chip rev:         v0.1[0m
[0;32mI (225) heap_init: Initializing. RAM available for dynamic allocation:[0m
[0;32mI (231) heap_init: At 3FC98C38 len 00050AD8 (322 KiB): RAM[0m
[0;32mI (236) heap_init: At 3FCE9710 len 00005724 (21 KiB): RAM[0m
[0;32mI (242) heap_init: At 3FCF0000 len 00008000 (32 KiB): DRAM[0m
[0;32mI (247) heap_init: At 600FE11C len 00001ECC (7 KiB): RTCRAM[0m
[0;33mW (253) spi_flash: Octal flash chip is using but dio mode is selected, will automatically switch to Octal mode[0m
[0;32mI (262) spi_flash: detected chip: mxic (opi)[0m
[0;32mI (266) spi_flash: flash io: opi_str[0m
[0;33mW (269) spi_flash: Detected size(32768k) larger than the size in the binary image header(2048k). Using the size in the binary image header.[0m
[0;32mI (281) sleep_gpio: Configure to isolate all GPIO pins in sleep state[0m
[0;32mI (288) sleep_gpio: Enable automatic switching of GPIO sleep configuration[0m
[0;32mI (295) main_task: Started on CPU0[0m
[0;32mI (305) main_task: Calling app_main()[0m
[0;32mI (305) FINGERPRINT: Initializing fingerprint scanner...[0m
[0;33mW (505) FINGERPRINT: No handshake received, retrying...[0m
[0;33mW (905) FINGERPRINT: No handshake received, retrying...[0m
[0;33mW (1305) FINGERPRINT: No handshake received, retrying...[0m
[0;33mW (1705) FINGERPRINT: No handshake received, retrying...[0m
[0;33mW (2105) FINGERPRINT: No handshake received, retrying...[0m
[0;33mW (2305) FINGERPRINT: No handshake received, retrying...[0m
[0;32mI (2505) FINGERPRINT: Fingerprint module handshake received: 0x55[0m
[0;32mI (2505) FINGERPRINT: Fingerprint scanner initialized successfully.[0m
[0;32mI (2705) FINGERPRINT: 00 55 00 55[0m
[0;33mW (2705) FINGERPRINT: No complete packets found, returning NULL[0m
[0;32mI (2955) FINGERPRINT: 55 ef 01 ff ff ff ff 07 00 03 00 00 0a[0m
[0;32mI (2955) FINGERPRINT: Returning response with 1 packets[0m
[0;32mI (2955) FINGERPRINT: Command response packet: ID=0x07, Status=0x00[0m
[0;32mI (3705) FINGERPRINT: Fingerprint scanner initialized and waiting for a finger to be detected.[0m
[0;32mI (4005) FINGERPRINT: ef 01 ff ff ff ff 07 00 23 00 0f 00 00 00 00 00[0m
[0;32mI (4005) FINGERPRINT: 00 00 00 00 00 00 00 00 00 00 00 00 00 00 00 00[0m
[0;32mI (4005) FINGERPRINT: 00 00 00 00 00 00 00 00 00 00 00 39[0m
[0;32mI (4005) FINGERPRINT: Returning response with 1 packets[0m
[0;32mI (4015) FINGERPRINT: Command response packet: ID=0x07, Status=0x00[0m
[0;32mI (4015) FINGERPRINT: Index table read successful. Status: 0x00[0m
[0;32mI (4025) Index Table Parameters: 0f 00 00 00 00 00 00 00 00 00 00 00 00 00 00 00[0m
[0;32mI (4035) Index Table Parameters: 00 00 00 00 00 00 00 00 00 00 00 00 00 00 00 00[0m
[0;32mI (4035) Index Table Parameters: 00 00 00 00 00 00 00 00 00 00 00 00 00 00 00 00[0m
[0;32mI (4045) Index Table Parameters: 00 00 00 00 00 00 00 00 00 00 00 00 00 00 00 00[0m
[0;32mI (4055) Index Table Parameters: 00 00 00 00 00 00 00 00 00 00 00 00 00 00 00 00[0m
[0;32mI (4055) Index Table Parameters: 00 00 00 00 00 00 00 00 00 00 00 00 00 00 00 00[0m
[0;32mI (4065) Index Table Parameters: 00 00 00 00 00 00 00 00 00 00 00 00 00 00 00 00[0m
[0;32mI (4075) Index Table Parameters: 00 00 00 00 00 00 00 00 00 00 00 00 00 00 00 00[0m
[0;32mI (4085) Index Table Parameters: 00 00 00 00 00 00 00 00 00 00 00 00 00 00 00 00[0m
[0;32mI (4085) Index Table Parameters: 00 00 00 00 00 00 00 00 00 00 00 00 00 00 00 00[0m
[0;32mI (4095) Index Table Parameters: 00 00 00 00 00 00 00 00 00 00 00 00 00 00 00 00[0m
[0;32mI (4105) Index Table Parameters: 00 00 00 00 00 00 00 00 00 00 00 00 00 00 00 00[0m
[0;32mI (4105) Index Table Parameters: 00 00 00 00 00 00 00 00 00 00 00 00 00 00 00 00[0m
[0;32mI (4115) Index Table Parameters: 00 00 00 00 00 00 00 00 00 00 00 00 00 00 00 00[0m
[0;32mI (4125) Index Table Parameters: 00 00 00 00 00 00 00 00 00 00 00 00 00 00 00 00[0m
[0;32mI (4125) Index Table Parameters: 00 00 00 00 00 00 00 00 00 00 00 00 00 00 00 00[0m
[1;31mE (4135) FINGERPRINT: Location 3 is already occupied[0m
[1;31mE (4145) FINGERPRINT: Fingeprint not enrolled![0m
[0;32mI (4145) FINGERPRINT: Starting fingerprint verification...[0m
[0;32mI (6155) FINGERPRINT: Please place your finger on the sensor...[0m
[0;32mI (6735) FINGERPRINT: ef 01 ff ff ff ff 07 00 03 00 00 0a[0m
[0;32mI (6735) FINGERPRINT: Returning response with 1 packets[0m
[0;32mI (6735) FINGERPRINT: Command response packet: ID=0x07, Status=0x00[0m
[0;32mI (6735) FINGERPRINT: Finger detected! Status: 0x00[0m
[0;32mI (6735) FINGERPRINT: Finger detected![0m
[0;32mI (7205) FINGERPRINT: ef 01 ff ff ff ff 07 00 03 00 00 0a[0m
[0;32mI (7205) FINGERPRINT: Returning response with 1 packets[0m
[0;32mI (7205) FINGERPRINT: Command response packet: ID=0x07, Status=0x00[0m
[0;32mI (7205) FINGERPRINT: Fingerprint features extracted successfully! Status: 0x00[0m
[0;32mI (7215) FINGERPRINT: Searching for fingerprint match...[0m
[0;32mI (7585) FINGERPRINT: ef 01 ff ff ff ff 07 00 07 00 00 01 00 15 00 24[0m
[0;32mI (7585) FINGERPRINT: Returning response with 1 packets[0m
[0;32mI (7585) FINGERPRINT: Command response packet: ID=0x07, Status=0x00[0m
[0;32mI (7585) FINGERPRINT: Fingerprint search successful. Status: 0x00[0m
[0;32mI (7595) FINGERPRINT: Match found at Enrollee ID: 1[0m
[0;32mI (7595) FINGERPRINT: Match score: 5376[0m
[0;32mI (7605) FINGERPRINT: Access granted - fingerprint verified![0m
[0;32mI (7815) FINGERPRINT: ef 01 ff ff ff ff 07 00 05 00 00 04 00 10[0m
[0;32mI (7815) FINGERPRINT: Returning response with 1 packets[0m
[0;32mI (7815) FINGERPRINT: Command response packet: ID=0x07, Status=0x00[0m
[0;32mI (7815) EVENT TEMPLATE COUNT: Number of valid templates: 4[0m
[0;32mI (7825) FINGERPRINT: Count of enrolled fingerprints sent successfully.[0m
[0;32mI (7825) FINGERPRINT: 1. Backing up template id 0x0004[0m
[0;32mI (7835) FINGERPRINT: Loading Template...[0m
[0;32mI (8035) FINGERPRINT: LoadChar command sent[0m
[0;32mI (8245) FINGERPRINT: ef 01 ff ff ff ff 07 00 03 00 00 0a[0m
[0;32mI (8245) FINGERPRINT: Returning response with 1 packets[0m
[0;32mI (8245) FINGERPRINT: Command response packet: ID=0x07, Status=0x00[0m
[0;32mI (8245) FINGERPRINT: Template loaded successfully. Status: 0x00[0m
[0;32mI (8255) FINGERPRINT: Loading Template Successful[0m
[0;32mI (8255) FINGERPRINT: Uploading Template...[0m
[0;32mI (8255) FINGERPRINT: Sending UpChar command for buffer 1[0m
[0;32mI (8465) FINGERPRINT: Waiting for template data transfer...[0m
[0;32mI (9975) FINGERPRINT: ef 01 ff ff ff ff 07 00 03 0d 00 17[0m
[0;32mI (9975) FINGERPRINT: Returning response with 1 packets[0m
[0;32mI (9975) FINGERPRINT: Command response packet: ID=0x07, Status=0x0D[0m
[0;32mI (9975) FINGERPRINT: Template accumulator initialized[0m
[0;32mI (9975) FINGERPRINT: Added packet ID=0x07 with calculated checksum 0x000A[0m
[0;32mI (12465) FINGERPRINT: Template upload should be complete[0m
[0;32mI (12465) FINGERPRINT: Template backup successful[0m
[0;32mI (12465) FINGERPRINT: Template backed up successfully.[0m
[0;32mI (12465) main_task: Returned from app_main()[0m
[0;32mI (16565) FINGERPRINT: 00 55 00 55[0m
[0;33mW (16565) FINGERPRINT: No complete packets found, returning NULL[0m
[0;33mW (18075) FINGERPRINT: No complete packets found, returning NULL[0m
[0;33mW (19585) FINGERPRINT: No complete packets found, returning NULL[0m
[0;33mW (19595) FINGERPRINT: Clearing stuck buffer with 1 bytes[0m
[0;32mI (60455) FINGERPRINT: 00 ff 55 00 00 fa 01 98 f6 55[0m
[0;33mW (60455) FINGERPRINT: No complete packets found, returning NULL[0m
[0;33mW (61965) FINGERPRINT: No complete packets found, returning NULL[0m
[0;33mW (63475) FINGERPRINT: No complete packets found, returning NULL[0m
[0;33mW (63485) FINGERPRINT: Clearing stuck buffer with 1 bytes[0m
[0;32mI (75435) FINGERPRINT: 00 55 00 55[0m
[0;33mW (75435) FINGERPRINT: No complete packets found, returning NULL[0m
[0;33mW (76945) FINGERPRINT: No complete packets found, returning NULL[0m
[0;33mW (78455) FINGERPRINT: No complete packets found, returning NULL[0m
[0;33mW (78465) FINGERPRINT: Clearing stuck buffer with 1 bytes[0m
[0;32mI (80165) FINGERPRINT: 00 ff 55[0m
[0;33mW (80165) FINGERPRINT: No complete packets found, returning NULL[0m
[0;33mW (81675) FINGERPRINT: No complete packets found, returning NULL[0m
[0;33mW (83185) FINGERPRINT: No complete packets found, returning NULL[0m
[0;33mW (83195) FINGERPRINT: Clearing stuck buffer with 1 bytes[0m
