ESP-ROM:esp32s3-20210327
Build:Mar 27 2021
rst:0x1 (POWERON),boot:0x3b (SPI_FAST_FLASH_BOOT)
SPIWP:0xee
Octal Flash Mode Enabled
For OPI Flash, Use Default Flash Boot Mode
mode:SLOW_RD, clock div:1
load:0x3fce2810,len:0x15a0
load:0x403c8700,len:0x4
load:0x403c8704,len:0xd20
load:0x403cb700,len:0x2ee4
entry 0x403c8928
[0;32mI (33) boot: ESP-IDF v5.4-dirty 2nd stage bootloader[0m
[0;32mI (33) boot: compile time Mar 20 2025 11:43:23[0m
[0;32mI (33) boot: Multicore bootloader[0m
[0;32mI (34) boot: chip revision: v0.1[0m
[0;32mI (37) boot: efuse block revision: v1.2[0m
[0;32mI (40) boot.esp32s3: Boot SPI Speed : 80MHz[0m
[0;32mI (44) boot.esp32s3: SPI Mode       : SLOW READ[0m
[0;32mI (48) boot.esp32s3: SPI Flash Size : 2MB[0m
[0;32mI (52) boot: Enabling RNG early entropy source...[0m
[0;32mI (57) boot: Partition Table:[0m
[0;32mI (59) boot: ## Label            Usage          Type ST Offset   Length[0m
[0;32mI (66) boot:  0 nvs              WiFi data        01 02 00009000 00006000[0m
[0;32mI (72) boot:  1 phy_init         RF data          01 01 0000f000 00001000[0m
[0;32mI (79) boot:  2 factory          factory app      00 00 00010000 00100000[0m
[0;32mI (85) boot: End of partition table[0m
[0;32mI (88) esp_image: segment 0: paddr=00010020 vaddr=3c020020 size=0e4a0h ( 58528) map[0m
[0;32mI (110) esp_image: segment 1: paddr=0001e4c8 vaddr=3fc94000 size=01b50h (  6992) load[0m
[0;32mI (112) esp_image: segment 2: paddr=00020020 vaddr=42000020 size=1f0fch (127228) map[0m
[0;32mI (143) esp_image: segment 3: paddr=0003f124 vaddr=3fc95b50 size=019a0h (  6560) load[0m
[0;32mI (145) esp_image: segment 4: paddr=00040acc vaddr=40374000 size=0ff1ch ( 65308) load[0m
[0;32mI (165) esp_image: segment 5: paddr=000509f0 vaddr=600fe100 size=0001ch (    28) load[0m
[0;32mI (172) boot: Loaded app from partition at offset 0x10000[0m
[0;32mI (172) boot: Disabling RNG early entropy source...[0m
[0;32mI (183) cpu_start: Multicore app[0m
[0;32mI (192) cpu_start: Pro cpu start user code[0m
[0;32mI (192) cpu_start: cpu freq: 160000000 Hz[0m
[0;32mI (192) app_init: Application information:[0m
[0;32mI (192) app_init: Project name:     fingerprint_scanner[0m
[0;32mI (197) app_init: App version:      06a89e0-dirty[0m
[0;32mI (201) app_init: Compile time:     Mar 27 2025 13:30:24[0m
[0;32mI (206) app_init: ELF file SHA256:  4245f5219...[0m
[0;32mI (211) app_init: ESP-IDF:          v5.4-dirty[0m
[0;32mI (215) efuse_init: Min chip rev:     v0.0[0m
[0;32mI (219) efuse_init: Max chip rev:     v0.99 [0m
[0;32mI (223) efuse_init: Chip rev:         v0.1[0m
[0;32mI (227) heap_init: Initializing. RAM available for dynamic allocation:[0m
[0;32mI (233) heap_init: At 3FC9D2E8 len 0004C428 (305 KiB): RAM[0m
[0;32mI (238) heap_init: At 3FCE9710 len 00005724 (21 KiB): RAM[0m
[0;32mI (243) heap_init: At 3FCF0000 len 00008000 (32 KiB): DRAM[0m
[0;32mI (248) heap_init: At 600FE11C len 00001ECC (7 KiB): RTCRAM[0m
[0;33mW (254) spi_flash: Octal flash chip is using but dio mode is selected, will automatically switch to Octal mode[0m
[0;32mI (264) spi_flash: detected chip: mxic (opi)[0m
[0;32mI (267) spi_flash: flash io: opi_str[0m
[0;33mW (271) spi_flash: Detected size(32768k) larger than the size in the binary image header(2048k). Using the size in the binary image header.[0m
[0;32mI (283) sleep_gpio: Configure to isolate all GPIO pins in sleep state[0m
[0;32mI (289) sleep_gpio: Enable automatic switching of GPIO sleep configuration[0m
[0;32mI (296) main_task: Started on CPU0[0m
[0;32mI (306) main_task: Calling app_main()[0m
[0;32mI (306) FINGERPRINT: Fingerprint event handler registered[0m
[0;32mI (306) FINGERPRINT: Initializing fingerprint scanner...[0m
[0;32mI (316) gpio: GPIO[15]| InputEn: 1| OutputEn: 0| OpenDrain: 0| Pullup: 0| Pulldown: 1| Intr:1 [0m
[0;32mI (316) FINGERPRINT: Fingerprint scanner initialized successfully with interrupt-based detection.[0m
[0;32mI (1566) FINGERPRINT: Fingerprint scanner initialized and waiting for a finger to be detected.[0m
[0;32mI (1566) FINGERPRINT: Starting fingerprint verification...[0m
[0;32mI (3706) FINGERPRINT: Please place your finger on the sensor...[0m
[0;32mI (4416) FINGERPRINT: Fingerprint features extracted successfully! Status: 0x00[0m
[0;32mI (4686) FINGERPRINT: Search returned success but match score is 0, waiting for more responses[0m
[1;31mE (4736) FINGERPRINT: Fingerprint mismatch. Status: 0x09[0m
[0;33mW (5396) FINGERPRINT: No match found, attempt 1 of 3[0m
[0;32mI (6616) FINGERPRINT: Please place your finger on the sensor...[0m
[0;32mI (6676) FINGERPRINT: Fingerprint features extracted successfully! Status: 0x00[0m
[0;32mI (6946) FINGERPRINT: Search returned success but match score is 0, waiting for more responses[0m
[1;31mE (6996) FINGERPRINT: Fingerprint mismatch. Status: 0x09[0m
[0;33mW (7666) FINGERPRINT: No match found, attempt 2 of 3[0m
[0;32mI (8816) FINGERPRINT: Please place your finger on the sensor...[0m
[0;33mW (8916) FINGERPRINT: Could not take finger detection mutex, skipping[0m
[0;32mI (9166) FINGERPRINT: Finger detected! Status: 0x00[0m
[1;31mE (9486) FINGERPRINT: Fingerprint mismatch. Status: 0x09[0m
[0;32mI (10116) FINGERPRINT: Fingerprint verification successful![0m
[0;32mI (10116) FINGERPRINT: Access granted - fingerprint verified![0m
[0;32mI (10536) FINGERPRINT: Count of enrolled fingerprints sent successfully.[0m
[0;32mI (10536) FINGERPRINT: 1. Backing up template id 0x0000[0m
[0;32mI (10536) FINGERPRINT: 0. Backing up template id 0x0000[0m
[0;32mI (10536) FINGERPRINT: LoadChar command sent[0m
[0;32mI (10586) EVENT TEMPLATE COUNT: Number of valid templates: 2[0m
[0;32mI (10856) FINGERPRINT: Loading Template Successful[0m
[0;32mI (10856) FINGERPRINT: Uploading Template...[0m
[0;32mI (10856) FINGERPRINT: Created new template accumulator[0m
[0;32mI (10856) FINGERPRINT: Sending UpChar command for buffer 1[0m
[0;32mI (10856) FINGERPRINT: Waiting for template data transfer...[0m
[0;32mI (10906) FINGERPRINT: Template loaded successfully. Status: 0x00[0m
[0;32mI (13896) FINGERPRINT: Packet 0: ID=0x02, Address=0xFFFFFFFF, Length=7[0m
[0;32mI (13896) FINGERPRINT: Packet 1: ID=0x02, Address=0xFFFFFFFF, Length=258[0m
[0;32mI (13896) FINGERPRINT: Packet 2: ID=0x02, Address=0xFFFFFFFF, Length=258[0m
[0;32mI (13896) FINGERPRINT: Packet 3: ID=0x02, Address=0xFFFFFFFF, Length=258[0m
[0;32mI (13906) FINGERPRINT: Packet 4: ID=0x02, Address=0xFFFFFFFF, Length=258[0m
[0;32mI (13916) FINGERPRINT: Packet 5: ID=0x02, Address=0xFFFFFFFF, Length=258[0m
[0;32mI (13916) FINGERPRINT: Packet 6: ID=0x02, Address=0xFFFFFFFF, Length=258[0m
[0;32mI (13926) FINGERPRINT: Packet 7: ID=0x02, Address=0xFFFFFFFF, Length=258[0m
[0;32mI (13936) FINGERPRINT: Packet 8: ID=0x02, Address=0xFFFFFFFF, Length=258[0m
[0;32mI (13936) FINGERPRINT: Found FOOF marker at position 2044[0m
[0;32mI (13946) FINGERPRINT: Packet 9: ID=0x02, Address=0xFFFFFFFF, Length=258[0m
[0;32mI (13946) FINGERPRINT: Packet 10: ID=0x02, Address=0xFFFFFFFF, Length=258[0m
[0;32mI (13956) FINGERPRINT: Packet 11: ID=0x02, Address=0xFFFFFFFF, Length=258[0m
[0;32mI (13966) FINGERPRINT: Packet 12: ID=0x02, Address=0xFFFFFFFF, Length=258[0m
[0;32mI (13966) FINGERPRINT: Packet 13: ID=0x02, Address=0xFFFFFFFF, Length=258[0m
[0;32mI (13976) FINGERPRINT: Packet 14: ID=0x02, Address=0xFFFFFFFF, Length=258[0m
[0;32mI (13986) FINGERPRINT: Packet 15: ID=0x02, Address=0xFFFFFFFF, Length=258[0m
[0;32mI (13996) FINGERPRINT: Packet 16: ID=0x02, Address=0xFFFFFFFF, Length=258[0m
[0;32mI (13996) FINGERPRINT: Found FOOF marker at position 4073[0m
[0;32mI (13996) FINGERPRINT: Packet 17: ID=0x02, Address=0xFFFFFFFF, Length=258[0m
[0;32mI (14006) FINGERPRINT: Packet 18: ID=0x02, Address=0xFFFFFFFF, Length=258[0m
[0;32mI (14016) FINGERPRINT: Packet 19: ID=0x02, Address=0xFFFFFFFF, Length=258[0m
[0;32mI (14016) FINGERPRINT: Packet 20: ID=0x02, Address=0xFFFFFFFF, Length=258[0m
[0;32mI (14026) FINGERPRINT: Packet 21: ID=0x02, Address=0xFFFFFFFF, Length=258[0m
[0;32mI (14036) FINGERPRINT: Packet 22: ID=0x02, Address=0xFFFFFFFF, Length=258[0m
[0;32mI (14036) FINGERPRINT: Packet 23: ID=0x02, Address=0xFFFFFFFF, Length=258[0m
[0;32mI (14046) FINGERPRINT: Found FOOF marker at position 6091[0m
[0;32mI (14046) FINGERPRINT: Packet 24: ID=0x02, Address=0xFFFFFFFF, Length=258[0m
[0;32mI (14056) FINGERPRINT: Packet 25: ID=0x02, Address=0xFFFFFFFF, Length=258[0m
[0;32mI (14066) FINGERPRINT: Packet 26: ID=0x02, Address=0xFFFFFFFF, Length=258[0m
[0;32mI (14066) FINGERPRINT: Packet 27: ID=0x02, Address=0xFFFFFFFF, Length=258[0m
[0;32mI (14076) FINGERPRINT: Packet 28: ID=0x02, Address=0xFFFFFFFF, Length=258[0m
[0;32mI (14086) FINGERPRINT: Packet 29: ID=0x02, Address=0xFFFFFFFF, Length=258[0m
[0;32mI (14086) FINGERPRINT: Packet 30: ID=0x02, Address=0xFFFFFFFF, Length=258[0m
[0;32mI (14096) FINGERPRINT: Found packet ID=0x08 at position 8038, Length=79[0m
[0;32mI (14106) FINGERPRINT: Found FOOF marker at position 8120[0m
[0;32mI (14106) FINGERPRINT: Copied 8124 bytes to template buffer[0m
[0;32mI (14216) FINGERPRINT: Accumulator state: data=0x0, size=0, complete=0[0m
[1;31mE (14216) FINGERPRINT: No template data received despite success status[0m
[0;33mW (14216) FINGERPRINT: Finger presence check failed on attempt 1[0m
[1;31mE (14216) FINGERPRINT: Failed to backup template.[0m
[0;32mI (14226) main_task: Returned from app_main()[0m
[0;33mW (14746) FINGERPRINT: Could not confirm finger presence after multiple attempts[0m
[0;33mW (17826) FINGERPRINT: Could not confirm finger presence after multiple attempts[0m
[0;33mW (21796) FINGERPRINT: Could not confirm finger presence after multiple attempts[0m
[0;33mW (23646) FINGERPRINT: Could not confirm finger presence after multiple attempts[0m
