ESP-ROM:esp32s3-20210327
Build:Mar 27 2021
rst:0x1 (POWERON),boot:0x3b (SPI_FAST_FLASH_BOOT)
SPIWP:0xee
Octal Flash Mode Enabled
For OPI Flash, Use Default Flash Boot Mode
mode:SLOW_RD, clock div:1
load:0x3fce2810,len:0x15a0
load:0x403c8700,len:0x4
load:0x403c8704,len:0xd20
load:0x403cb700,len:0x2ee4
entry 0x403c8928
[0;32mI (33) boot: ESP-IDF v5.4-dirty 2nd stage bootloader[0m
[0;32mI (33) boot: compile time Mar 20 2025 11:43:23[0m
[0;32mI (33) boot: Multicore bootloader[0m
[0;32mI (34) boot: chip revision: v0.1[0m
[0;32mI (37) boot: efuse block revision: v1.2[0m
[0;32mI (40) boot.esp32s3: Boot SPI Speed : 80MHz[0m
[0;32mI (44) boot.esp32s3: SPI Mode       : SLOW READ[0m
[0;32mI (48) boot.esp32s3: SPI Flash Size : 2MB[0m
[0;32mI (52) boot: Enabling RNG early entropy source...[0m
[0;32mI (57) boot: Partition Table:[0m
[0;32mI (59) boot: ## Label            Usage          Type ST Offset   Length[0m
[0;32mI (66) boot:  0 nvs              WiFi data        01 02 00009000 00006000[0m
[0;32mI (72) boot:  1 phy_init         RF data          01 01 0000f000 00001000[0m
[0;32mI (79) boot:  2 factory          factory app      00 00 00010000 00100000[0m
[0;32mI (85) boot: End of partition table[0m
[0;32mI (88) esp_image: segment 0: paddr=00010020 vaddr=3c020020 size=0e030h ( 57392) map[0m
[0;32mI (109) esp_image: segment 1: paddr=0001e058 vaddr=3fc93f00 size=01fc0h (  8128) load[0m
[0;32mI (112) esp_image: segment 2: paddr=00020020 vaddr=42000020 size=1ede8h (126440) map[0m
[0;32mI (143) esp_image: segment 3: paddr=0003ee10 vaddr=3fc95ec0 size=01530h (  5424) load[0m
[0;32mI (145) esp_image: segment 4: paddr=00040348 vaddr=40374000 size=0fe30h ( 65072) load[0m
[0;32mI (165) esp_image: segment 5: paddr=00050180 vaddr=600fe100 size=0001ch (    28) load[0m
[0;32mI (171) boot: Loaded app from partition at offset 0x10000[0m
[0;32mI (171) boot: Disabling RNG early entropy source...[0m
[0;32mI (183) cpu_start: Multicore app[0m
[0;32mI (191) cpu_start: Pro cpu start user code[0m
[0;32mI (191) cpu_start: cpu freq: 160000000 Hz[0m
[0;32mI (191) app_init: Application information:[0m
[0;32mI (192) app_init: Project name:     fingerprint_scanner[0m
[0;32mI (196) app_init: App version:      06a89e0-dirty[0m
[0;32mI (201) app_init: Compile time:     Mar 27 2025 13:30:24[0m
[0;32mI (206) app_init: ELF file SHA256:  c4d1e9662...[0m
[0;32mI (210) app_init: ESP-IDF:          v5.4-dirty[0m
[0;32mI (214) efuse_init: Min chip rev:     v0.0[0m
[0;32mI (218) efuse_init: Max chip rev:     v0.99 [0m
[0;32mI (222) efuse_init: Chip rev:         v0.1[0m
[0;32mI (226) heap_init: Initializing. RAM available for dynamic allocation:[0m
[0;32mI (232) heap_init: At 3FC9D1E8 len 0004C528 (305 KiB): RAM[0m
[0;32mI (237) heap_init: At 3FCE9710 len 00005724 (21 KiB): RAM[0m
[0;32mI (243) heap_init: At 3FCF0000 len 00008000 (32 KiB): DRAM[0m
[0;32mI (248) heap_init: At 600FE11C len 00001ECC (7 KiB): RTCRAM[0m
[0;33mW (254) spi_flash: Octal flash chip is using but dio mode is selected, will automatically switch to Octal mode[0m
[0;32mI (263) spi_flash: detected chip: mxic (opi)[0m
[0;32mI (267) spi_flash: flash io: opi_str[0m
[0;33mW (270) spi_flash: Detected size(32768k) larger than the size in the binary image header(2048k). Using the size in the binary image header.[0m
[0;32mI (282) sleep_gpio: Configure to isolate all GPIO pins in sleep state[0m
[0;32mI (289) sleep_gpio: Enable automatic switching of GPIO sleep configuration[0m
[0;32mI (296) main_task: Started on CPU0[0m
[0;32mI (306) main_task: Calling app_main()[0m
[0;32mI (306) FINGERPRINT: Fingerprint event handler registered[0m
[0;32mI (306) FINGERPRINT: Initializing fingerprint scanner...[0m
[0;32mI (316) gpio: GPIO[15]| InputEn: 1| OutputEn: 0| OpenDrain: 0| Pullup: 0| Pulldown: 1| Intr:1 [0m
[0;32mI (316) FINGERPRINT: Fingerprint scanner initialized successfully with interrupt-based detection.[0m
[0;32mI (1566) FINGERPRINT: Fingerprint scanner initialized and waiting for a finger to be detected.[0m
[0;32mI (1896) FINGERPRINT: Starting fingerprint verification...[0m
[0;32mI (1946) FINGERPRINT: Fingerprint template deleted successfully. Status: 0x00[0m
[0;32mI (4026) FINGERPRINT: Please place your finger on the sensor...[0m
[0;32mI (7306) FINGERPRINT: Fingerprint features extracted successfully! Status: 0x00[0m
[0;32mI (7576) FINGERPRINT: Search returned success but match score is 0, waiting for more responses[0m
[1;31mE (7626) FINGERPRINT: Fingerprint mismatch. Status: 0x09[0m
[0;33mW (8256) FINGERPRINT: No match found, attempt 1 of 3[0m
[0;32mI (9446) FINGERPRINT: Please place your finger on the sensor...[0m
[0;32mI (10136) FINGERPRINT: Fingerprint features extracted successfully! Status: 0x00[0m
[0;32mI (10406) FINGERPRINT: Search returned success but match score is 0, waiting for more responses[0m
[1;31mE (10456) FINGERPRINT: Fingerprint mismatch. Status: 0x09[0m
[0;33mW (11086) FINGERPRINT: No match found, attempt 2 of 3[0m
[0;32mI (12276) FINGERPRINT: Please place your finger on the sensor...[0m
[0;32mI (12626) FINGERPRINT: Fingerprint features extracted successfully! Status: 0x00[0m
[0;32mI (12896) FINGERPRINT: Search returned success but match score is 0, waiting for more responses[0m
[1;31mE (12946) FINGERPRINT: Fingerprint mismatch. Status: 0x09[0m
[0;33mW (13576) FINGERPRINT: No match found, attempt 3 of 3[0m
[1;31mE (14576) FINGERPRINT: Verification failed after 3 attempts[0m
[1;31mE (14576) FINGERPRINT: Access denied - fingerprint not recognized[0m
[0;32mI (15036) FINGERPRINT: Count of enrolled fingerprints sent successfully.[0m
[0;32mI (15036) FINGERPRINT: Information page read successfully[0m
[0;32mI (15036) main_task: Returned from app_main()[0m
[0;32mI (15086) EVENT TEMPLATE COUNT: Number of valid templates: 2[0m
[0;32mI (15356) FINGERPRINT: Packet 0: ID=0x02, Address=0xFFFFFFFF, Length=258[0m
[0;32mI (15356) FINGERPRINT: Found packet ID=0x08 at position 279, Length=258[0m
[0;32mI (15356) FINGERPRINT: Setting success bit for info page completion[0m
[0;32mI (15366) FINGERPRINT: Added 0x08 packet to response at index 4[0m
[0;32mI (15366) Final 0x08 packet data: 00 00 00 00 00 00 00 00 00 00 00 00 00 00 00 00[0m
[0;32mI (15376) Final 0x08 packet data: 00 00 00 00 00 00 00 00 00 00 00 00 00 00 00 00[0m
[0;32mI (15376) FINGERPRINT: Added packet ID=0x02 with calculated checksum 0x165F[0m
[0;32mI (15386) FINGERPRINT: Added packet ID=0x08 with calculated checksum 0x0033[0m
[0;32mI (15396) FINGERPRINT: Added packet ID=0x07 with calculated checksum 0x000A[0m
[0;32mI (15396) FINGERPRINT: Last sent command: 0x16[0m
[0;32mI (15456) FINGERPRINT: Information page read successfully. Status: 0x00[0m
[0;32mI (15456) FINGERPRINT: Packet ID read successfully. Status: 0x07[0m
[0;32mI (15456) FINGERPRINT: Packet length read successfully. Status: 0x03[0m
ESP-ROM:esp32s3-20210327
Build:Mar 27 2021
rst:0x1 (POWERON),boot:0x3b (SPI_FAST_FLASH_BOOT)
SPIWP:0xee
Octal Flash Mode Enabled
For OPI Flash, Use Default Flash Boot Mode
mode:SLOW_RD, clock div:1
load:0x3fce2810,len:0x15a0
load:0x403c8700,len:0x4
load:0x403c8704,len:0xd20
load:0x403cb700,len:0x2ee4
entry 0x403c8928
[0;32mI (33) boot: ESP-IDF v5.4-dirty 2nd stage bootloader[0m
[0;32mI (33) boot: compile time Mar 20 2025 11:43:23[0m
[0;32mI (33) boot: Multicore bootloader[0m
[0;32mI (34) boot: chip revision: v0.1[0m
[0;32mI (37) boot: efuse block revision: v1.2[0m
[0;32mI (40) boot.esp32s3: Boot SPI Speed : 80MHz[0m
[0;32mI (44) boot.esp32s3: SPI Mode       : SLOW READ[0m
[0;32mI (48) boot.esp32s3: SPI Flash Size : 2MB[0m
[0;32mI (52) boot: Enabling RNG early entropy source...[0m
[0;32mI (57) boot: Partition Table:[0m
[0;32mI (59) boot: ## Label            Usage          Type ST Offset   Length[0m
[0;32mI (66) boot:  0 nvs              WiFi data        01 02 00009000 00006000[0m
[0;32mI (72) boot:  1 phy_init         RF data          01 01 0000f000 00001000[0m
[0;32mI (79) boot:  2 factory          factory app      00 00 00010000 00100000[0m
[0;32mI (85) boot: End of partition table[0m
[0;32mI (88) esp_image: segment 0: paddr=00010020 vaddr=3c020020 size=0e030h ( 57392) map[0m
[0;32mI (109) esp_image: segment 1: paddr=0001e058 vaddr=3fc93f00 size=01fc0h (  8128) load[0m
[0;32mI (112) esp_image: segment 2: paddr=00020020 vaddr=42000020 size=1ede8h (126440) map[0m
[0;32mI (143) esp_image: segment 3: paddr=0003ee10 vaddr=3fc95ec0 size=01530h (  5424) load[0m
[0;32mI (145) esp_image: segment 4: paddr=00040348 vaddr=40374000 size=0fe30h ( 65072) load[0m
[0;32mI (165) esp_image: segment 5: paddr=00050180 vaddr=600fe100 size=0001ch (    28) load[0m
[0;32mI (171) boot: Loaded app from partition at offset 0x10000[0m
[0;32mI (171) boot: Disabling RNG early entropy source...[0m
[0;32mI (183) cpu_start: Multicore app[0m
[0;32mI (191) cpu_start: Pro cpu start user code[0m
[0;32mI (191) cpu_start: cpu freq: 160000000 Hz[0m
[0;32mI (191) app_init: Application information:[0m
[0;32mI (192) app_init: Project name:     fingerprint_scanner[0m
[0;32mI (196) app_init: App version:      06a89e0-dirty[0m
[0;32mI (201) app_init: Compile time:     Mar 27 2025 13:30:24[0m
[0;32mI (206) app_init: ELF file SHA256:  c4d1e9662...[0m
[0;32mI (210) app_init: ESP-IDF:          v5.4-dirty[0m
[0;32mI (214) efuse_init: Min chip rev:     v0.0[0m
[0;32mI (218) efuse_init: Max chip rev:     v0.99 [0m
[0;32mI (222) efuse_init: Chip rev:         v0.1[0m
[0;32mI (226) heap_init: Initializing. RAM available for dynamic allocation:[0m
[0;32mI (232) heap_init: At 3FC9D1E8 len 0004C528 (305 KiB): RAM[0m
[0;32mI (237) heap_init: At 3FCE9710 len 00005724 (21 KiB): RAM[0m
[0;32mI (243) heap_init: At 3FCF0000 len 00008000 (32 KiB): DRAM[0m
[0;32mI (248) heap_init: At 600FE11C len 00001ECC (7 KiB): RTCRAM[0m
[0;33mW (254) spi_flash: Octal flash chip is using but dio mode is selected, will automatically switch to Octal mode[0m
[0;32mI (263) spi_flash: detected chip: mxic (opi)[0m
[0;32mI (267) spi_flash: flash io: opi_str[0m
[0;33mW (270) spi_flash: Detected size(32768k) larger than the size in the binary image header(2048k). Using the size in the binary image header.[0m
[0;32mI (282) sleep_gpio: Configure to isolate all GPIO pins in sleep state[0m
[0;32mI (289) sleep_gpio: Enable automatic switching of GPIO sleep configuration[0m
[0;32mI (296) main_task: Started on CPU0[0m
[0;32mI (306) main_task: Calling app_main()[0m
[0;32mI (306) FINGERPRINT: Fingerprint event handler registered[0m
[0;32mI (306) FINGERPRINT: Initializing fingerprint scanner...[0m
[0;32mI (316) gpio: GPIO[15]| InputEn: 1| OutputEn: 0| OpenDrain: 0| Pullup: 0| Pulldown: 1| Intr:1 [0m
[0;32mI (316) FINGERPRINT: Fingerprint scanner initialized successfully with interrupt-based detection.[0m
[0;32mI (1566) FINGERPRINT: Fingerprint scanner initialized and waiting for a finger to be detected.[0m
[0;32mI (1896) FINGERPRINT: Starting fingerprint verification...[0m
[0;32mI (1946) FINGERPRINT: Fingerprint template deleted successfully. Status: 0x00[0m
[0;32mI (4026) FINGERPRINT: Please place your finger on the sensor...[0m
[0;32mI (8606) FINGERPRINT: Fingerprint features extracted successfully! Status: 0x00[0m
[0;32mI (8876) FINGERPRINT: Search returned success but match score is 0, waiting for more responses[0m
[1;31mE (8926) FINGERPRINT: Fingerprint mismatch. Status: 0x09[0m
[0;33mW (9556) FINGERPRINT: No match found, attempt 1 of 3[0m
[0;32mI (10926) FINGERPRINT: Please place your finger on the sensor...[0m
[0;33mW (11206) FINGERPRINT: Finger presence check failed on attempt 1[0m
[0;33mW (11796) FINGERPRINT: Finger presence check failed on attempt 2[0m
[0;32mI (12476) FINGERPRINT: Fingerprint features extracted successfully! Status: 0x00[0m
[0;32mI (12746) FINGERPRINT: Search returned success but match score is 0, waiting for more responses[0m
[1;31mE (12796) FINGERPRINT: Fingerprint mismatch. Status: 0x09[0m
[0;33mW (13426) FINGERPRINT: No match found, attempt 2 of 3[0m
[0;32mI (14776) FINGERPRINT: Please place your finger on the sensor...[0m
[0;33mW (15056) FINGERPRINT: Finger presence check failed on attempt 1[0m
[0;33mW (15646) FINGERPRINT: Finger presence check failed on attempt 2[0m
[0;33mW (16236) FINGERPRINT: Finger presence check failed on attempt 3[0m
[0;33mW (16336) FINGERPRINT: Could not confirm finger presence after multiple attempts[0m
[0;32mI (16906) FINGERPRINT: Fingerprint features extracted successfully! Status: 0x00[0m
[0;32mI (17176) FINGERPRINT: Search returned success but match score is 0, waiting for more responses[0m
[1;31mE (17226) FINGERPRINT: Fingerprint mismatch. Status: 0x09[0m
[0;33mW (17876) FINGERPRINT: No match found, attempt 3 of 3[0m
[1;31mE (18876) FINGERPRINT: Verification failed after 3 attempts[0m
[1;31mE (18876) FINGERPRINT: Access denied - fingerprint not recognized[0m
[0;32mI (19316) FINGERPRINT: Count of enrolled fingerprints sent successfully.[0m
[0;32mI (19316) FINGERPRINT: Information page read successfully[0m
[0;32mI (19316) main_task: Returned from app_main()[0m
[0;32mI (19366) EVENT TEMPLATE COUNT: Number of valid templates: 2[0m
[0;32mI (19636) FINGERPRINT: Packet 0: ID=0x02, Address=0xFFFFFFFF, Length=258[0m
[0;32mI (19696) FINGERPRINT: Fingerprint features extracted successfully! Status: 0x00[0m
[0;33mW (21396) FINGERPRINT: Finger presence check failed on attempt 1[0m
[0;33mW (21986) FINGERPRINT: Finger presence check failed on attempt 2[0m
[0;33mW (23096) FINGERPRINT: Finger presence check failed on attempt 3[0m
[0;33mW (23196) FINGERPRINT: Could not confirm finger presence after multiple attempts[0m
[0;33mW (23816) FINGERPRINT: Finger presence check failed on attempt 1[0m
[0;33mW (24546) FINGERPRINT: Finger presence check failed on attempt 2[0m
[0;33mW (25306) FINGERPRINT: Finger presence check failed on attempt 3[0m
[0;33mW (25406) FINGERPRINT: Could not confirm finger presence after multiple attempts[0m
ESP-ROM:esp32s3-20210327
Build:Mar 27 2021
rst:0x1 (POWERON),boot:0x38 (SPI_FAST_FLASH_BOOT)
SPIWP:0xee
Octal Flash Mode Enabled
For OPI Flash, Use Default Flash Boot Mode
mode:SLOW_RD, clock div:1
load:0x3fce2810,len:0x15a0
load:0x403c8700,len:0x4
load:0x403c8704,len:0xd20
load:0x403cb700,len:0x2ee4
entry 0x403c8928
[0;32mI (33) boot: ESP-IDF v5.4-dirty 2nd stage bootloader[0m
[0;32mI (33) boot: compile time Mar 20 2025 11:43:23[0m
[0;32mI (33) boot: Multicore bootloader[0m
[0;32mI (34) boot: chip revision: v0.1[0m
[0;32mI (37) boot: efuse block revision: v1.2[0m
[0;32mI (40) boot.esp32s3: Boot SPI Speed : 80MHz[0m
[0;32mI (44) boot.esp32s3: SPI Mode       : SLOW READ[0m
[0;32mI (48) boot.esp32s3: SPI Flash Size : 2MB[0m
[0;32mI (52) boot: Enabling RNG early entropy source...[0m
[0;32mI (57) boot: Partition Table:[0m
[0;32mI (59) boot: ## Label            Usage          Type ST Offset   Length[0m
[0;32mI (66) boot:  0 nvs              WiFi data        01 02 00009000 00006000[0m
[0;32mI (72) boot:  1 phy_init         RF data          01 01 0000f000 00001000[0m
[0;32mI (79) boot:  2 factory          factory app      00 00 00010000 00100000[0m
[0;32mI (85) boot: End of partition table[0m
[0;32mI (88) esp_image: segment 0: paddr=00010020 vaddr=3c020020 size=0e030h ( 57392) map[0m
[0;32mI (109) esp_image: segment 1: paddr=0001e058 vaddr=3fc93f00 size=01fc0h (  8128) load[0m
[0;32mI (112) esp_image: segment 2: paddr=00020020 vaddr=42000020 size=1ede8h (126440) map[0m
[0;32mI (143) esp_image: segment 3: paddr=0003ee10 vaddr=3fc95ec0 size=01530h (  5424) load[0m
[0;32mI (145) esp_image: segment 4: paddr=00040348 vaddr=40374000 size=0fe30h ( 65072) load[0m
[0;32mI (165) esp_image: segment 5: paddr=00050180 vaddr=600fe100 size=0001ch (    28) load[0m
[0;32mI (171) boot: Loaded app from partition at offset 0x10000[0m
[0;32mI (171) boot: Disabling RNG early entropy source...[0m
[0;32mI (183) cpu_start: Multicore app[0m
[0;32mI (191) cpu_start: Pro cpu start user code[0m
[0;32mI (191) cpu_start: cpu freq: 160000000 Hz[0m
[0;32mI (191) app_init: Application information:[0m
[0;32mI (192) app_init: Project name:     fingerprint_scanner[0m
[0;32mI (196) app_init: App version:      06a89e0-dirty[0m
[0;32mI (201) app_init: Compile time:     Mar 27 2025 13:30:24[0m
[0;32mI (206) app_init: ELF file SHA256:  c4d1e9662...[0m
[0;32mI (210) app_init: ESP-IDF:          v5.4-dirty[0m
[0;32mI (214) efuse_init: Min chip rev:     v0.0[0m
[0;32mI (218) efuse_init: Max chip rev:     v0.99 [0m
[0;32mI (222) efuse_init: Chip rev:         v0.1[0m
[0;32mI (226) heap_init: Initializing. RAM available for dynamic allocation:[0m
[0;32mI (232) heap_init: At 3FC9D1E8 len 0004C528 (305 KiB): RAM[0m
[0;32mI (237) heap_init: At 3FCE9710 len 00005724 (21 KiB): RAM[0m
[0;32mI (243) heap_init: At 3FCF0000 len 00008000 (32 KiB): DRAM[0m
[0;32mI (248) heap_init: At 600FE11C len 00001ECC (7 KiB): RTCRAM[0m
[0;33mW (254) spi_flash: Octal flash chip is using but dio mode is selected, will automatically switch to Octal mode[0m
[0;32mI (263) spi_flash: detected chip: mxic (opi)[0m
[0;32mI (267) spi_flash: flash io: opi_str[0m
[0;33mW (270) spi_flash: Detected size(32768k) larger than the size in the binary image header(2048k). Using the size in the binary image header.[0m
[0;32mI (282) sleep_gpio: Configure to isolate all GPIO pins in sleep state[0m
[0;32mI (289) sleep_gpio: Enable automatic switching of GPIO sleep configuration[0m
[0;32mI (296) main_task: Started on CPU0[0m
[0;32mI (306) main_task: Calling app_main()[0m
[0;32mI (306) FINGERPRINT: Fingerprint event handler registered[0m
[0;32mI (306) FINGERPRINT: Initializing fingerprint scanner...[0m
[0;32mI (316) gpio: GPIO[15]| InputEn: 1| OutputEn: 0| OpenDrain: 0| Pullup: 0| Pulldown: 1| Intr:1 [0m
[0;32mI (316) FINGERPRINT: Fingerprint scanner initialized successfully with interrupt-based detection.[0m
[0;32mI (1566) FINGERPRINT: Fingerprint scanner initialized and waiting for a finger to be detected.[0m
[0;32mI (1896) FINGERPRINT: Starting fingerprint verification...[0m
[0;32mI (1946) FINGERPRINT: Fingerprint template deleted successfully. Status: 0x00[0m
[0;32mI (4026) FINGERPRINT: Please place your finger on the sensor...[0m
[0;32mI (5536) FINGERPRINT: Fingerprint features extracted successfully! Status: 0x00[0m
[0;32mI (5806) FINGERPRINT: Search returned success but match score is 0, waiting for more responses[0m
[1;31mE (5856) FINGERPRINT: Fingerprint mismatch. Status: 0x09[0m
[0;33mW (6506) FINGERPRINT: No match found, attempt 1 of 3[0m
[0;32mI (7676) FINGERPRINT: Please place your finger on the sensor...[0m
[0;32mI (8026) FINGERPRINT: Fingerprint features extracted successfully! Status: 0x00[0m
[0;32mI (8296) FINGERPRINT: Search returned success but match score is 0, waiting for more responses[0m
[1;31mE (8346) FINGERPRINT: Fingerprint mismatch. Status: 0x09[0m
[0;33mW (8976) FINGERPRINT: No match found, attempt 2 of 3[0m
[0;32mI (9476) FINGERPRINT: Fingerprint features extracted successfully! Status: 0x00[0m
[0;32mI (9796) FINGERPRINT: Fingerprint features extracted successfully! Status: 0x00[0m
[0;32mI (10056) FINGERPRINT: Please place your finger on the sensor...[0m
[0;33mW (11306) FINGERPRINT: Finger presence check failed on attempt 1[0m
[0;32mI (11956) FINGERPRINT: Fingerprint features extracted successfully! Status: 0x00[0m
[0;32mI (12226) FINGERPRINT: Search returned success but match score is 0, waiting for more responses[0m
[1;31mE (12276) FINGERPRINT: Fingerprint mismatch. Status: 0x09[0m
[0;33mW (12946) FINGERPRINT: No match found, attempt 3 of 3[0m
[0;32mI (13406) FINGERPRINT: Fingerprint features extracted successfully! Status: 0x00[0m
[0;32mI (13726) FINGERPRINT: Fingerprint features extracted successfully! Status: 0x00[0m
[1;31mE (13946) FINGERPRINT: Verification failed after 3 attempts[0m
[1;31mE (13946) FINGERPRINT: Access denied - fingerprint not recognized[0m
[0;32mI (14256) FINGERPRINT: Count of enrolled fingerprints sent successfully.[0m
[0;32mI (14256) FINGERPRINT: Information page read successfully[0m
[0;32mI (14256) main_task: Returned from app_main()[0m
[0;32mI (14306) FINGERPRINT: Fingerprint features extracted successfully! Status: 0x00[0m
[0;32mI (14716) FINGERPRINT: Packet 0: ID=0x02, Address=0xFFFFFFFF, Length=258[0m
[0;32mI (14716) FINGERPRINT: Found packet ID=0x08 at position 303, Length=258[0m
[0;32mI (14716) FINGERPRINT: Setting success bit for info page completion[0m
[0;32mI (14726) FINGERPRINT: Added 0x08 packet to response at index 6[0m
[0;32mI (14726) Final 0x08 packet data: 00 00 00 00 00 00 00 00 00 00 00 00 00 00 00 00[0m
[0;32mI (14736) Final 0x08 packet data: 00 00 00 00 00 00 00 00 00 00 00 00 00 00 00 00[0m
[0;32mI (14736) FINGERPRINT: Added packet ID=0x02 with calculated checksum 0x165F[0m
[0;32mI (14746) FINGERPRINT: Added packet ID=0x08 with calculated checksum 0x0033[0m
[0;32mI (14756) FINGERPRINT: Added packet ID=0x07 with calculated checksum 0x000A[0m
[0;32mI (14756) FINGERPRINT: Last sent command: 0x16[0m
[0;32mI (14816) FINGERPRINT: Information page read successfully. Status: 0x00[0m
[0;32mI (14816) FINGERPRINT: Packet ID read successfully. Status: 0x07[0m
[0;32mI (14816) FINGERPRINT: Packet length read successfully. Status: 0x03[0m
[0;33mW (19846) FINGERPRINT: Finger presence check failed on attempt 1[0m
[0;33mW (20436) FINGERPRINT: Finger presence check failed on attempt 2[0m
[0;33mW (21026) FINGERPRINT: Finger presence check failed on attempt 3[0m
[0;33mW (21126) FINGERPRINT: Could not confirm finger presence after multiple attempts[0m
