ESP-ROM:esp32s3-20210327
Build:Mar 27 2021
rst:0x1 (POWERON),boot:0x18 (SPI_FAST_FLASH_BOOT)
SPIWP:0xee
Octal Flash Mode Enabled
For OPI Flash, Use Default Flash Boot Mode
mode:SLOW_RD, clock div:1
load:0x3fce2810,len:0x15a0
load:0x403c8700,len:0x4
load:0x403c8704,len:0xd20
load:0x403cb700,len:0x2ee4
entry 0x403c8928
[0;32mI (33) boot: ESP-IDF v5.4-dirty 2nd stage bootloader[0m
[0;32mI (33) boot: compile time Mar  4 2025 16:14:42[0m
[0;32mI (33) boot: Multicore bootloader[0m
[0;32mI (34) boot: chip revision: v0.1[0m
[0;32mI (37) boot: efuse block revision: v1.2[0m
[0;32mI (40) boot.esp32s3: Boot SPI Speed : 80MHz[0m
[0;32mI (44) boot.esp32s3: SPI Mode       : SLOW READ[0m
[0;32mI (48) boot.esp32s3: SPI Flash Size : 2MB[0m
[0;32mI (52) boot: Enabling RNG early entropy source...[0m
[0;32mI (57) boot: Partition Table:[0m
[0;32mI (59) boot: ## Label            Usage          Type ST Offset   Length[0m
[0;32mI (66) boot:  0 nvs              WiFi data        01 02 00009000 00006000[0m
[0;32mI (72) boot:  1 phy_init         RF data          01 01 0000f000 00001000[0m
[0;32mI (79) boot:  2 factory          factory app      00 00 00010000 00100000[0m
[0;32mI (85) boot: End of partition table[0m
[0;32mI (88) esp_image: segment 0: paddr=00010020 vaddr=3c020020 size=0cc78h ( 52344) map[0m
[0;32mI (108) esp_image: segment 1: paddr=0001cca0 vaddr=3fc93900 size=03378h ( 13176) load[0m
[0;32mI (112) esp_image: segment 2: paddr=00020020 vaddr=42000020 size=1cf04h (118532) map[0m
[0;32mI (140) esp_image: segment 3: paddr=0003cf2c vaddr=3fc96c78 size=00d48h (  3400) load[0m
[0;32mI (141) esp_image: segment 4: paddr=0003dc7c vaddr=40374000 size=0f8cch ( 63692) load[0m
[0;32mI (161) esp_image: segment 5: paddr=0004d550 vaddr=600fe100 size=0001ch (    28) load[0m
[0;32mI (168) boot: Loaded app from partition at offset 0x10000[0m
[0;32mI (168) boot: Disabling RNG early entropy source...[0m
[0;32mI (179) cpu_start: Multicore app[0m
[0;32mI (188) cpu_start: Pro cpu start user code[0m
[0;32mI (188) cpu_start: cpu freq: 160000000 Hz[0m
[0;32mI (188) app_init: Application information:[0m
[0;32mI (188) app_init: Project name:     fingerprint_scanner[0m
[0;32mI (193) app_init: App version:      13c7f7f-dirty[0m
[0;32mI (198) app_init: Compile time:     Mar 13 2025 08:22:29[0m
[0;32mI (203) app_init: ELF file SHA256:  90743b7d5...[0m
[0;32mI (207) app_init: ESP-IDF:          v5.4-dirty[0m
[0;32mI (211) efuse_init: Min chip rev:     v0.0[0m
[0;32mI (215) efuse_init: Max chip rev:     v0.99 [0m
[0;32mI (219) efuse_init: Chip rev:         v0.1[0m
[0;32mI (223) heap_init: Initializing. RAM available for dynamic allocation:[0m
[0;32mI (229) heap_init: At 3FC982A8 len 00051468 (325 KiB): RAM[0m
[0;32mI (234) heap_init: At 3FCE9710 len 00005724 (21 KiB): RAM[0m
[0;32mI (239) heap_init: At 3FCF0000 len 00008000 (32 KiB): DRAM[0m
[0;32mI (245) heap_init: At 600FE11C len 00001ECC (7 KiB): RTCRAM[0m
[0;33mW (250) spi_flash: Octal flash chip is using but dio mode is selected, will automatically switch to Octal mode[0m
[0;32mI (260) spi_flash: detected chip: mxic (opi)[0m
[0;32mI (264) spi_flash: flash io: opi_str[0m
[0;33mW (267) spi_flash: Detected size(32768k) larger than the size in the binary image header(2048k). Using the size in the binary image header.[0m
[0;32mI (279) sleep_gpio: Configure to isolate all GPIO pins in sleep state[0m
[0;32mI (286) sleep_gpio: Enable automatic switching of GPIO sleep configuration[0m
[0;32mI (292) main_task: Started on CPU0[0m
[0;32mI (302) main_task: Calling app_main()[0m
[0;32mI (302) FINGERPRINT: Initializing fingerprint scanner...[0m
[0;33mW (502) FINGERPRINT: No handshake received, retrying...[0m
[0;33mW (902) FINGERPRINT: No handshake received, retrying...[0m
[0;33mW (1302) FINGERPRINT: No handshake received, retrying...[0m
[0;33mW (1702) FINGERPRINT: No handshake received, retrying...[0m
[0;33mW (2062) FINGERPRINT: No handshake received, retrying...[0m
[0;32mI (2262) FINGERPRINT: Fingerprint module handshake received: 0x55[0m
[0;32mI (2262) FINGERPRINT: Fingerprint scanner initialized successfully.[0m
[0;32mI (2712) FINGERPRINT: Upload starting[0m
[0;32mI (3462) FINGERPRINT: Fingerprint scanner initialized and waiting for a finger to be detected.[0m
[0;32mI (3762) FINGERPRINT: Upload starting[0m
[0;32mI (3762) FINGERPRINT: Index table read successful. Status: 0x00[0m
[0;32mI (3762) Index Table Parameters: 01 00 00 00 00 00 00 00 00 00 00 00 00 00 00 00[0m
[0;32mI (3762) Index Table Parameters: 00 00 00 00 00 00 00 00Guru Meditation Error: Core  0 panic'ed (LoadProhibited). Exception was unhandled.[0m

Core  0 register dump:
PC      : 0x4037cc1e  PS      : 0x00060033  A0      : 0x8037be92  A1      : 0x3fc96030  
A2      : 0x00000000  A3      : 0x0000015c  A4      : 0x00088000  A5      : 0x00d40000  
A6      : 0x00000000  A7      : 0x0000015c  A8      : 0x00060a30  A9      : 0x3fc96000  
A10     : 0x00000001  A11     : 0xffffffff  A12     : 0x8037b467  A13     : 0x00060023  
A14     : 0x3fc9be1c  A15     : 0x0000cdcd  SAR     : 0x00000012  EXCCAUSE: 0x0000001c  
EXCVADDR: 0x00060a34  LBEG    : 0x400556d5  LEND    : 0x400556e5  LCOUNT  : 0xfffffff3  


Backtrace: 0x4037cc1b:0x3fc96030 0x4037be8f:0x3fc96050 0x4037bf11:0x3fc96070 0x40377349:0x3fc96090 0x4200689e:0x3fca1c50 0x4200774b:0x3fca1c80 0x4200ab02:0x3fca1ca0 0x42011f1a:0x3fca1cc0 0x4200a4f8:0x3fca1ce0 0x4200ab02:0x3fca1d00 0x42011962:0x3fca1d20 0x42011219:0x3fca1d40 0x4201126a:0x3fca1d60 0x42011869:0x3fca1d80 0x420155bf:0x3fca1db0 0x42014fc6:0x3fca1dd0 0x420119d9:0x3fca20f0 0x4201cea2:0x3fca2120 0x4038177d:0x3fca2150 0x420104aa:0x3fca21a0 0x420104cd:0x3fca21f0 0x4200b863:0x3fca2240 0x4200c391:0x3fca2260 0x4200d06f:0x3fca24b0 0x4200d1e5:0x3fca2930 0x4037b5fd:0x3fca2b80




ELF file SHA256: 90743b7d5

Rebooting...
ï¿½ï¿½ï¿½ESP-ROM:esp32s3-20210327
Build:Mar 27 2021
rst:0xc (RTC_SW_CPU_RST),boot:0x18 (SPI_FAST_FLASH_BOOT)
Saved PC:0x40375b1c
SPIWP:0xee
Octal Flash Mode Enabled
For OPI Flash, Use Default Flash Boot Mode
mode:SLOW_RD, clock div:1
load:0x3fce2810,len:0x15a0
load:0x403c8700,len:0x4
load:0x403c8704,len:0xd20
load:0x403cb700,len:0x2ee4
entry 0x403c8928
[0;32mI (37) boot: ESP-IDF v5.4-dirty 2nd stage bootloader[0m
[0;32mI (38) boot: compile time Mar  4 2025 16:14:42[0m
[0;32mI (38) boot: Multicore bootloader[0m
[0;32mI (38) boot: chip revision: v0.1[0m
[0;32mI (41) boot: efuse block revision: v1.2[0m
[0;32mI (45) boot.esp32s3: Boot SPI Speed : 80MHz[0m
[0;32mI (49) boot.esp32s3: SPI Mode       : SLOW READ[0m
[0;32mI (53) boot.esp32s3: SPI Flash Size : 2MB[0m
[0;32mI (57) boot: Enabling RNG early entropy source...[0m
[0;32mI (61) boot: Partition Table:[0m
[0;32mI (64) boot: ## Label            Usage          Type ST Offset   Length[0m
[0;32mI (70) boot:  0 nvs              WiFi data        01 02 00009000 00006000[0m
[0;32mI (77) boot:  1 phy_init         RF data          01 01 0000f000 00001000[0m
[0;32mI (83) boot:  2 factory          factory app      00 00 00010000 00100000[0m
[0;32mI (90) boot: End of partition table[0m
[0;32mI (93) esp_image: segment 0: paddr=00010020 vaddr=3c020020 size=0cc78h ( 52344) map[0m
[0;32mI (113) esp_image: segment 1: paddr=0001cca0 vaddr=3fc93900 size=03378h ( 13176) load[0m
[0;32mI (116) esp_image: segment 2: paddr=00020020 vaddr=42000020 size=1cf04h (118532) map[0m
[0;32mI (144) esp_image: segment 3: paddr=0003cf2c vaddr=3fc96c78 size=00d48h (  3400) load[0m
[0;32mI (146) esp_image: segment 4: paddr=0003dc7c vaddr=40374000 size=0f8cch ( 63692) load[0m
[0;32mI (166) esp_image: segment 5: paddr=0004d550 vaddr=600fe100 size=0001ch (    28) load[0m
[0;32mI (172) boot: Loaded app from partition at offset 0x10000[0m
[0;32mI (173) boot: Disabling RNG early entropy source...[0m
[0;32mI (184) cpu_start: Multicore app[0m
[0;32mI (193) cpu_start: Pro cpu start user code[0m
[0;32mI (193) cpu_start: cpu freq: 160000000 Hz[0m
[0;32mI (193) app_init: Application information:[0m
[0;32mI (193) app_init: Project name:     fingerprint_scanner[0m
[0;32mI (198) app_init: App version:      13c7f7f-dirty[0m
[0;32mI (202) app_init: Compile time:     Mar 13 2025 08:22:29[0m
[0;32mI (207) app_init: ELF file SHA256:  90743b7d5...[0m
[0;32mI (211) app_init: ESP-IDF:          v5.4-dirty[0m
[0;32mI (216) efuse_init: Min chip rev:     v0.0[0m
[0;32mI (219) efuse_init: Max chip rev:     v0.99 [0m
[0;32mI (223) efuse_init: Chip rev:         v0.1[0m
[0;32mI (227) heap_init: Initializing. RAM available for dynamic allocation:[0m
[0;32mI (234) heap_init: At 3FC982A8 len 00051468 (325 KiB): RAM[0m
[0;32mI (239) heap_init: At 3FCE9710 len 00005724 (21 KiB): RAM[0m
[0;32mI (244) heap_init: At 3FCF0000 len 00008000 (32 KiB): DRAM[0m
[0;32mI (249) heap_init: At 600FE11C len 00001ECC (7 KiB): RTCRAM[0m
[0;33mW (255) spi_flash: Octal flash chip is using but dio mode is selected, will automatically switch to Octal mode[0m
[0;32mI (264) spi_flash: detected chip: mxic (opi)[0m
[0;32mI (268) spi_flash: flash io: opi_str[0m
[0;33mW (271) spi_flash: Detected size(32768k) larger than the size in the binary image header(2048k). Using the size in the binary image header.[0m
[0;32mI (284) sleep_gpio: Configure to isolate all GPIO pins in sleep state[0m
[0;32mI (290) sleep_gpio: Enable automatic switching of GPIO sleep configuration[0m
[0;32mI (297) main_task: Started on CPU0[0m
[0;32mI (307) main_task: Calling app_main()[0m
[0;32mI (307) FINGERPRINT: Initializing fingerprint scanner...[0m
[0;33mW (507) FINGERPRINT: No handshake received, retrying...[0m
[0;33mW (907) FINGERPRINT: No handshake received, retrying...[0m
[0;33mW (1307) FINGERPRINT: No handshake received, retrying...[0m
[0;33mW (1707) FINGERPRINT: No handshake received, retrying...[0m
[0;33mW (2107) FINGERPRINT: No handshake received, retrying...[0m
[0;33mW (2507) FINGERPRINT: No handshake received, retrying...[0m
[0;33mW (2907) FINGERPRINT: No handshake received, retrying...[0m
[0;33mW (3307) FINGERPRINT: No handshake received, retrying...[0m
