ESP-ROM:esp32s3-20210327
Build:Mar 27 2021
rst:0x1 (POWERON),boot:0x18 (SPI_FAST_FLASH_BOOT)
SPIWP:0xee
Octal Flash Mode Enabled
For OPI Flash, Use Default Flash Boot Mode
mode:SLOW_RD, clock div:1
load:0x3fce2810,len:0x15a0
load:0x403c8700,len:0x4
load:0x403c8704,len:0xd20
load:0x403cb700,len:0x2ee4
entry 0x403c8928
[0;32mI (33) boot: ESP-IDF v5.4-dirty 2nd stage bootloader[0m
[0;32mI (33) boot: compile time Mar 20 2025 11:43:23[0m
[0;32mI (33) boot: Multicore bootloader[0m
[0;32mI (34) boot: chip revision: v0.1[0m
[0;32mI (37) boot: efuse block revision: v1.2[0m
[0;32mI (40) boot.esp32s3: Boot SPI Speed : 80MHz[0m
[0;32mI (44) boot.esp32s3: SPI Mode       : SLOW READ[0m
[0;32mI (48) boot.esp32s3: SPI Flash Size : 2MB[0m
[0;32mI (52) boot: Enabling RNG early entropy source...[0m
[0;32mI (57) boot: Partition Table:[0m
[0;32mI (59) boot: ## Label            Usage          Type ST Offset   Length[0m
[0;32mI (66) boot:  0 nvs              WiFi data        01 02 00009000 00006000[0m
[0;32mI (72) boot:  1 phy_init         RF data          01 01 0000f000 00001000[0m
[0;32mI (79) boot:  2 factory          factory app      00 00 00010000 00100000[0m
[0;32mI (85) boot: End of partition table[0m
[0;32mI (88) esp_image: segment 0: paddr=00010020 vaddr=3c020020 size=0e610h ( 58896) map[0m
[0;32mI (110) esp_image: segment 1: paddr=0001e638 vaddr=3fc93a00 size=019e0h (  6624) load[0m
[0;32mI (112) esp_image: segment 2: paddr=00020020 vaddr=42000020 size=1f348h (127816) map[0m
[0;32mI (143) esp_image: segment 3: paddr=0003f370 vaddr=3fc953e0 size=01d30h (  7472) load[0m
[0;32mI (146) esp_image: segment 4: paddr=000410a8 vaddr=40374000 size=0f9e4h ( 63972) load[0m
[0;32mI (165) esp_image: segment 5: paddr=00050a94 vaddr=600fe100 size=0001ch (    28) load[0m
[0;32mI (171) boot: Loaded app from partition at offset 0x10000[0m
[0;32mI (172) boot: Disabling RNG early entropy source...[0m
[0;32mI (183) cpu_start: Multicore app[0m
[0;32mI (192) cpu_start: Pro cpu start user code[0m
[0;32mI (192) cpu_start: cpu freq: 160000000 Hz[0m
[0;32mI (192) app_init: Application information:[0m
[0;32mI (192) app_init: Project name:     fingerprint_scanner[0m
[0;32mI (197) app_init: App version:      c661cd6-dirty[0m
[0;32mI (201) app_init: Compile time:     Mar 24 2025 10:46:30[0m
[0;32mI (206) app_init: ELF file SHA256:  19e418e47...[0m
[0;32mI (211) app_init: ESP-IDF:          v5.4-dirty[0m
[0;32mI (215) efuse_init: Min chip rev:     v0.0[0m
[0;32mI (219) efuse_init: Max chip rev:     v0.99 [0m
[0;32mI (223) efuse_init: Chip rev:         v0.1[0m
[0;32mI (226) heap_init: Initializing. RAM available for dynamic allocation:[0m
[0;32mI (233) heap_init: At 3FC98E88 len 00050888 (322 KiB): RAM[0m
[0;32mI (238) heap_init: At 3FCE9710 len 00005724 (21 KiB): RAM[0m
[0;32mI (243) heap_init: At 3FCF0000 len 00008000 (32 KiB): DRAM[0m
[0;32mI (248) heap_init: At 600FE11C len 00001ECC (7 KiB): RTCRAM[0m
[0;33mW (254) spi_flash: Octal flash chip is using but dio mode is selected, will automatically switch to Octal mode[0m
[0;32mI (263) spi_flash: detected chip: mxic (opi)[0m
[0;32mI (267) spi_flash: flash io: opi_str[0m
[0;33mW (270) spi_flash: Detected size(32768k) larger than the size in the binary image header(2048k). Using the size in the binary image header.[0m
[0;32mI (283) sleep_gpio: Configure to isolate all GPIO pins in sleep state[0m
[0;32mI (289) sleep_gpio: Enable automatic switching of GPIO sleep configuration[0m
[0;32mI (296) main_task: Started on CPU0[0m
[0;32mI (306) main_task: Calling app_main()[0m
[0;32mI (306) FINGERPRINT: Fingerprint event handler registered[0m
[0;32mI (306) FINGERPRINT: Initializing fingerprint scanner...[0m
[0;32mI (316) gpio: GPIO[15]| InputEn: 1| OutputEn: 0| OpenDrain: 0| Pullup: 0| Pulldown: 1| Intr:1 [0m
[0;32mI (316) FINGERPRINT: Finger detection task started[0m
[0;32mI (326) FINGERPRINT: Fingerprint scanner initialized successfully with interrupt-based detection.[0m
[0;33mW (556) FINGERPRINT: No complete packets found, returning NULL[0m
[0;32mI (806) FINGERPRINT: Returning response with 1 packets[0m
[0;32mI (806) FINGERPRINT: Command response packet: ID=0x07, Status=0x00[0m
[0;32mI (806) Status Event Handler: Status: 0[0m
[0;32mI (1556) FINGERPRINT: Fingerprint scanner initialized and waiting for a finger to be detected.[0m
[0;32mI (1556) FINGERPRINT: Checking if location 0 is available (page 0, position 0)[0m
[0;32mI (1856) FINGERPRINT: Returning response with 1 packets[0m
[0;32mI (1856) FINGERPRINT: Command response packet: ID=0x07, Status=0x00[0m
[0;32mI (1856) Status Event Handler: Status: 0[0m
[0;32mI (1856) FINGERPRINT: Checking template at position 0 (byte 0, bit 0)[0m
[0;33mW (1856) FINGERPRINT: Template exists at position 0[0m
[0;32mI (1866) FINGERPRINT: Index table read successful. Status: 0x00[0m
[0;32mI (1876) Index Table Parameters: 01 00 00 00 00 00 00 00 00 00 00 00 00 00 00 00[0m
[0;32mI (1876) Index Table Parameters: 00 00 00 00 00 00 00 00 00 00 00 00 00 00 00 00[0m
[0;32mI (1886) Index Table Parameters: 00 00 00 00 00 00 00 00 00 00 00 00 00 00 00 00[0m
[0;32mI (1896) Index Table Parameters: 00 00 00 00 00 00 00 00 00 00 00 00 00 00 00 00[0m
[0;32mI (1896) Index Table Parameters: 00 00 00 00 00 00 00 00 00 00 00 00 00 00 00 00[0m
[0;32mI (1906) Index Table Parameters: 00 00 00 00 00 00 00 00 00 00 00 00 00 00 00 00[0m
[0;32mI (1916) Index Table Parameters: 00 00 00 00 00 00 00 00 00 00 00 00 00 00 00 00[0m
[0;32mI (1916) Index Table Parameters: 00 00 00 00 00 00 00 00 00 00 00 00 00 00 00 00[0m
[0;32mI (1926) Index Table Parameters: 00 00 00 00 00 00 00 00 00 00 00 00 00 00 00 00[0m
[0;32mI (1936) Index Table Parameters: 00 00 00 00 00 00 00 00 00 00 00 00 00 00 00 00[0m
[0;32mI (1946) Index Table Parameters: 00 00 00 00 00 00 00 00 00 00 00 00 00 00 00 00[0m
[0;32mI (1946) Index Table Parameters: 00 00 00 00 00 00 00 00 00 00 00 00 00 00 00 00[0m
[0;32mI (1956) Index Table Parameters: 00 00 00 00 00 00 00 00 00 00 00 00 00 00 00 00[0m
[0;32mI (1966) Index Table Parameters: 00 00 00 00 00 00 00 00 00 00 00 00 00 00 00 00[0m
[0;32mI (1966) Index Table Parameters: 00 00 00 00 00 00 00 00 00 00 00 00 00 00 00 00[0m
[0;32mI (1976) Index Table Parameters: 00 00 00 00 00 00 00 00 00 00 00 00 00 00 00 00[0m
[1;31mE (1986) FINGERPRINT: Location 0 is already occupied[0m
[0;32mI (1986) FINGERPRINT: Fingerprint operation mode set to 0[0m
[0;32mI (1996) FINGERPRINT: Finger detected via interrupt![0m
[0;32mI (1996) FINGERPRINT: Processing fingerprint in mode: 0[0m
[1;31mE (2006) FINGERPRINT: Fingeprint not enrolled![0m
[0;32mI (2006) FINGERPRINT: Starting fingerprint verification...[0m
[0;33mW (2206) FINGERPRINT: No complete packets found, returning NULL[0m
[0;32mI (2856) FINGERPRINT: Returning response with 1 packets[0m
[0;32mI (2856) FINGERPRINT: Command response packet: ID=0x07, Status=0x02[0m
[0;32mI (2856) Status Event Handler: Status: 2[0m
[0;32mI (3126) FINGERPRINT: Returning response with 1 packets[0m
[0;32mI (3126) FINGERPRINT: Command response packet: ID=0x07, Status=0x02[0m
[0;32mI (3126) Status Event Handler: Status: 2[0m
[0;33mW (3226) FINGERPRINT: Could not confirm finger presence after multiple attempts[0m
[0;32mI (3396) FINGERPRINT: Returning response with 1 packets[0m
[0;32mI (3396) FINGERPRINT: Command response packet: ID=0x07, Status=0x02[0m
[0;32mI (3396) Status Event Handler: Status: 2[0m
[0;32mI (4026) FINGERPRINT: Please place your finger on the sensor...[0m
[0;32mI (4026) FINGERPRINT: Polling for finger presence...[0m
[0;32mI (4296) FINGERPRINT: Returning response with 1 packets[0m
[0;32mI (4296) FINGERPRINT: Command response packet: ID=0x07, Status=0x02[0m
[0;32mI (4296) Status Event Handler: Status: 2[0m
[0;32mI (4716) FINGERPRINT: Finger detected via interrupt![0m
[0;32mI (4716) FINGERPRINT: Processing fingerprint in mode: 0[0m
[0;32mI (5216) FINGERPRINT: Returning response with 1 packets[0m
[0;32mI (5216) FINGERPRINT: Command response packet: ID=0x07, Status=0x00[0m
[0;32mI (5216) Status Event Handler: Status: 0[0m
[0;32mI (5216) FINGERPRINT: Finger presence confirmed on attempt 1[0m
[0;32mI (5216) FINGERPRINT: Image capture successful, signaling event group[0m
[0;32mI (5216) FINGERPRINT: Image capture successful, processing features[0m
[0;32mI (5236) FINGERPRINT: Finger detected! Status: 0x00[0m
[0;32mI (5336) FINGERPRINT: Fingerprint features extracted successfully! Status: 0x00[0m
[0;32mI (5336) FINGERPRINT: Default mode: searching database[0m
[0;32mI (5496) FINGERPRINT: Returning response with 1 packets[0m
[0;32mI (5496) FINGERPRINT: Command response packet: ID=0x07, Status=0x00[0m
[0;32mI (5496) Status Event Handler: Status: 0[0m
[0;32mI (5496) FINGERPRINT: Search returned success but match score is 0, waiting for more responses[0m
[0;32mI (5856) FINGERPRINT: Returning response with 1 packets[0m
[0;32mI (5856) FINGERPRINT: Command response packet: ID=0x07, Status=0x00[0m
[0;32mI (5856) Status Event Handler: Status: 0[0m
[0;32mI (5856) FINGERPRINT: Real match found with score 2816[0m
[0;32mI (5856) FINGERPRINT: Fingerprint search successful. Status: 0x00[0m
[0;32mI (5866) FINGERPRINT: Match found at Enrollee ID: 0[0m
[0;32mI (5866) FINGERPRINT: Match score: 2816[0m
[0;32mI (6086) FINGERPRINT: Returning response with 1 packets[0m
[0;32mI (6086) FINGERPRINT: Command response packet: ID=0x07, Status=0x00[0m
[0;32mI (6086) Status Event Handler: Status: 0[0m
[0;32mI (6496) FINGERPRINT: Fingerprint processing completed[0m
[0;32mI (6506) FINGERPRINT: Fingerprint verification successful![0m
[0;32mI (6506) FINGERPRINT: Access granted - fingerprint verified![0m
[0;32mI (6716) FINGERPRINT: Returning response with 1 packets[0m
[0;32mI (6716) FINGERPRINT: Command response packet: ID=0x07, Status=0x00[0m
[0;32mI (6716) Status Event Handler: Status: 0[0m
[0;32mI (6716) EVENT TEMPLATE COUNT: Number of valid templates: 1[0m
[0;32mI (6716) FINGERPRINT: Count of enrolled fingerprints sent successfully.[0m
[0;32mI (6726) FINGERPRINT: 1. Backing up template id 0x0000[0m
[0;32mI (6736) FINGERPRINT: 0. Backing up template id 0x0000[0m
[0;32mI (6926) FINGERPRINT: LoadChar command sent[0m
[0;32mI (7136) FINGERPRINT: Returning response with 1 packets[0m
[0;32mI (7136) FINGERPRINT: Command response packet: ID=0x07, Status=0x00[0m
[0;32mI (7136) Status Event Handler: Status: 0[0m
[0;32mI (7136) FINGERPRINT: Template loaded successfully. Status: 0x00[0m
[0;32mI (7136) FINGERPRINT: Loading Template Successful[0m
[0;32mI (7146) FINGERPRINT: Uploading Template...[0m

assert failed: xQueueSemaphoreTake queue.c:1709 (( pxQueue ))


Backtrace: 0x40375be9:0x3fc9b200 0x4037abc1:0x3fc9b220 0x40381a3d:0x3fc9b240 0x4037b412:0x3fc9b360 0x4200f39d:0x3fc9b3a0 0x4200ddda:0x3fc9b3c0 0x4200e1b6:0x3fc9b3f0 0x4200c047:0x3fc9b740 0x4201eb9b:0x3fc9b770 0x4037b715:0x3fc9b7a0




ELF file SHA256: 19e418e47

Rebooting...
ï¿½ï¿½ï¿½ESP-ROM:esp32s3-20210327
Build:Mar 27 2021
rst:0xc (RTC_SW_CPU_RST),boot:0x18 (SPI_FAST_FLASH_BOOT)
Saved PC:0x40375b28
SPIWP:0xee
Octal Flash Mode Enabled
For OPI Flash, Use Default Flash Boot Mode
mode:SLOW_RD, clock div:1
load:0x3fce2810,len:0x15a0
load:0x403c8700,len:0x4
load:0x403c8704,len:0xd20
load:0x403cb700,len:0x2ee4
entry 0x403c8928
[0;32mI (37) boot: ESP-IDF v5.4-dirty 2nd stage bootloader[0m
[0;32mI (38) boot: compile time Mar 20 2025 11:43:23[0m
[0;32mI (38) boot: Multicore bootloader[0m
[0;32mI (38) boot: chip revision: v0.1[0m
[0;32mI (41) boot: efuse block revision: v1.2[0m
[0;32mI (45) boot.esp32s3: Boot SPI Speed : 80MHz[0m
[0;32mI (49) boot.esp32s3: SPI Mode       : SLOW READ[0m
[0;32mI (53) boot.esp32s3: SPI Flash Size : 2MB[0m
[0;32mI (57) boot: Enabling RNG early entropy source...[0m
[0;32mI (61) boot: Partition Table:[0m
[0;32mI (64) boot: ## Label            Usage          Type ST Offset   Length[0m
[0;32mI (70) boot:  0 nvs              WiFi data        01 02 00009000 00006000[0m
[0;32mI (77) boot:  1 phy_init         RF data          01 01 0000f000 00001000[0m
[0;32mI (83) boot:  2 factory          factory app      00 00 00010000 00100000[0m
[0;32mI (90) boot: End of partition table[0m
[0;32mI (93) esp_image: segment 0: paddr=00010020 vaddr=3c020020 size=0e610h ( 58896) map[0m
[0;32mI (114) esp_image: segment 1: paddr=0001e638 vaddr=3fc93a00 size=019e0h (  6624) load[0m
[0;32mI (116) esp_image: segment 2: paddr=00020020 vaddr=42000020 size=1f348h (127816) map[0m
[0;32mI (148) esp_image: segment 3: paddr=0003f370 vaddr=3fc953e0 size=01d30h (  7472) load[0m
[0;32mI (150) esp_image: segment 4: paddr=000410a8 vaddr=40374000 size=0f9e4h ( 63972) load[0m
[0;32mI (169) esp_image: segment 5: paddr=00050a94 vaddr=600fe100 size=0001ch (    28) load[0m
[0;32mI (176) boot: Loaded app from partition at offset 0x10000[0m
[0;32mI (176) boot: Disabling RNG early entropy source...[0m
[0;32mI (187) cpu_start: Multicore app[0m
[0;32mI (196) cpu_start: Pro cpu start user code[0m
[0;32mI (196) cpu_start: cpu freq: 160000000 Hz[0m
[0;32mI (196) app_init: Application information:[0m
[0;32mI (196) app_init: Project name:     fingerprint_scanner[0m
[0;32mI (201) app_init: App version:      c661cd6-dirty[0m
[0;32mI (206) app_init: Compile time:     Mar 24 2025 10:46:30[0m
[0;32mI (211) app_init: ELF file SHA256:  19e418e47...[0m
[0;32mI (215) app_init: ESP-IDF:          v5.4-dirty[0m
[0;32mI (219) efuse_init: Min chip rev:     v0.0[0m
[0;32mI (223) efuse_init: Max chip rev:     v0.99 [0m
[0;32mI (227) efuse_init: Chip rev:         v0.1[0m
[0;32mI (231) heap_init: Initializing. RAM available for dynamic allocation:[0m
[0;32mI (237) heap_init: At 3FC98E88 len 00050888 (322 KiB): RAM[0m
[0;32mI (242) heap_init: At 3FCE9710 len 00005724 (21 KiB): RAM[0m
[0;32mI (247) heap_init: At 3FCF0000 len 00008000 (32 KiB): DRAM[0m
[0;32mI (253) heap_init: At 600FE11C len 00001ECC (7 KiB): RTCRAM[0m
[0;33mW (258) spi_flash: Octal flash chip is using but dio mode is selected, will automatically switch to Octal mode[0m
[0;32mI (268) spi_flash: detected chip: mxic (opi)[0m
[0;32mI (272) spi_flash: flash io: opi_str[0m
[0;33mW (275) spi_flash: Detected size(32768k) larger than the size in the binary image header(2048k). Using the size in the binary image header.[0m
[0;32mI (287) sleep_gpio: Configure to isolate all GPIO pins in sleep state[0m
[0;32mI (293) sleep_gpio: Enable automatic switching of GPIO sleep configuration[0m
[0;32mI (300) main_task: Started on CPU0[0m
[0;32mI (310) main_task: Calling app_main()[0m
[0;32mI (310) FINGERPRINT: Fingerprint event handler registered[0m
[0;32mI (310) FINGERPRINT: Initializing fingerprint scanner...[0m
[0;32mI (320) gpio: GPIO[15]| InputEn: 1| OutputEn: 0| OpenDrain: 0| Pullup: 0| Pulldown: 1| Intr:1 [0m
[0;32mI (320) FINGERPRINT: Finger detection task started[0m
[0;32mI (330) FINGERPRINT: Fingerprint scanner initialized successfully with interrupt-based detection.[0m
[0;32mI (770) FINGERPRINT: Returning response with 1 packets[0m
[0;32mI (770) FINGERPRINT: Command response packet: ID=0x07, Status=0x00[0m
[0;32mI (770) Status Event Handler: Status: 0[0m
[0;32mI (1520) FINGERPRINT: Fingerprint scanner initialized and waiting for a finger to be detected.[0m
[0;32mI (1520) FINGERPRINT: Checking if location 0 is available (page 0, position 0)[0m
[0;32mI (1820) FINGERPRINT: Returning response with 1 packets[0m
[0;32mI (1820) FINGERPRINT: Command response packet: ID=0x07, Status=0x00[0m
[0;32mI (1820) Status Event Handler: Status: 0[0m
[0;32mI (1820) FINGERPRINT: Checking template at position 0 (byte 0, bit 0)[0m
[0;33mW (1820) FINGERPRINT: Template exists at position 0[0m
[0;32mI (1830) FINGERPRINT: Index table read successful. Status: 0x00[0m
[0;32mI (1840) Index Table Parameters: 01 00 00 00 00 00 00 00 00 00 00 00 00 00 00 00[0m
[0;32mI (1840) Index Table Parameters: 00 00 00 00 00 00 00 00 00 00 00 00 00 00 00 00[0m
[0;32mI (1850) Index Table Parameters: 00 00 00 00 00 00 00 00 00 00 00 00 00 00 00 00[0m
[0;32mI (1860) Index Table Parameters: 00 00 00 00 00 00 00 00 00 00 00 00 00 00 00 00[0m
[0;32mI (1860) Index Table Parameters: 00 00 00 00 00 00 00 00 00 00 00 00 00 00 00 00[0m
[0;32mI (1870) Index Table Parameters: 00 00 00 00 00 00 00 00 00 00 00 00 00 00 00 00[0m
[0;32mI (1880) Index Table Parameters: 00 00 00 00 00 00 00 00 00 00 00 00 00 00 00 00[0m
[0;32mI (1880) Index Table Parameters: 00 00 00 00 00 00 00 00 00 00 00 00 00 00 00 00[0m
[0;32mI (1890) Index Table Parameters: 00 00 00 00 00 00 00 00 00 00 00 00 00 00 00 00[0m
[0;32mI (1900) Index Table Parameters: 00 00 00 00 00 00 00 00 00 00 00 00 00 00 00 00[0m
[0;32mI (1910) Index Table Parameters: 00 00 00 00 00 00 00 00 00 00 00 00 00 00 00 00[0m
[0;32mI (1910) Index Table Parameters: 00 00 00 00 00 00 00 00 00 00 00 00 00 00 00 00[0m
[0;32mI (1920) Index Table Parameters: 00 00 00 00 00 00 00 00 00 00 00 00 00 00 00 00[0m
[0;32mI (1930) Index Table Parameters: 00 00 00 00 00 00 00 00 00 00 00 00 00 00 00 00[0m
[0;32mI (1930) Index Table Parameters: 00 00 00 00 00 00 00 00 00 00 00 00 00 00 00 00[0m
[0;32mI (1940) Index Table Parameters: 00 00 00 00 00 00 00 00 00 00 00 00 00 00 00 00[0m
[1;31mE (1950) FINGERPRINT: Location 0 is already occupied[0m
[0;32mI (1950) FINGERPRINT: Fingerprint operation mode set to 0[0m
[1;31mE (1960) FINGERPRINT: Fingeprint not enrolled![0m
[0;32mI (1960) FINGERPRINT: Starting fingerprint verification...[0m
