ESP-ROM:esp32s3-20210327
Build:Mar 27 2021
rst:0x1 (POWERON),boot:0x18 (SPI_FAST_FLASH_BOOT)
SPIWP:0xee
Octal Flash Mode Enabled
For OPI Flash, Use Default Flash Boot Mode
mode:SLOW_RD, clock div:1
load:0x3fce2810,len:0x15a0
load:0x403c8700,len:0x4
load:0x403c8704,len:0xd20
load:0x403cb700,len:0x2ee4
entry 0x403c8928
[0;32mI (33) boot: ESP-IDF v5.4-dirty 2nd stage bootloader[0m
[0;32mI (33) boot: compile time Mar  4 2025 16:14:42[0m
[0;32mI (33) boot: Multicore bootloader[0m
[0;32mI (34) boot: chip revision: v0.1[0m
[0;32mI (37) boot: efuse block revision: v1.2[0m
[0;32mI (40) boot.esp32s3: Boot SPI Speed : 80MHz[0m
[0;32mI (44) boot.esp32s3: SPI Mode       : SLOW READ[0m
[0;32mI (48) boot.esp32s3: SPI Flash Size : 2MB[0m
[0;32mI (52) boot: Enabling RNG early entropy source...[0m
[0;32mI (57) boot: Partition Table:[0m
[0;32mI (59) boot: ## Label            Usage          Type ST Offset   Length[0m
[0;32mI (66) boot:  0 nvs              WiFi data        01 02 00009000 00006000[0m
[0;32mI (72) boot:  1 phy_init         RF data          01 01 0000f000 00001000[0m
[0;32mI (79) boot:  2 factory          factory app      00 00 00010000 00100000[0m
[0;32mI (85) boot: End of partition table[0m
[0;32mI (88) esp_image: segment 0: paddr=00010020 vaddr=3c020020 size=0dbe8h ( 56296) map[0m
[0;32mI (109) esp_image: segment 1: paddr=0001dc10 vaddr=3fc93900 size=02408h (  9224) load[0m
[0;32mI (112) esp_image: segment 2: paddr=00020020 vaddr=42000020 size=1ea74h (125556) map[0m
[0;32mI (142) esp_image: segment 3: paddr=0003ea9c vaddr=3fc95d08 size=011e8h (  4584) load[0m
[0;32mI (144) esp_image: segment 4: paddr=0003fc8c vaddr=40374000 size=0f8cch ( 63692) load[0m
[0;32mI (164) esp_image: segment 5: paddr=0004f560 vaddr=600fe100 size=0001ch (    28) load[0m
[0;32mI (170) boot: Loaded app from partition at offset 0x10000[0m
[0;32mI (170) boot: Disabling RNG early entropy source...[0m
[0;32mI (182) cpu_start: Multicore app[0m
[0;32mI (190) cpu_start: Pro cpu start user code[0m
[0;32mI (190) cpu_start: cpu freq: 160000000 Hz[0m
[0;32mI (191) app_init: Application information:[0m
[0;32mI (191) app_init: Project name:     fingerprint_scanner[0m
[0;32mI (196) app_init: App version:      28a0d14-dirty[0m
[0;32mI (200) app_init: Compile time:     Mar 18 2025 14:53:21[0m
[0;32mI (205) app_init: ELF file SHA256:  e41a39518...[0m
[0;32mI (209) app_init: ESP-IDF:          v5.4-dirty[0m
[0;32mI (213) efuse_init: Min chip rev:     v0.0[0m
[0;32mI (217) efuse_init: Max chip rev:     v0.99 [0m
[0;32mI (221) efuse_init: Chip rev:         v0.1[0m
[0;32mI (225) heap_init: Initializing. RAM available for dynamic allocation:[0m
[0;32mI (231) heap_init: At 3FC98C38 len 00050AD8 (322 KiB): RAM[0m
[0;32mI (237) heap_init: At 3FCE9710 len 00005724 (21 KiB): RAM[0m
[0;32mI (242) heap_init: At 3FCF0000 len 00008000 (32 KiB): DRAM[0m
[0;32mI (247) heap_init: At 600FE11C len 00001ECC (7 KiB): RTCRAM[0m
[0;33mW (253) spi_flash: Octal flash chip is using but dio mode is selected, will automatically switch to Octal mode[0m
[0;32mI (262) spi_flash: detected chip: mxic (opi)[0m
[0;32mI (266) spi_flash: flash io: opi_str[0m
[0;33mW (269) spi_flash: Detected size(32768k) larger than the size in the binary image header(2048k). Using the size in the binary image header.[0m
[0;32mI (282) sleep_gpio: Configure to isolate all GPIO pins in sleep state[0m
[0;32mI (288) sleep_gpio: Enable automatic switching of GPIO sleep configuration[0m
[0;32mI (295) main_task: Started on CPU0[0m
[0;32mI (305) main_task: Calling app_main()[0m
[0;32mI (305) FINGERPRINT: Initializing fingerprint scanner...[0m
[0;33mW (505) FINGERPRINT: No handshake received, retrying...[0m
[0;33mW (905) FINGERPRINT: No handshake received, retrying...[0m
[0;33mW (1305) FINGERPRINT: No handshake received, retrying...[0m
[0;33mW (1655) FINGERPRINT: No handshake received, retrying...[0m
[0;32mI (1855) FINGERPRINT: Fingerprint module handshake received: 0x55[0m
[0;32mI (1855) FINGERPRINT: Fingerprint scanner initialized successfully.[0m
[0;32mI (2055) FINGERPRINT: 00 55[0m
[0;33mW (2055) FINGERPRINT: No complete packets found, returning NULL[0m
[0;32mI (2305) FINGERPRINT: 55 ef 01 ff ff ff ff 07 00 03 00 00 0a[0m
[0;32mI (2305) FINGERPRINT: Returning response with 1 packets[0m
[0;32mI (2305) FINGERPRINT: Command response packet: ID=0x07, Status=0x00[0m
[0;32mI (3055) FINGERPRINT: Fingerprint scanner initialized and waiting for a finger to be detected.[0m
[0;32mI (3055) FINGERPRINT: Clearing fingerprint database...[0m
[0;32mI (3405) FINGERPRINT: ef 01 ff ff ff ff 07 00 03 00 00 0a[0m
[0;32mI (3405) FINGERPRINT: Returning response with 1 packets[0m
[0;32mI (3405) FINGERPRINT: Command response packet: ID=0x07, Status=0x00[0m
[0;32mI (3405) FINGERPRINT: Successfully cleared fingerprint database[0m
[0;32mI (3415) FINGERPRINT: Fingerprint database cleared successfully![0m
[0;32mI (3415) FINGERPRINT: Starting fingerprint verification...[0m
[0;32mI (5425) FINGERPRINT: Please place your finger on the sensor...[0m
[0;32mI (6005) FINGERPRINT: ef 01 ff ff ff ff 07 00 03 00 00 0a[0m
[0;32mI (6005) FINGERPRINT: Returning response with 1 packets[0m
[0;32mI (6005) FINGERPRINT: Command response packet: ID=0x07, Status=0x00[0m
[0;32mI (6005) FINGERPRINT: Finger detected! Status: 0x00[0m
[0;32mI (6005) FINGERPRINT: Finger detected![0m
[0;32mI (6475) FINGERPRINT: ef 01 ff ff ff ff 07 00 03 00 00 0a[0m
[0;32mI (6475) FINGERPRINT: Returning response with 1 packets[0m
[0;32mI (6475) FINGERPRINT: Command response packet: ID=0x07, Status=0x00[0m
[0;32mI (6475) FINGERPRINT: Fingerprint features extracted successfully! Status: 0x00[0m
[0;32mI (6485) FINGERPRINT: Searching for fingerprint match...[0m
[0;32mI (6695) FINGERPRINT: ef 01 ff ff ff ff 07 00 07 09 00 00 00 00 00 17[0m
[0;32mI (6695) FINGERPRINT: Returning response with 1 packets[0m
[0;32mI (6695) FINGERPRINT: Command response packet: ID=0x07, Status=0x09[0m
[0;32mI (6695) FINGERPRINT: Fingerprint mismatch. Status: 0x09[0m
[0;33mW (6705) FINGERPRINT: No match found, attempt 1 of 3[0m
[0;32mI (7705) FINGERPRINT: Please place your finger on the sensor...[0m
[0;32mI (8255) FINGERPRINT: ef 01 ff ff ff ff 07 00 03 00 00 0a[0m
[0;32mI (8255) FINGERPRINT: Returning response with 1 packets[0m
[0;32mI (8255) FINGERPRINT: Command response packet: ID=0x07, Status=0x00[0m
[0;32mI (8255) FINGERPRINT: Finger detected! Status: 0x00[0m
[0;32mI (8255) FINGERPRINT: Finger detected![0m
[0;32mI (8725) FINGERPRINT: ef 01 ff ff ff ff 07 00 03 00 00 0a[0m
[0;32mI (8725) FINGERPRINT: Returning response with 1 packets[0m
[0;32mI (8725) FINGERPRINT: Command response packet: ID=0x07, Status=0x00[0m
[0;32mI (8725) FINGERPRINT: Fingerprint features extracted successfully! Status: 0x00[0m
[0;32mI (8735) FINGERPRINT: Searching for fingerprint match...[0m
[0;32mI (8945) FINGERPRINT: ef 01 ff ff ff ff 07 00 07 09 00 00 00 00 00 17[0m
[0;32mI (8945) FINGERPRINT: Returning response with 1 packets[0m
[0;32mI (8945) FINGERPRINT: Command response packet: ID=0x07, Status=0x09[0m
[0;32mI (8945) FINGERPRINT: Fingerprint mismatch. Status: 0x09[0m
[0;33mW (8955) FINGERPRINT: No match found, attempt 2 of 3[0m
[0;32mI (9955) FINGERPRINT: Please place your finger on the sensor...[0m
[0;32mI (10485) FINGERPRINT: ef 01 ff ff ff ff 07 00 03 02 00 0c[0m
[0;32mI (10485) FINGERPRINT: Returning response with 1 packets[0m
[0;32mI (10485) FINGERPRINT: Command response packet: ID=0x07, Status=0x02[0m
[0;32mI (10965) FINGERPRINT: ef 01 ff ff ff ff 07 00 03 02 00 0c[0m
[0;32mI (10965) FINGERPRINT: Returning response with 1 packets[0m
[0;32mI (10965) FINGERPRINT: Command response packet: ID=0x07, Status=0x02[0m
[0;32mI (11465) FINGERPRINT: ef 01 ff ff ff ff 07 00 03 00 00 0a[0m
[0;32mI (11465) FINGERPRINT: Returning response with 1 packets[0m
[0;32mI (11465) FINGERPRINT: Command response packet: ID=0x07, Status=0x00[0m
[0;32mI (11465) FINGERPRINT: Finger detected! Status: 0x00[0m
[0;32mI (11475) FINGERPRINT: Finger detected![0m
[0;32mI (11735) FINGERPRINT: ef 01 ff ff ff ff 07 00 03 00 00 0a[0m
[0;32mI (11735) FINGERPRINT: Returning response with 1 packets[0m
[0;32mI (11735) FINGERPRINT: Command response packet: ID=0x07, Status=0x00[0m
[0;32mI (11735) FINGERPRINT: Fingerprint features extracted successfully! Status: 0x00[0m
[0;32mI (11745) FINGERPRINT: Searching for fingerprint match...[0m
[0;32mI (11955) FINGERPRINT: ef 01 ff ff ff ff 07 00 07 09 00 00 00 00 00 17[0m
[0;32mI (11955) FINGERPRINT: Returning response with 1 packets[0m
[0;32mI (11955) FINGERPRINT: Command response packet: ID=0x07, Status=0x09[0m
[0;32mI (11955) FINGERPRINT: Fingerprint mismatch. Status: 0x09[0m
[0;33mW (11965) FINGERPRINT: No match found, attempt 3 of 3[0m
[1;31mE (12965) FINGERPRINT: Verification failed after 3 attempts[0m
[1;31mE (12965) FINGERPRINT: Access denied - fingerprint not recognized[0m
[0;32mI (13225) FINGERPRINT: ef 01 ff ff ff ff 07 00 05 00 00 00 00 0c[0m
[0;32mI (13225) FINGERPRINT: Returning response with 1 packets[0m
[0;32mI (13225) FINGERPRINT: Command response packet: ID=0x07, Status=0x00[0m
[0;32mI (13225) EVENT TEMPLATE COUNT: Number of valid templates: 0[0m
[0;32mI (13235) FINGERPRINT: Count of enrolled fingerprints sent successfully.[0m
[0;32mI (13235) FINGERPRINT: Backing up template id 0x0000[0m
[0;32mI (13245) FINGERPRINT: Loading Template...[0m
[0;32mI (13445) FINGERPRINT: LoadChar command sent[0m
[0;32mI (13655) FINGERPRINT: ef 01 ff ff ff ff 07 00 03 00 00 0a[0m
[0;32mI (13655) FINGERPRINT: Returning response with 1 packets[0m
[0;32mI (13655) FINGERPRINT: Command response packet: ID=0x07, Status=0x00[0m
[0;32mI (13655) FINGERPRINT: Template loaded successfully. Status: 0x00[0m
[0;32mI (13665) FINGERPRINT: Loading Template Successful[0m
[0;32mI (13665) FINGERPRINT: Uploading Template...[0m
[0;32mI (13665) FINGERPRINT: Sending UpChar command for buffer 1[0m
[0;32mI (13875) FINGERPRINT: Waiting for template data transfer...[0m
[0;32mI (15385) FINGERPRINT: ef 01 ff ff ff ff 07 00 03 0d 00 17[0m
[0;32mI (15385) FINGERPRINT: Returning response with 1 packets[0m
[0;32mI (15385) FINGERPRINT: Command response packet: ID=0x07, Status=0x0D[0m
[0;32mI (15385) FINGERPRINT: Template accumulator initialized[0m
[0;32mI (15395) FINGERPRINT: Added packet ID=0x07 with calculated checksum 0x000A[0m
[0;32mI (17875) FINGERPRINT: Template upload should be complete[0m
[0;32mI (17875) FINGERPRINT: Template backup successful[0m
[0;32mI (17875) FINGERPRINT: Template backed up successfully.[0m
[0;32mI (19875) FINGERPRINT: Template backed up successfully.[0m
[1;31mE (21875) FINGERPRINT: No template data available[0m
[0;32mI (21875) main_task: Returned from app_main()[0m
