ESP-ROM:esp32s3-20210327
Build:Mar 27 2021
rst:0x1 (POWERON),boot:0x18 (SPI_FAST_FLASH_BOOT)
SPIWP:0xee
Octal Flash Mode Enabled
For OPI Flash, Use Default Flash Boot Mode
mode:SLOW_RD, clock div:1
load:0x3fce2810,len:0x15a0
load:0x403c8700,len:0x4
load:0x403c8704,len:0xd20
load:0x403cb700,len:0x2ee4
entry 0x403c8928
[0;32mI (33) boot: ESP-IDF v5.4-dirty 2nd stage bootloader[0m
[0;32mI (33) boot: compile time Mar  4 2025 16:14:42[0m
[0;32mI (33) boot: Multicore bootloader[0m
[0;32mI (34) boot: chip revision: v0.1[0m
[0;32mI (37) boot: efuse block revision: v1.2[0m
[0;32mI (40) boot.esp32s3: Boot SPI Speed : 80MHz[0m
[0;32mI (44) boot.esp32s3: SPI Mode       : SLOW READ[0m
[0;32mI (48) boot.esp32s3: SPI Flash Size : 2MB[0m
[0;32mI (52) boot: Enabling RNG early entropy source...[0m
[0;32mI (57) boot: Partition Table:[0m
[0;32mI (59) boot: ## Label            Usage          Type ST Offset   Length[0m
[0;32mI (66) boot:  0 nvs              WiFi data        01 02 00009000 00006000[0m
[0;32mI (72) boot:  1 phy_init         RF data          01 01 0000f000 00001000[0m
[0;32mI (79) boot:  2 factory          factory app      00 00 00010000 00100000[0m
[0;32mI (85) boot: End of partition table[0m
[0;32mI (88) esp_image: segment 0: paddr=00010020 vaddr=3c020020 size=0c0d8h ( 49368) map[0m
[0;32mI (107) esp_image: segment 1: paddr=0001c100 vaddr=3fc93600 size=02b60h ( 11104) load[0m
[0;32mI (111) esp_image: segment 2: paddr=0001ec68 vaddr=40374000 size=013b0h (  5040) load[0m
[0;32mI (113) esp_image: segment 3: paddr=00020020 vaddr=42000020 size=1bc00h (113664) map[0m
[0;32mI (145) esp_image: segment 4: paddr=0003bc28 vaddr=403753b0 size=0e188h ( 57736) load[0m
[0;32mI (162) esp_image: segment 5: paddr=00049db8 vaddr=600fe100 size=0001ch (    28) load[0m
[0;32mI (168) boot: Loaded app from partition at offset 0x10000[0m
[0;32mI (168) boot: Disabling RNG early entropy source...[0m
[0;32mI (180) cpu_start: Multicore app[0m
[0;32mI (188) cpu_start: Pro cpu start user code[0m
[0;32mI (188) cpu_start: cpu freq: 160000000 Hz[0m
[0;32mI (188) app_init: Application information:[0m
[0;32mI (189) app_init: Project name:     fingerprint_scanner[0m
[0;32mI (193) app_init: App version:      3d487bd-dirty[0m
[0;32mI (198) app_init: Compile time:     Mar  6 2025 16:50:34[0m
[0;32mI (203) app_init: ELF file SHA256:  0cdc04abc...[0m
[0;32mI (207) app_init: ESP-IDF:          v5.4-dirty[0m
[0;32mI (211) efuse_init: Min chip rev:     v0.0[0m
[0;32mI (215) efuse_init: Max chip rev:     v0.99 [0m
[0;32mI (219) efuse_init: Chip rev:         v0.1[0m
[0;32mI (223) heap_init: Initializing. RAM available for dynamic allocation:[0m
[0;32mI (229) heap_init: At 3FC96A40 len 00052CD0 (331 KiB): RAM[0m
[0;32mI (234) heap_init: At 3FCE9710 len 00005724 (21 KiB): RAM[0m
[0;32mI (240) heap_init: At 3FCF0000 len 00008000 (32 KiB): DRAM[0m
[0;32mI (245) heap_init: At 600FE11C len 00001ECC (7 KiB): RTCRAM[0m
[0;33mW (251) spi_flash: Octal flash chip is using but dio mode is selected, will automatically switch to Octal mode[0m
[0;32mI (260) spi_flash: detected chip: mxic (opi)[0m
[0;32mI (264) spi_flash: flash io: opi_str[0m
[0;33mW (267) spi_flash: Detected size(32768k) larger than the size in the binary image header(2048k). Using the size in the binary image header.[0m
[0;32mI (279) sleep_gpio: Configure to isolate all GPIO pins in sleep state[0m
[0;32mI (286) sleep_gpio: Enable automatic switching of GPIO sleep configuration[0m
[0;32mI (293) main_task: Started on CPU0[0m
[0;32mI (303) main_task: Calling app_main()[0m
[0;32mI (303) FINGERPRINT: Initializing fingerprint scanner...[0m
[0;33mW (503) FINGERPRINT: No handshake received, retrying...[0m
[0;33mW (903) FINGERPRINT: No handshake received, retrying...[0m
[0;33mW (1303) FINGERPRINT: No handshake received, retrying...[0m
[0;33mW (1703) FINGERPRINT: No handshake received, retrying...[0m
[0;33mW (2103) FINGERPRINT: No handshake received, retrying...[0m
[0;33mW (2503) FINGERPRINT: No handshake received, retrying...[0m
[0;33mW (2903) FINGERPRINT: No handshake received, retrying...[0m
[0;33mW (3303) FINGERPRINT: No handshake received, retrying...[0m
[0;33mW (3703) FINGERPRINT: No handshake received, retrying...[0m
[0;33mW (4103) FINGERPRINT: No handshake received, retrying...[0m
[0;33mW (4503) FINGERPRINT: No handshake received, retrying...[0m
[0;33mW (4903) FINGERPRINT: No handshake received, retrying...[0m
[0;33mW (5303) FINGERPRINT: No handshake received, retrying...[0m
[0;33mW (5703) FINGERPRINT: No handshake received, retrying...[0m
[0;33mW (6103) FINGERPRINT: No handshake received, retrying...[0m
[0;33mW (6503) FINGERPRINT: No handshake received, retrying...[0m
[0;33mW (6903) FINGERPRINT: No handshake received, retrying...[0m
[0;33mW (7303) FINGERPRINT: No handshake received, retrying...[0m
[0;33mW (7703) FINGERPRINT: No handshake received, retrying...[0m
[0;33mW (8103) FINGERPRINT: No handshake received, retrying...[0m
[0;33mW (8503) FINGERPRINT: No handshake received, retrying...[0m
[0;33mW (8743) FINGERPRINT: No handshake received, retrying...[0m
[0;33mW (8943) FINGERPRINT: No handshake received, retrying...[0m
[0;33mW (9143) FINGERPRINT: No handshake received, retrying...[0m
[0;33mW (9343) FINGERPRINT: No handshake received, retrying...[0m
[0;33mW (9543) FINGERPRINT: No handshake received, retrying...[0m
[0;32mI (9743) FINGERPRINT: Fingerprint module handshake received: 0x55[0m
[0;32mI (9743) FINGERPRINT: Fingerprint scanner initialized successfully.[0m
[0;32mI (9843) FINGERPRINT: Stored command 0x15 in queue successfully.[0m
[0;32mI (9943) FINGERPRINT: Sent fingerprint command: 0x15 to address 0xFFFFFFFF[0m
[0;32mI (9943) Fingerprint sent command: : ef 01 ff ff ff ff 01 00 07 15 ff ff ff ff 04 19[0m
[0;32mI (10193) Fingerprint: Received 12 bytes from UART[0m
[0;32mI (10193) Fingerprint: ef 01 ff ff ff ff 07 00 03 00 00 0a[0m
[0;32mI (10193) Fingerprint: Extracted packet at offset 0: Command 0x00[0m
[0;32mI (10193) Fingerprint: Triggering event: 0 for status: 0x00[0m
[0;32mI (10193) FINGERPRINT: Finger detected! Status: 0x00[0m
[0;32mI (10203) FINGERPRINT: Command 0x15 executed successfully.[0m
[0;32mI (10203) FINGERPRINT: Confirmation code: 0x00[0m
[0;32mI (10213) Fingerprint: Triggering event: 0 for status: 0x00[0m
[0;32mI (10213) FINGERPRINT: Finger detected! Status: 0x00[0m
[0;32mI (10943) FINGERPRINT: Fingerprint scanner initialized and waiting for a finger to be detected.[0m
[0;32mI (10943) FINGERPRINT: Waiting for a finger to be placed...[0m
[0;32mI (10943) FINGERPRINT: Stored command 0x01 in queue successfully.[0m
[0;32mI (11043) FINGERPRINT: Sent fingerprint command: 0x01 to address 0xFFFFFFFF[0m
[0;32mI (11043) Fingerprint sent command: : ef 01 ff ff ff ff 01 00 03 01 00 05[0m

assert failed: xEventGroupWaitBits event_groups.c:345 (xEventGroup)


Backtrace: 0x40375ba5:0x3fc99130 0x4037ab59:0x3fc99150 0x40381591:0x3fc99170 0x4037bf0d:0x3fc99290 0x4200c002:0x3fc992c0 0x4200b69c:0x3fc992f0 0x4201b453:0x3fc99320 0x4037b5c5:0x3fc99350




ELF file SHA256: 0cdc04abc

Rebooting...
ï¿½ï¿½ï¿½ESP-ROM:esp32s3-20210327
Build:Mar 27 2021
rst:0xc (RTC_SW_CPU_RST),boot:0x18 (SPI_FAST_FLASH_BOOT)
Saved PC:0x40375ae4
SPIWP:0xee
Octal Flash Mode Enabled
For OPI Flash, Use Default Flash Boot Mode
mode:SLOW_RD, clock div:1
load:0x3fce2810,len:0x15a0
load:0x403c8700,len:0x4
load:0x403c8704,len:0xd20
load:0x403cb700,len:0x2ee4
entry 0x403c8928
[0;32mI (37) boot: ESP-IDF v5.4-dirty 2nd stage bootloader[0m
[0;32mI (38) boot: compile time Mar  4 2025 16:14:42[0m
[0;32mI (38) boot: Multicore bootloader[0m
[0;32mI (38) boot: chip revision: v0.1[0m
[0;32mI (41) boot: efuse block revision: v1.2[0m
[0;32mI (45) boot.esp32s3: Boot SPI Speed : 80MHz[0m
[0;32mI (49) boot.esp32s3: SPI Mode       : SLOW READ[0m
[0;32mI (53) boot.esp32s3: SPI Flash Size : 2MB[0m
[0;32mI (57) boot: Enabling RNG early entropy source...[0m
[0;32mI (61) boot: Partition Table:[0m
[0;32mI (64) boot: ## Label            Usage          Type ST Offset   Length[0m
[0;32mI (70) boot:  0 nvs              WiFi data        01 02 00009000 00006000[0m
[0;32mI (77) boot:  1 phy_init         RF data          01 01 0000f000 00001000[0m
[0;32mI (83) boot:  2 factory          factory app      00 00 00010000 00100000[0m
[0;32mI (90) boot: End of partition table[0m
[0;32mI (93) esp_image: segment 0: paddr=00010020 vaddr=3c020020 size=0c0d8h ( 49368) map[0m
I (112) esp_image: segment 1: paddr=0001c100 vaddr=3fc93600 size=02b60h ( 11104) load
[0;32mI (115) esp_image: segment 2: paddr=0001ec68 vaddr=40374000 size=013b0h (  5040) load[0m
[0;32mI (117) esp_image: segment 3: paddr=00020020 vaddr=42000020 size=1bc00h (113664) map[0m
[0;32mI (150) esp_image: segment 4: paddr=0003bc28 vaddr=403753b0 size=0e188h ( 57736) load[0m
[0;32mI (166) esp_image: segment 5: paddr=00049db8 vaddr=600fe100 size=0001ch (    28) load[0m
[0;32mI (172) boot: Loaded app from partition at offset 0x10000[0m
[0;32mI (172) boot: Disabling RNG early entropy source...[0m
[0;32mI (184) cpu_start: Multicore app[0m
[0;32mI (193) cpu_start: Pro cpu start user code[0m
[0;32mI (193) cpu_start: cpu freq: 160000000 Hz[0m
[0;32mI (193) app_init: Application information:[0m
[0;32mI (193) app_init: Project name:     fingerprint_scanner[0m
[0;32mI (198) app_init: App version:      3d487bd-dirty[0m
[0;32mI (202) app_init: Compile time:     Mar  6 2025 16:50:34[0m
[0;32mI (207) app_init: ELF file SHA256:  0cdc04abc...[0m
[0;32mI (212) app_init: ESP-IDF:          v5.4-dirty[0m
[0;32mI (216) efuse_init: Min chip rev:     v0.0[0m
[0;32mI (220) efuse_init: Max chip rev:     v0.99 [0m
[0;32mI (224) efuse_init: Chip rev:         v0.1[0m
[0;32mI (227) heap_init: Initializing. RAM available for dynamic allocation:[0m
[0;32mI (234) heap_init: At 3FC96A40 len 00052CD0 (331 KiB): RAM[0m
[0;32mI (239) heap_init: At 3FCE9710 len 00005724 (21 KiB): RAM[0m
[0;32mI (244) heap_init: At 3FCF0000 len 00008000 (32 KiB): DRAM[0m
[0;32mI (249) heap_init: At 600FE11C len 00001ECC (7 KiB): RTCRAM[0m
[0;33mW (255) spi_flash: Octal flash chip is using but dio mode is selected, will automatically switch to Octal mode[0m
[0;32mI (264) spi_flash: detected chip: mxic (opi)[0m
[0;32mI (268) spi_flash: flash io: opi_str[0m
[0;33mW (272) spi_flash: Detected size(32768k) larger than the size in the binary image header(2048k). Using the size in the binary image header.[0m
[0;32mI (284) sleep_gpio: Configure to isolate all GPIO pins in sleep state[0m
[0;32mI (290) sleep_gpio: Enable automatic switching of GPIO sleep configuration[0m
[0;32mI (297) main_task: Started on CPU0[0m
[0;32mI (307) main_task: Calling app_main()[0m
[0;32mI (307) FINGERPRINT: Initializing fingerprint scanner...[0m
[0;33mW (507) FINGERPRINT: No handshake received, retrying...[0m
[0;33mW (907) FINGERPRINT: No handshake received, retrying...[0m
[0;33mW (1307) FINGERPRINT: No handshake received, retrying...[0m
[0;33mW (1707) FINGERPRINT: No handshake received, retrying...[0m
[0;33mW (2107) FINGERPRINT: No handshake received, retrying...[0m
[0;33mW (2507) FINGERPRINT: No handshake received, retrying...[0m
[0;33mW (2907) FINGERPRINT: No handshake received, retrying...[0m
[0;33mW (3307) FINGERPRINT: No handshake received, retrying...[0m
[0;33mW (3707) FINGERPRINT: No handshake received, retrying...[0m
[0;33mW (4107) FINGERPRINT: No handshake received, retrying...[0m
[0;33mW (4317) FINGERPRINT: No handshake received, retrying...[0m
[0;33mW (4517) FINGERPRINT: No handshake received, retrying...[0m
[0;33mW (4717) FINGERPRINT: No handshake received, retrying...[0m
[0;33mW (4917) FINGERPRINT: No handshake received, retrying...[0m
[0;33mW (5117) FINGERPRINT: No handshake received, retrying...[0m
[0;33mW (5317) FINGERPRINT: No handshake received, retrying...[0m
[0;33mW (5517) FINGERPRINT: No handshake received, retrying...[0m
[0;32mI (5717) FINGERPRINT: Fingerprint module handshake received: 0x55[0m
[0;32mI (5717) FINGERPRINT: Fingerprint scanner initialized successfully.[0m
[0;32mI (5817) FINGERPRINT: Stored command 0x15 in queue successfully.[0m
[0;32mI (5917) FINGERPRINT: Sent fingerprint command: 0x15 to address 0xFFFFFFFF[0m
[0;32mI (5917) Fingerprint sent command: : ef 01 ff ff ff ff 01 00 07 15 ff ff ff ff 04 19[0m
[0;32mI (6917) FINGERPRINT: Fingerprint scanner initialized and waiting for a finger to be detected.[0m
[0;32mI (6917) FINGERPRINT: Waiting for a finger to be placed...[0m
[0;32mI (6917) FINGERPRINT: Stored command 0x01 in queue successfully.[0m
[0;32mI (6967) FINGERPRINT: Sent fingerprint command: 0x01 to address 0xFFFFFFFF[0m
[0;32mI (6967) Fingerprint sent command: : ef 01 ff ff ff ff 01 00 03 01 00 05[0m

assert failed: xEventGroupWaitBits event_groups.c:345 (xEventGroup)


Backtrace: 0x40375ba5:0x3fc99130 0x4037ab59:0x3fc99150 0x40381591:0x3fc99170 0x4037bf0d:0x3fc99290 0x4200c002:0x3fc992c0 0x4200b69c:0x3fc992f0 0x4201b453:0x3fc99320 0x4037b5c5:0x3fc99350




ELF file SHA256: 0cdc04abc

Rebooting...
ï¿½ï¿½ï¿½ESP-ROM:esp32s3-20210327
Build:Mar 27 2021
rst:0xc (RTC_SW_CPU_RST),boot:0x18 (SPI_FAST_FLASH_BOOT)
Saved PC:0x40375ae4
SPIWP:0xee
Octal Flash Mode Enabled
For OPI Flash, Use Default Flash Boot Mode
mode:SLOW_RD, clock div:1
load:0x3fce2810,len:0x15a0
load:0x403c8700,len:0x4
load:0x403c8704,len:0xd20
load:0x403cb700,len:0x2ee4
entry 0x403c8928
[0;32mI (37) boot: ESP-IDF v5.4-dirty 2nd stage bootloader[0m
[0;32mI (38) boot: compile time Mar  4 2025 16:14:42[0m
[0;32mI (38) boot: Multicore bootloader[0m
[0;32mI (38) boot: chip revision: v0.1[0m
[0;32mI (41) boot: efuse block revision: v1.2[0m
[0;32mI (45) boot.esp32s3: Boot SPI Speed : 80MHz[0m
[0;32mI (49) boot.esp32s3: SPI Mode       : SLOW READ[0m
[0;32mI (53) boot.esp32s3: SPI Flash Size : 2MB[0m
[0;32mI (57) boot: Enabling RNG early entropy source...[0m
[0;32mI (61) boot: Partition Table:[0m
[0;32mI (64) boot: ## Label            Usage          Type ST Offset   Length[0m
[0;32mI (70) boot:  0 nvs              WiFi data        01 02 00009000 00006000[0m
[0;32mI (77) boot:  1 phy_init         RF data          01 01 0000f000 00001000[0m
[0;32mI (83) boot:  2 factory          factory app      00 00 00010000 00100000[0m
I (90) boot: End of partition table
[0;32mI (93) esp_image: segment 0: paddr=00010020 vaddr=3c020020 size=0c0d8h ( 49368) map[0m
[0;32mI (112) esp_image: segment 1: paddr=0001c100 vaddr=3fc93600 size=02b60h ( 11104) load[0m
[0;32mI (115) esp_image: segment 2: paddr=0001ec68 vaddr=40374000 size=013b0h (  5040) load[0m
[0;32mI (117) esp_image: segment 3: paddr=00020020 vaddr=42000020 size=1bc00h (113664) map[0m
[0;32mI (150) esp_image: segment 4: paddr=0003bc28 vaddr=403753b0 size=0e188h ( 57736) load[0m
[0;32mI (166) esp_image: segment 5: paddr=00049db8 vaddr=600fe100 size=0001ch (    28) load[0m
[0;32mI (172) boot: Loaded app from partition at offset 0x10000[0m
[0;32mI (172) boot: Disabling RNG early entropy source...[0m
[0;32mI (184) cpu_start: Multicore app[0m
[0;32mI (193) cpu_start: Pro cpu start user code[0m
[0;32mI (193) cpu_start: cpu freq: 160000000 Hz[0m
[0;32mI (193) app_init: Application information:[0m
[0;32mI (193) app_init: Project name:     fingerprint_scanner[0m
[0;32mI (198) app_init: App version:      3d487bd-dirty[0m
[0;32mI (202) app_init: Compile time:     Mar  6 2025 16:50:34[0m
[0;32mI (207) app_init: ELF file SHA256:  0cdc04abc...[0m
[0;32mI (212) app_init: ESP-IDF:          v5.4-dirty[0m
[0;32mI (216) efuse_init: Min chip rev:     v0.0[0m
[0;32mI (220) efuse_init: Max chip rev:     v0.99 [0m
[0;32mI (224) efuse_init: Chip rev:         v0.1[0m
[0;32mI (227) heap_init: Initializing. RAM available for dynamic allocation:[0m
[0;32mI (234) heap_init: At 3FC96A40 len 00052CD0 (331 KiB): RAM[0m
[0;32mI (239) heap_init: At 3FCE9710 len 00005724 (21 KiB): RAM[0m
[0;32mI (244) heap_init: At 3FCF0000 len 00008000 (32 KiB): DRAM[0m
[0;32mI (249) heap_init: At 600FE11C len 00001ECC (7 KiB): RTCRAM[0m
[0;33mW (255) spi_flash: Octal flash chip is using but dio mode is selected, will automatically switch to Octal mode[0m
[0;32mI (264) spi_flash: detected chip: mxic (opi)[0m
[0;32mI (268) spi_flash: flash io: opi_str[0m
[0;33mW (272) spi_flash: Detected size(32768k) larger than the size in the binary image header(2048k). Using the size in the binary image header.[0m
[0;32mI (284) sleep_gpio: Configure to isolate all GPIO pins in sleep state[0m
[0;32mI (290) sleep_gpio: Enable automatic switching of GPIO sleep configuration[0m
[0;32mI (297) main_task: Started on CPU0[0m
[0;32mI (307) main_task: Calling app_main()[0m
[0;32mI (307) FINGERPRINT: Initializing fingerprint scanner...[0m
[0;33mW (507) FINGERPRINT: No handshake received, retrying...[0m
[0;33mW (907) FINGERPRINT: No handshake received, retrying...[0m
[0;33mW (1307) FINGERPRINT: No handshake received, retrying...[0m
[0;33mW (1707) FINGERPRINT: No handshake received, retrying...[0m
[0;33mW (2107) FINGERPRINT: No handshake received, retrying...[0m
[0;33mW (2507) FINGERPRINT: No handshake received, retrying...[0m
