ESP-ROM:esp32s3-20210327
Build:Mar 27 2021
rst:0x1 (POWERON),boot:0x18 (SPI_FAST_FLASH_BOOT)
SPIWP:0xee
Octal Flash Mode Enabled
For OPI Flash, Use Default Flash Boot Mode
mode:SLOW_RD, clock div:1
load:0x3fce2810,len:0x15a0
load:0x403c8700,len:0x4
load:0x403c8704,len:0xd20
load:0x403cb700,len:0x2ee4
entry 0x403c8928
[0;32mI (33) boot: ESP-IDF v5.4-dirty 2nd stage bootloader[0m
[0;32mI (33) boot: compile time Mar 20 2025 11:43:23[0m
[0;32mI (33) boot: Multicore bootloader[0m
[0;32mI (34) boot: chip revision: v0.1[0m
[0;32mI (37) boot: efuse block revision: v1.2[0m
[0;32mI (40) boot.esp32s3: Boot SPI Speed : 80MHz[0m
[0;32mI (44) boot.esp32s3: SPI Mode       : SLOW READ[0m
[0;32mI (48) boot.esp32s3: SPI Flash Size : 2MB[0m
[0;32mI (52) boot: Enabling RNG early entropy source...[0m
[0;32mI (57) boot: Partition Table:[0m
[0;32mI (59) boot: ## Label            Usage          Type ST Offset   Length[0m
[0;32mI (66) boot:  0 nvs              WiFi data        01 02 00009000 00006000[0m
[0;32mI (72) boot:  1 phy_init         RF data          01 01 0000f000 00001000[0m
[0;32mI (79) boot:  2 factory          factory app      00 00 00010000 00100000[0m
[0;32mI (85) boot: End of partition table[0m
[0;32mI (88) esp_image: segment 0: paddr=00010020 vaddr=3c020020 size=0dd90h ( 56720) map[0m
[0;32mI (109) esp_image: segment 1: paddr=0001ddb8 vaddr=3fc93f00 size=02260h (  8800) load[0m
[0;32mI (112) esp_image: segment 2: paddr=00020020 vaddr=42000020 size=1efc8h (126920) map[0m
[0;32mI (143) esp_image: segment 3: paddr=0003eff0 vaddr=3fc96160 size=014b0h (  5296) load[0m
[0;32mI (144) esp_image: segment 4: paddr=000404a8 vaddr=40374000 size=0fe30h ( 65072) load[0m
[0;32mI (165) esp_image: segment 5: paddr=000502e0 vaddr=600fe100 size=0001ch (    28) load[0m
[0;32mI (171) boot: Loaded app from partition at offset 0x10000[0m
[0;32mI (171) boot: Disabling RNG early entropy source...[0m
[0;32mI (183) cpu_start: Multicore app[0m
[0;32mI (191) cpu_start: Pro cpu start user code[0m
[0;32mI (191) cpu_start: cpu freq: 160000000 Hz[0m
[0;32mI (191) app_init: Application information:[0m
[0;32mI (191) app_init: Project name:     fingerprint_scanner[0m
[0;32mI (196) app_init: App version:      e72c63b-dirty[0m
[0;32mI (201) app_init: Compile time:     Mar 28 2025 15:46:14[0m
[0;32mI (206) app_init: ELF file SHA256:  5f5dc3ccf...[0m
[0;32mI (210) app_init: ESP-IDF:          v5.4-dirty[0m
[0;32mI (214) efuse_init: Min chip rev:     v0.0[0m
[0;32mI (218) efuse_init: Max chip rev:     v0.99 [0m
[0;32mI (222) efuse_init: Chip rev:         v0.1[0m
[0;32mI (226) heap_init: Initializing. RAM available for dynamic allocation:[0m
[0;32mI (232) heap_init: At 3FC9A2B8 len 0004F458 (317 KiB): RAM[0m
[0;32mI (237) heap_init: At 3FCE9710 len 00005724 (21 KiB): RAM[0m
[0;32mI (243) heap_init: At 3FCF0000 len 00008000 (32 KiB): DRAM[0m
[0;32mI (248) heap_init: At 600FE11C len 00001ECC (7 KiB): RTCRAM[0m
[0;33mW (254) spi_flash: Octal flash chip is using but dio mode is selected, will automatically switch to Octal mode[0m
[0;32mI (263) spi_flash: detected chip: mxic (opi)[0m
[0;32mI (267) spi_flash: flash io: opi_str[0m
[0;33mW (270) spi_flash: Detected size(32768k) larger than the size in the binary image header(2048k). Using the size in the binary image header.[0m
[0;32mI (282) sleep_gpio: Configure to isolate all GPIO pins in sleep state[0m
[0;32mI (289) sleep_gpio: Enable automatic switching of GPIO sleep configuration[0m
[0;32mI (296) main_task: Started on CPU0[0m
[0;32mI (306) main_task: Calling app_main()[0m
[0;32mI (306) FINGERPRINT: Initializing fingerprint scanner...[0m
[0;32mI (306) gpio: GPIO[15]| InputEn: 1| OutputEn: 0| OpenDrain: 0| Pullup: 0| Pulldown: 1| Intr:1 [0m
[0;32mI (316) FINGERPRINT: Fingerprint scanner initialized successfully with interrupt-based detection.[0m

[0;32mI (326) FINGERPRINT: Fingerprint event handler registered[0m
[0;32mI (326) FINGERPRINT: Fingerprint module address changed from 0xFFFFFFFF to 0xFFFFFFFF[0m

[0;32mI (336) FINGERPRINT: Fingerprint scanner initialized and waiting for a finger to be detected.[0m
[0;32mI (646) CHIP ADDRESS SET: Fingerprint chip address set successfully. Status: 0x00[0m

[0;32mI (966) TEMPLATE DELETED: Fingerprint template deleted successfully. Status: 0x00[0m
[0;32mI (966) TEMPLATE DELETED: Deleted template at location: 0[0m
[0;32mI (966) TEMPLATE DELETED: Deleted template? Yes[0m

[0;32mI (1546) TEMPLATE DELETED: Fingerprint template deleted successfully. Status: 0x00[0m
[0;32mI (1546) TEMPLATE DELETED: Deleted template at location: 9[0m
[0;32mI (1546) TEMPLATE DELETED: Deleted template? Yes[0m

[0;32mI (2076) FINGERPRINT: Position 0 is free[0m
[0;32mI (2076) FINGERPRINT: Waiting for a finger to be placed...[0m
[0;32mI (2126) INDEX TABLE READ: Index table read successful. Status: 0x00[0m

[0;32mI (4846) FINGERPRINT: Remove finger and place it again...[0m
[0;32mI (4876) FINGERPRINT: Fingerprint features extracted successfully! Status: 0x00[0m

[0;32mI (5196) FINGERPRINT: Fingerprint features extracted successfully! Status: 0x00[0m

[0;32mI (6866) FINGERPRINT: Finger removal confirmed[0m
[0;32mI (7166) FINGERPRINT: Please place the same finger again...[0m
[0;32mI (9486) FINGERPRINT: Second fingerprint image captured successfully![0m
[0;32mI (9486) FINGERPRINT: Fingerprint model created successfully![0m
[0;32mI (9506) FINGERPRINT: Fingerprint features extracted successfully! Status: 0x00[0m

[0;32mI (11906) ENROLLMENT COMPLETE: Fingerprint enrollment process completed. Status: 0x00[0m
[0;32mI (11906) ENROLLMENT INFO: Enrollment ID: 0[0m
[0;32mI (11906) ENROLLMENT INFO: Have Duplicate: 0[0m
[0;32mI (11906) ENROLLMENT INFO: Attempts: 1[0m

[0;32mI (11906) FINGERPRINT: Starting fingerprint verification...[0m
[0;32mI (12166) FINGERPRINT: Please place your finger on the sensor...[0m
[0;32mI (12216) FINGERPRINT: Fingerprint enrollment successful! Status: 0x00[0m
[0;32mI (12216) Event Type: Event: 0x0A[0m

[0;32mI (19126) FINGERPRINT: Fingerprint features extracted successfully! Status: 0x00[0m

[1;31mE (19456) FINGERPRINT: Fingerprint mismatch. Status: 0x09[0m

[0;33mW (20086) FINGERPRINT: No match found, attempt 1 of 3[0m
[0;32mI (21276) FINGERPRINT: Please place your finger on the sensor...[0m
[0;32mI (21646) FINGERPRINT: Fingerprint features extracted successfully! Status: 0x00[0m

[0;32mI (22046) SEARCH SUCCESS: EVENT SEARCH SUCCESS[0m
[0;32mI (22046) SEARCH SUCCESS: Fingerprint search successful. Status: 0x00[0m
[0;32mI (22046) SEARCH SUCCESS: Match found at Enrollee ID: 0[0m
[0;32mI (22046) SEARCH SUCCESS: Match score: 7168[0m

[0;33mW (22596) FINGERPRINT: Finger presence check failed on attempt 1[0m
[0;33mW (23196) FINGERPRINT: Finger presence check failed on attempt 2[0m
[0;33mW (23196) FINGERPRINT: No match found, attempt 2 of 3[0m
[0;33mW (23796) FINGERPRINT: Finger presence check failed on attempt 3[0m
[0;33mW (23896) FINGERPRINT: Could not confirm finger presence after multiple attempts[0m
[0;32mI (24366) FINGERPRINT: Please place your finger on the sensor...[0m
[0;32mI (26926) FINGERPRINT: Fingerprint features extracted successfully! Status: 0x00[0m

[0;32mI (27306) SEARCH SUCCESS: EVENT SEARCH SUCCESS[0m
[0;32mI (27306) SEARCH SUCCESS: Fingerprint search successful. Status: 0x00[0m
[0;32mI (27306) SEARCH SUCCESS: Match found at Enrollee ID: 0[0m
[0;32mI (27306) SEARCH SUCCESS: Match score: 2816[0m

[0;32mI (28666) EVENT TEMPLATE COUNT: Number of valid templates: 2[0m

[0;32mI (28866) FINGERPRINT: Reading system parameters...[0m
[0;32mI (29196) FINGERPRINT: Received system parameters response[0m
[0;32mI (29246) SYSTEM PARAMETERS READ: System parameters read successfully. Status: 0x00[0m
[0;32mI (29246) SYSTEM PARAMETERS READ: Status Register: 0x0005[0m
[0;32mI (29246) SYSTEM PARAMETERS READ: Fingerprint Template Size:: 0x2000[0m
[0;32mI (29246) SYSTEM PARAMETERS READ: Fingerprint Database Size: 0x0064[0m
[0;32mI (29256) SYSTEM PARAMETERS READ: Security Level: 0x0003[0m
[0;32mI (29256) SYSTEM PARAMETERS READ: Device Address: 0xFFFFFFFF[0m
[0;32mI (29266) SYSTEM PARAMETERS READ: Data Packet Size: 256 bytes[0m
[0;32mI (29266) SYSTEM PARAMETERS READ: Baud Rate: 57600 bps[0m

[0;33mW (34946) FINGERPRINT: Could not confirm finger presence after multiple attempts[0m
[0;33mW (35956) FINGERPRINT: Could not confirm finger presence after multiple attempts[0m
