ESP-ROM:esp32s3-20210327
Build:Mar 27 2021
rst:0x1 (POWERON),boot:0x18 (SPI_FAST_FLASH_BOOT)
SPIWP:0xee
Octal Flash Mode Enabled
For OPI Flash, Use Default Flash Boot Mode
mode:SLOW_RD, clock div:1
load:0x3fce2810,len:0x15a0
load:0x403c8700,len:0x4
load:0x403c8704,len:0xd20
load:0x403cb700,len:0x2ee4
entry 0x403c8928
[0;32mI (33) boot: ESP-IDF v5.4-dirty 2nd stage bootloader[0m
[0;32mI (33) boot: compile time Mar  4 2025 16:14:42[0m
[0;32mI (33) boot: Multicore bootloader[0m
[0;32mI (34) boot: chip revision: v0.1[0m
[0;32mI (37) boot: efuse block revision: v1.2[0m
[0;32mI (40) boot.esp32s3: Boot SPI Speed : 80MHz[0m
[0;32mI (44) boot.esp32s3: SPI Mode       : SLOW READ[0m
[0;32mI (48) boot.esp32s3: SPI Flash Size : 2MB[0m
[0;32mI (52) boot: Enabling RNG early entropy source...[0m
[0;32mI (57) boot: Partition Table:[0m
[0;32mI (59) boot: ## Label            Usage          Type ST Offset   Length[0m
[0;32mI (66) boot:  0 nvs              WiFi data        01 02 00009000 00006000[0m
[0;32mI (72) boot:  1 phy_init         RF data          01 01 0000f000 00001000[0m
[0;32mI (79) boot:  2 factory          factory app      00 00 00010000 00100000[0m
[0;32mI (85) boot: End of partition table[0m
[0;32mI (88) esp_image: segment 0: paddr=00010020 vaddr=3c020020 size=0d478h ( 54392) map[0m
[0;32mI (109) esp_image: segment 1: paddr=0001d4a0 vaddr=3fc93900 size=02b78h ( 11128) load[0m
[0;32mI (112) esp_image: segment 2: paddr=00020020 vaddr=42000020 size=1d8e4h (121060) map[0m
[0;32mI (141) esp_image: segment 3: paddr=0003d90c vaddr=3fc96478 size=00a78h (  2680) load[0m
[0;32mI (142) esp_image: segment 4: paddr=0003e38c vaddr=40374000 size=0f8cch ( 63692) load[0m
[0;32mI (162) esp_image: segment 5: paddr=0004dc60 vaddr=600fe100 size=0001ch (    28) load[0m
[0;32mI (169) boot: Loaded app from partition at offset 0x10000[0m
[0;32mI (169) boot: Disabling RNG early entropy source...[0m
[0;32mI (180) cpu_start: Multicore app[0m
[0;32mI (189) cpu_start: Pro cpu start user code[0m
[0;32mI (189) cpu_start: cpu freq: 160000000 Hz[0m
[0;32mI (189) app_init: Application information:[0m
[0;32mI (189) app_init: Project name:     fingerprint_scanner[0m
[0;32mI (194) app_init: App version:      7eb2ecb-dirty[0m
[0;32mI (198) app_init: Compile time:     Mar 14 2025 08:27:26[0m
[0;32mI (203) app_init: ELF file SHA256:  b455af051...[0m
[0;32mI (208) app_init: ESP-IDF:          v5.4-dirty[0m
[0;32mI (212) efuse_init: Min chip rev:     v0.0[0m
[0;32mI (216) efuse_init: Max chip rev:     v0.99 [0m
[0;32mI (220) efuse_init: Chip rev:         v0.1[0m
[0;32mI (224) heap_init: Initializing. RAM available for dynamic allocation:[0m
[0;32mI (230) heap_init: At 3FC98A10 len 00050D00 (323 KiB): RAM[0m
[0;32mI (235) heap_init: At 3FCE9710 len 00005724 (21 KiB): RAM[0m
[0;32mI (240) heap_init: At 3FCF0000 len 00008000 (32 KiB): DRAM[0m
[0;32mI (245) heap_init: At 600FE11C len 00001ECC (7 KiB): RTCRAM[0m
[0;33mW (251) spi_flash: Octal flash chip is using but dio mode is selected, will automatically switch to Octal mode[0m
[0;32mI (261) spi_flash: detected chip: mxic (opi)[0m
[0;32mI (264) spi_flash: flash io: opi_str[0m
[0;33mW (268) spi_flash: Detected size(32768k) larger than the size in the binary image header(2048k). Using the size in the binary image header.[0m
[0;32mI (280) sleep_gpio: Configure to isolate all GPIO pins in sleep state[0m
[0;32mI (286) sleep_gpio: Enable automatic switching of GPIO sleep configuration[0m
[0;32mI (293) main_task: Started on CPU0[0m
[0;32mI (303) main_task: Calling app_main()[0m
[0;32mI (303) FINGERPRINT: Initializing fingerprint scanner...[0m
[0;33mW (503) FINGERPRINT: No handshake received, retrying...[0m
[0;33mW (903) FINGERPRINT: No handshake received, retrying...[0m
[0;33mW (1303) FINGERPRINT: No handshake received, retrying...[0m
[0;33mW (1703) FINGERPRINT: No handshake received, retrying...[0m
[0;33mW (2103) FINGERPRINT: No handshake received, retrying...[0m
[0;33mW (2503) FINGERPRINT: No handshake received, retrying...[0m
[0;33mW (2903) FINGERPRINT: No handshake received, retrying...[0m
[0;33mW (3303) FINGERPRINT: No handshake received, retrying...[0m
[0;33mW (3703) FINGERPRINT: No handshake received, retrying...[0m
[0;33mW (4103) FINGERPRINT: No handshake received, retrying...[0m
[0;33mW (4503) FINGERPRINT: No handshake received, retrying...[0m
[0;33mW (4903) FINGERPRINT: No handshake received, retrying...[0m
[0;33mW (5303) FINGERPRINT: No handshake received, retrying...[0m
[0;33mW (5703) FINGERPRINT: No handshake received, retrying...[0m
[0;33mW (6103) FINGERPRINT: No handshake received, retrying...[0m
[0;33mW (6373) FINGERPRINT: No handshake received, retrying...[0m
[0;32mI (6573) FINGERPRINT: Fingerprint module handshake received: 0x55[0m
[0;32mI (6573) FINGERPRINT: Fingerprint scanner initialized successfully.[0m
[0;32mI (6853) FINGERPRINT: Read 4 bytes, buffer now contains 4 bytes[0m
[0;32mI (6853) FINGERPRINT: 00 55 00 55[0m
[0;32mI (6853) FINGERPRINT: Shifted buffer, 1 bytes remaining[0m
[0;33mW (6853) FINGERPRINT: No complete packets found, returning NULL[0m
[0;32mI (7113) FINGERPRINT: Read 12 bytes, buffer now contains 13 bytes[0m
[0;32mI (7113) FINGERPRINT: 55 ef 01 ff ff ff ff 07 00 03 00 00 0a[0m
[0;32mI (7113) FINGERPRINT: Found header (0xEF01) at position 1[0m
[0;32mI (7113) FINGERPRINT: Read address: 0xFFFFFFFF[0m
[0;32mI (7113) FINGERPRINT: Read packet_id: 0x07[0m
[0;32mI (7123) FINGERPRINT: Read length: 3[0m
[0;32mI (7123) FINGERPRINT: Read checksum: 0x000A[0m
[0;32mI (7133) FINGERPRINT: Added packet to response, count now: 1[0m
[0;32mI (7133) FINGERPRINT: Buffer fully processed, reset position[0m
[0;32mI (7143) FINGERPRINT: Returning response with 1 packets[0m
[0;32mI (7853) FINGERPRINT: Fingerprint scanner initialized and waiting for a finger to be detected.[0m
[0;32mI (8193) FINGERPRINT: Read 44 bytes, buffer now contains 44 bytes[0m
[0;32mI (8193) FINGERPRINT: ef 01 ff ff ff ff 07 00 23 00 03 00 00 00 00 00[0m
[0;32mI (8193) FINGERPRINT: 00 00 00 00 00 00 00 00 00 00 00 00 00 00 00 00[0m
[0;32mI (8193) FINGERPRINT: 00 00 00 00 00 00 00 00 00 00 00 2d[0m
[0;32mI (8203) FINGERPRINT: Found header (0xEF01) at position 0[0m
[0;32mI (8203) FINGERPRINT: Read address: 0xFFFFFFFF[0m
[0;32mI (8213) FINGERPRINT: Read packet_id: 0x07[0m
[0;32mI (8213) FINGERPRINT: Read length: 35[0m
[0;32mI (8213) FINGERPRINT: Read checksum: 0x002D[0m
[0;32mI (8223) FINGERPRINT: Added packet to response, count now: 1[0m
[0;32mI (8223) FINGERPRINT: Buffer fully processed, reset position[0m
[0;32mI (8233) FINGERPRINT: Returning response with 1 packets[0m
[0;32mI (8233) FINGERPRINT: Index table read successful. Status: 0x00[0m
[0;32mI (8243) Index Table Parameters: 03 00 00 00 00 00 00 00 00 00 00 00 00 00 00 00[0m
[0;32mI (8253) Index Table Parameters: 00 00 00 00 00 00 00 00 00 00 00 00 00 00 00 00[0m
[0;32mI (8253) Index Table Parameters: 00 00 00 00 00 00 00 00 00 00 00 00 00 00 00 00[0m
[0;32mI (8263) Index Table Parameters: 00 00 00 00 00 00 00 00 00 00 00 00 00 00 00 00[0m
[0;32mI (8273) Index Table Parameters: 00 00 00 00 00 00 00 00 00 00 00 00 00 00 00 00[0m
[0;32mI (8273) Index Table Parameters: 00 00 00 00 00 00 00 00 00 00 00 00 00 00 00 00[0m
[0;32mI (8283) Index Table Parameters: 00 00 00 00 00 00 00 00 00 00 00 00 00 00 00 00[0m
[0;32mI (8293) Index Table Parameters: 00 00 00 00 00 00 00 00 00 00 00 00 00 00 00 00[0m
[0;32mI (8303) Index Table Parameters: 00 00 00 00 00 00 00 00 00 00 00 00 00 00 00 00[0m
[0;32mI (8303) Index Table Parameters: 00 00 00 00 00 00 00 00 00 00 00 00 00 00 00 00[0m
[0;32mI (8313) Index Table Parameters: 00 00 00 00 00 00 00 00 00 00 00 00 00 00 00 00[0m
[0;32mI (8323) Index Table Parameters: 00 00 00 00 00 00 00 00 00 00 00 00 00 00 00 00[0m
[0;32mI (8323) Index Table Parameters: 00 00 00 00 00 00 00 00 00 00 00 00 00 00 00 00[0m
[0;32mI (8333) Index Table Parameters: 00 00 00 00 00 00 00 00 00 00 00 00 00 00 00 00[0m
[0;32mI (8343) Index Table Parameters: 00 00 00 00 00 00 00 00 00 00 00 00 00 00 00 00[0m
[0;32mI (8353) Index Table Parameters: 00 00 00 00 00 00 00 00 00 00 00 00 00 00 00 00[0m
[1;31mE (8353) FINGERPRINT: Location 1 is already occupied[0m
[1;31mE (8363) FINGERPRINT: Fingeprint not enrolled![0m
[0;32mI (8363) FINGERPRINT: Starting fingerprint verification...[0m
[0;32mI (10373) FINGERPRINT: Please place your finger on the sensor...[0m
[0;32mI (11053) FINGERPRINT: Read 12 bytes, buffer now contains 12 bytes[0m
[0;32mI (11053) FINGERPRINT: ef 01 ff ff ff ff 07 00 03 00 00 0a[0m
[0;32mI (11053) FINGERPRINT: Found header (0xEF01) at position 0[0m
[0;32mI (11053) FINGERPRINT: Read address: 0xFFFFFFFF[0m
[0;32mI (11053) FINGERPRINT: Read packet_id: 0x07[0m
[0;32mI (11063) FINGERPRINT: Read length: 3[0m
[0;32mI (11063) FINGERPRINT: Read checksum: 0x000A[0m
[0;32mI (11073) FINGERPRINT: Added packet to response, count now: 1[0m
[0;32mI (11073) FINGERPRINT: Buffer fully processed, reset position[0m
[0;32mI (11083) FINGERPRINT: Returning response with 1 packets[0m
[0;32mI (11083) FINGERPRINT: Finger detected! Status: 0x00[0m
[0;32mI (11093) FINGERPRINT: Finger detected![0m
[0;32mI (11363) FINGERPRINT: Read 12 bytes, buffer now contains 12 bytes[0m
[0;32mI (11363) FINGERPRINT: ef 01 ff ff ff ff 07 00 03 00 00 0a[0m
[0;32mI (11363) FINGERPRINT: Found header (0xEF01) at position 0[0m
[0;32mI (11363) FINGERPRINT: Read address: 0xFFFFFFFF[0m
[0;32mI (11363) FINGERPRINT: Read packet_id: 0x07[0m
[0;32mI (11373) FINGERPRINT: Read length: 3[0m
[0;32mI (11373) FINGERPRINT: Read checksum: 0x000A[0m
[0;32mI (11383) FINGERPRINT: Added packet to response, count now: 1[0m
[0;32mI (11383) FINGERPRINT: Buffer fully processed, reset position[0m
[0;32mI (11393) FINGERPRINT: Returning response with 1 packets[0m
[0;32mI (11393) FINGERPRINT: Fingerprint features extracted successfully! Status: 0x00[0m
[0;32mI (11403) FINGERPRINT: Searching for fingerprint match...[0m
[0;32mI (11753) FINGERPRINT: Read 16 bytes, buffer now contains 16 bytes[0m
[0;32mI (11753) FINGERPRINT: ef 01 ff ff ff ff 07 00 07 00 00 00 00 0c 00 1a[0m
[0;32mI (11753) FINGERPRINT: Found header (0xEF01) at position 0[0m
[0;32mI (11753) FINGERPRINT: Read address: 0xFFFFFFFF[0m
[0;32mI (11763) FINGERPRINT: Read packet_id: 0x07[0m
[0;32mI (11763) FINGERPRINT: Read length: 7[0m
[0;32mI (11763) FINGERPRINT: Read checksum: 0x001A[0m
[0;32mI (11773) FINGERPRINT: Added packet to response, count now: 1[0m
[0;32mI (11773) FINGERPRINT: Buffer fully processed, reset position[0m
[0;32mI (11783) FINGERPRINT: Returning response with 1 packets[0m
[0;32mI (11783) FINGERPRINT: Fingerprint search successful. Status: 0x00[0m
[0;32mI (11793) FINGERPRINT: Match found at Enrollee ID: 0[0m
[0;32mI (11793) FINGERPRINT: Match score: 3072[0m
[0;32mI (11803) FINGERPRINT: Access granted - fingerprint verified![0m
[0;32mI (12213) FINGERPRINT: Read 14 bytes, buffer now contains 14 bytes[0m
[0;32mI (12213) FINGERPRINT: ef 01 ff ff ff ff 07 00 05 00 00 02 00 0e[0m
[0;32mI (12213) FINGERPRINT: Found header (0xEF01) at position 0[0m
[0;32mI (12213) FINGERPRINT: Read address: 0xFFFFFFFF[0m
[0;32mI (12223) FINGERPRINT: Read packet_id: 0x07[0m
[0;32mI (12223) FINGERPRINT: Read length: 5[0m
[0;32mI (12223) FINGERPRINT: Read checksum: 0x000E[0m
[0;32mI (12233) FINGERPRINT: Added packet to response, count now: 1[0m
[0;32mI (12233) FINGERPRINT: Buffer fully processed, reset position[0m
[0;32mI (12243) FINGERPRINT: Returning response with 1 packets[0m
[0;32mI (12243) EVENT TEMPLATE COUNT: Number of valid templates: 2[0m
[0;32mI (12253) FINGERPRINT: Count of enrolled fingerprints sent successfully.[0m
[0;32mI (12253) FINGERPRINT: Backing up template id 0x0001[0m
[0;32mI (12263) FINGERPRINT: Loading Template...[0m
[0;32mI (12463) FINGERPRINT: LoadChar command sent[0m
[0;32mI (12673) FINGERPRINT: Read 12 bytes, buffer now contains 12 bytes[0m
[0;32mI (12673) FINGERPRINT: ef 01 ff ff ff ff 07 00 03 00 00 0a[0m
[0;32mI (12673) FINGERPRINT: Found header (0xEF01) at position 0[0m
[0;32mI (12673) FINGERPRINT: Read address: 0xFFFFFFFF[0m
[0;32mI (12673) FINGERPRINT: Read packet_id: 0x07[0m
[0;32mI (12683) FINGERPRINT: Read length: 3[0m
[0;32mI (12683) FINGERPRINT: Read checksum: 0x000A[0m
[0;32mI (12693) FINGERPRINT: Added packet to response, count now: 1[0m
[0;33mW (12693) FINGERPRINT: Emergency timeout - processing took too long, clearing buffer[0m
[0;32mI (12703) FINGERPRINT: Buffer fully processed, reset position[0m
[0;32mI (12703) FINGERPRINT: Returning response with 1 packets[0m
[0;32mI (12713) FINGERPRINT: Template loaded successfully. Status: 0x00[0m
[0;32mI (12723) FINGERPRINT: Loading Template Successful[0m
[0;32mI (12723) FINGERPRINT: Uploading Template...[0m
[0;32mI (12923) FINGERPRINT: Sending UpChar command for buffer 1[0m
[0;32mI (12923) FINGERPRINT: Waiting for template data transfer...[0m
[0;32mI (12973) FINGERPRINT: Read 256 bytes, buffer now contains 256 bytes[0m
[0;32mI (12973) FINGERPRINT: ef 01 ff ff ff ff 07 00 03 00 00 0a ef 01 ff ff[0m
[0;32mI (12973) FINGERPRINT: ff ff 02 00 07 00 00 54 1e 56 00 d1 ef 01 ff ff[0m
[0;32mI (12983) FINGERPRINT: ff ff 02 01 02 01 04 93 07 50 52 45 43 49 53 45[0m
[0;32mI (12993) FINGERPRINT: 00 01 02 73 b6 cf e0 00 56 00 00 00 27 66 0d a8[0m
[0;32mI (12993) FINGERPRINT: db 00 0c 00 50 00 45 00 00 00 01 6b 00 50 00 45[0m
[0;32mI (13003) FINGERPRINT: 00 00 00 00 00 00 00 00 00 00 00 00 00 00 00 00[0m
[0;32mI (13003) FINGERPRINT: 00 ff ff 00 00 00 00 00 00 4f 00 00 07 46 11 87[0m
[0;32mI (13013) FINGERPRINT: 10 80 00 0a 12 34 00 0d 00 10 00 45 00 50 00 9b[0m
[0;32mI (13023) FINGERPRINT: 00 00 00 00 00 00 06 00 08 01 00 10 08 a6 d7 7c[0m
[0;32mI (13023) FINGERPRINT: 88 00 01 03 5f 01 00 00 00 4e 36 37 a8 3b 20 e3[0m
[0;32mI (13033) FINGERPRINT: 01 6a f7 bc 09 25 48 28 cb e1 51 2e d8 de 7e 0b[0m
[0;32mI (13043) FINGERPRINT: 3e 40 28 a9 c0 e3 5f bf 30 20 9e 3a 24 a6 72 20[0m
[0;32mI (13043) FINGERPRINT: fe 8d e8 12 6c 6a 32 19 28 ce fc e2 9d 81 1c 9f[0m
[0;32mI (13053) FINGERPRINT: 40 31 41 ad ce 28 95 19 69 d7 e8 2c 36 45 27 1d[0m
[0;32mI (13053) FINGERPRINT: dd 59 2e a6 10 6b e8 2a 17 28 0d 2a b2 df 5b 54[0m
[0;32mI (13063) FINGERPRINT: fc 50 3f 45 2b ac 2c 85 59 62 8b ca b8 09 10 b0[0m
[0;32mI (13073) FINGERPRINT: Found header (0xEF01) at position 0[0m
[0;32mI (13073) FINGERPRINT: Read address: 0xFFFFFFFF[0m
[0;32mI (13083) FINGERPRINT: Read packet_id: 0x07[0m
[0;32mI (13083) FINGERPRINT: Read length: 3[0m
[0;32mI (13083) FINGERPRINT: Read checksum: 0x000A[0m
[0;32mI (13093) FINGERPRINT: Added packet to response, count now: 1[0m
[0;32mI (13093) FINGERPRINT: Found header (0xEF01) at position 12[0m
[0;32mI (13103) FINGERPRINT: Read address: 0xFFFFFFFF[0m
[0;32mI (13103) FINGERPRINT: Read packet_id: 0x02[0m
[0;32mI (13113) FINGERPRINT: Read length: 7[0m
[0;32mI (13113) FINGERPRINT: Received template data packet: ID=0x02, Length=5[0m
[0;32mI (13123) FINGERPRINT: Read checksum: 0x00D1[0m
[0;32mI (13123) FINGERPRINT: Added packet to response, count now: 2[0m
[0;32mI (13133) FINGERPRINT: Found header (0xEF01) at position 28[0m
[0;32mI (13133) FINGERPRINT: Read address: 0xFFFFFFFF[0m
[0;32mI (13143) FINGERPRINT: Read packet_id: 0x02[0m
[0;32mI (13143) FINGERPRINT: Read length: 258[0m
[0;32mI (13143) FINGERPRINT: Processing partial template data (219 bytes available)[0m
[0;32mI (13153) FINGERPRINT: Added partial template data packet to response[0m
[0;32mI (13163) FINGERPRINT: Setting success bit for UpChar command acknowledgment[0m
[0;32mI (13163) FINGERPRINT: Starting template upload process, buffer cleared[0m
[0;32mI (13173) FINGERPRINT: Upload starting[0m
[0;32mI (13173) FINGERPRINT: Read 256 bytes, buffer now contains 256 bytes[0m
[0;32mI (13173) EVENT_TEMPLATE_UPLOADED: Template command: 0x08[0m
[0;32mI (13183) EVENT_TEMPLATE_UPLOADED: Template package ID: 0x07[0m
[0;32mI (13193) FINGERPRINT: f8 d7 c1 69 5b a3 1f 9b 2d 4a 2a 81 b8 b2 4c 0e[0m
[0;32mI (13193) EVENT_TEMPLATE_UPLOADED: Template confirmation code: 0x00[0m
[0;32mI (13203) FINGERPRINT: dd f9 24 2b 25 ab 63 48 65 bf e1 28 6f 08 3a 48[0m
[0;32mI (13203) EVENT_TEMPLATE_UPLOADED: Template address: 0xFFFFFFFF[0m
[0;32mI (13213) EVENT_TEMPLATE_UPLOADED: Template uploaded successfully. Status: 0x00[0m
[0;32mI (13223) FINGERPRINT: a9 6a c6 47 48 4e c9 ef 01 ff ff ff ff 02 01 02[0m
[0;32mI (13223) EVENT_TEMPLATE_UPLOADED: Complete template data received (1006786520 bytes):[0m
Guru Meditation Error: Core  0 panic'ed (LoadProhibited). Exception was unhandled.

Core  0 register dump:
PC      : 0x40056fc0  PS      : 0x00060c30  A0      : 0x82010df1  A1      : 0x3fca09a0  
A2      : 0x3fca09b0  A3      : 0x00003368  A4      : 0x00000010  A5      : 0x3fca09b0  
A6      : 0x3fca0a00  A7      : 0x00000001  A8      : 0xc0000000  A9      : 0x9ff0536b  
A10     : 0x00000057  A11     : 0x00000003  A12     : 0xfffffff5  A13     : 0x3c025e64  
A14     : 0x00000009  A15     : 0x3fca0890  SAR     : 0x00000018  EXCCAUSE: 0x0000001c  
EXCVADDR: 0x00003368  LBEG    : 0x400556d5  LEND    : 0x400556e5  LCOUNT  : 0xfffffff9  


Backtrace: 0x40056fbd:0x3fca09a0 0x42010dee:0x3fca09b0 0x42010eb9:0x3fca0a00 0x4200bae2:0x3fca0a50 0x4200cc75:0x3fca0a70 0x4200d933:0x3fca0bc0 0x4200dc68:0x3fca0e40 0x4037b5fd:0x3fca11e0




ELF file SHA256: b455af051

Rebooting...
ï¿½ï¿½ï¿½ESP-ROM:esp32s3-20210327
Build:Mar 27 2021
rst:0xc (RTC_SW_CPU_RST),boot:0x18 (SPI_FAST_FLASH_BOOT)
Saved PC:0x40375b1c
SPIWP:0xee
Octal Flash Mode Enabled
For OPI Flash, Use Default Flash Boot Mode
mode:SLOW_RD, clock div:1
load:0x3fce2810,len:0x15a0
load:0x403c8700,len:0x4
load:0x403c8704,len:0xd20
load:0x403cb700,len:0x2ee4
entry 0x403c8928
[0;32mI (37) boot: ESP-IDF v5.4-dirty 2nd stage bootloader[0m
[0;32mI (38) boot: compile time Mar  4 2025 16:14:42[0m
[0;32mI (38) boot: Multicore bootloader[0m
[0;32mI (38) boot: chip revision: v0.1[0m
[0;32mI (41) boot: efuse block revision: v1.2[0m
[0;32mI (45) boot.esp32s3: Boot SPI Speed : 80MHz[0m
[0;32mI (49) boot.esp32s3: SPI Mode       : SLOW READ[0m
[0;32mI (53) boot.esp32s3: SPI Flash Size : 2MB[0m
[0;32mI (57) boot: Enabling RNG early entropy source...[0m
[0;32mI (61) boot: Partition Table:[0m
[0;32mI (64) boot: ## Label            Usage          Type ST Offset   Length[0m
[0;32mI (70) boot:  0 nvs              WiFi data        01 02 00009000 00006000[0m
[0;32mI (77) boot:  1 phy_init         RF data          01 01 0000f000 00001000[0m
[0;32mI (83) boot:  2 factory          factory app      00 00 00010000 00100000[0m
[0;32mI (90) boot: End of partition table[0m
[0;32mI (93) esp_image: segment 0: paddr=00010020 vaddr=3c020020 size=0d478h ( 54392) map[0m
[0;32mI (113) esp_image: segment 1: paddr=0001d4a0 vaddr=3fc93900 size=02b78h ( 11128) load[0m
[0;32mI (116) esp_image: segment 2: paddr=00020020 vaddr=42000020 size=1d8e4h (121060) map[0m
[0;32mI (145) esp_image: segment 3: paddr=0003d90c vaddr=3fc96478 size=00a78h (  2680) load[0m
[0;32mI (146) esp_image: segment 4: paddr=0003e38c vaddr=40374000 size=0f8cch ( 63692) load[0m
[0;32mI (167) esp_image: segment 5: paddr=0004dc60 vaddr=600fe100 size=0001ch (    28) load[0m
[0;32mI (173) boot: Loaded app from partition at offset 0x10000[0m
[0;32mI (173) boot: Disabling RNG early entropy source...[0m
[0;32mI (185) cpu_start: Multicore app[0m
[0;32mI (193) cpu_start: Pro cpu start user code[0m
[0;32mI (193) cpu_start: cpu freq: 160000000 Hz[0m
[0;32mI (193) app_init: Application information:[0m
[0;32mI (194) app_init: Project name:     fingerprint_scanner[0m
[0;32mI (198) app_init: App version:      7eb2ecb-dirty[0m
[0;32mI (203) app_init: Compile time:     Mar 14 2025 08:27:26[0m
[0;32mI (208) app_init: ELF file SHA256:  b455af051...[0m
[0;32mI (212) app_init: ESP-IDF:          v5.4-dirty[0m
[0;32mI (216) efuse_init: Min chip rev:     v0.0[0m
[0;32mI (220) efuse_init: Max chip rev:     v0.99 [0m
[0;32mI (224) efuse_init: Chip rev:         v0.1[0m
[0;32mI (228) heap_init: Initializing. RAM available for dynamic allocation:[0m
[0;32mI (234) heap_init: At 3FC98A10 len 00050D00 (323 KiB): RAM[0m
[0;32mI (239) heap_init: At 3FCE9710 len 00005724 (21 KiB): RAM[0m
[0;32mI (245) heap_init: At 3FCF0000 len 00008000 (32 KiB): DRAM[0m
[0;32mI (250) heap_init: At 600FE11C len 00001ECC (7 KiB): RTCRAM[0m
[0;33mW (256) spi_flash: Octal flash chip is using but dio mode is selected, will automatically switch to Octal mode[0m
[0;32mI (265) spi_flash: detected chip: mxic (opi)[0m
[0;32mI (269) spi_flash: flash io: opi_str[0m
[0;33mW (272) spi_flash: Detected size(32768k) larger than the size in the binary image header(2048k). Using the size in the binary image header.[0m
[0;32mI (284) sleep_gpio: Configure to isolate all GPIO pins in sleep state[0m
[0;32mI (291) sleep_gpio: Enable automatic switching of GPIO sleep configuration[0m
[0;32mI (298) main_task: Started on CPU0[0m
[0;32mI (308) main_task: Calling app_main()[0m
[0;32mI (308) FINGERPRINT: Initializing fingerprint scanner...[0m
[0;33mW (328) FINGERPRINT: No handshake received, retrying...[0m
[0;33mW (528) FINGERPRINT: No handshake received, retrying...[0m
[0;33mW (728) FINGERPRINT: No handshake received, retrying...[0m
[0;33mW (928) FINGERPRINT: No handshake received, retrying...[0m
[0;33mW (1128) FINGERPRINT: No handshake received, retrying...[0m
[0;33mW (1328) FINGERPRINT: No handshake received, retrying...[0m
[0;33mW (1528) FINGERPRINT: No handshake received, retrying...[0m
[0;33mW (1728) FINGERPRINT: No handshake received, retrying...[0m
[0;33mW (1928) FINGERPRINT: No handshake received, retrying...[0m
[0;33mW (2128) FINGERPRINT: No handshake received, retrying...[0m
