ESP-ROM:esp32s3-20210327
Build:Mar 27 2021
rst:0x1 (POWERON),boot:0x18 (SPI_FAST_FLASH_BOOT)
SPIWP:0xee
Octal Flash Mode Enabled
For OPI Flash, Use Default Flash Boot Mode
mode:SLOW_RD, clock div:1
load:0x3fce2810,len:0x15a0
load:0x403c8700,len:0x4
load:0x403c8704,len:0xd20
load:0x403cb700,len:0x2ee4
entry 0x403c8928
[0;32mI (33) boot: ESP-IDF v5.4-dirty 2nd stage bootloader[0m
[0;32mI (33) boot: compile time Mar 20 2025 11:43:23[0m
[0;32mI (33) boot: Multicore bootloader[0m
[0;32mI (34) boot: chip revision: v0.1[0m
[0;32mI (37) boot: efuse block revision: v1.2[0m
[0;32mI (40) boot.esp32s3: Boot SPI Speed : 80MHz[0m
[0;32mI (44) boot.esp32s3: SPI Mode       : SLOW READ[0m
[0;32mI (48) boot.esp32s3: SPI Flash Size : 2MB[0m
[0;32mI (52) boot: Enabling RNG early entropy source...[0m
[0;32mI (57) boot: Partition Table:[0m
[0;32mI (59) boot: ## Label            Usage          Type ST Offset   Length[0m
[0;32mI (66) boot:  0 nvs              WiFi data        01 02 00009000 00006000[0m
[0;32mI (72) boot:  1 phy_init         RF data          01 01 0000f000 00001000[0m
[0;32mI (79) boot:  2 factory          factory app      00 00 00010000 00100000[0m
[0;32mI (85) boot: End of partition table[0m
[0;32mI (88) esp_image: segment 0: paddr=00010020 vaddr=3c020020 size=0de30h ( 56880) map[0m
[0;32mI (109) esp_image: segment 1: paddr=0001de58 vaddr=3fc94000 size=021c0h (  8640) load[0m
[0;32mI (112) esp_image: segment 2: paddr=00020020 vaddr=42000020 size=1edf4h (126452) map[0m
[0;32mI (143) esp_image: segment 3: paddr=0003ee1c vaddr=3fc961c0 size=01550h (  5456) load[0m
[0;32mI (144) esp_image: segment 4: paddr=00040374 vaddr=40374000 size=0ff1ch ( 65308) load[0m
[0;32mI (165) esp_image: segment 5: paddr=00050298 vaddr=600fe100 size=0001ch (    28) load[0m
[0;32mI (171) boot: Loaded app from partition at offset 0x10000[0m
[0;32mI (171) boot: Disabling RNG early entropy source...[0m
[0;32mI (183) cpu_start: Multicore app[0m
[0;32mI (191) cpu_start: Pro cpu start user code[0m
[0;32mI (191) cpu_start: cpu freq: 160000000 Hz[0m
[0;32mI (191) app_init: Application information:[0m
[0;32mI (191) app_init: Project name:     fingerprint_scanner[0m
[0;32mI (196) app_init: App version:      d0512f2-dirty[0m
[0;32mI (201) app_init: Compile time:     Apr  1 2025 08:15:19[0m
[0;32mI (206) app_init: ELF file SHA256:  fa2711dfe...[0m
[0;32mI (210) app_init: ESP-IDF:          v5.4-dirty[0m
[0;32mI (214) efuse_init: Min chip rev:     v0.0[0m
[0;32mI (218) efuse_init: Max chip rev:     v0.99 [0m
[0;32mI (222) efuse_init: Chip rev:         v0.1[0m
[0;32mI (226) heap_init: Initializing. RAM available for dynamic allocation:[0m
[0;32mI (232) heap_init: At 3FC9A3B8 len 0004F358 (316 KiB): RAM[0m
[0;32mI (237) heap_init: At 3FCE9710 len 00005724 (21 KiB): RAM[0m
[0;32mI (242) heap_init: At 3FCF0000 len 00008000 (32 KiB): DRAM[0m
[0;32mI (248) heap_init: At 600FE11C len 00001ECC (7 KiB): RTCRAM[0m
[0;33mW (254) spi_flash: Octal flash chip is using but dio mode is selected, will automatically switch to Octal mode[0m
[0;32mI (263) spi_flash: detected chip: mxic (opi)[0m
[0;32mI (267) spi_flash: flash io: opi_str[0m
[0;33mW (270) spi_flash: Detected size(32768k) larger than the size in the binary image header(2048k). Using the size in the binary image header.[0m
[0;32mI (282) sleep_gpio: Configure to isolate all GPIO pins in sleep state[0m
[0;32mI (289) sleep_gpio: Enable automatic switching of GPIO sleep configuration[0m
[0;32mI (295) main_task: Started on CPU0[0m
[0;32mI (305) main_task: Calling app_main()[0m
[0;32mI (305) FINGERPRINT: Initializing fingerprint scanner...[0m
[0;32mI (305) gpio: GPIO[15]| InputEn: 1| OutputEn: 0| OpenDrain: 0| Pullup: 0| Pulldown: 1| Intr:1 [0m
[0;32mI (315) FINGERPRINT: Fingerprint scanner initialized successfully with interrupt-based detection.[0m

[0;32mI (325) FINGERPRINT: Fingerprint event handler registered[0m
[0;32mI (325) FINGERPRINT: Fingerprint module address changed from 0xFFFFFFFF to 0xFFFFFFFF[0m

[0;32mI (335) FINGERPRINT: Fingerprint scanner initialized and waiting for a finger to be detected.[0m
[0;32mI (595) FINGERPRINT: Clearing fingerprint database...[0m
[0;32mI (645) CHIP ADDRESS SET: Fingerprint chip address set successfully. Status: 0x00[0m

[0;32mI (915) FINGERPRINT: Successfully cleared fingerprint database[0m
[0;32mI (915) FINGERPRINT: Starting fingerprint verification...[0m
[0;32mI (965) DATABASE CLEARED: Fingerprint database cleared successfully. Status: 0x00[0m

[0;32mI (1225) FINGERPRINT: Please place your finger on the sensor...[0m
[0;32mI (5025) FINGERPRINT: Fingerprint features extracted successfully! Status: 0x00[0m

[1;31mE (5345) FINGERPRINT: Fingerprint mismatch. Status: 0x09[0m

[0;33mW (6005) FINGERPRINT: No match found, attempt 1 of 3[0m
[0;32mI (7165) FINGERPRINT: Please place your finger on the sensor...[0m
[0;33mW (8395) FINGERPRINT: Finger presence check failed on attempt 1[0m
[0;33mW (8985) FINGERPRINT: Finger presence check failed on attempt 2[0m
[0;33mW (9575) FINGERPRINT: Finger presence check failed on attempt 3[0m
[0;33mW (9675) FINGERPRINT: Could not confirm finger presence after multiple attempts[0m
[0;32mI (11535) FINGERPRINT: Fingerprint features extracted successfully! Status: 0x00[0m

[1;31mE (11855) FINGERPRINT: Fingerprint mismatch. Status: 0x09[0m

[0;33mW (12505) FINGERPRINT: No match found, attempt 2 of 3[0m
[0;32mI (13675) FINGERPRINT: Please place your finger on the sensor...[0m
[0;32mI (15205) FINGERPRINT: Fingerprint features extracted successfully! Status: 0x00[0m

[1;31mE (15525) FINGERPRINT: Fingerprint mismatch. Status: 0x09[0m

[0;33mW (16165) FINGERPRINT: No match found, attempt 3 of 3[0m
[1;31mE (17165) FINGERPRINT: Verification failed after 3 attempts[0m
[0;32mI (17925) EVENT TEMPLATE COUNT: Number of valid templates: 0[0m

[0;32mI (18175) FINGERPRINT: Reading system parameters...[0m
[0;32mI (18185) FINGERPRINT: 1. Backing up template id 0x0000[0m

[0;32mI (18455) FINGERPRINT: Received system parameters response[0m
[0;32mI (18485) FINGERPRINT: 0. Backing up template id 0x0000[0m
[0;32mI (18505) SYSTEM PARAMETERS READ: System parameters read successfully. Status: 0x00[0m
[0;32mI (18505) SYSTEM PARAMETERS READ: Status Register: 0x0005[0m
[0;32mI (18505) SYSTEM PARAMETERS READ: Fingerprint Template Size:: 0x2000[0m
[0;32mI (18505) SYSTEM PARAMETERS READ: Fingerprint Database Size: 0x0064[0m
[0;32mI (18515) SYSTEM PARAMETERS READ: Security Level: 0x0003[0m
[0;32mI (18515) SYSTEM PARAMETERS READ: Device Address: 0xFFFFFFFF[0m
[0;32mI (18525) SYSTEM PARAMETERS READ: Data Packet Size: 256 bytes[0m
[0;32mI (18525) SYSTEM PARAMETERS READ: Baud Rate: 57600 bps[0m

[0;32mI (18805) FINGERPRINT: Waiting for template data transfer...[0m
[0;32mI (18855) FINGERPRINT: Template loaded successfully. Status: 0x00[0m

[0;32mI (20425) FINGERPRINT: Last sent command: 0x08[0m
[0;32mI (20475) TEMPLATE UPLOADED: Template uploaded[0m

[0;32mI (20475) TEMPLATE UPLOADED: Multi-packet data available: 1 packets[0m

[0;32mI (20475) TEMPLATE UPLOADED: Packet 0: ID=0x07, Address=0xFFFFFFFF, Length=3, Checksum=0x000A[0m
[0;33mW (20525) TEMPLATE UPLOADED: Template data is empty or missing[0m
[0;32mI (20525) : [0m

[0;32mI (20525) FINGERPRINT: Freed multi-packet response from event[0m
[1;31mE (20525) FINGERPRINT: g_template_accumulator is NULL after upload. Possible causes:[0m
[1;31mE (20525) FINGERPRINT: 1. No response packets received from module. Check UART connection. Location might be empty[0m
[1;31mE (20535) FINGERPRINT: 2. The accumulator may have been deallocated due to insufficient memory.[0m
[1;31mE (20545) FINGERPRINT: 3. Ensure template storage is handled correctly before accessing the accumulator.[0m
[1;31mE (20605) TEMPLATE UPLOAD FAILED: Fingerprint template upload failed. Status: 0xFFFFFFFF[0m

[1;31mE (20605) FINGERPRINT: Failed to upload template: ESP_ERR_NOT_FOUND[0m
[0;32mI (20605) main_task: Returned from app_main()[0m
ESP-ROM:esp32s3-20210327
Build:Mar 27 2021
rst:0x1 (POWERON),boot:0x18 (SPI_FAST_FLASH_BOOT)
SPIWP:0xee
Octal Flash Mode Enabled
For OPI Flash, Use Default Flash Boot Mode
mode:SLOW_RD, clock div:1
load:0x3fce2810,len:0x15a0
load:0x403c8700,len:0x4
load:0x403c8704,len:0xd20
load:0x403cb700,len:0x2ee4
entry 0x403c8928
[0;32mI (33) boot: ESP-IDF v5.4-dirty 2nd stage bootloader[0m
[0;32mI (33) boot: compile time Mar 20 2025 11:43:23[0m
[0;32mI (33) boot: Multicore bootloader[0m
[0;32mI (34) boot: chip revision: v0.1[0m
[0;32mI (37) boot: efuse block revision: v1.2[0m
[0;32mI (40) boot.esp32s3: Boot SPI Speed : 80MHz[0m
[0;32mI (44) boot.esp32s3: SPI Mode       : SLOW READ[0m
[0;32mI (48) boot.esp32s3: SPI Flash Size : 2MB[0m
[0;32mI (52) boot: Enabling RNG early entropy source...[0m
[0;32mI (57) boot: Partition Table:[0m
[0;32mI (59) boot: ## Label            Usage          Type ST Offset   Length[0m
[0;32mI (66) boot:  0 nvs              WiFi data        01 02 00009000 00006000[0m
[0;32mI (72) boot:  1 phy_init         RF data          01 01 0000f000 00001000[0m
[0;32mI (79) boot:  2 factory          factory app      00 00 00010000 00100000[0m
[0;32mI (85) boot: End of partition table[0m
[0;32mI (88) esp_image: segment 0: paddr=00010020 vaddr=3c020020 size=0de30h ( 56880) map[0m
[0;32mI (109) esp_image: segment 1: paddr=0001de58 vaddr=3fc94000 size=021c0h (  8640) load[0m
[0;32mI (112) esp_image: segment 2: paddr=00020020 vaddr=42000020 size=1edf4h (126452) map[0m
[0;32mI (143) esp_image: segment 3: paddr=0003ee1c vaddr=3fc961c0 size=01550h (  5456) load[0m
[0;32mI (144) esp_image: segment 4: paddr=00040374 vaddr=40374000 size=0ff1ch ( 65308) load[0m
[0;32mI (165) esp_image: segment 5: paddr=00050298 vaddr=600fe100 size=0001ch (    28) load[0m
[0;32mI (171) boot: Loaded app from partition at offset 0x10000[0m
[0;32mI (171) boot: Disabling RNG early entropy source...[0m
[0;32mI (183) cpu_start: Multicore app[0m
[0;32mI (191) cpu_start: Pro cpu start user code[0m
[0;32mI (191) cpu_start: cpu freq: 160000000 Hz[0m
[0;32mI (191) app_init: Application information:[0m
[0;32mI (191) app_init: Project name:     fingerprint_scanner[0m
[0;32mI (196) app_init: App version:      d0512f2-dirty[0m
[0;32mI (201) app_init: Compile time:     Apr  1 2025 08:15:19[0m
[0;32mI (206) app_init: ELF file SHA256:  fa2711dfe...[0m
[0;32mI (210) app_init: ESP-IDF:          v5.4-dirty[0m
[0;32mI (214) efuse_init: Min chip rev:     v0.0[0m
[0;32mI (218) efuse_init: Max chip rev:     v0.99 [0m
[0;32mI (222) efuse_init: Chip rev:         v0.1[0m
[0;32mI (226) heap_init: Initializing. RAM available for dynamic allocation:[0m
[0;32mI (232) heap_init: At 3FC9A3B8 len 0004F358 (316 KiB): RAM[0m
[0;32mI (237) heap_init: At 3FCE9710 len 00005724 (21 KiB): RAM[0m
[0;32mI (242) heap_init: At 3FCF0000 len 00008000 (32 KiB): DRAM[0m
[0;32mI (248) heap_init: At 600FE11C len 00001ECC (7 KiB): RTCRAM[0m
[0;33mW (254) spi_flash: Octal flash chip is using but dio mode is selected, will automatically switch to Octal mode[0m
[0;32mI (263) spi_flash: detected chip: mxic (opi)[0m
[0;32mI (267) spi_flash: flash io: opi_str[0m
[0;33mW (270) spi_flash: Detected size(32768k) larger than the size in the binary image header(2048k). Using the size in the binary image header.[0m
[0;32mI (282) sleep_gpio: Configure to isolate all GPIO pins in sleep state[0m
[0;32mI (289) sleep_gpio: Enable automatic switching of GPIO sleep configuration[0m
[0;32mI (295) main_task: Started on CPU0[0m
[0;32mI (305) main_task: Calling app_main()[0m
[0;32mI (305) FINGERPRINT: Initializing fingerprint scanner...[0m
[0;32mI (305) gpio: GPIO[15]| InputEn: 1| OutputEn: 0| OpenDrain: 0| Pullup: 0| Pulldown: 1| Intr:1 [0m
[0;32mI (315) FINGERPRINT: Fingerprint scanner initialized successfully with interrupt-based detection.[0m

[0;32mI (325) FINGERPRINT: Fingerprint event handler registered[0m
[0;32mI (325) FINGERPRINT: Fingerprint module address changed from 0xFFFFFFFF to 0xFFFFFFFF[0m

[0;32mI (335) FINGERPRINT: Fingerprint scanner initialized and waiting for a finger to be detected.[0m
[0;32mI (595) FINGERPRINT: Clearing fingerprint database...[0m
[0;32mI (645) CHIP ADDRESS SET: Fingerprint chip address set successfully. Status: 0x00[0m

[0;32mI (915) FINGERPRINT: Successfully cleared fingerprint database[0m
[0;32mI (915) FINGERPRINT: Starting fingerprint verification...[0m
[0;32mI (965) DATABASE CLEARED: Fingerprint database cleared successfully. Status: 0x00[0m

[0;32mI (1225) FINGERPRINT: Please place your finger on the sensor...[0m
[0;33mW (31265) FINGERPRINT: Timeout waiting for finger placement[0m
[0;32mI (31465) FINGERPRINT: Please place your finger on the sensor...[0m
[0;33mW (49785) FINGERPRINT: Finger presence check failed on attempt 1[0m
[0;33mW (50375) FINGERPRINT: Finger presence check failed on attempt 2[0m
[0;33mW (50965) FINGERPRINT: Finger presence check failed on attempt 3[0m
[0;33mW (51065) FINGERPRINT: Could not confirm finger presence after multiple attempts[0m
[0;33mW (61505) FINGERPRINT: Timeout waiting for finger placement[0m
[0;32mI (61675) FINGERPRINT: Please place your finger on the sensor...[0m
[0;33mW (91705) FINGERPRINT: Timeout waiting for finger placement[0m
[1;31mE (91705) FINGERPRINT: Verification failed after 3 attempts[0m
[0;32mI (92485) EVENT TEMPLATE COUNT: Number of valid templates: 0[0m

[0;32mI (92735) FINGERPRINT: Reading system parameters...[0m
[0;32mI (92745) FINGERPRINT: 1. Backing up template id 0x0000[0m

[0;32mI (93015) FINGERPRINT: Received system parameters response[0m
[0;32mI (93045) FINGERPRINT: 0. Backing up template id 0x0000[0m
[0;32mI (93065) SYSTEM PARAMETERS READ: System parameters read successfully. Status: 0x00[0m
[0;32mI (93065) SYSTEM PARAMETERS READ: Status Register: 0x0005[0m
[0;32mI (93065) SYSTEM PARAMETERS READ: Fingerprint Template Size:: 0x2000[0m
[0;32mI (93065) SYSTEM PARAMETERS READ: Fingerprint Database Size: 0x0064[0m
[0;32mI (93075) SYSTEM PARAMETERS READ: Security Level: 0x0003[0m
[0;32mI (93075) SYSTEM PARAMETERS READ: Device Address: 0xFFFFFFFF[0m
[0;32mI (93085) SYSTEM PARAMETERS READ: Data Packet Size: 256 bytes[0m
[0;32mI (93085) SYSTEM PARAMETERS READ: Baud Rate: 57600 bps[0m

[0;32mI (93365) FINGERPRINT: Waiting for template data transfer...[0m
[0;32mI (93415) FINGERPRINT: Template loaded successfully. Status: 0x00[0m

[0;32mI (94985) FINGERPRINT: Last sent command: 0x08[0m
[0;32mI (95035) TEMPLATE UPLOADED: Template uploaded[0m

[0;32mI (95035) TEMPLATE UPLOADED: Multi-packet data available: 1 packets[0m

[0;32mI (95035) TEMPLATE UPLOADED: Packet 0: ID=0x07, Address=0xFFFFFFFF, Length=3, Checksum=0x000A[0m
[0;33mW (95085) TEMPLATE UPLOADED: Template data is empty or missing[0m
[0;32mI (95085) : [0m

[0;32mI (95085) FINGERPRINT: Freed multi-packet response from event[0m
[1;31mE (95085) FINGERPRINT: g_template_accumulator is NULL after upload. Possible causes:[0m
[1;31mE (95085) FINGERPRINT: 1. No response packets received from module. Check UART connection. Location might be empty[0m
[1;31mE (95095) FINGERPRINT: 2. The accumulator may have been deallocated due to insufficient memory.[0m
[1;31mE (95105) FINGERPRINT: 3. Ensure template storage is handled correctly before accessing the accumulator.[0m
[1;31mE (95165) TEMPLATE UPLOAD FAILED: Fingerprint template upload failed. Status: 0xFFFFFFFF[0m

[1;31mE (95165) FINGERPRINT: Failed to upload template: ESP_ERR_NOT_FOUND[0m
[0;32mI (95165) main_task: Returned from app_main()[0m
