ESP-ROM:esp32s3-20210327
Build:Mar 27 2021
rst:0x1 (POWERON),boot:0x18 (SPI_FAST_FLASH_BOOT)
SPIWP:0xee
Octal Flash Mode Enabled
For OPI Flash, Use Default Flash Boot Mode
mode:SLOW_RD, clock div:1
load:0x3fce2810,len:0x15a0
load:0x403c8700,len:0x4
load:0x403c8704,len:0xd20
load:0x403cb700,len:0x2ee4
entry 0x403c8928
[0;32mI (33) boot: ESP-IDF v5.4-dirty 2nd stage bootloader[0m
[0;32mI (33) boot: compile time Mar  4 2025 16:14:42[0m
[0;32mI (33) boot: Multicore bootloader[0m
[0;32mI (34) boot: chip revision: v0.1[0m
[0;32mI (37) boot: efuse block revision: v1.2[0m
[0;32mI (40) boot.esp32s3: Boot SPI Speed : 80MHz[0m
[0;32mI (44) boot.esp32s3: SPI Mode       : SLOW READ[0m
[0;32mI (48) boot.esp32s3: SPI Flash Size : 2MB[0m
[0;32mI (52) boot: Enabling RNG early entropy source...[0m
[0;32mI (57) boot: Partition Table:[0m
[0;32mI (59) boot: ## Label            Usage          Type ST Offset   Length[0m
[0;32mI (66) boot:  0 nvs              WiFi data        01 02 00009000 00006000[0m
[0;32mI (72) boot:  1 phy_init         RF data          01 01 0000f000 00001000[0m
[0;32mI (79) boot:  2 factory          factory app      00 00 00010000 00100000[0m
[0;32mI (85) boot: End of partition table[0m
[0;32mI (88) esp_image: segment 0: paddr=00010020 vaddr=3c020020 size=0d208h ( 53768) map[0m
[0;32mI (108) esp_image: segment 1: paddr=0001d230 vaddr=3fc93900 size=02de8h ( 11752) load[0m
[0;32mI (112) esp_image: segment 2: paddr=00020020 vaddr=42000020 size=1d4c0h (120000) map[0m
[0;32mI (140) esp_image: segment 3: paddr=0003d4e8 vaddr=3fc966e8 size=00808h (  2056) load[0m
[0;32mI (141) esp_image: segment 4: paddr=0003dcf8 vaddr=40374000 size=0f8cch ( 63692) load[0m
[0;32mI (162) esp_image: segment 5: paddr=0004d5cc vaddr=600fe100 size=0001ch (    28) load[0m
[0;32mI (168) boot: Loaded app from partition at offset 0x10000[0m
[0;32mI (168) boot: Disabling RNG early entropy source...[0m
[0;32mI (180) cpu_start: Multicore app[0m
[0;32mI (189) cpu_start: Pro cpu start user code[0m
[0;32mI (189) cpu_start: cpu freq: 160000000 Hz[0m
[0;32mI (189) app_init: Application information:[0m
[0;32mI (189) app_init: Project name:     fingerprint_scanner[0m
[0;32mI (194) app_init: App version:      7eb2ecb-dirty[0m
[0;32mI (198) app_init: Compile time:     Mar 14 2025 08:27:26[0m
[0;32mI (203) app_init: ELF file SHA256:  18b782b65...[0m
[0;32mI (207) app_init: ESP-IDF:          v5.4-dirty[0m
[0;32mI (212) efuse_init: Min chip rev:     v0.0[0m
[0;32mI (215) efuse_init: Max chip rev:     v0.99 [0m
[0;32mI (219) efuse_init: Chip rev:         v0.1[0m
[0;32mI (223) heap_init: Initializing. RAM available for dynamic allocation:[0m
[0;32mI (230) heap_init: At 3FC97F00 len 00051810 (326 KiB): RAM[0m
[0;32mI (235) heap_init: At 3FCE9710 len 00005724 (21 KiB): RAM[0m
[0;32mI (240) heap_init: At 3FCF0000 len 00008000 (32 KiB): DRAM[0m
[0;32mI (245) heap_init: At 600FE11C len 00001ECC (7 KiB): RTCRAM[0m
[0;33mW (251) spi_flash: Octal flash chip is using but dio mode is selected, will automatically switch to Octal mode[0m
[0;32mI (260) spi_flash: detected chip: mxic (opi)[0m
[0;32mI (264) spi_flash: flash io: opi_str[0m
[0;33mW (267) spi_flash: Detected size(32768k) larger than the size in the binary image header(2048k). Using the size in the binary image header.[0m
[0;32mI (280) sleep_gpio: Configure to isolate all GPIO pins in sleep state[0m
[0;32mI (286) sleep_gpio: Enable automatic switching of GPIO sleep configuration[0m
[0;32mI (293) main_task: Started on CPU0[0m
[0;32mI (303) main_task: Calling app_main()[0m
[0;32mI (303) FINGERPRINT: Initializing fingerprint scanner...[0m
[0;33mW (503) FINGERPRINT: No handshake received, retrying...[0m
[0;33mW (903) FINGERPRINT: No handshake received, retrying...[0m
[0;33mW (1303) FINGERPRINT: No handshake received, retrying...[0m
[0;33mW (1703) FINGERPRINT: No handshake received, retrying...[0m
[0;33mW (1943) FINGERPRINT: No handshake received, retrying...[0m
[0;32mI (2143) FINGERPRINT: Fingerprint module handshake received: 0x55[0m
[0;32mI (2143) FINGERPRINT: Fingerprint scanner initialized successfully.[0m
[0;32mI (2593) FINGERPRINT: Read 12 bytes, buffer now contains 12 bytes[0m
[0;32mI (2593) FINGERPRINT: ef 01 ff ff ff ff 07 00 03 00 00 0a[0m
[0;32mI (2593) FINGERPRINT: Found header (0xEF01) at position 0[0m
[0;32mI (2593) FINGERPRINT: Read address: 0xFFFFFFFF[0m
[0;32mI (2593) FINGERPRINT: Read packet_id: 0x07[0m
[0;32mI (2603) FINGERPRINT: Read length: 3[0m
[0;32mI (2603) FINGERPRINT: Read checksum: 0x000A[0m
[0;32mI (2613) FINGERPRINT: Added packet to response, count now: 1[0m
[0;32mI (2613) FINGERPRINT: Buffer fully processed, reset position[0m
[0;32mI (2623) FINGERPRINT: Returning response with 1 packets[0m
[0;32mI (3343) FINGERPRINT: Fingerprint scanner initialized and waiting for a finger to be detected.[0m
[0;32mI (3673) FINGERPRINT: Read 44 bytes, buffer now contains 44 bytes[0m
[0;32mI (3673) FINGERPRINT: ef 01 ff ff ff ff 07 00 23 00 03 00 00 00 00 00[0m
[0;32mI (3673) FINGERPRINT: 00 00 00 00 00 00 00 00 00 00 00 00 00 00 00 00[0m
[0;32mI (3673) FINGERPRINT: 00 00 00 00 00 00 00 00 00 00 00 2d[0m
[0;32mI (3683) FINGERPRINT: Found header (0xEF01) at position 0[0m
[0;32mI (3683) FINGERPRINT: Read address: 0xFFFFFFFF[0m
[0;32mI (3693) FINGERPRINT: Read packet_id: 0x07[0m
[0;32mI (3693) FINGERPRINT: Read length: 35[0m
[0;32mI (3693) FINGERPRINT: Read checksum: 0x002D[0m
[0;32mI (3703) FINGERPRINT: Added packet to response, count now: 1[0m
[0;32mI (3703) FINGERPRINT: Buffer fully processed, reset position[0m
[0;32mI (3713) FINGERPRINT: Returning response with 1 packets[0m
[0;32mI (3713) FINGERPRINT: Index table read successful. Status: 0x00[0m
[0;32mI (3723) Index Table Parameters: 03 00 00 00 00 00 00 00 00 00 00 00 00 00 00 00[0m
[0;32mI (3733) Index Table Parameters: 00 00 00 00 00 00 00 00 00 00 00 00 00 00 00 00[0m
[0;32mI (3733) Index Table Parameters: 00 00 00 00 00 00 00 00 00 00 00 00 00 00 00 00[0m
[0;32mI (3743) Index Table Parameters: 00 00 00 00 00 00 00 00 00 00 00 00 00 00 00 00[0m
[0;32mI (3753) Index Table Parameters: 00 00 00 00 00 00 00 00 00 00 00 00 00 00 00 00[0m
[0;32mI (3753) Index Table Parameters: 00 00 00 00 00 00 00 00 00 00 00 00 00 00 00 00[0m
[0;32mI (3763) Index Table Parameters: 00 00 00 00 00 00 00 00 00 00 00 00 00 00 00 00[0m
[0;32mI (3773) Index Table Parameters: 00 00 00 00 00 00 00 00 00 00 00 00 00 00 00 00[0m
[0;32mI (3783) Index Table Parameters: 00 00 00 00 00 00 00 00 00 00 00 00 00 00 00 00[0m
[0;32mI (3783) Index Table Parameters: 00 00 00 00 00 00 00 00 00 00 00 00 00 00 00 00[0m
[0;32mI (3793) Index Table Parameters: 00 00 00 00 00 00 00 00 00 00 00 00 00 00 00 00[0m
[0;32mI (3803) Index Table Parameters: 00 00 00 00 00 00 00 00 00 00 00 00 00 00 00 00[0m
[0;32mI (3803) Index Table Parameters: 00 00 00 00 00 00 00 00 00 00 00 00 00 00 00 00[0m
[0;32mI (3813) Index Table Parameters: 00 00 00 00 00 00 00 00 00 00 00 00 00 00 00 00[0m
[0;32mI (3823) Index Table Parameters: 00 00 00 00 00 00 00 00 00 00 00 00 00 00 00 00[0m
[0;32mI (3833) Index Table Parameters: 00 00 00 00 00 00 00 00 00 00 00 00 00 00 00 00[0m
[1;31mE (3833) FINGERPRINT: Location 1 is already occupied[0m
[1;31mE (3843) FINGERPRINT: Fingeprint not enrolled![0m
[0;32mI (3843) FINGERPRINT: Starting fingerprint verification...[0m
[0;32mI (5853) FINGERPRINT: Please place your finger on the sensor...[0m
[0;32mI (6533) FINGERPRINT: Read 12 bytes, buffer now contains 12 bytes[0m
[0;32mI (6533) FINGERPRINT: ef 01 ff ff ff ff 07 00 03 00 00 0a[0m
[0;32mI (6533) FINGERPRINT: Found header (0xEF01) at position 0[0m
[0;32mI (6533) FINGERPRINT: Read address: 0xFFFFFFFF[0m
[0;32mI (6533) FINGERPRINT: Read packet_id: 0x07[0m
[0;32mI (6543) FINGERPRINT: Read length: 3[0m
[0;32mI (6543) FINGERPRINT: Read checksum: 0x000A[0m
[0;32mI (6553) FINGERPRINT: Added packet to response, count now: 1[0m
[0;32mI (6553) FINGERPRINT: Buffer fully processed, reset position[0m
[0;32mI (6563) FINGERPRINT: Returning response with 1 packets[0m
[0;32mI (6563) FINGERPRINT: Finger detected! Status: 0x00[0m
[0;32mI (6573) FINGERPRINT: Finger detected![0m
[0;32mI (6833) FINGERPRINT: Read 12 bytes, buffer now contains 12 bytes[0m
[0;32mI (6833) FINGERPRINT: ef 01 ff ff ff ff 07 00 03 00 00 0a[0m
[0;32mI (6833) FINGERPRINT: Found header (0xEF01) at position 0[0m
[0;32mI (6833) FINGERPRINT: Read address: 0xFFFFFFFF[0m
[0;32mI (6833) FINGERPRINT: Read packet_id: 0x07[0m
[0;32mI (6843) FINGERPRINT: Read length: 3[0m
[0;32mI (6843) FINGERPRINT: Read checksum: 0x000A[0m
[0;32mI (6853) FINGERPRINT: Added packet to response, count now: 1[0m
[0;32mI (6853) FINGERPRINT: Buffer fully processed, reset position[0m
[0;32mI (6863) FINGERPRINT: Returning response with 1 packets[0m
[0;32mI (6863) FINGERPRINT: Fingerprint features extracted successfully! Status: 0x00[0m
[0;32mI (6873) FINGERPRINT: Searching for fingerprint match...[0m
[0;32mI (7153) FINGERPRINT: Read 16 bytes, buffer now contains 16 bytes[0m
[0;32mI (7153) FINGERPRINT: ef 01 ff ff ff ff 07 00 07 09 00 00 00 00 00 17[0m
[0;32mI (7153) FINGERPRINT: Found header (0xEF01) at position 0[0m
[0;32mI (7153) FINGERPRINT: Read address: 0xFFFFFFFF[0m
[0;32mI (7163) FINGERPRINT: Read packet_id: 0x07[0m
[0;32mI (7163) FINGERPRINT: Read length: 7[0m
[0;32mI (7163) FINGERPRINT: Read checksum: 0x0017[0m
[0;32mI (7173) FINGERPRINT: Added packet to response, count now: 1[0m
[0;32mI (7173) FINGERPRINT: Buffer fully processed, reset position[0m
[0;32mI (7183) FINGERPRINT: Returning response with 1 packets[0m
[0;32mI (7183) FINGERPRINT: Fingerprint mismatch. Status: 0x09[0m
[0;33mW (7193) FINGERPRINT: No match found, attempt 1 of 3[0m
[0;32mI (8193) FINGERPRINT: Please place your finger on the sensor...[0m
[0;32mI (8753) FINGERPRINT: Read 12 bytes, buffer now contains 12 bytes[0m
[0;32mI (8753) FINGERPRINT: ef 01 ff ff ff ff 07 00 03 00 00 0a[0m
[0;32mI (8753) FINGERPRINT: Found header (0xEF01) at position 0[0m
[0;32mI (8753) FINGERPRINT: Read address: 0xFFFFFFFF[0m
[0;32mI (8753) FINGERPRINT: Read packet_id: 0x07[0m
[0;32mI (8763) FINGERPRINT: Read length: 3[0m
[0;32mI (8763) FINGERPRINT: Read checksum: 0x000A[0m
[0;32mI (8773) FINGERPRINT: Added packet to response, count now: 1[0m
[0;32mI (8773) FINGERPRINT: Buffer fully processed, reset position[0m
[0;32mI (8783) FINGERPRINT: Returning response with 1 packets[0m
[0;32mI (8783) FINGERPRINT: Finger detected! Status: 0x00[0m
[0;32mI (8793) FINGERPRINT: Finger detected![0m
[0;32mI (9053) FINGERPRINT: Read 12 bytes, buffer now contains 12 bytes[0m
[0;32mI (9053) FINGERPRINT: ef 01 ff ff ff ff 07 00 03 00 00 0a[0m
[0;32mI (9053) FINGERPRINT: Found header (0xEF01) at position 0[0m
[0;32mI (9053) FINGERPRINT: Read address: 0xFFFFFFFF[0m
[0;32mI (9053) FINGERPRINT: Read packet_id: 0x07[0m
[0;32mI (9063) FINGERPRINT: Read length: 3[0m
[0;32mI (9063) FINGERPRINT: Read checksum: 0x000A[0m
[0;32mI (9073) FINGERPRINT: Added packet to response, count now: 1[0m
[0;32mI (9073) FINGERPRINT: Buffer fully processed, reset position[0m
[0;32mI (9083) FINGERPRINT: Returning response with 1 packets[0m
[0;32mI (9083) FINGERPRINT: Fingerprint features extracted successfully! Status: 0x00[0m
[0;32mI (9093) FINGERPRINT: Searching for fingerprint match...[0m
[0;32mI (9463) FINGERPRINT: Read 16 bytes, buffer now contains 16 bytes[0m
[0;32mI (9463) FINGERPRINT: ef 01 ff ff ff ff 07 00 07 00 00 00 00 12 00 20[0m
[0;32mI (9463) FINGERPRINT: Found header (0xEF01) at position 0[0m
[0;32mI (9463) FINGERPRINT: Read address: 0xFFFFFFFF[0m
[0;32mI (9473) FINGERPRINT: Read packet_id: 0x07[0m
[0;32mI (9473) FINGERPRINT: Read length: 7[0m
[0;32mI (9473) FINGERPRINT: Read checksum: 0x0020[0m
[0;32mI (9483) FINGERPRINT: Added packet to response, count now: 1[0m
[0;32mI (9483) FINGERPRINT: Buffer fully processed, reset position[0m
[0;32mI (9493) FINGERPRINT: Returning response with 1 packets[0m
[0;32mI (9493) FINGERPRINT: Fingerprint search successful. Status: 0x00[0m
[0;32mI (9503) FINGERPRINT: Match found at Enrollee ID: 0[0m
[0;32mI (9503) FINGERPRINT: Match score: 4608[0m
[0;32mI (9513) FINGERPRINT: Access granted - fingerprint verified![0m
[0;32mI (9923) FINGERPRINT: Read 14 bytes, buffer now contains 14 bytes[0m
[0;32mI (9923) FINGERPRINT: ef 01 ff ff ff ff 07 00 05 00 00 02 00 0e[0m
[0;32mI (9923) FINGERPRINT: Found header (0xEF01) at position 0[0m
[0;32mI (9923) FINGERPRINT: Read address: 0xFFFFFFFF[0m
[0;32mI (9923) FINGERPRINT: Read packet_id: 0x07[0m
[0;32mI (9933) FINGERPRINT: Read length: 5[0m
[0;32mI (9933) FINGERPRINT: Read checksum: 0x000E[0m
[0;32mI (9943) FINGERPRINT: Added packet to response, count now: 1[0m
[0;32mI (9943) FINGERPRINT: Buffer fully processed, reset position[0m
[0;32mI (9953) FINGERPRINT: Returning response with 1 packets[0m
[0;32mI (9953) EVENT TEMPLATE COUNT: Number of valid templates: 2[0m
[0;32mI (9963) FINGERPRINT: Count of enrolled fingerprints sent successfully.[0m
[0;32mI (9963) FINGERPRINT: Backing up template id 0x0001[0m
[0;32mI (9973) FINGERPRINT: Loading Template...[0m
[0;32mI (10173) FINGERPRINT: LoadChar command sent[0m
[0;32mI (10383) FINGERPRINT: Read 12 bytes, buffer now contains 12 bytes[0m
[0;32mI (10383) FINGERPRINT: ef 01 ff ff ff ff 07 00 03 00 00 0a[0m
[0;32mI (10383) FINGERPRINT: Found header (0xEF01) at position 0[0m
[0;32mI (10383) FINGERPRINT: Read address: 0xFFFFFFFF[0m
[0;32mI (10383) FINGERPRINT: Read packet_id: 0x07[0m
[0;32mI (10393) FINGERPRINT: Read length: 3[0m
[0;32mI (10393) FINGERPRINT: Read checksum: 0x000A[0m
[0;32mI (10403) FINGERPRINT: Added packet to response, count now: 1[0m
[0;32mI (10403) FINGERPRINT: Buffer fully processed, reset position[0m
[0;32mI (10413) FINGERPRINT: Returning response with 1 packets[0m
[0;32mI (10413) FINGERPRINT: Template loaded successfully. Status: 0x00[0m
[0;32mI (10423) FINGERPRINT: Loading Template Successful[0m
[0;32mI (10423) FINGERPRINT: Uploading Template...[0m
[0;32mI (10633) FINGERPRINT: Sending UpChar command for buffer 1[0m
[0;32mI (10633) FINGERPRINT: Waiting for template data transfer...[0m
[0;32mI (10833) FINGERPRINT: Read 1024 bytes, buffer now contains 1024 bytes[0m
[0;32mI (10833) FINGERPRINT: ef 01 ff ff ff ff 07 00 03 00 00 0a ef 01 ff ff[0m
[0;32mI (10833) FINGERPRINT: ff ff 02 00 07 00 00 54 1e 56 00 d1 ef 01 ff ff[0m
[0;32mI (10833) FINGERPRINT: ff ff 02 01 02 01 04 93 07 50 52 45 43 49 53 45[0m
[0;32mI (10843) FINGERPRINT: 00 01 02 73 b6 cf e0 00 56 00 00 00 27 66 0d a8[0m
[0;32mI (10853) FINGERPRINT: Template processing COMPLETED - no more processing until next template request[0m
Guru Meditation Error: Core  0 panic'ed (LoadProhibited). Exception was unhandled.

Core  0 register dump:
PC      : 0x40056f5c  PS      : 0x00060c30  A0      : 0x8200c942  A1      : 0x3fc9f420  
A2      : 0x3fc9f434  A3      : 0x01305148  A4      : 0x00000110  A5      : 0x3fc9f434  
A6      : 0x00002940  A7      : 0x00000011  A8      : 0x00000000  A9      : 0x3fc9f3b0  
A10     : 0x00000003  A11     : 0x3c0257d8  A12     : 0x3c0266f4  A13     : 0x00002a65  
A14     : 0x3c0257d8  A15     : 0x00000008  SAR     : 0x00000004  EXCCAUSE: 0x0000001c  
EXCVADDR: 0x01305148  LBEG    : 0x40056f5c  LEND    : 0x40056f72  LCOUNT  : 0x00000010  


Backtrace: 0x40056f59:0x3fc9f420 0x4200c93f:0x3fc9f430 0x4037b5fd:0x3fc9f570




ELF file SHA256: 18b782b65

Rebooting...
ï¿½ ï¿½ESP-ROM:esp32s3-20210327
Build:Mar 27 2021
rst:0xc (RTC_SW_CPU_RST),boot:0x18 (SPI_FAST_FLASH_BOOT)
Saved PC:0x40375b1c
SPIWP:0xee
Octal Flash Mode Enabled
For OPI Flash, Use Default Flash Boot Mode
mode:SLOW_RD, clock div:1
load:0x3fce2810,len:0x15a0
load:0x403c8700,len:0x4
load:0x403c8704,len:0xd20
load:0x403cb700,len:0x2ee4
entry 0x403c8928
[0;32mI (37) boot: ESP-IDF v5.4-dirty 2nd stage bootloader[0m
[0;32mI (38) boot: compile time Mar  4 2025 16:14:42[0m
[0;32mI (38) boot: Multicore bootloader[0m
[0;32mI (38) boot: chip revision: v0.1[0m
[0;32mI (41) boot: efuse block revision: v1.2[0m
[0;32mI (45) boot.esp32s3: Boot SPI Speed : 80MHz[0m
[0;32mI (49) boot.esp32s3: SPI Mode       : SLOW READ[0m
[0;32mI (53) boot.esp32s3: SPI Flash Size : 2MB[0m
[0;32mI (57) boot: Enabling RNG early entropy source...[0m
[0;32mI (61) boot: Partition Table:[0m
[0;32mI (64) boot: ## Label            Usage          Type ST Offset   Length[0m
[0;32mI (70) boot:  0 nvs              WiFi data        01 02 00009000 00006000[0m
[0;32mI (77) boot:  1 phy_init         RF data          01 01 0000f000 00001000[0m
[0;32mI (83) boot:  2 factory          factory app      00 00 00010000 00100000[0m
[0;32mI (90) boot: End of partition table[0m
[0;32mI (93) esp_image: segment 0: paddr=00010020 vaddr=3c020020 size=0d208h ( 53768) map[0m
[0;32mI (113) esp_image: segment 1: paddr=0001d230 vaddr=3fc93900 size=02de8h ( 11752) load[0m
[0;32mI (116) esp_image: segment 2: paddr=00020020 vaddr=42000020 size=1d4c0h (120000) map[0m
[0;32mI (145) esp_image: segment 3: paddr=0003d4e8 vaddr=3fc966e8 size=00808h (  2056) load[0m
[0;32mI (146) esp_image: segment 4: paddr=0003dcf8 vaddr=40374000 size=0f8cch ( 63692) load[0m
[0;32mI (166) esp_image: segment 5: paddr=0004d5cc vaddr=600fe100 size=0001ch (    28) load[0m
[0;32mI (173) boot: Loaded app from partition at offset 0x10000[0m
[0;32mI (173) boot: Disabling RNG early entropy source...[0m
[0;32mI (184) cpu_start: Multicore app[0m
[0;32mI (193) cpu_start: Pro cpu start user code[0m
[0;32mI (193) cpu_start: cpu freq: 160000000 Hz[0m
[0;32mI (193) app_init: Application information:[0m
[0;32mI (193) app_init: Project name:     fingerprint_scanner[0m
[0;32mI (198) app_init: App version:      7eb2ecb-dirty[0m
[0;32mI (202) app_init: Compile time:     Mar 14 2025 08:27:26[0m
[0;32mI (207) app_init: ELF file SHA256:  18b782b65...[0m
[0;32mI (212) app_init: ESP-IDF:          v5.4-dirty[0m
[0;32mI (216) efuse_init: Min chip rev:     v0.0[0m
[0;32mI (220) efuse_init: Max chip rev:     v0.99 [0m
[0;32mI (224) efuse_init: Chip rev:         v0.1[0m
[0;32mI (228) heap_init: Initializing. RAM available for dynamic allocation:[0m
[0;32mI (234) heap_init: At 3FC97F00 len 00051810 (326 KiB): RAM[0m
[0;32mI (239) heap_init: At 3FCE9710 len 00005724 (21 KiB): RAM[0m
[0;32mI (244) heap_init: At 3FCF0000 len 00008000 (32 KiB): DRAM[0m
[0;32mI (249) heap_init: At 600FE11C len 00001ECC (7 KiB): RTCRAM[0m
[0;33mW (255) spi_flash: Octal flash chip is using but dio mode is selected, will automatically switch to Octal mode[0m
[0;32mI (265) spi_flash: detected chip: mxic (opi)[0m
[0;32mI (268) spi_flash: flash io: opi_str[0m
[0;33mW (272) spi_flash: Detected size(32768k) larger than the size in the binary image header(2048k). Using the size in the binary image header.[0m
[0;32mI (284) sleep_gpio: Configure to isolate all GPIO pins in sleep state[0m
[0;32mI (290) sleep_gpio: Enable automatic switching of GPIO sleep configuration[0m
[0;32mI (297) main_task: Started on CPU0[0m
[0;32mI (307) main_task: Calling app_main()[0m
[0;32mI (307) FINGERPRINT: Initializing fingerprint scanner...[0m
[0;33mW (327) FINGERPRINT: No handshake received, retrying...[0m
[0;33mW (527) FINGERPRINT: No handshake received, retrying...[0m
[0;33mW (727) FINGERPRINT: No handshake received, retrying...[0m
[0;33mW (927) FINGERPRINT: No handshake received, retrying...[0m
[0;33mW (1127) FINGERPRINT: No handshake received, retrying...[0m
[0;33mW (1327) FINGERPRINT: No handshake received, retrying...[0m
[0;33mW (1527) FINGERPRINT: No handshake received, retrying...[0m
[0;33mW (1727) FINGERPRINT: No handshake received, retrying...[0m
[0;33mW (1927) FINGERPRINT: No handshake received, retrying...[0m
[0;33mW (2127) FINGERPRINT: No handshake received, retrying...[0m
[0;33mW (2327) FINGERPRINT: No handshake received, retrying...[0m
[0;33mW (2527) FINGERPRINT: No handshake received, retrying...[0m
[0;33mW (2727) FINGERPRINT: No handshake received, retrying...[0m
[0;33mW (2927) FINGERPRINT: No handshake received, retrying...[0m
[0;33mW (3127) FINGERPRINT: No handshake received, retrying...[0m
[0;33mW (3327) FINGERPRINT: No handshake received, retrying...[0m
[0;33mW (3527) FINGERPRINT: No handshake received, retrying...[0m
[0;33mW (3727) FINGERPRINT: No handshake received, retrying...[0m
[0;33mW (3927) FINGERPRINT: No handshake received, retrying...[0m
[0;33mW (4127) FINGERPRINT: No handshake received, retrying...[0m
[0;33mW (4327) FINGERPRINT: No handshake received, retrying...[0m
[0;33mW (4527) FINGERPRINT: No handshake received, retrying...[0m
[0;33mW (4727) FINGERPRINT: No handshake received, retrying...[0m
