ESP-ROM:esp32s3-20210327
Build:Mar 27 2021
rst:0x1 (POWERON),boot:0x3b (SPI_FAST_FLASH_BOOT)
SPIWP:0xee
Octal Flash Mode Enabled
For OPI Flash, Use Default Flash Boot Mode
mode:SLOW_RD, clock div:1
load:0x3fce2810,len:0x15a0
load:0x403c8700,len:0x4
load:0x403c8704,len:0xd20
load:0x403cb700,len:0x2ee4
entry 0x403c8928
[0;32mI (33) boot: ESP-IDF v5.4-dirty 2nd stage bootloader[0m
[0;32mI (33) boot: compile time Mar 20 2025 11:43:23[0m
[0;32mI (33) boot: Multicore bootloader[0m
[0;32mI (34) boot: chip revision: v0.1[0m
[0;32mI (37) boot: efuse block revision: v1.2[0m
[0;32mI (40) boot.esp32s3: Boot SPI Speed : 80MHz[0m
[0;32mI (44) boot.esp32s3: SPI Mode       : SLOW READ[0m
[0;32mI (48) boot.esp32s3: SPI Flash Size : 2MB[0m
[0;32mI (52) boot: Enabling RNG early entropy source...[0m
[0;32mI (57) boot: Partition Table:[0m
[0;32mI (59) boot: ## Label            Usage          Type ST Offset   Length[0m
[0;32mI (66) boot:  0 nvs              WiFi data        01 02 00009000 00006000[0m
[0;32mI (72) boot:  1 phy_init         RF data          01 01 0000f000 00001000[0m
[0;32mI (79) boot:  2 factory          factory app      00 00 00010000 00100000[0m
[0;32mI (85) boot: End of partition table[0m
[0;32mI (88) esp_image: segment 0: paddr=00010020 vaddr=3c020020 size=0db20h ( 56096) map[0m
[0;32mI (109) esp_image: segment 1: paddr=0001db48 vaddr=3fc93f00 size=024d0h (  9424) load[0m
[0;32mI (112) esp_image: segment 2: paddr=00020020 vaddr=42000020 size=1e9cch (125388) map[0m
[0;32mI (142) esp_image: segment 3: paddr=0003e9f4 vaddr=3fc963d0 size=00f10h (  3856) load[0m
[0;32mI (144) esp_image: segment 4: paddr=0003f90c vaddr=40374000 size=0fe30h ( 65072) load[0m
[0;32mI (164) esp_image: segment 5: paddr=0004f744 vaddr=600fe100 size=0001ch (    28) load[0m
[0;32mI (171) boot: Loaded app from partition at offset 0x10000[0m
[0;32mI (171) boot: Disabling RNG early entropy source...[0m
[0;32mI (182) cpu_start: Multicore app[0m
[0;32mI (191) cpu_start: Pro cpu start user code[0m
[0;32mI (191) cpu_start: cpu freq: 160000000 Hz[0m
[0;32mI (191) app_init: Application information:[0m
[0;32mI (191) app_init: Project name:     fingerprint_scanner[0m
[0;32mI (196) app_init: App version:      8d513b8-dirty[0m
[0;32mI (200) app_init: Compile time:     Mar 27 2025 15:15:15[0m
[0;32mI (205) app_init: ELF file SHA256:  8270ef319...[0m
[0;32mI (210) app_init: ESP-IDF:          v5.4-dirty[0m
[0;32mI (214) efuse_init: Min chip rev:     v0.0[0m
[0;32mI (218) efuse_init: Max chip rev:     v0.99 [0m
[0;32mI (222) efuse_init: Chip rev:         v0.1[0m
[0;32mI (225) heap_init: Initializing. RAM available for dynamic allocation:[0m
[0;32mI (232) heap_init: At 3FC9AF98 len 0004E778 (313 KiB): RAM[0m
[0;32mI (237) heap_init: At 3FCE9710 len 00005724 (21 KiB): RAM[0m
[0;32mI (242) heap_init: At 3FCF0000 len 00008000 (32 KiB): DRAM[0m
[0;32mI (247) heap_init: At 600FE11C len 00001ECC (7 KiB): RTCRAM[0m
[0;33mW (253) spi_flash: Octal flash chip is using but dio mode is selected, will automatically switch to Octal mode[0m
[0;32mI (262) spi_flash: detected chip: mxic (opi)[0m
[0;32mI (266) spi_flash: flash io: opi_str[0m
[0;33mW (270) spi_flash: Detected size(32768k) larger than the size in the binary image header(2048k). Using the size in the binary image header.[0m
[0;32mI (282) sleep_gpio: Configure to isolate all GPIO pins in sleep state[0m
[0;32mI (288) sleep_gpio: Enable automatic switching of GPIO sleep configuration[0m
[0;32mI (295) main_task: Started on CPU0[0m
[0;32mI (305) main_task: Calling app_main()[0m
[0;32mI (305) FINGERPRINT: Fingerprint event handler registered[0m
[0;32mI (305) FINGERPRINT: Initializing fingerprint scanner...[0m
[0;32mI (315) gpio: GPIO[15]| InputEn: 1| OutputEn: 0| OpenDrain: 0| Pullup: 0| Pulldown: 1| Intr:1 [0m
[0;32mI (315) FINGERPRINT: Fingerprint scanner initialized successfully with interrupt-based detection.[0m
[0;32mI (1565) FINGERPRINT: Fingerprint scanner initialized and waiting for a finger to be detected.[0m
[0;33mW (2795) FINGERPRINT: Clearing stuck buffer with 1 bytes[0m
[0;32mI (3645) FINGERPRINT: Starting fingerprint verification...[0m
[0;32mI (5645) FINGERPRINT: Please place your finger on the sensor...[0m
[0;33mW (9075) FINGERPRINT: Finger presence check failed on attempt 1[0m
[0;33mW (10115) FINGERPRINT: Finger presence check failed on attempt 2[0m
[0;33mW (10635) FINGERPRINT: Finger presence check failed on attempt 3[0m
[0;33mW (10735) FINGERPRINT: Could not confirm finger presence after multiple attempts[0m
[0;33mW (11975) FINGERPRINT: Finger presence check failed on attempt 1[0m
[0;33mW (13155) FINGERPRINT: Finger presence check failed on attempt 2[0m
[0;33mW (13745) FINGERPRINT: Finger presence check failed on attempt 3[0m
[0;33mW (13845) FINGERPRINT: Could not confirm finger presence after multiple attempts[0m
[0;32mI (14925) FINGERPRINT: Fingerprint features extracted successfully! Status: 0x00[0m
[1;31mE (15315) FINGERPRINT: Fingerprint mismatch. Status: 0x09[0m
[0;33mW (15875) FINGERPRINT: No match found, attempt 1 of 3[0m
[0;32mI (17055) FINGERPRINT: Please place your finger on the sensor...[0m
[0;33mW (17335) FINGERPRINT: Finger presence check failed on attempt 1[0m
[0;33mW (17925) FINGERPRINT: Finger presence check failed on attempt 2[0m
[0;33mW (18515) FINGERPRINT: Finger presence check failed on attempt 3[0m
[0;33mW (18615) FINGERPRINT: Could not confirm finger presence after multiple attempts[0m
ESP-ROM:esp32s3-20210327
Build:Mar 27 2021
rst:0x1 (POWERON),boot:0x3b (SPI_FAST_FLASH_BOOT)
SPIWP:0xee
Octal Flash Mode Enabled
For OPI Flash, Use Default Flash Boot Mode
mode:SLOW_RD, clock div:1
load:0x3fce2810,len:0x15a0
load:0x403c8700,len:0x4
load:0x403c8704,len:0xd20
load:0x403cb700,len:0x2ee4
entry 0x403c8928
[0;32mI (33) boot: ESP-IDF v5.4-dirty 2nd stage bootloader[0m
[0;32mI (33) boot: compile time Mar 20 2025 11:43:23[0m
[0;32mI (33) boot: Multicore bootloader[0m
[0;32mI (34) boot: chip revision: v0.1[0m
[0;32mI (37) boot: efuse block revision: v1.2[0m
[0;32mI (40) boot.esp32s3: Boot SPI Speed : 80MHz[0m
[0;32mI (44) boot.esp32s3: SPI Mode       : SLOW READ[0m
[0;32mI (48) boot.esp32s3: SPI Flash Size : 2MB[0m
[0;32mI (52) boot: Enabling RNG early entropy source...[0m
[0;32mI (57) boot: Partition Table:[0m
[0;32mI (59) boot: ## Label            Usage          Type ST Offset   Length[0m
[0;32mI (66) boot:  0 nvs              WiFi data        01 02 00009000 00006000[0m
[0;32mI (72) boot:  1 phy_init         RF data          01 01 0000f000 00001000[0m
[0;32mI (79) boot:  2 factory          factory app      00 00 00010000 00100000[0m
[0;32mI (85) boot: End of partition table[0m
[0;32mI (88) esp_image: segment 0: paddr=00010020 vaddr=3c020020 size=0db20h ( 56096) map[0m
[0;32mI (109) esp_image: segment 1: paddr=0001db48 vaddr=3fc93f00 size=024d0h (  9424) load[0m
[0;32mI (112) esp_image: segment 2: paddr=00020020 vaddr=42000020 size=1e9cch (125388) map[0m
[0;32mI (142) esp_image: segment 3: paddr=0003e9f4 vaddr=3fc963d0 size=00f10h (  3856) load[0m
[0;32mI (144) esp_image: segment 4: paddr=0003f90c vaddr=40374000 size=0fe30h ( 65072) load[0m
[0;32mI (164) esp_image: segment 5: paddr=0004f744 vaddr=600fe100 size=0001ch (    28) load[0m
[0;32mI (171) boot: Loaded app from partition at offset 0x10000[0m
[0;32mI (171) boot: Disabling RNG early entropy source...[0m
[0;32mI (182) cpu_start: Multicore app[0m
[0;32mI (191) cpu_start: Pro cpu start user code[0m
[0;32mI (191) cpu_start: cpu freq: 160000000 Hz[0m
[0;32mI (191) app_init: Application information:[0m
[0;32mI (191) app_init: Project name:     fingerprint_scanner[0m
[0;32mI (196) app_init: App version:      8d513b8-dirty[0m
[0;32mI (200) app_init: Compile time:     Mar 27 2025 15:15:15[0m
[0;32mI (205) app_init: ELF file SHA256:  8270ef319...[0m
[0;32mI (210) app_init: ESP-IDF:          v5.4-dirty[0m
[0;32mI (214) efuse_init: Min chip rev:     v0.0[0m
[0;32mI (218) efuse_init: Max chip rev:     v0.99 [0m
[0;32mI (222) efuse_init: Chip rev:         v0.1[0m
[0;32mI (225) heap_init: Initializing. RAM available for dynamic allocation:[0m
[0;32mI (232) heap_init: At 3FC9AF98 len 0004E778 (313 KiB): RAM[0m
[0;32mI (237) heap_init: At 3FCE9710 len 00005724 (21 KiB): RAM[0m
[0;32mI (242) heap_init: At 3FCF0000 len 00008000 (32 KiB): DRAM[0m
[0;32mI (247) heap_init: At 600FE11C len 00001ECC (7 KiB): RTCRAM[0m
[0;33mW (253) spi_flash: Octal flash chip is using but dio mode is selected, will automatically switch to Octal mode[0m
[0;32mI (262) spi_flash: detected chip: mxic (opi)[0m
[0;32mI (266) spi_flash: flash io: opi_str[0m
[0;33mW (270) spi_flash: Detected size(32768k) larger than the size in the binary image header(2048k). Using the size in the binary image header.[0m
[0;32mI (282) sleep_gpio: Configure to isolate all GPIO pins in sleep state[0m
[0;32mI (288) sleep_gpio: Enable automatic switching of GPIO sleep configuration[0m
[0;32mI (295) main_task: Started on CPU0[0m
[0;32mI (305) main_task: Calling app_main()[0m
[0;32mI (305) FINGERPRINT: Fingerprint event handler registered[0m
[0;32mI (305) FINGERPRINT: Initializing fingerprint scanner...[0m
[0;32mI (315) gpio: GPIO[15]| InputEn: 1| OutputEn: 0| OpenDrain: 0| Pullup: 0| Pulldown: 1| Intr:1 [0m
[0;32mI (315) FINGERPRINT: Fingerprint scanner initialized successfully with interrupt-based detection.[0m
[0;32mI (1565) FINGERPRINT: Fingerprint scanner initialized and waiting for a finger to be detected.[0m
[0;33mW (1585) FINGERPRINT: Finger presence check failed on attempt 3[0m
[0;32mI (1585) FINGERPRINT: Starting fingerprint verification...[0m
[0;33mW (1685) FINGERPRINT: Could not confirm finger presence after multiple attempts[0m
[0;32mI (2005) FINGERPRINT: Fingerprint template deleted successfully. Status: 0x00[0m
[0;32mI (3585) FINGERPRINT: Please place your finger on the sensor...[0m
[0;32mI (5325) FINGERPRINT: Fingerprint features extracted successfully! Status: 0x00[0m
[0;32mI (5765) FINGERPRINT: EVENT SEARCH SUCCESS[0m
[0;32mI (5765) FINGERPRINT: Fingerprint search successful. Status: 0x00[0m
[0;32mI (5765) FINGERPRINT: Match found at Enrollee ID: 9[0m
[0;32mI (5765) FINGERPRINT: Match score: 6656[0m
[0;32mI (6555) FINGERPRINT: Count of enrolled fingerprints sent successfully.[0m
[0;32mI (6555) main_task: Returned from app_main()[0m
[0;32mI (6605) EVENT TEMPLATE COUNT: Number of valid templates: 2[0m
[0;33mW (12695) FINGERPRINT: Could not confirm finger presence after multiple attempts[0m
[0;33mW (14285) FINGERPRINT: Clearing stuck buffer with 1 bytes[0m
