ESP-ROM:esp32s3-20210327
Build:Mar 27 2021
rst:0x1 (POWERON),boot:0x18 (SPI_FAST_FLASH_BOOT)
SPIWP:0xee
Octal Flash Mode Enabled
For OPI Flash, Use Default Flash Boot Mode
mode:SLOW_RD, clock div:1
load:0x3fce2810,len:0x15a0
load:0x403c8700,len:0x4
load:0x403c8704,len:0xd20
load:0x403cb700,len:0x2ee4
entry 0x403c8928
[0;32mI (33) boot: ESP-IDF v5.4-dirty 2nd stage bootloader[0m
[0;32mI (33) boot: compile time Mar  4 2025 16:14:42[0m
[0;32mI (33) boot: Multicore bootloader[0m
[0;32mI (34) boot: chip revision: v0.1[0m
[0;32mI (37) boot: efuse block revision: v1.2[0m
[0;32mI (40) boot.esp32s3: Boot SPI Speed : 80MHz[0m
[0;32mI (44) boot.esp32s3: SPI Mode       : SLOW READ[0m
[0;32mI (48) boot.esp32s3: SPI Flash Size : 2MB[0m
[0;32mI (52) boot: Enabling RNG early entropy source...[0m
[0;32mI (57) boot: Partition Table:[0m
[0;32mI (59) boot: ## Label            Usage          Type ST Offset   Length[0m
[0;32mI (66) boot:  0 nvs              WiFi data        01 02 00009000 00006000[0m
[0;32mI (72) boot:  1 phy_init         RF data          01 01 0000f000 00001000[0m
[0;32mI (79) boot:  2 factory          factory app      00 00 00010000 00100000[0m
[0;32mI (85) boot: End of partition table[0m
[0;32mI (88) esp_image: segment 0: paddr=00010020 vaddr=3c020020 size=0d698h ( 54936) map[0m
[0;32mI (109) esp_image: segment 1: paddr=0001d6c0 vaddr=3fc93900 size=02958h ( 10584) load[0m
[0;32mI (112) esp_image: segment 2: paddr=00020020 vaddr=42000020 size=1e26ch (123500) map[0m
[0;32mI (142) esp_image: segment 3: paddr=0003e294 vaddr=3fc96258 size=00da8h (  3496) load[0m
[0;32mI (143) esp_image: segment 4: paddr=0003f044 vaddr=40374000 size=0f8cch ( 63692) load[0m
[0;32mI (163) esp_image: segment 5: paddr=0004e918 vaddr=600fe100 size=0001ch (    28) load[0m
[0;32mI (169) boot: Loaded app from partition at offset 0x10000[0m
[0;32mI (169) boot: Disabling RNG early entropy source...[0m
[0;32mI (181) cpu_start: Multicore app[0m
[0;32mI (190) cpu_start: Pro cpu start user code[0m
[0;32mI (190) cpu_start: cpu freq: 160000000 Hz[0m
[0;32mI (190) app_init: Application information:[0m
[0;32mI (190) app_init: Project name:     fingerprint_scanner[0m
[0;32mI (195) app_init: App version:      eba1181-dirty[0m
[0;32mI (199) app_init: Compile time:     Mar 17 2025 10:43:10[0m
[0;32mI (204) app_init: ELF file SHA256:  d417d10a8...[0m
[0;32mI (208) app_init: ESP-IDF:          v5.4-dirty[0m
[0;32mI (213) efuse_init: Min chip rev:     v0.0[0m
[0;32mI (216) efuse_init: Max chip rev:     v0.99 [0m
[0;32mI (220) efuse_init: Chip rev:         v0.1[0m
[0;32mI (224) heap_init: Initializing. RAM available for dynamic allocation:[0m
[0;32mI (231) heap_init: At 3FC98D48 len 000509C8 (322 KiB): RAM[0m
[0;32mI (236) heap_init: At 3FCE9710 len 00005724 (21 KiB): RAM[0m
[0;32mI (241) heap_init: At 3FCF0000 len 00008000 (32 KiB): DRAM[0m
[0;32mI (246) heap_init: At 600FE11C len 00001ECC (7 KiB): RTCRAM[0m
[0;33mW (252) spi_flash: Octal flash chip is using but dio mode is selected, will automatically switch to Octal mode[0m
[0;32mI (261) spi_flash: detected chip: mxic (opi)[0m
[0;32mI (265) spi_flash: flash io: opi_str[0m
[0;33mW (268) spi_flash: Detected size(32768k) larger than the size in the binary image header(2048k). Using the size in the binary image header.[0m
[0;32mI (281) sleep_gpio: Configure to isolate all GPIO pins in sleep state[0m
[0;32mI (287) sleep_gpio: Enable automatic switching of GPIO sleep configuration[0m
[0;32mI (294) main_task: Started on CPU0[0m
[0;32mI (304) main_task: Calling app_main()[0m
[0;32mI (304) FINGERPRINT: Initializing fingerprint scanner...[0m
[0;33mW (504) FINGERPRINT: No handshake received, retrying...[0m
[0;33mW (904) FINGERPRINT: No handshake received, retrying...[0m
[0;33mW (1304) FINGERPRINT: No handshake received, retrying...[0m
[0;33mW (1704) FINGERPRINT: No handshake received, retrying...[0m
[0;33mW (2104) FINGERPRINT: No handshake received, retrying...[0m
[0;33mW (2304) FINGERPRINT: No handshake received, retrying...[0m
[0;33mW (2504) FINGERPRINT: No handshake received, retrying...[0m
[0;33mW (2704) FINGERPRINT: No handshake received, retrying...[0m
[0;33mW (2904) FINGERPRINT: No handshake received, retrying...[0m
[0;33mW (3104) FINGERPRINT: No handshake received, retrying...[0m
[0;33mW (3304) FINGERPRINT: No handshake received, retrying...[0m
[0;33mW (3504) FINGERPRINT: No handshake received, retrying...[0m
[0;33mW (3704) FINGERPRINT: No handshake received, retrying...[0m
[0;33mW (3904) FINGERPRINT: No handshake received, retrying...[0m
[0;33mW (4104) FINGERPRINT: No handshake received, retrying...[0m
[0;33mW (4304) FINGERPRINT: No handshake received, retrying...[0m
[0;33mW (4504) FINGERPRINT: No handshake received, retrying...[0m
[0;33mW (4704) FINGERPRINT: No handshake received, retrying...[0m
[0;33mW (4904) FINGERPRINT: No handshake received, retrying...[0m
[0;33mW (5104) FINGERPRINT: No handshake received, retrying...[0m
[0;32mI (5304) FINGERPRINT: Fingerprint module handshake received: 0x55[0m
[0;32mI (5304) FINGERPRINT: Fingerprint scanner initialized successfully.[0m
[0;33mW (5504) FINGERPRINT: No complete packets found, returning NULL[0m
[0;32mI (5754) FINGERPRINT: Returning response with 1 packets[0m
[0;32mI (5754) FINGERPRINT: Command response packet: ID=0x07, Status=0x00[0m
[0;32mI (5754) FINGERPRINT: UART RECEIVED: 1 packets (first ID=0x07)[0m
[0;32mI (6504) FINGERPRINT: Fingerprint scanner initialized and waiting for a finger to be detected.[0m
[0;32mI (6804) FINGERPRINT: Returning response with 1 packets[0m
[0;32mI (6804) FINGERPRINT: Command response packet: ID=0x07, Status=0x00[0m
[0;32mI (6804) FINGERPRINT: UART RECEIVED: 1 packets (first ID=0x07)[0m
[0;32mI (6804) FINGERPRINT: Index table read successful. Status: 0x00[0m
[0;32mI (6814) Index Table Parameters: 03 00 00 00 00 00 00 00 00 00 00 00 00 00 00 00[0m
[0;32mI (6814) Index Table Parameters: 00 00 00 00 00 00 00 00 00 00 00 00 00 00 00 00[0m
[0;32mI (6824) Index Table Parameters: 00 00 00 00 00 00 00 00 00 00 00 00 00 00 00 00[0m
[0;32mI (6834) Index Table Parameters: 00 00 00 00 00 00 00 00 00 00 00 00 00 00 00 00[0m
[0;32mI (6834) Index Table Parameters: 00 00 00 00 00 00 00 00 00 00 00 00 00 00 00 00[0m
[0;32mI (6844) Index Table Parameters: 00 00 00 00 00 00 00 00 00 00 00 00 00 00 00 00[0m
[0;32mI (6854) Index Table Parameters: 00 00 00 00 00 00 00 00 00 00 00 00 00 00 00 00[0m
[0;32mI (6864) Index Table Parameters: 00 00 00 00 00 00 00 00 00 00 00 00 00 00 00 00[0m
[0;32mI (6864) Index Table Parameters: 00 00 00 00 00 00 00 00 00 00 00 00 00 00 00 00[0m
[0;32mI (6874) Index Table Parameters: 00 00 00 00 00 00 00 00 00 00 00 00 00 00 00 00[0m
[0;32mI (6884) Index Table Parameters: 00 00 00 00 00 00 00 00 00 00 00 00 00 00 00 00[0m
[0;32mI (6884) Index Table Parameters: 00 00 00 00 00 00 00 00 00 00 00 00 00 00 00 00[0m
[0;32mI (6894) Index Table Parameters: 00 00 00 00 00 00 00 00 00 00 00 00 00 00 00 00[0m
[0;32mI (6904) Index Table Parameters: 00 00 00 00 00 00 00 00 00 00 00 00 00 00 00 00[0m
[0;32mI (6914) Index Table Parameters: 00 00 00 00 00 00 00 00 00 00 00 00 00 00 00 00[0m
[0;32mI (6914) Index Table Parameters: 00 00 00 00 00 00 00 00 00 00 00 00 00 00 00 00[0m
[1;31mE (6924) FINGERPRINT: Location 1 is already occupied[0m
[1;31mE (6924) FINGERPRINT: Fingeprint not enrolled![0m
[0;32mI (6934) FINGERPRINT: Starting fingerprint verification...[0m
[0;33mW (7544) FINGERPRINT: No complete packets found, returning NULL[0m
[0;33mW (7754) FINGERPRINT: No complete packets found, returning NULL[0m
[0;33mW (7964) FINGERPRINT: No complete packets found, returning NULL[0m
[0;33mW (8174) FINGERPRINT: No complete packets found, returning NULL[0m
[0;33mW (8384) FINGERPRINT: No complete packets found, returning NULL[0m
[0;33mW (8594) FINGERPRINT: No complete packets found, returning NULL[0m
[0;33mW (8804) FINGERPRINT: No complete packets found, returning NULL[0m
[0;32mI (8934) FINGERPRINT: Please place your finger on the sensor...[0m
[0;33mW (9014) FINGERPRINT: No complete packets found, returning NULL[0m
[0;33mW (9224) FINGERPRINT: No complete packets found, returning NULL[0m
[0;32mI (9514) FINGERPRINT: Returning response with 1 packets[0m
[0;32mI (9514) FINGERPRINT: Command response packet: ID=0x07, Status=0x00[0m
[0;32mI (9514) FINGERPRINT: UART RECEIVED: 1 packets (first ID=0x07)[0m
[0;32mI (9514) FINGERPRINT: Finger detected! Status: 0x00[0m
[0;32mI (9524) FINGERPRINT: Finger detected![0m
[0;32mI (9784) FINGERPRINT: Returning response with 1 packets[0m
[0;32mI (9784) FINGERPRINT: Command response packet: ID=0x07, Status=0x00[0m
[0;32mI (9784) FINGERPRINT: UART RECEIVED: 1 packets (first ID=0x07)[0m
[0;32mI (9784) FINGERPRINT: Fingerprint features extracted successfully! Status: 0x00[0m
[0;32mI (9794) FINGERPRINT: Searching for fingerprint match...[0m
[0;32mI (10174) FINGERPRINT: Returning response with 1 packets[0m
[0;32mI (10174) FINGERPRINT: Command response packet: ID=0x07, Status=0x00[0m
[0;32mI (10174) FINGERPRINT: UART RECEIVED: 1 packets (first ID=0x07)[0m
[0;32mI (10174) FINGERPRINT: Fingerprint search successful. Status: 0x00[0m
[0;32mI (10184) FINGERPRINT: Match found at Enrollee ID: 0[0m
[0;32mI (10184) FINGERPRINT: Match score: 7168[0m
[0;32mI (10194) FINGERPRINT: Access granted - fingerprint verified![0m
[0;32mI (10604) FINGERPRINT: Returning response with 1 packets[0m
[0;32mI (10604) FINGERPRINT: Command response packet: ID=0x07, Status=0x00[0m
[0;32mI (10604) FINGERPRINT: UART RECEIVED: 1 packets (first ID=0x07)[0m
[0;32mI (10604) EVENT TEMPLATE COUNT: Number of valid templates: 2[0m
[0;32mI (10614) FINGERPRINT: Count of enrolled fingerprints sent successfully.[0m
[0;32mI (10614) FINGERPRINT: Backing up template id 0x0001[0m
[0;32mI (10624) FINGERPRINT: Loading Template...[0m
[0;32mI (10824) FINGERPRINT: LoadChar command sent[0m
[0;32mI (11034) FINGERPRINT: Returning response with 1 packets[0m
[0;32mI (11034) FINGERPRINT: Command response packet: ID=0x07, Status=0x00[0m
[0;32mI (11034) FINGERPRINT: UART RECEIVED: 1 packets (first ID=0x07)[0m
[0;32mI (11034) FINGERPRINT: Template loaded successfully. Status: 0x00[0m
[0;32mI (11044) FINGERPRINT: Loading Template Successful[0m
[0;32mI (11044) FINGERPRINT: Uploading Template...[0m
[0;32mI (11254) FINGERPRINT: Sending UpChar command for buffer 1[0m
[0;32mI (11254) FINGERPRINT: Waiting for template data transfer...[0m
[0;32mI (11304) FINGERPRINT: Received template data packet 1[0m
[0;32mI (11304) FINGERPRINT: UART RECEIVED: 3 packets (first ID=0x07)[0m
[0;32mI (11304) FINGERPRINT: Template accumulator initialized[0m
[0;32mI (11354) FINGERPRINT: UART RECEIVED: 1 packets (first ID=0x02)[0m
[0;32mI (11404) FINGERPRINT: UART RECEIVED: 1 packets (first ID=0x02)[0m
[0;32mI (11454) FINGERPRINT: UART RECEIVED: 1 packets (first ID=0x02)[0m
[0;32mI (11504) FINGERPRINT: UART RECEIVED: 1 packets (first ID=0x02)[0m
[0;32mI (11554) FINGERPRINT: UART RECEIVED: 1 packets (first ID=0x02)[0m
[0;32mI (11604) FINGERPRINT: UART RECEIVED: 1 packets (first ID=0x02)[0m
[0;32mI (11654) FINGERPRINT: UART RECEIVED: 1 packets (first ID=0x02)[0m
[0;32mI (11704) FINGERPRINT: UART RECEIVED: 1 packets (first ID=0x02)[0m
[0;32mI (11754) FINGERPRINT: UART RECEIVED: 1 packets (first ID=0x02)[0m
[0;32mI (11774) FINGERPRINT: UART RECEIVED: 1 packets (first ID=0x02)[0m
[0;32mI (11824) FINGERPRINT: UART RECEIVED: 1 packets (first ID=0x02)[0m
[0;32mI (11874) FINGERPRINT: UART RECEIVED: 1 packets (first ID=0x02)[0m
[0;32mI (11924) FINGERPRINT: UART RECEIVED: 1 packets (first ID=0x02)[0m
[0;32mI (11974) FINGERPRINT: UART RECEIVED: 1 packets (first ID=0x02)[0m
[0;32mI (12024) FINGERPRINT: Found FOOF end marker at position 242[0m
[0;32mI (12024) FINGERPRINT: Copied 256 bytes to template buffer[0m
[0;32mI (12034) FINGERPRINT: UART RECEIVED: 2 packets (first ID=0x02)[0m
[0;32mI (12034) FINGERPRINT: UART RECEIVED: Final packet (0x08)[0m
[0;32mI (12034) FINGERPRINT: Added 256 bytes to template accumulator (total: 256 bytes)[0m
[0;32mI (12044) FINGERPRINT: Triggering template event with 256 bytes of complete data[0m
[0;32mI (12054) FINGERPRINT: Complete template data (256 bytes):[0m
[0;32mI (12054) Template Data: 0x3fca4250   f3 be 24 2e 25 9c d8 8f  0d 00 25 21 6f 3a 13 2e  |..$.%.....%!o:..|[0m
[0;32mI (12064) Template Data: 0x3fca4260   e4 59 e8 a3 f4 6c 40 4f  39 27 a9 ed 7f e9 23 1c  |.Y...l@O9'....#.|[0m
[0;32mI (12074) Template Data: 0x3fca4270   ef f1 1f 1b 23 93 b9 7a  f6 ad c5 04 bc c9 16 0c  |....#..z........|[0m
[0;32mI (12084) Template Data: 0x3fca4280   a0 7e 4a 86 b9 05 6a 18  17 3d 41 b1 80 a4 0e eb  |.~J...j..=A.....|[0m
[0;32mI (12094) Template Data: 0x3fca4290   5e bb f1 a3 3e 11 31 e5  9a ba 7b 56 34 40 fe 00  |^...>.1...{V4@..|[0m
[0;32mI (12104) Template Data: 0x3fca42a0   01 00 31 03 00 97 00 04  0a 32 22 46 d6 d7 f9 ae  |..1......2"F....|[0m
[0;32mI (12114) Template Data: 0x3fca42b0   a8 43 cc 3e 4a b6 68 40  b5 be e7 27 c8 19 18 19  |.C.>J.h@...'....|[0m
[0;32mI (12124) Template Data: 0x3fca42c0   a0 33 63 ef ab 21 fb 7e  0f 1d 08 25 d5 7b 8f 3e  |.3c..!.~...%.{.>|[0m
[0;32mI (12134) Template Data: 0x3fca42d0   6c b7 bd 6f 00 05 00 18  00 00 00 9b 00 00 00 00  |l..o............|[0m
[0;32mI (12144) Template Data: 0x3fca42e0   00 00 00 00 00 00 00 00  00 00 00 00 00 00 00 00  |................|[0m
[0;32mI (12154) Template Data: 0x3fca42f0   00 0b 00 43 01 10 04 00  00 00 00 00 00 07 0d 00  |...C............|[0m
[0;32mI (12164) Template Data: 0x3fca4300   00 12 1d 00 00 02 05 00  00 00 00 00 00 00 00 59  |...............Y|[0m
[0;32mI (12174) Template Data: 0x3fca4310   05 ef 01 ff ff ff ff 02  01 02 00 00 00 00 00 00  |................|[0m
[0;32mI (12184) Template Data: 0x3fca4320   00 00 00 00 00 00 00 00  08 08 00 00 18 21 00 00  |.............!..|[0m
[0;32mI (12194) Template Data: 0x3fca4330   04 04 00 00 00 00 00 00  00 00 00 00 00 00 00 00  |................|[0m
[0;32mI (12194) Template Data: 0x3fca4340   00 00 46 4f 4f 46 93 07  50 52 45 43 49 53 45 00  |..FOOF..PRECISE.|[0m
[0;32mI (12204) FINGERPRINT: Template saved for later use[0m
[0;32mI (12214) FINGERPRINT: Fingerprint template uploaded successfully[0m
[0;32mI (12214) FINGERPRINT: Template accumulation complete and event triggered[0m
[0;32mI (15254) FINGERPRINT: Template upload should be complete[0m
[0;32mI (15254) FINGERPRINT: Template backup successful[0m
[0;32mI (15254) FINGERPRINT: Template backed up successfully.[0m
[0;32mI (17254) FINGERPRINT: Downloading saved template to location 2[0m

assert failed: xEventGroupWaitBits event_groups.c:345 (xEventGroup)


Backtrace: 0x40375bdd:0x3fc9b310 0x4037ab91:0x3fc9b330 0x40381925:0x3fc9b350 0x4037bf7d:0x3fc9b470 0x4200e50d:0x3fc9b4a0 0x4200e62e:0x3fc9b5e0 0x4200be12:0x3fc9b600 0x4201dabf:0x3fc9b630 0x4037b5fd:0x3fc9b660




ELF file SHA256: d417d10a8

Rebooting...
ESP-ROM:esp32s3-20210327
Build:Mar 27 2021
rst:0xc (RTC_SW_CPU_RST),boot:0x18 (SPI_FAST_FLASH_BOOT)
Saved PC:0x40375b1c
SPIWP:0xee
Octal Flash Mode Enabled
For OPI Flash, Use Default Flash Boot Mode
mode:SLOW_RD, clock div:1
load:0x3fce2810,len:0x15a0
load:0x403c8700,len:0x4
load:0x403c8704,len:0xd20
load:0x403cb700,len:0x2ee4
entry 0x403c8928
[0;32mI (37) boot: ESP-IDF v5.4-dirty 2nd stage bootloader[0m
[0;32mI (38) boot: compile time Mar  4 2025 16:14:42[0m
[0;32mI (38) boot: Multicore bootloader[0m
[0;32mI (38) boot: chip revision: v0.1[0m
[0;32mI (41) boot: efuse block revision: v1.2[0m
[0;32mI (45) boot.esp32s3: Boot SPI Speed : 80MHz[0m
[0;32mI (49) boot.esp32s3: SPI Mode       : SLOW READ[0m
[0;32mI (53) boot.esp32s3: SPI Flash Size : 2MB[0m
[0;32mI (57) boot: Enabling RNG early entropy source...[0m
[0;32mI (61) boot: Partition Table:[0m
[0;32mI (64) boot: ## Label            Usage          Type ST Offset   Length[0m
[0;32mI (70) boot:  0 nvs              WiFi data        01 02 00009000 00006000[0m
[0;32mI (77) boot:  1 phy_init         RF data          01 01 0000f000 00001000[0m
[0;32mI (83) boot:  2 factory          factory app      00 00 00010000 00100000[0m
[0;32mI (90) boot: End of partition table[0m
[0;32mI (93) esp_image: segment 0: paddr=00010020 vaddr=3c020020 size=0d698h ( 54936) map[0m
[0;32mI (113) esp_image: segment 1: paddr=0001d6c0 vaddr=3fc93900 size=02958h ( 10584) load[0m
[0;32mI (116) esp_image: segment 2: paddr=00020020 vaddr=42000020 size=1e26ch (123500) map[0m
[0;32mI (146) esp_image: segment 3: paddr=0003e294 vaddr=3fc96258 size=00da8h (  3496) load[0m
[0;32mI (147) esp_image: segment 4: paddr=0003f044 vaddr=40374000 size=0f8cch ( 63692) load[0m
[0;32mI (167) esp_image: segment 5: paddr=0004e918 vaddr=600fe100 size=0001ch (    28) load[0m
[0;32mI (174) boot: Loaded app from partition at offset 0x10000[0m
[0;32mI (174) boot: Disabling RNG early entropy source...[0m
[0;32mI (185) cpu_start: Multicore app[0m
[0;32mI (194) cpu_start: Pro cpu start user code[0m
[0;32mI (194) cpu_start: cpu freq: 160000000 Hz[0m
[0;32mI (194) app_init: Application information:[0m
[0;32mI (194) app_init: Project name:     fingerprint_scanner[0m
[0;32mI (199) app_init: App version:      eba1181-dirty[0m
[0;32mI (203) app_init: Compile time:     Mar 17 2025 10:43:10[0m
[0;32mI (209) app_init: ELF file SHA256:  d417d10a8...[0m
[0;32mI (213) app_init: ESP-IDF:          v5.4-dirty[0m
[0;32mI (217) efuse_init: Min chip rev:     v0.0[0m
[0;32mI (221) efuse_init: Max chip rev:     v0.99 [0m
[0;32mI (225) efuse_init: Chip rev:         v0.1[0m
[0;32mI (229) heap_init: Initializing. RAM available for dynamic allocation:[0m
[0;32mI (235) heap_init: At 3FC98D48 len 000509C8 (322 KiB): RAM[0m
[0;32mI (240) heap_init: At 3FCE9710 len 00005724 (21 KiB): RAM[0m
[0;32mI (245) heap_init: At 3FCF0000 len 00008000 (32 KiB): DRAM[0m
[0;32mI (250) heap_init: At 600FE11C len 00001ECC (7 KiB): RTCRAM[0m
[0;33mW (256) spi_flash: Octal flash chip is using but dio mode is selected, will automatically switch to Octal mode[0m
[0;32mI (266) spi_flash: detected chip: mxic (opi)[0m
[0;32mI (269) spi_flash: flash io: opi_str[0m
[0;33mW (273) spi_flash: Detected size(32768k) larger than the size in the binary image header(2048k). Using the size in the binary image header.[0m
[0;32mI (285) sleep_gpio: Configure to isolate all GPIO pins in sleep state[0m
[0;32mI (291) sleep_gpio: Enable automatic switching of GPIO sleep configuration[0m
[0;32mI (298) main_task: Started on CPU0[0m
[0;32mI (308) main_task: Calling app_main()[0m
[0;32mI (308) FINGERPRINT: Initializing fingerprint scanner...[0m
[0;33mW (508) FINGERPRINT: No handshake received, retrying...[0m
[0;33mW (908) FINGERPRINT: No handshake received, retrying...[0m
[0;33mW (1308) FINGERPRINT: No handshake received, retrying...[0m
[0;33mW (1708) FINGERPRINT: No handshake received, retrying...[0m
[0;33mW (2108) FINGERPRINT: No handshake received, retrying...[0m
[0;33mW (2508) FINGERPRINT: No handshake received, retrying...[0m
