ESP-ROM:esp32s3-20210327
Build:Mar 27 2021
rst:0x1 (POWERON),boot:0x18 (SPI_FAST_FLASH_BOOT)
SPIWP:0xee
Octal Flash Mode Enabled
For OPI Flash, Use Default Flash Boot Mode
mode:SLOW_RD, clock div:1
load:0x3fce2810,len:0x15a0
load:0x403c8700,len:0x4
load:0x403c8704,len:0xd20
load:0x403cb700,len:0x2ee4
entry 0x403c8928
[0;32mI (33) boot: ESP-IDF v5.4-dirty 2nd stage bootloader[0m
[0;32mI (33) boot: compile time Mar  4 2025 16:14:42[0m
[0;32mI (33) boot: Multicore bootloader[0m
[0;32mI (34) boot: chip revision: v0.1[0m
[0;32mI (37) boot: efuse block revision: v1.2[0m
[0;32mI (40) boot.esp32s3: Boot SPI Speed : 80MHz[0m
[0;32mI (44) boot.esp32s3: SPI Mode       : SLOW READ[0m
[0;32mI (48) boot.esp32s3: SPI Flash Size : 2MB[0m
[0;32mI (52) boot: Enabling RNG early entropy source...[0m
[0;32mI (57) boot: Partition Table:[0m
[0;32mI (59) boot: ## Label            Usage          Type ST Offset   Length[0m
[0;32mI (66) boot:  0 nvs              WiFi data        01 02 00009000 00006000[0m
[0;32mI (72) boot:  1 phy_init         RF data          01 01 0000f000 00001000[0m
[0;32mI (79) boot:  2 factory          factory app      00 00 00010000 00100000[0m
[0;32mI (85) boot: End of partition table[0m
[0;32mI (88) esp_image: segment 0: paddr=00010020 vaddr=3c020020 size=0c598h ( 50584) map[0m
[0;32mI (108) esp_image: segment 1: paddr=0001c5c0 vaddr=3fc93900 size=02bf0h ( 11248) load[0m
[0;32mI (111) esp_image: segment 2: paddr=0001f1b8 vaddr=40374000 size=00e60h (  3680) load[0m
[0;32mI (113) esp_image: segment 3: paddr=00020020 vaddr=42000020 size=1c498h (115864) map[0m
[0;32mI (146) esp_image: segment 4: paddr=0003c4c0 vaddr=40374e60 size=0ea6ch ( 60012) load[0m
[0;32mI (163) esp_image: segment 5: paddr=0004af34 vaddr=600fe100 size=0001ch (    28) load[0m
[0;32mI (169) boot: Loaded app from partition at offset 0x10000[0m
[0;32mI (169) boot: Disabling RNG early entropy source...[0m
[0;32mI (181) cpu_start: Multicore app[0m
[0;32mI (190) cpu_start: Pro cpu start user code[0m
[0;32mI (190) cpu_start: cpu freq: 160000000 Hz[0m
[0;32mI (190) app_init: Application information:[0m
[0;32mI (190) app_init: Project name:     fingerprint_scanner[0m
[0;32mI (195) app_init: App version:      c466980-dirty[0m
[0;32mI (199) app_init: Compile time:     Mar 11 2025 14:24:44[0m
[0;32mI (204) app_init: ELF file SHA256:  e23af719c...[0m
[0;32mI (209) app_init: ESP-IDF:          v5.4-dirty[0m
[0;32mI (213) efuse_init: Min chip rev:     v0.0[0m
[0;32mI (216) efuse_init: Max chip rev:     v0.99 [0m
[0;32mI (220) efuse_init: Chip rev:         v0.1[0m
[0;32mI (224) heap_init: Initializing. RAM available for dynamic allocation:[0m
[0;32mI (231) heap_init: At 3FC96DD8 len 00052938 (330 KiB): RAM[0m
[0;32mI (236) heap_init: At 3FCE9710 len 00005724 (21 KiB): RAM[0m
[0;32mI (241) heap_init: At 3FCF0000 len 00008000 (32 KiB): DRAM[0m
[0;32mI (246) heap_init: At 600FE11C len 00001ECC (7 KiB): RTCRAM[0m
[0;33mW (252) spi_flash: Octal flash chip is using but dio mode is selected, will automatically switch to Octal mode[0m
[0;32mI (261) spi_flash: detected chip: mxic (opi)[0m
[0;32mI (265) spi_flash: flash io: opi_str[0m
[0;33mW (268) spi_flash: Detected size(32768k) larger than the size in the binary image header(2048k). Using the size in the binary image header.[0m
[0;32mI (281) sleep_gpio: Configure to isolate all GPIO pins in sleep state[0m
[0;32mI (287) sleep_gpio: Enable automatic switching of GPIO sleep configuration[0m
[0;32mI (294) main_task: Started on CPU0[0m
[0;32mI (304) main_task: Calling app_main()[0m
[0;32mI (304) FINGERPRINT: Initializing fingerprint scanner...[0m
[0;33mW (504) FINGERPRINT: No handshake received, retrying...[0m
[0;33mW (904) FINGERPRINT: No handshake received, retrying...[0m
[0;33mW (1304) FINGERPRINT: No handshake received, retrying...[0m
[0;33mW (1704) FINGERPRINT: No handshake received, retrying...[0m
[0;33mW (2104) FINGERPRINT: No handshake received, retrying...[0m
[0;33mW (2504) FINGERPRINT: No handshake received, retrying...[0m
[0;33mW (2904) FINGERPRINT: No handshake received, retrying...[0m
[0;33mW (3304) FINGERPRINT: No handshake received, retrying...[0m
[0;33mW (3704) FINGERPRINT: No handshake received, retrying...[0m
[0;33mW (4104) FINGERPRINT: No handshake received, retrying...[0m
[0;33mW (4504) FINGERPRINT: No handshake received, retrying...[0m
[0;33mW (4704) FINGERPRINT: No handshake received, retrying...[0m
[0;32mI (4904) FINGERPRINT: Fingerprint module handshake received: 0x55[0m
[0;32mI (4904) FINGERPRINT: Fingerprint scanner initialized successfully.[0m
[0;32mI (6104) FINGERPRINT: Fingerprint scanner initialized and waiting for a finger to be detected.[0m
[0;32mI (6404) FINGERPRINT: Successfully deleted fingerprint at location 5[0m
[0;32mI (6404) FINGERPRINT: Fingerprint deleted successfully![0m
[0;32mI (6614) FINGERPRINT: Index table read successful. Status: 0x00[0m
[0;32mI (6614) Index Table Parameters: 1e 00 00 00 00 00 00 00 00 00 00 00 00 00 00 00[0m
[0;32mI (6614) Index Table Parameters: 00 00 00 00 00 00 00 00 00 00 00 00 00 00 00 00[0m
[0;32mI (6614) FINGERPRINT: Location 5 is available[0m
[0;32mI (6624) FINGERPRINT: Waiting for a finger to be placed...[0m
[0;32mI (9564) FINGERPRINT: Finger detected! Status: 0x00[0m
[0;33mW (10004) FINGERPRINT: No matching fingerprint found[0m
[0;32mI (10004) FINGERPRINT: Fingerprint mismatch. Status: 0x09[0m
[0;32mI (10004) FINGERPRINT: Remove finger and place it again...[0m
[0;32mI (12394) FINGERPRINT: Finger detected! Status: 0x00[0m
[0;32mI (12394) FINGERPRINT: Please remove your finger...[0m
[0;32mI (13314) FINGERPRINT: Finger detected! Status: 0x00[0m
[0;32mI (13314) FINGERPRINT: Please remove your finger...[0m
[0;32mI (14234) FINGERPRINT: Finger detected! Status: 0x00[0m
[0;32mI (14234) FINGERPRINT: Please remove your finger...[0m
[0;32mI (15154) FINGERPRINT: Finger detected! Status: 0x00[0m
[0;32mI (15154) FINGERPRINT: Please remove your finger...[0m
[0;32mI (16984) FINGERPRINT: Finger detected! Status: 0x00[0m
[0;32mI (16984) FINGERPRINT: Please remove your finger...[0m
[0;32mI (17904) FINGERPRINT: Finger detected! Status: 0x00[0m
[0;32mI (17904) FINGERPRINT: Please remove your finger...[0m
[0;32mI (18824) FINGERPRINT: Finger detected! Status: 0x00[0m
[0;32mI (18824) FINGERPRINT: Please remove your finger...[0m
[0;32mI (21554) FINGERPRINT: Finger removal confirmed[0m
[0;32mI (302544) FINGERPRINT: Finger detected! Status: 0x00[0m
[0;32mI (302544) FINGERPRINT: Second finger placement detected![0m
[0;32mI (302804) FINGERPRINT: Fingerprint features extracted successfully! Status: 0x00[0m
[0;32mI (303014) FINGERPRINT: Unknown event triggered. Status: 0x00[0m
[0;32mI (303314) FINGERPRINT: Unknown event triggered. Status: 0x00[0m
[0;32mI (303314) FINGERPRINT: Fingerprint enrolled successfully![0m
[0;32mI (303314) FINGERPRINT: Fingerprint Enrolled![0m
[0;32mI (303314) FINGERPRINT: Starting fingerprint verification...[0m
[0;32mI (305314) FINGERPRINT: Please place your finger on the sensor...[0m
ESP-ROM:esp32s3-20210327
Build:Mar 27 2021
rst:0x1 (POWERON),boot:0x18 (SPI_FAST_FLASH_BOOT)
SPIWP:0xee
Octal Flash Mode Enabled
For OPI Flash, Use Default Flash Boot Mode
mode:SLOW_RD, clock div:1
load:0x3fce2810,len:0x15a0
load:0x403c8700,len:0x4
load:0x403c8704,len:0xd20
load:0x403cb700,len:0x2ee4
entry 0x403c8928
[0;32mI (33) boot: ESP-IDF v5.4-dirty 2nd stage bootloader[0m
[0;32mI (33) boot: compile time Mar  4 2025 16:14:42[0m
[0;32mI (33) boot: Multicore bootloader[0m
[0;32mI (34) boot: chip revision: v0.1[0m
[0;32mI (37) boot: efuse block revision: v1.2[0m
[0;32mI (40) boot.esp32s3: Boot SPI Speed : 80MHz[0m
[0;32mI (44) boot.esp32s3: SPI Mode       : SLOW READ[0m
[0;32mI (48) boot.esp32s3: SPI Flash Size : 2MB[0m
[0;32mI (52) boot: Enabling RNG early entropy source...[0m
[0;32mI (57) boot: Partition Table:[0m
[0;32mI (59) boot: ## Label            Usage          Type ST Offset   Length[0m
[0;32mI (66) boot:  0 nvs              WiFi data        01 02 00009000 00006000[0m
[0;32mI (72) boot:  1 phy_init         RF data          01 01 0000f000 00001000[0m
[0;32mI (79) boot:  2 factory          factory app      00 00 00010000 00100000[0m
[0;32mI (85) boot: End of partition table[0m
[0;32mI (88) esp_image: segment 0: paddr=00010020 vaddr=3c020020 size=0c598h ( 50584) map[0m
[0;32mI (108) esp_image: segment 1: paddr=0001c5c0 vaddr=3fc93900 size=02bf0h ( 11248) load[0m
[0;32mI (111) esp_image: segment 2: paddr=0001f1b8 vaddr=40374000 size=00e60h (  3680) load[0m
[0;32mI (113) esp_image: segment 3: paddr=00020020 vaddr=42000020 size=1c498h (115864) map[0m
[0;32mI (146) esp_image: segment 4: paddr=0003c4c0 vaddr=40374e60 size=0ea6ch ( 60012) load[0m
[0;32mI (163) esp_image: segment 5: paddr=0004af34 vaddr=600fe100 size=0001ch (    28) load[0m
[0;32mI (169) boot: Loaded app from partition at offset 0x10000[0m
[0;32mI (169) boot: Disabling RNG early entropy source...[0m
[0;32mI (181) cpu_start: Multicore app[0m
[0;32mI (190) cpu_start: Pro cpu start user code[0m
[0;32mI (190) cpu_start: cpu freq: 160000000 Hz[0m
[0;32mI (190) app_init: Application information:[0m
[0;32mI (190) app_init: Project name:     fingerprint_scanner[0m
[0;32mI (195) app_init: App version:      c466980-dirty[0m
[0;32mI (199) app_init: Compile time:     Mar 11 2025 14:24:44[0m
[0;32mI (204) app_init: ELF file SHA256:  e23af719c...[0m
[0;32mI (209) app_init: ESP-IDF:          v5.4-dirty[0m
[0;32mI (213) efuse_init: Min chip rev:     v0.0[0m
[0;32mI (216) efuse_init: Max chip rev:     v0.99 [0m
[0;32mI (220) efuse_init: Chip rev:         v0.1[0m
[0;32mI (224) heap_init: Initializing. RAM available for dynamic allocation:[0m
[0;32mI (231) heap_init: At 3FC96DD8 len 00052938 (330 KiB): RAM[0m
[0;32mI (236) heap_init: At 3FCE9710 len 00005724 (21 KiB): RAM[0m
[0;32mI (241) heap_init: At 3FCF0000 len 00008000 (32 KiB): DRAM[0m
[0;32mI (246) heap_init: At 600FE11C len 00001ECC (7 KiB): RTCRAM[0m
[0;33mW (252) spi_flash: Octal flash chip is using but dio mode is selected, will automatically switch to Octal mode[0m
[0;32mI (261) spi_flash: detected chip: mxic (opi)[0m
[0;32mI (265) spi_flash: flash io: opi_str[0m
[0;33mW (268) spi_flash: Detected size(32768k) larger than the size in the binary image header(2048k). Using the size in the binary image header.[0m
[0;32mI (281) sleep_gpio: Configure to isolate all GPIO pins in sleep state[0m
[0;32mI (287) sleep_gpio: Enable automatic switching of GPIO sleep configuration[0m
[0;32mI (294) main_task: Started on CPU0[0m
[0;32mI (304) main_task: Calling app_main()[0m
[0;32mI (304) FINGERPRINT: Initializing fingerprint scanner...[0m
[0;33mW (504) FINGERPRINT: No handshake received, retrying...[0m
[0;33mW (904) FINGERPRINT: No handshake received, retrying...[0m
[0;33mW (1304) FINGERPRINT: No handshake received, retrying...[0m
[0;33mW (1704) FINGERPRINT: No handshake received, retrying...[0m
[0;33mW (1914) FINGERPRINT: No handshake received, retrying...[0m
[0;32mI (2124) FINGERPRINT: Fingerprint module handshake received: 0x55[0m
[0;32mI (2124) FINGERPRINT: Fingerprint scanner initialized successfully.[0m
[0;32mI (3324) FINGERPRINT: Fingerprint scanner initialized and waiting for a finger to be detected.[0m
[0;33mW (3664) Fingerprint: Skipping invalid data at offset 0[0m
[0;33mW (3664) Fingerprint: Skipping invalid data at offset 1[0m
[0;33mW (3664) Fingerprint: Skipping invalid data at offset 2[0m
[1;31mE (5414) FINGERPRINT: Failed to delete fingerprint at location 5[0m
[1;31mE (5414) FINGERPRINT: Failed to delete fingerprint![0m
[0;32mI (5764) FINGERPRINT: Index table read successful. Status: 0x00[0m
[0;32mI (5764) Index Table Parameters: 3e 00 00 00 00 00 00 00 00 00 00 00 00 00 00 00[0m
[0;32mI (5764) Index Table Parameters: 00 00 00 00 00 00 00 00 00 00 00 00 00 00 00 00[0m
[1;31mE (5764) FINGERPRINT: Location 5 is already occupied[0m
[1;31mE (5774) FINGERPRINT: Fingeprint not enrolled![0m
[0;32mI (5774) FINGERPRINT: Starting fingerprint verification...[0m
[0;32mI (7784) FINGERPRINT: Please place your finger on the sensor...[0m
[0;32mI (10764) FINGERPRINT: Finger detected! Status: 0x00[0m
[0;32mI (10764) FINGERPRINT: Finger detected![0m
[0;32mI (11024) FINGERPRINT: Fingerprint features extracted successfully! Status: 0x00[0m
[0;32mI (11024) FINGERPRINT: Searching for fingerprint match...[0m
[0;32mI (11404) FINGERPRINT: Fingerprint search successful. Status: 0x00[0m
[0;32mI (11404) FINGERPRINT: Match found at Page ID: 1280[0m
[0;32mI (11404) FINGERPRINT: Match score: 19456[0m
[0;32mI (11404) FINGERPRINT: Access granted - fingerprint verified![0m
[0;32mI (11404) main_task: Returned from app_main()[0m
ESP-ROM:esp32s3-20210327
Build:Mar 27 2021
rst:0x1 (POWERON),boot:0x18 (SPI_FAST_FLASH_BOOT)
SPIWP:0xee
Octal Flash Mode Enabled
For OPI Flash, Use Default Flash Boot Mode
mode:SLOW_RD, clock div:1
load:0x3fce2810,len:0x15a0
load:0x403c8700,len:0x4
load:0x403c8704,len:0xd20
load:0x403cb700,len:0x2ee4
entry 0x403c8928
[0;32mI (33) boot: ESP-IDF v5.4-dirty 2nd stage bootloader[0m
[0;32mI (33) boot: compile time Mar  4 2025 16:14:42[0m
[0;32mI (33) boot: Multicore bootloader[0m
[0;32mI (34) boot: chip revision: v0.1[0m
[0;32mI (37) boot: efuse block revision: v1.2[0m
[0;32mI (40) boot.esp32s3: Boot SPI Speed : 80MHz[0m
[0;32mI (44) boot.esp32s3: SPI Mode       : SLOW READ[0m
[0;32mI (48) boot.esp32s3: SPI Flash Size : 2MB[0m
[0;32mI (52) boot: Enabling RNG early entropy source...[0m
[0;32mI (57) boot: Partition Table:[0m
[0;32mI (59) boot: ## Label            Usage          Type ST Offset   Length[0m
[0;32mI (66) boot:  0 nvs              WiFi data        01 02 00009000 00006000[0m
[0;32mI (72) boot:  1 phy_init         RF data          01 01 0000f000 00001000[0m
[0;32mI (79) boot:  2 factory          factory app      00 00 00010000 00100000[0m
[0;32mI (85) boot: End of partition table[0m
[0;32mI (88) esp_image: segment 0: paddr=00010020 vaddr=3c020020 size=0c598h ( 50584) map[0m
[0;32mI (108) esp_image: segment 1: paddr=0001c5c0 vaddr=3fc93900 size=02bf0h ( 11248) load[0m
[0;32mI (111) esp_image: segment 2: paddr=0001f1b8 vaddr=40374000 size=00e60h (  3680) load[0m
[0;32mI (113) esp_image: segment 3: paddr=00020020 vaddr=42000020 size=1c498h (115864) map[0m
[0;32mI (146) esp_image: segment 4: paddr=0003c4c0 vaddr=40374e60 size=0ea6ch ( 60012) load[0m
[0;32mI (163) esp_image: segment 5: paddr=0004af34 vaddr=600fe100 size=0001ch (    28) load[0m
[0;32mI (169) boot: Loaded app from partition at offset 0x10000[0m
[0;32mI (169) boot: Disabling RNG early entropy source...[0m
[0;32mI (181) cpu_start: Multicore app[0m
[0;32mI (190) cpu_start: Pro cpu start user code[0m
[0;32mI (190) cpu_start: cpu freq: 160000000 Hz[0m
[0;32mI (190) app_init: Application information:[0m
[0;32mI (190) app_init: Project name:     fingerprint_scanner[0m
[0;32mI (195) app_init: App version:      c466980-dirty[0m
[0;32mI (199) app_init: Compile time:     Mar 11 2025 14:24:44[0m
[0;32mI (204) app_init: ELF file SHA256:  e23af719c...[0m
[0;32mI (209) app_init: ESP-IDF:          v5.4-dirty[0m
[0;32mI (213) efuse_init: Min chip rev:     v0.0[0m
[0;32mI (216) efuse_init: Max chip rev:     v0.99 [0m
[0;32mI (220) efuse_init: Chip rev:         v0.1[0m
[0;32mI (224) heap_init: Initializing. RAM available for dynamic allocation:[0m
[0;32mI (231) heap_init: At 3FC96DD8 len 00052938 (330 KiB): RAM[0m
[0;32mI (236) heap_init: At 3FCE9710 len 00005724 (21 KiB): RAM[0m
[0;32mI (241) heap_init: At 3FCF0000 len 00008000 (32 KiB): DRAM[0m
[0;32mI (246) heap_init: At 600FE11C len 00001ECC (7 KiB): RTCRAM[0m
[0;33mW (252) spi_flash: Octal flash chip is using but dio mode is selected, will automatically switch to Octal mode[0m
[0;32mI (261) spi_flash: detected chip: mxic (opi)[0m
[0;32mI (265) spi_flash: flash io: opi_str[0m
[0;33mW (268) spi_flash: Detected size(32768k) larger than the size in the binary image header(2048k). Using the size in the binary image header.[0m
[0;32mI (281) sleep_gpio: Configure to isolate all GPIO pins in sleep state[0m
[0;32mI (287) sleep_gpio: Enable automatic switching of GPIO sleep configuration[0m
[0;32mI (294) main_task: Started on CPU0[0m
[0;32mI (304) main_task: Calling app_main()[0m
[0;32mI (304) FINGERPRINT: Initializing fingerprint scanner...[0m
[0;33mW (504) FINGERPRINT: No handshake received, retrying...[0m
[0;33mW (904) FINGERPRINT: No handshake received, retrying...[0m
[0;33mW (1304) FINGERPRINT: No handshake received, retrying...[0m
[0;33mW (1704) FINGERPRINT: No handshake received, retrying...[0m
[0;33mW (2094) FINGERPRINT: No handshake received, retrying...[0m
[0;33mW (2294) FINGERPRINT: No handshake received, retrying...[0m
[0;33mW (2494) FINGERPRINT: No handshake received, retrying...[0m
[0;33mW (2694) FINGERPRINT: No handshake received, retrying...[0m
[0;33mW (2894) FINGERPRINT: No handshake received, retrying...[0m
[0;32mI (3094) FINGERPRINT: Fingerprint module handshake received: 0x55[0m
[0;32mI (3094) FINGERPRINT: Fingerprint scanner initialized successfully.[0m
[0;33mW (3294) Fingerprint: Skipping invalid data at offset 0[0m
[0;33mW (3294) Fingerprint: Skipping invalid data at offset 1[0m
[0;33mW (3294) Fingerprint: Skipping invalid data at offset 2[0m
[0;33mW (3294) Fingerprint: Skipping invalid data at offset 3[0m
[0;33mW (3294) Fingerprint: Skipping invalid data at offset 4[0m
[0;33mW (3304) Fingerprint: Skipping invalid data at offset 5[0m
[0;33mW (3304) Fingerprint: Skipping invalid data at offset 6[0m
[0;32mI (4314) FINGERPRINT: Fingerprint scanner initialized and waiting for a finger to be detected.[0m
[0;32mI (4614) FINGERPRINT: Successfully deleted fingerprint at location 5[0m
[0;32mI (4614) FINGERPRINT: Fingerprint deleted successfully![0m
[0;32mI (4824) FINGERPRINT: Index table read successful. Status: 0x00[0m
[0;32mI (4824) Index Table Parameters: 1e 00 00 00 00 00 00 00 00 00 00 00 00 00 00 00[0m
[0;32mI (4824) Index Table Parameters: 00 00 00 00 00 00 00 00 00 00 00 00 00 00 00 00[0m
[0;32mI (4824) FINGERPRINT: Location 5 is available[0m
[0;32mI (4834) FINGERPRINT: Waiting for a finger to be placed...[0m
[0;32mI (7774) FINGERPRINT: Finger detected! Status: 0x00[0m
[0;33mW (8214) FINGERPRINT: No matching fingerprint found[0m
[0;32mI (8214) FINGERPRINT: Fingerprint mismatch. Status: 0x09[0m
[0;32mI (8214) FINGERPRINT: Remove finger and place it again...[0m
[0;32mI (12414) FINGERPRINT: Finger removal confirmed[0m
[0;32mI (13884) FINGERPRINT: Finger detected! Status: 0x00[0m
[0;32mI (13884) FINGERPRINT: Second finger placement detected![0m
[0;32mI (14144) FINGERPRINT: Fingerprint features extracted successfully! Status: 0x00[0m
[0;32mI (14354) FINGERPRINT: Unknown event triggered. Status: 0x00[0m
[0;32mI (14654) FINGERPRINT: Unknown event triggered. Status: 0x00[0m
[0;32mI (14654) FINGERPRINT: Fingerprint enrolled successfully![0m
[0;32mI (14654) FINGERPRINT: Fingerprint Enrolled![0m
[0;32mI (14654) FINGERPRINT: Starting fingerprint verification...[0m
[0;32mI (16654) FINGERPRINT: Please place your finger on the sensor...[0m
[0;33mW (22244) FINGERPRINT: No finger detected within 5 seconds[0m
[0;32mI (22244) FINGERPRINT: Please place your finger on the sensor...[0m
[0;33mW (27844) FINGERPRINT: No finger detected within 5 seconds[0m
[0;32mI (27844) FINGERPRINT: Please place your finger on the sensor...[0m
[0;33mW (33444) FINGERPRINT: No finger detected within 5 seconds[0m
[1;31mE (33444) FINGERPRINT: Verification failed after 3 attempts[0m
[1;31mE (33444) FINGERPRINT: Access denied - fingerprint not recognized[0m
[0;32mI (33444) main_task: Returned from app_main()[0m
