ESP-ROM:esp32s3-20210327
Build:Mar 27 2021
rst:0x1 (POWERON),boot:0x18 (SPI_FAST_FLASH_BOOT)
SPIWP:0xee
Octal Flash Mode Enabled
For OPI Flash, Use Default Flash Boot Mode
mode:SLOW_RD, clock div:1
load:0x3fce2810,len:0x15a0
load:0x403c8700,len:0x4
load:0x403c8704,len:0xd20
load:0x403cb700,len:0x2ee4
entry 0x403c8928
[0;32mI (33) boot: ESP-IDF v5.4-dirty 2nd stage bootloader[0m
[0;32mI (33) boot: compile time Mar  4 2025 16:14:42[0m
[0;32mI (33) boot: Multicore bootloader[0m
[0;32mI (34) boot: chip revision: v0.1[0m
[0;32mI (37) boot: efuse block revision: v1.2[0m
[0;32mI (40) boot.esp32s3: Boot SPI Speed : 80MHz[0m
[0;32mI (44) boot.esp32s3: SPI Mode       : SLOW READ[0m
[0;32mI (48) boot.esp32s3: SPI Flash Size : 2MB[0m
[0;32mI (52) boot: Enabling RNG early entropy source...[0m
[0;32mI (57) boot: Partition Table:[0m
[0;32mI (59) boot: ## Label            Usage          Type ST Offset   Length[0m
[0;32mI (66) boot:  0 nvs              WiFi data        01 02 00009000 00006000[0m
[0;32mI (72) boot:  1 phy_init         RF data          01 01 0000f000 00001000[0m
[0;32mI (79) boot:  2 factory          factory app      00 00 00010000 00100000[0m
[0;32mI (85) boot: End of partition table[0m
[0;32mI (88) esp_image: segment 0: paddr=00010020 vaddr=3c020020 size=0ccd8h ( 52440) map[0m
[0;32mI (108) esp_image: segment 1: paddr=0001cd00 vaddr=3fc93900 size=02c50h ( 11344) load[0m
[0;32mI (111) esp_image: segment 2: paddr=0001f958 vaddr=40374000 size=006c0h (  1728) load[0m
[0;32mI (113) esp_image: segment 3: paddr=00020020 vaddr=42000020 size=1cf38h (118584) map[0m
[0;32mI (147) esp_image: segment 4: paddr=0003cf60 vaddr=403746c0 size=0f20ch ( 61964) load[0m
[0;32mI (165) esp_image: segment 5: paddr=0004c174 vaddr=600fe100 size=0001ch (    28) load[0m
[0;32mI (171) boot: Loaded app from partition at offset 0x10000[0m
[0;32mI (171) boot: Disabling RNG early entropy source...[0m
[0;32mI (183) cpu_start: Multicore app[0m
[0;32mI (191) cpu_start: Pro cpu start user code[0m
[0;32mI (191) cpu_start: cpu freq: 160000000 Hz[0m
[0;32mI (191) app_init: Application information:[0m
[0;32mI (192) app_init: Project name:     fingerprint_scanner[0m
[0;32mI (196) app_init: App version:      13c7f7f-dirty[0m
[0;32mI (201) app_init: Compile time:     Mar 13 2025 08:22:29[0m
[0;32mI (206) app_init: ELF file SHA256:  5389aea57...[0m
[0;32mI (210) app_init: ESP-IDF:          v5.4-dirty[0m
[0;32mI (214) efuse_init: Min chip rev:     v0.0[0m
[0;32mI (218) efuse_init: Max chip rev:     v0.99 [0m
[0;32mI (222) efuse_init: Chip rev:         v0.1[0m
[0;32mI (226) heap_init: Initializing. RAM available for dynamic allocation:[0m
[0;32mI (232) heap_init: At 3FC97240 len 000524D0 (329 KiB): RAM[0m
[0;32mI (237) heap_init: At 3FCE9710 len 00005724 (21 KiB): RAM[0m
[0;32mI (243) heap_init: At 3FCF0000 len 00008000 (32 KiB): DRAM[0m
[0;32mI (248) heap_init: At 600FE11C len 00001ECC (7 KiB): RTCRAM[0m
[0;33mW (254) spi_flash: Octal flash chip is using but dio mode is selected, will automatically switch to Octal mode[0m
[0;32mI (263) spi_flash: detected chip: mxic (opi)[0m
[0;32mI (267) spi_flash: flash io: opi_str[0m
[0;33mW (270) spi_flash: Detected size(32768k) larger than the size in the binary image header(2048k). Using the size in the binary image header.[0m
[0;32mI (282) sleep_gpio: Configure to isolate all GPIO pins in sleep state[0m
[0;32mI (289) sleep_gpio: Enable automatic switching of GPIO sleep configuration[0m
[0;32mI (296) main_task: Started on CPU0[0m
[0;32mI (306) main_task: Calling app_main()[0m
[0;32mI (306) FINGERPRINT: Initializing fingerprint scanner...[0m
[0;33mW (506) FINGERPRINT: No handshake received, retrying...[0m
[0;33mW (906) FINGERPRINT: No handshake received, retrying...[0m
[0;33mW (1306) FINGERPRINT: No handshake received, retrying...[0m
[0;33mW (1706) FINGERPRINT: No handshake received, retrying...[0m
[0;33mW (1956) FINGERPRINT: No handshake received, retrying...[0m
[0;32mI (2156) FINGERPRINT: Fingerprint module handshake received: 0x55[0m
[0;32mI (2156) FINGERPRINT: Fingerprint scanner initialized successfully.[0m
[0;32mI (2606) Fingerprint Response: ef 01 ff ff ff ff 07 00 03 00 00 0a[0m
[0;32mI (3356) FINGERPRINT: Fingerprint scanner initialized and waiting for a finger to be detected.[0m
[0;32mI (4626) Fingerprint Response: ef 01 ff ff ff ff 07 00 23 00 01 00 00 00 00 00[0m
[0;32mI (4626) Fingerprint Response: 00 00 00 00 00 00 00 00 00 00 00 00 00 00 00 00[0m
[0;32mI (4626) Fingerprint Response: 00 00 00 00 00 00 00 00 00 00 00 2b[0m
[0;32mI (4626) FINGERPRINT: Index table read successful. Status: 0x00[0m
[0;32mI (4636) Index Table Parameters: 01 00 00 00 00 00 00 00 00 00 00 00 00 00 00 00[0m
[0;32mI (4646) Index Table Parameters: 00 00 00 00 00 00 00 00 00 00 00 00 00 00 00 00[0m
[1;31mE (4646) FINGERPRINT: Location 0 is already occupied[0m
[1;31mE (4656) FINGERPRINT: Fingeprint not enrolled![0m
[0;32mI (4656) FINGERPRINT: Starting fingerprint verification...[0m
[0;32mI (6666) FINGERPRINT: Please place your finger on the sensor...[0m
[0;32mI (9776) Fingerprint Response: ef 01 ff ff ff ff 07 00 03 02 00 0c[0m
[0;32mI (10866) Fingerprint Response: ef 01 ff ff ff ff 07 00 03 00 00 0a[0m
[0;32mI (10866) FINGERPRINT: Finger detected! Status: 0x00[0m
[0;32mI (10866) FINGERPRINT: Finger detected![0m
[0;32mI (11866) FINGERPRINT: Please place your finger on the sensor...[0m
[0;32mI (12006) Fingerprint Response: ef 01 ff ff ff ff 07 00 03 02 00 0c ef 01 ff ff[0m
[0;32mI (12006) Fingerprint Response: ff ff 07 00 03 00 00 0a[0m
[0;32mI (14126) Fingerprint Response: ef 01 ff ff ff ff 07 00 03 02 00 0c[0m
[0;32mI (15216) Fingerprint Response: ef 01 ff ff ff ff 07 00 03 00 00 0a[0m
[0;32mI (15216) FINGERPRINT: Finger detected! Status: 0x00[0m
[0;32mI (15216) FINGERPRINT: Finger detected![0m
[0;32mI (16216) FINGERPRINT: Please place your finger on the sensor...[0m
[0;32mI (16446) Fingerprint Response: ef 01 ff ff ff ff 07 00 03 00 00 0a ef 01 ff ff[0m
[0;32mI (16446) Fingerprint Response: ff ff 07 00 03 00 00 0a[0m
[0;32mI (16446) FINGERPRINT: Fingerprint features extracted successfully! Status: 0x00[0m
[0;32mI (18546) Fingerprint Response: ef 01 ff ff ff ff 07 00 03 00 00 0a[0m
[0;32mI (18546) FINGERPRINT: Finger detected! Status: 0x00[0m
[0;32mI (19556) FINGERPRINT: Finger detected![0m
[1;31mE (20556) FINGERPRINT: Verification failed after 3 attempts[0m
[1;31mE (20556) FINGERPRINT: Access denied - fingerprint not recognized[0m
[0;32mI (20716) Fingerprint Response: ef 01 ff ff ff ff 07 00 03 00 00 0a ef 01 ff ff[0m
[0;32mI (20716) Fingerprint Response: ff ff 07 00 03 00 00 0a[0m
[0;32mI (20716) FINGERPRINT: Fingerprint features extracted successfully! Status: 0x00[0m
[0;32mI (21726) Fingerprint Response: ef 01 ff ff ff ff 07 00 05 00 00 01 00 0d[0m
[0;32mI (21726) EVENT TEMPLATE COUNT: Number of valid templates: 1[0m
[0;32mI (21726) FINGERPRINT: Count of enrolled fingerprints sent successfully.[0m
[0;32mI (21726) FINGERPRINT: Backing up template id 0x0000[0m
[0;32mI (21736) FINGERPRINT: Loading Template...[0m
[0;32mI (22736) FINGERPRINT: LoadChar command sent[0m
[1;31mE (23736) FINGERPRINT: Failed to backup template.[0m
[0;32mI (23736) main_task: Returned from app_main()[0m
[0;32mI (23746) Fingerprint Response: ef 01 ff ff ff ff 07 00 03 00 00 0a[0m
[0;32mI (23746) FINGERPRINT: Template loaded successfully. Status: 0x00[0m
