ESP-ROM:esp32s3-20210327
Build:Mar 27 2021
rst:0x1 (POWERON),boot:0x3b (SPI_FAST_FLASH_BOOT)
SPIWP:0xee
Octal Flash Mode Enabled
For OPI Flash, Use Default Flash Boot Mode
mode:SLOW_RD, clock div:1
load:0x3fce2810,len:0x15a0
load:0x403c8700,len:0x4
load:0x403c8704,len:0xd20
load:0x403cb700,len:0x2ee4
entry 0x403c8928
[0;32mI (33) boot: ESP-IDF v5.4-dirty 2nd stage bootloader[0m
[0;32mI (33) boot: compile time Mar  4 2025 16:14:42[0m
[0;32mI (33) boot: Multicore bootloader[0m
[0;32mI (34) boot: chip revision: v0.1[0m
[0;32mI (37) boot: efuse block revision: v1.2[0m
[0;32mI (40) boot.esp32s3: Boot SPI Speed : 80MHz[0m
[0;32mI (44) boot.esp32s3: SPI Mode       : SLOW READ[0m
[0;32mI (48) boot.esp32s3: SPI Flash Size : 2MB[0m
[0;32mI (52) boot: Enabling RNG early entropy source...[0m
[0;32mI (57) boot: Partition Table:[0m
[0;32mI (59) boot: ## Label            Usage          Type ST Offset   Length[0m
[0;32mI (66) boot:  0 nvs              WiFi data        01 02 00009000 00006000[0m
[0;32mI (72) boot:  1 phy_init         RF data          01 01 0000f000 00001000[0m
[0;32mI (79) boot:  2 factory          factory app      00 00 00010000 00100000[0m
[0;32mI (85) boot: End of partition table[0m
[0;32mI (88) esp_image: segment 0: paddr=00010020 vaddr=3c020020 size=0d078h ( 53368) map[0m
[0;32mI (108) esp_image: segment 1: paddr=0001d0a0 vaddr=3fc93900 size=02f78h ( 12152) load[0m
[0;32mI (112) esp_image: segment 2: paddr=00020020 vaddr=42000020 size=1d2bch (119484) map[0m
[0;32mI (140) esp_image: segment 3: paddr=0003d2e4 vaddr=3fc96878 size=01178h (  4472) load[0m
[0;32mI (142) esp_image: segment 4: paddr=0003e464 vaddr=40374000 size=0f8cch ( 63692) load[0m
[0;32mI (162) esp_image: segment 5: paddr=0004dd38 vaddr=600fe100 size=0001ch (    28) load[0m
[0;32mI (168) boot: Loaded app from partition at offset 0x10000[0m
[0;32mI (168) boot: Disabling RNG early entropy source...[0m
[0;32mI (180) cpu_start: Multicore app[0m
[0;32mI (188) cpu_start: Pro cpu start user code[0m
[0;32mI (188) cpu_start: cpu freq: 160000000 Hz[0m
[0;32mI (188) app_init: Application information:[0m
[0;32mI (188) app_init: Project name:     fingerprint_scanner[0m
[0;32mI (193) app_init: App version:      7eb2ecb-dirty[0m
[0;32mI (198) app_init: Compile time:     Mar 14 2025 08:27:26[0m
[0;32mI (203) app_init: ELF file SHA256:  bdf547cc0...[0m
[0;32mI (207) app_init: ESP-IDF:          v5.4-dirty[0m
[0;32mI (211) efuse_init: Min chip rev:     v0.0[0m
[0;32mI (215) efuse_init: Max chip rev:     v0.99 [0m
[0;32mI (219) efuse_init: Chip rev:         v0.1[0m
[0;32mI (223) heap_init: Initializing. RAM available for dynamic allocation:[0m
[0;32mI (229) heap_init: At 3FC988F8 len 00050E18 (323 KiB): RAM[0m
[0;32mI (234) heap_init: At 3FCE9710 len 00005724 (21 KiB): RAM[0m
[0;32mI (240) heap_init: At 3FCF0000 len 00008000 (32 KiB): DRAM[0m
[0;32mI (245) heap_init: At 600FE11C len 00001ECC (7 KiB): RTCRAM[0m
[0;33mW (251) spi_flash: Octal flash chip is using but dio mode is selected, will automatically switch to Octal mode[0m
[0;32mI (260) spi_flash: detected chip: mxic (opi)[0m
[0;32mI (264) spi_flash: flash io: opi_str[0m
[0;33mW (267) spi_flash: Detected size(32768k) larger than the size in the binary image header(2048k). Using the size in the binary image header.[0m
[0;32mI (279) sleep_gpio: Configure to isolate all GPIO pins in sleep state[0m
[0;32mI (286) sleep_gpio: Enable automatic switching of GPIO sleep configuration[0m
[0;32mI (293) main_task: Started on CPU0[0m
[0;32mI (303) main_task: Calling app_main()[0m
[0;32mI (303) FINGERPRINT: Initializing fingerprint scanner...[0m
[0;33mW (503) FINGERPRINT: No handshake received, retrying...[0m
[0;33mW (903) FINGERPRINT: No handshake received, retrying...[0m
[0;33mW (1303) FINGERPRINT: No handshake received, retrying...[0m
[0;33mW (1703) FINGERPRINT: No handshake received, retrying...[0m
[0;33mW (2103) FINGERPRINT: No handshake received, retrying...[0m
[0;33mW (2503) FINGERPRINT: No handshake received, retrying...[0m
[0;33mW (2903) FINGERPRINT: No handshake received, retrying...[0m
[0;33mW (3303) FINGERPRINT: No handshake received, retrying...[0m
[0;33mW (3503) FINGERPRINT: No handshake received, retrying...[0m
[0;32mI (3703) FINGERPRINT: Fingerprint module handshake received: 0x55[0m
[0;32mI (3703) FINGERPRINT: Fingerprint scanner initialized successfully.[0m
[0;32mI (3903) FINGERPRINT: Read 2 bytes, buffer now contains 2 bytes[0m
[0;32mI (3903) FINGERPRINT: 00 55[0m
[0;32mI (3903) FINGERPRINT: Shifted buffer, 1 bytes remaining[0m
[0;33mW (3903) FINGERPRINT: No complete packets found, returning NULL[0m
[0;32mI (4163) FINGERPRINT: Read 12 bytes, buffer now contains 13 bytes[0m
[0;32mI (4163) FINGERPRINT: 55 ef 01 ff ff ff ff 07 00 03 00 00 0a[0m
[0;32mI (4163) FINGERPRINT: Found header (0xEF01) at position 1[0m
[0;32mI (4163) FINGERPRINT: Read address: 0xFFFFFFFF[0m
[0;32mI (4163) FINGERPRINT: Read packet_id: 0x07[0m
[0;32mI (4173) FINGERPRINT: Read length: 3[0m
[0;32mI (4173) FINGERPRINT: Read checksum: 0x000A[0m
[0;32mI (4183) FINGERPRINT: Added packet to response, count now: 1[0m
[0;32mI (4183) FINGERPRINT: Buffer fully processed, reset position[0m
[0;32mI (4193) FINGERPRINT: Returning response with 1 packets[0m
[0;32mI (4903) FINGERPRINT: Fingerprint scanner initialized and waiting for a finger to be detected.[0m
[0;32mI (5243) FINGERPRINT: Read 44 bytes, buffer now contains 44 bytes[0m
[0;32mI (5243) FINGERPRINT: ef 01 ff ff ff ff 07 00 23 00 03 00 00 00 00 00[0m
[0;32mI (5243) FINGERPRINT: 00 00 00 00 00 00 00 00 00 00 00 00 00 00 00 00[0m
[0;32mI (5243) FINGERPRINT: 00 00 00 00 00 00 00 00 00 00 00 2d[0m
[0;32mI (5253) FINGERPRINT: Found header (0xEF01) at position 0[0m
[0;32mI (5253) FINGERPRINT: Read address: 0xFFFFFFFF[0m
[0;32mI (5263) FINGERPRINT: Read packet_id: 0x07[0m
[0;32mI (5263) FINGERPRINT: Read length: 35[0m
[0;32mI (5263) FINGERPRINT: Read checksum: 0x002D[0m
[0;32mI (5273) FINGERPRINT: Added packet to response, count now: 1[0m
[0;32mI (5273) FINGERPRINT: Buffer fully processed, reset position[0m
[0;32mI (5283) FINGERPRINT: Returning response with 1 packets[0m
[0;32mI (5283) FINGERPRINT: Position 1 is free[0m
[0;32mI (5293) FINGERPRINT: Index table read successful. Status: 0x00[0m
[0;32mI (5293) Index Table ParameGuru Meditation Error: Core  0 panic'ed (StoreProhibited). Exception was unhandled.[0m

Core  0 register dump:
PC      : 0x4037cc43  PS      : 0x00060033  A0      : 0x8037be92  A1      : 0x3fc96060  
A2      : 0x00000000  A3      : 0x000001f5  A4      : 0x00088000  A5      : 0x01310000  
A6      : 0x00000000  A7      : 0x000001f5  A8      : 0x3fca21d8  A9      : 0x3fc97d40  
A10     : 0x00060a23  A11     : 0x3fc97d48  A12     : 0x8037b467  A13     : 0x00060023  
A14     : 0x3fc9c46c  A15     : 0x0000cdcd  SAR     : 0x00000012  EXCCAUSE: 0x0000001d  
EXCVADDR: 0x00060a2b  LBEG    : 0x400556d5  LEND    : 0x400556e5  LCOUNT  : 0xfffffff3  


Backtrace: 0x4037cc40:0x3fc96060 0x4037be8f:0x3fc96080 0x4037bf11:0x3fc960a0 0x40377349:0x3fc960c0 0x4200690a:0x3fca22b0 0x420077b7:0x3fca22e0 0x4200ab6e:0x3fca2300 0x420122de:0x3fca2320 0x4200a564:0x3fca2340 0x4200ab6e:0x3fca2360 0x42011d26:0x3fca2380 0x420115dd:0x3fca23a0 0x4201162e:0x3fca23c0 0x42011c2d:0x3fca23e0 0x42015983:0x3fca2410 0x4201538a:0x3fca2430 0x42011d9d:0x3fca2750 0x4201d25a:0x3fca2780 0x4038177d:0x3fca27b0 0x4201086e:0x3fca2800 0x42010891:0x3fca2850 0x4200b8cf:0x3fca28a0 0x4200c7ed:0x3fca28c0 0x4200d54b:0x3fca2b10 0x4200d60a:0x3fca2f90 0x4037b5fd:0x3fca31d0




ELF file SHA256: bdf547cc0

Rebooting...
ï¿½ï¿½ï¿½ESP-ROM:esp32s3-20210327
Build:Mar 27 2021
rst:0xc (RTC_SW_CPU_RST),boot:0x3b (SPI_FAST_FLASH_BOOT)
Saved PC:0x40375b1c
SPIWP:0xee
Octal Flash Mode Enabled
For OPI Flash, Use Default Flash Boot Mode
mode:SLOW_RD, clock div:1
load:0x3fce2810,len:0x15a0
load:0x403c8700,len:0x4
load:0x403c8704,len:0xd20
load:0x403cb700,len:0x2ee4
entry 0x403c8928
[0;32mI (37) boot: ESP-IDF v5.4-dirty 2nd stage bootloader[0m
[0;32mI (38) boot: compile time Mar  4 2025 16:14:42[0m
[0;32mI (38) boot: Multicore bootloader[0m
[0;32mI (38) boot: chip revision: v0.1[0m
[0;32mI (41) boot: efuse block revision: v1.2[0m
[0;32mI (45) boot.esp32s3: Boot SPI Speed : 80MHz[0m
[0;32mI (49) boot.esp32s3: SPI Mode       : SLOW READ[0m
[0;32mI (53) boot.esp32s3: SPI Flash Size : 2MB[0m
[0;32mI (57) boot: Enabling RNG early entropy source...[0m
[0;32mI (61) boot: Partition Table:[0m
[0;32mI (64) boot: ## Label            Usage          Type ST Offset   Length[0m
[0;32mI (70) boot:  0 nvs              WiFi data        01 02 00009000 00006000[0m
[0;32mI (77) boot:  1 phy_init         RF data          01 01 0000f000 00001000[0m
[0;32mI (83) boot:  2 factory          factory app      00 00 00010000 00100000[0m
[0;32mI (90) boot: End of partition table[0m
[0;32mI (93) esp_image: segment 0: paddr=00010020 vaddr=3c020020 size=0d078h ( 53368) map[0m
[0;32mI (113) esp_image: segment 1: paddr=0001d0a0 vaddr=3fc93900 size=02f78h ( 12152) load[0m
[0;32mI (116) esp_image: segment 2: paddr=00020020 vaddr=42000020 size=1d2bch (119484) map[0m
[0;32mI (145) esp_image: segment 3: paddr=0003d2e4 vaddr=3fc96878 size=01178h (  4472) load[0m
[0;32mI (146) esp_image: segment 4: paddr=0003e464 vaddr=40374000 size=0f8cch ( 63692) load[0m
[0;32mI (166) esp_image: segment 5: paddr=0004dd38 vaddr=600fe100 size=0001ch (    28) load[0m
[0;32mI (173) boot: Loaded app from partition at offset 0x10000[0m
[0;32mI (173) boot: Disabling RNG early entropy source...[0m
[0;32mI (184) cpu_start: Multicore app[0m
[0;32mI (193) cpu_start: Pro cpu start user code[0m
[0;32mI (193) cpu_start: cpu freq: 160000000 Hz[0m
[0;32mI (193) app_init: Application information:[0m
[0;32mI (193) app_init: Project name:     fingerprint_scanner[0m
[0;32mI (198) app_init: App version:      7eb2ecb-dirty[0m
[0;32mI (202) app_init: Compile time:     Mar 14 2025 08:27:26[0m
[0;32mI (207) app_init: ELF file SHA256:  bdf547cc0...[0m
[0;32mI (212) app_init: ESP-IDF:          v5.4-dirty[0m
[0;32mI (216) efuse_init: Min chip rev:     v0.0[0m
[0;32mI (220) efuse_init: Max chip rev:     v0.99 [0m
[0;32mI (224) efuse_init: Chip rev:         v0.1[0m
[0;32mI (227) heap_init: Initializing. RAM available for dynamic allocation:[0m
[0;32mI (234) heap_init: At 3FC988F8 len 00050E18 (323 KiB): RAM[0m
[0;32mI (239) heap_init: At 3FCE9710 len 00005724 (21 KiB): RAM[0m
[0;32mI (244) heap_init: At 3FCF0000 len 00008000 (32 KiB): DRAM[0m
[0;32mI (249) heap_init: At 600FE11C len 00001ECC (7 KiB): RTCRAM[0m
[0;33mW (255) spi_flash: Octal flash chip is using but dio mode is selected, will automatically switch to Octal mode[0m
[0;32mI (264) spi_flash: detected chip: mxic (opi)[0m
[0;32mI (268) spi_flash: flash io: opi_str[0m
[0;33mW (271) spi_flash: Detected size(32768k) larger than the size in the binary image header(2048k). Using the size in the binary image header.[0m
[0;32mI (284) sleep_gpio: Configure to isolate all GPIO pins in sleep state[0m
[0;32mI (290) sleep_gpio: Enable automatic switching of GPIO sleep configuration[0m
[0;32mI (297) main_task: Started on CPU0[0m
[0;32mI (307) main_task: Calling app_main()[0m
[0;32mI (307) FINGERPRINT: Initializing fingerprint scanner...[0m
[0;33mW (507) FINGERPRINT: No handshake received, retrying...[0m
[0;33mW (907) FINGERPRINT: No handshake received, retrying...[0m
[0;33mW (1307) FINGERPRINT: No handshake received, retrying...[0m
[0;33mW (1707) FINGERPRINT: No handshake received, retrying...[0m
[0;33mW (2107) FINGERPRINT: No handshake received, retrying...[0m
[0;33mW (2507) FINGERPRINT: No handshake received, retrying...[0m
[0;33mW (2907) FINGERPRINT: No handshake received, retrying...[0m
[0;33mW (3307) FINGERPRINT: No handshake received, retrying...[0m
[0;33mW (3707) FINGERPRINT: No handshake received, retrying...[0m
