ESP-ROM:esp32s3-20210327
Build:Mar 27 2021
rst:0x1 (POWERON),boot:0x18 (SPI_FAST_FLASH_BOOT)
SPIWP:0xee
Octal Flash Mode Enabled
For OPI Flash, Use Default Flash Boot Mode
mode:SLOW_RD, clock div:1
load:0x3fce2810,len:0x15a0
load:0x403c8700,len:0x4
load:0x403c8704,len:0xd20
load:0x403cb700,len:0x2ee4
entry 0x403c8928
[0;32mI (33) boot: ESP-IDF v5.4-dirty 2nd stage bootloader[0m
[0;32mI (33) boot: compile time Mar 20 2025 11:43:23[0m
[0;32mI (33) boot: Multicore bootloader[0m
[0;32mI (34) boot: chip revision: v0.1[0m
[0;32mI (37) boot: efuse block revision: v1.2[0m
[0;32mI (40) boot.esp32s3: Boot SPI Speed : 80MHz[0m
[0;32mI (44) boot.esp32s3: SPI Mode       : SLOW READ[0m
[0;32mI (48) boot.esp32s3: SPI Flash Size : 2MB[0m
[0;32mI (52) boot: Enabling RNG early entropy source...[0m
[0;32mI (57) boot: Partition Table:[0m
[0;32mI (59) boot: ## Label            Usage          Type ST Offset   Length[0m
[0;32mI (66) boot:  0 nvs              WiFi data        01 02 00009000 00006000[0m
[0;32mI (72) boot:  1 phy_init         RF data          01 01 0000f000 00001000[0m
[0;32mI (79) boot:  2 factory          factory app      00 00 00010000 00100000[0m
[0;32mI (85) boot: End of partition table[0m
[0;32mI (88) esp_image: segment 0: paddr=00010020 vaddr=3c020020 size=0ebb0h ( 60336) map[0m
[0;32mI (110) esp_image: segment 1: paddr=0001ebd8 vaddr=3fc93a00 size=01440h (  5184) load[0m
[0;32mI (112) esp_image: segment 2: paddr=00020020 vaddr=42000020 size=1fd64h (130404) map[0m
[0;32mI (144) esp_image: segment 3: paddr=0003fd8c vaddr=3fc94e40 size=022d0h (  8912) load[0m
[0;32mI (147) esp_image: segment 4: paddr=00042064 vaddr=40374000 size=0f8f8h ( 63736) load[0m
[0;32mI (166) esp_image: segment 5: paddr=00051964 vaddr=600fe100 size=0001ch (    28) load[0m
[0;32mI (172) boot: Loaded app from partition at offset 0x10000[0m
[0;32mI (172) boot: Disabling RNG early entropy source...[0m
[0;32mI (184) cpu_start: Multicore app[0m
[0;32mI (193) cpu_start: Pro cpu start user code[0m
[0;32mI (193) cpu_start: cpu freq: 160000000 Hz[0m
[0;32mI (193) app_init: Application information:[0m
[0;32mI (193) app_init: Project name:     fingerprint_scanner[0m
[0;32mI (198) app_init: App version:      f1c5aa9-dirty[0m
[0;32mI (202) app_init: Compile time:     Mar 20 2025 16:54:43[0m
[0;32mI (207) app_init: ELF file SHA256:  f19d6facf...[0m
[0;32mI (211) app_init: ESP-IDF:          v5.4-dirty[0m
[0;32mI (216) efuse_init: Min chip rev:     v0.0[0m
[0;32mI (219) efuse_init: Max chip rev:     v0.99 [0m
[0;32mI (223) efuse_init: Chip rev:         v0.1[0m
[0;32mI (227) heap_init: Initializing. RAM available for dynamic allocation:[0m
[0;32mI (234) heap_init: At 3FC98E70 len 000508A0 (322 KiB): RAM[0m
[0;32mI (239) heap_init: At 3FCE9710 len 00005724 (21 KiB): RAM[0m
[0;32mI (244) heap_init: At 3FCF0000 len 00008000 (32 KiB): DRAM[0m
[0;32mI (249) heap_init: At 600FE11C len 00001ECC (7 KiB): RTCRAM[0m
[0;33mW (255) spi_flash: Octal flash chip is using but dio mode is selected, will automatically switch to Octal mode[0m
[0;32mI (264) spi_flash: detected chip: mxic (opi)[0m
[0;32mI (268) spi_flash: flash io: opi_str[0m
[0;33mW (271) spi_flash: Detected size(32768k) larger than the size in the binary image header(2048k). Using the size in the binary image header.[0m
[0;32mI (284) sleep_gpio: Configure to isolate all GPIO pins in sleep state[0m
[0;32mI (290) sleep_gpio: Enable automatic switching of GPIO sleep configuration[0m
[0;32mI (297) main_task: Started on CPU0[0m
[0;32mI (307) main_task: Calling app_main()[0m
[0;32mI (307) FINGERPRINT: Fingerprint event handler registered[0m
[0;32mI (307) FINGERPRINT: Initializing fingerprint scanner...[0m
[0;32mI (317) gpio: GPIO[15]| InputEn: 1| OutputEn: 0| OpenDrain: 0| Pullup: 0| Pulldown: 1| Intr:1 [0m
[0;32mI (317) FINGERPRINT: Finger detection task started[0m
[0;32mI (327) FINGERPRINT: Fingerprint scanner initialized successfully with interrupt-based detection.[0m
[0;33mW (527) FINGERPRINT: No complete packets found, returning NULL[0m
[0;32mI (647) FINGERPRINT: Returning response with 1 packets[0m
[0;32mI (647) FINGERPRINT: Command response packet: ID=0x07, Status=0x00[0m
[0;32mI (827) FINGERPRINT: Finger detected via interrupt![0m
[0;32mI (827) FINGERPRINT: Processing fingerprint in mode: 0[0m
[0;33mW (887) FINGERPRINT: No complete packets found, returning NULL[0m
[0;33mW (947) FINGERPRINT: No complete packets found, returning NULL[0m
[0;32mI (1027) FINGERPRINT: Returning response with 1 packets[0m
[0;32mI (1027) FINGERPRINT: Command response packet: ID=0x07, Status=0x02[0m
[0;32mI (1177) FINGERPRINT: Returning response with 1 packets[0m
[0;32mI (1177) FINGERPRINT: Command response packet: ID=0x07, Status=0x02[0m
[0;33mW (1287) FINGERPRINT: Could not confirm finger presence after multiple attempts[0m
[0;32mI (1327) FINGERPRINT: Returning response with 1 packets[0m
[0;32mI (1327) FINGERPRINT: Command response packet: ID=0x07, Status=0x02[0m
[0;32mI (1527) FINGERPRINT: Fingerprint scanner initialized and waiting for a finger to be detected.[0m
[0;32mI (1527) FINGERPRINT: Checking if location 4 is available (page 0, posiï¿½ESP-ROM:esp32s3-20210327[0m
Build:Mar 27 2021
rst:0x1 (POWERON),boot:0x18 (SPI_FAST_FLASH_BOOT)
SPIWP:0xee
Octal Flash Mode Enabled
For OPI Flash, Use Default Flash Boot Mode
mode:SLOW_RD, clock div:1
load:0x3fce2810,len:0x15a0
load:0x403c8700,len:0x4
load:0x403c8704,len:0xd20
load:0x403cb700,len:0x2ee4
entry 0x403c8928
[0;32mI (33) boot: ESP-IDF v5.4-dirty 2nd stage bootloader[0m
[0;32mI (33) boot: compile time Mar 20 2025 11:43:23[0m
[0;32mI (33) boot: Multicore bootloader[0m
[0;32mI (34) boot: chip revision: v0.1[0m
[0;32mI (37) boot: efuse block revision: v1.2[0m
[0;32mI (40) boot.esp32s3: Boot SPI Speed : 80MHz[0m
[0;32mI (44) boot.esp32s3: SPI Mode       : SLOW READ[0m
[0;32mI (48) boot.esp32s3: SPI Flash Size : 2MB[0m
[0;32mI (52) boot: Enabling RNG early entropy source...[0m
[0;32mI (57) boot: Partition Table:[0m
[0;32mI (59) boot: ## Label            Usage          Type ST Offset   Length[0m
[0;32mI (66) boot:  0 nvs              WiFi data        01 02 00009000 00006000[0m
[0;32mI (72) boot:  1 phy_init         RF data          01 01 0000f000 00001000[0m
[0;32mI (79) boot:  2 factory          factory app      00 00 00010000 00100000[0m
[0;32mI (85) boot: End of partition table[0m
[0;32mI (88) esp_image: segment 0: paddr=00010020 vaddr=3c020020 size=0ebb0h ( 60336) map[0m
[0;32mI (110) esp_image: segment 1: paddr=0001ebd8 vaddr=3fc93a00 size=01440h (  5184) load[0m
[0;32mI (112) esp_image: segment 2: paddr=00020020 vaddr=42000020 size=1fd64h (130404) map[0m
[0;32mI (144) esp_image: segment 3: paddr=0003fd8c vaddr=3fc94e40 size=022d0h (  8912) load[0m
[0;32mI (147) esp_image: segment 4: paddr=00042064 vaddr=40374000 size=0f8f8h ( 63736) load[0m
[0;32mI (166) esp_image: segment 5: paddr=00051964 vaddr=600fe100 size=0001ch (    28) load[0m
[0;32mI (172) boot: Loaded app from partition at offset 0x10000[0m
[0;32mI (172) boot: Disabling RNG early entropy source...[0m
[0;32mI (184) cpu_start: Multicore app[0m
[0;32mI (193) cpu_start: Pro cpu start user code[0m
[0;32mI (193) cpu_start: cpu freq: 160000000 Hz[0m
[0;32mI (193) app_init: Application information:[0m
[0;32mI (193) app_init: Project name:     fingerprint_scanner[0m
[0;32mI (198) app_init: App version:      f1c5aa9-dirty[0m
[0;32mI (202) app_init: Compile time:     Mar 20 2025 16:54:43[0m
[0;32mI (207) app_init: ELF file SHA256:  f19d6facf...[0m
[0;32mI (211) app_init: ESP-IDF:          v5.4-dirty[0m
[0;32mI (216) efuse_init: Min chip rev:     v0.0[0m
[0;32mI (219) efuse_init: Max chip rev:     v0.99 [0m
[0;32mI (223) efuse_init: Chip rev:         v0.1[0m
[0;32mI (227) heap_init: Initializing. RAM available for dynamic allocation:[0m
[0;32mI (234) heap_init: At 3FC98E70 len 000508A0 (322 KiB): RAM[0m
[0;32mI (239) heap_init: At 3FCE9710 len 00005724 (21 KiB): RAM[0m
[0;32mI (244) heap_init: At 3FCF0000 len 00008000 (32 KiB): DRAM[0m
[0;32mI (249) heap_init: At 600FE11C len 00001ECC (7 KiB): RTCRAM[0m
[0;33mW (255) spi_flash: Octal flash chip is using but dio mode is selected, will automatically switch to Octal mode[0m
[0;32mI (264) spi_flash: detected chip: mxic (opi)[0m
[0;32mI (268) spi_flash: flash io: opi_str[0m
[0;33mW (271) spi_flash: Detected size(32768k) larger than the size in the binary image header(2048k). Using the size in the binary image header.[0m
[0;32mI (284) sleep_gpio: Configure to isolate all GPIO pins in sleep state[0m
[0;32mI (290) sleep_gpio: Enable automatic switching of GPIO sleep configuration[0m
[0;32mI (297) main_task: Started on CPU0[0m
[0;32mI (307) main_task: Calling app_main()[0m
[0;32mI (307) FINGERPRINT: Fingerprint event handler registered[0m
[0;32mI (307) FINGERPRINT: Initializing fingerprint scanner...[0m
[0;32mI (317) gpio: GPIO[15]| InputEn: 1| OutputEn: 0| OpenDrain: 0| Pullup: 0| Pulldown: 1| Intr:1 [0m
[0;32mI (317) FINGERPRINT: Finger detection task started[0m
[0;32mI (327) FINGERPRINT: Fingerprint scanner initialized successfully with interrupt-based detection.[0m
[0;32mI (607) FINGERPRINT: Returning response with 1 packets[0m
[0;32mI (607) FINGERPRINT: Command response packet: ID=0x07, Status=0x00[0m
[0;32mI (1487) FINGERPRINT: Fingerprint scanner initialized and waiting for a finger to be detected.[0m
[0;32mI (1487) FINGERPRINT: Checking if location 4 is available (page 0, position 4)[0m
[0;32mI (1587) FINGERPRINT: Returning response with 1 packets[0m
[0;32mI (1587) FINGERPRINT: Command response packet: ID=0x07, Status=0x00[0m
[0;32mI (1587) FINGERPRINT: Checking template at position 4 (byte 0, bit 4)[0m
[0;33mW (1587) FINGERPRINT: Template exists at position 4[0m
[0;32mI (1597) FINGERPRINT: Index table read successful. Status: 0x00[0m
[0;32mI (1597) Index Table Parameters: 1f 00 00 00 00 00 00 00 00 00 00 00 00 00 00 00[0m
[0;32mI (1607) Index Table Parameters: 00 00 00 00 00 00 00 00 00 00 00 00 00 00 00 00[0m
[0;32mI (1617) Index Table Parameters: 00 00 00 00 00 00 00 00 00 00 00 00 00 00 00 00[0m
[0;32mI (1617) Index Table Parameters: 00 00 00 00 00 00 00 00 00 00 00 00 00 00 00 00[0m
[0;32mI (1627) Index Table Parameters: 00 00 00 00 00 00 00 00 00 00 00 00 00 00 00 00[0m
[0;32mI (1637) Index Table Parameters: 00 00 00 00 00 00 00 00 00 00 00 00 00 00 00 00[0m
[0;32mI (1637) Index Table Parameters: 00 00 00 00 00 00 00 00 00 00 00 00 00 00 00 00[0m
[0;32mI (1647) Index Table Parameters: 00 00 00 00 00 00 00 00 00 00 00 00 00 00 00 00[0m
[0;32mI (1657) Index Table Parameters: 00 00 00 00 00 00 00 00 00 00 00 00 00 00 00 00[0m
[0;32mI (1667) Index Table Parameters: 00 00 00 00 00 00 00 00 00 00 00 00 00 00 00 00[0m
[0;32mI (1667) Index Table Parameters: 00 00 00 00 00 00 00 00 00 00 00 00 00 00 00 00[0m
[0;32mI (1677) Index Table Parameters: 00 00 00 00 00 00 00 00 00 00 00 00 00 00 00 00[0m
[0;32mI (1687) Index Table Parameters: 00 00 00 00 00 00 00 00 00 00 00 00 00 00 00 00[0m
[0;32mI (1687) Index Table Parameters: 00 00 00 00 00 00 00 00 00 00 00 00 00 00 00 00[0m
[0;32mI (1697) Index Table Parameters: 00 00 00 00 00 00 00 00 00 00 00 00 00 00 00 00[0m
[0;32mI (1707) Index Table Parameters: 00 00 00 00 00 00 00 00 00 00 00 00 00 00 00 00[0m
[1;31mE (1717) FINGERPRINT: Location 4 is already occupied[0m
[0;32mI (1717) FINGERPRINT: Fingerprint operation mode set to 0[0m
[1;31mE (1727) FINGERPRINT: Fingeprint not enrolled![0m
[0;32mI (1727) FINGERPRINT: Starting fingerprint verification...[0m
[0;32mI (3757) FINGERPRINT: Please place your finger on the sensor...[0m
[0;32mI (3757) FINGERPRINT: Polling for finger presence...[0m
[0;32mI (3897) FINGERPRINT: Returning response with 1 packets[0m
[0;32mI (3897) FINGERPRINT: Command response packet: ID=0x07, Status=0x02[0m
[0;33mW (12837) FINGERPRINT: No complete packets found, returning NULL[0m
[0;33mW (12897) FINGERPRINT: No complete packets found, returning NULL[0m
[0;33mW (12957) FINGERPRINT: No complete packets found, returning NULL[0m
[0;33mW (13017) FINGERPRINT: No complete packets found, returning NULL[0m
[0;33mW (13077) FINGERPRINT: No complete packets found, returning NULL[0m
[0;33mW (13137) FINGERPRINT: No complete packets found, returning NULL[0m
[0;33mW (13197) FINGERPRINT: No complete packets found, returning NULL[0m
[0;33mW (13257) FINGERPRINT: No complete packets found, returning NULL[0m
[0;33mW (13317) FINGERPRINT: No complete packets found, returning NULL[0m
[0;33mW (13377) FINGERPRINT: No complete packets found, returning NULL[0m
[0;33mW (13437) FINGERPRINT: No complete packets found, returning NULL[0m
[0;33mW (13497) FINGERPRINT: No complete packets found, returning NULL[0m
[0;33mW (13557) FINGERPRINT: No complete packets found, returning NULL[0m
[0;33mW (13617) FINGERPRINT: No complete packets found, returning NULL[0m
[0;33mW (13677) FINGERPRINT: No complete packets found, returning NULL[0m
[0;33mW (13737) FINGERPRINT: No complete packets found, returning NULL[0m
[0;33mW (13797) FINGERPRINT: No complete packets found, returning NULL[0m
[0;33mW (13857) FINGERPRINT: No complete packets found, returning NULL[0m
[0;33mW (13917) FINGERPRINT: No complete packets found, returning NULL[0m
[0;33mW (13977) FINGERPRINT: No complete packets found, returning NULL[0m
[0;33mW (14037) FINGERPRINT: No complete packets found, returning NULL[0m
[0;33mW (14097) FINGERPRINT: No complete packets found, returning NULL[0m
[0;33mW (14157) FINGERPRINT: No complete packets found, returning NULL[0m
[0;33mW (14217) FINGERPRINT: No complete packets found, returning NULL[0m
[0;33mW (14277) FINGERPRINT: No complete packets found, returning NULL[0m
[0;33mW (14337) FINGERPRINT: No complete packets found, returning NULL[0m
[0;33mW (14397) FINGERPRINT: No complete packets found, returning NULL[0m
[0;33mW (14457) FINGERPRINT: No complete packets found, returning NULL[0m
[0;33mW (14517) FINGERPRINT: No complete packets found, returning NULL[0m
[0;33mW (14577) FINGERPRINT: No complete packets found, returning NULL[0m
[0;33mW (14637) FINGERPRINT: No complete packets found, returning NULL[0m
[0;33mW (14697) FINGERPRINT: No complete packets found, returning NULL[0m
[0;33mW (14757) FINGERPRINT: No complete packets found, returning NULL[0m
[0;33mW (14817) FINGERPRINT: No complete packets found, returning NULL[0m
[0;33mW (14877) FINGERPRINT: No complete packets found, returning NULL[0m
[0;33mW (14887) FINGERPRINT: Clearing stuck buffer with 1 bytes[0m
