ESP-ROM:esp32s3-20210327
Build:Mar 27 2021
rst:0x1 (POWERON),boot:0x38 (SPI_FAST_FLASH_BOOT)
SPIWP:0xee
Octal Flash Mode Enabled
For OPI Flash, Use Default Flash Boot Mode
mode:SLOW_RD, clock div:1
load:0x3fce2810,len:0x15a0
load:0x403c8700,len:0x4
load:0x403c8704,len:0xd20
load:0x403cb700,len:0x2ee4
entry 0x403c8928
[0;32mI (33) boot: ESP-IDF v5.4-dirty 2nd stage bootloader[0m
[0;32mI (33) boot: compile time Mar  4 2025 16:14:42[0m
[0;32mI (33) boot: Multicore bootloader[0m
[0;32mI (34) boot: chip revision: v0.1[0m
[0;32mI (37) boot: efuse block revision: v1.2[0m
[0;32mI (40) boot.esp32s3: Boot SPI Speed : 80MHz[0m
[0;32mI (44) boot.esp32s3: SPI Mode       : SLOW READ[0m
[0;32mI (48) boot.esp32s3: SPI Flash Size : 2MB[0m
[0;32mI (52) boot: Enabling RNG early entropy source...[0m
[0;32mI (57) boot: Partition Table:[0m
[0;32mI (59) boot: ## Label            Usage          Type ST Offset   Length[0m
[0;32mI (66) boot:  0 nvs              WiFi data        01 02 00009000 00006000[0m
[0;32mI (72) boot:  1 phy_init         RF data          01 01 0000f000 00001000[0m
[0;32mI (79) boot:  2 factory          factory app      00 00 00010000 00100000[0m
[0;32mI (85) boot: End of partition table[0m
[0;32mI (88) esp_image: segment 0: paddr=00010020 vaddr=3c020020 size=0c4f8h ( 50424) map[0m
[0;32mI (108) esp_image: segment 1: paddr=0001c520 vaddr=3fc93900 size=02bf0h ( 11248) load[0m
[0;32mI (111) esp_image: segment 2: paddr=0001f118 vaddr=40374000 size=00f00h (  3840) load[0m
[0;32mI (113) esp_image: segment 3: paddr=00020020 vaddr=42000020 size=1c444h (115780) map[0m
[0;32mI (146) esp_image: segment 4: paddr=0003c46c vaddr=40374f00 size=0e9cch ( 59852) load[0m
[0;32mI (163) esp_image: segment 5: paddr=0004ae40 vaddr=600fe100 size=0001ch (    28) load[0m
[0;32mI (169) boot: Loaded app from partition at offset 0x10000[0m
[0;32mI (169) boot: Disabling RNG early entropy source...[0m
[0;32mI (181) cpu_start: Multicore app[0m
[0;32mI (190) cpu_start: Pro cpu start user code[0m
[0;32mI (190) cpu_start: cpu freq: 160000000 Hz[0m
[0;32mI (190) app_init: Application information:[0m
[0;32mI (190) app_init: Project name:     fingerprint_scanner[0m
[0;32mI (195) app_init: App version:      df81962-dirty[0m
[0;32mI (199) app_init: Compile time:     Mar 11 2025 15:01:49[0m
[0;32mI (204) app_init: ELF file SHA256:  f66ab18bc...[0m
[0;32mI (209) app_init: ESP-IDF:          v5.4-dirty[0m
[0;32mI (213) efuse_init: Min chip rev:     v0.0[0m
[0;32mI (217) efuse_init: Max chip rev:     v0.99 [0m
[0;32mI (221) efuse_init: Chip rev:         v0.1[0m
[0;32mI (224) heap_init: Initializing. RAM available for dynamic allocation:[0m
[0;32mI (231) heap_init: At 3FC96DD8 len 00052938 (330 KiB): RAM[0m
[0;32mI (236) heap_init: At 3FCE9710 len 00005724 (21 KiB): RAM[0m
[0;32mI (241) heap_init: At 3FCF0000 len 00008000 (32 KiB): DRAM[0m
[0;32mI (246) heap_init: At 600FE11C len 00001ECC (7 KiB): RTCRAM[0m
[0;33mW (252) spi_flash: Octal flash chip is using but dio mode is selected, will automatically switch to Octal mode[0m
[0;32mI (261) spi_flash: detected chip: mxic (opi)[0m
[0;32mI (265) spi_flash: flash io: opi_str[0m
[0;33mW (268) spi_flash: Detected size(32768k) larger than the size in the binary image header(2048k). Using the size in the binary image header.[0m
[0;32mI (281) sleep_gpio: Configure to isolate all GPIO pins in sleep state[0m
[0;32mI (287) sleep_gpio: Enable automatic switching of GPIO sleep configuration[0m
[0;32mI (294) main_task: Started on CPU0[0m
[0;32mI (304) main_task: Calling app_main()[0m
[0;32mI (304) FINGERPRINT: Initializing fingerprint scanner...[0m
[0;33mW (504) FINGERPRINT: No handshake received, retrying...[0m
[0;33mW (904) FINGERPRINT: No handshake received, retrying...[0m
[0;33mW (1304) FINGERPRINT: No handshake received, retrying...[0m
[0;33mW (1504) FINGERPRINT: No handshake received, retrying...[0m
[0;32mI (1704) FINGERPRINT: Fingerprint module handshake received: 0x55[0m
[0;32mI (1704) FINGERPRINT: Fingerprint scanner initialized successfully.[0m
[0;32mI (2904) FINGERPRINT: Fingerprint scanner initialized and waiting for a finger to be detected.[0m
[0;32mI (3204) FINGERPRINT: Index table read successful. Status: 0x00[0m
[0;32mI (3204) Index Table Parameters: 3e 00 00 00 00 00 00 00 00 00 00 00 00 00 00 00[0m
[0;32mI (3204) Index Table Parameters: 00 00 00 00 00 00 00 00 00 00 00 00 00 00 00 00[0m
[0;32mI (3204) FINGERPRINT: Location 7 is available[0m
[0;32mI (3214) FINGERPRINT: Waiting for a finger to be placed...[0m
[0;32mI (6164) FINGERPRINT: Finger detected! Status: 0x00[0m
[0;32mI (6424) FINGERPRINT: Fingerprint search successful. Status: 0x00[0m
[0;32mI (6424) FINGERPRINT: Match found at Page ID: 0[0m
[0;32mI (6424) FINGERPRINT: Match score: 0[0m
[1;31mE (6424) FINGERPRINT: Fingerprint already exists in database![0m
[0;32mI (6424) FINGERPRINT: Waiting for a finger to be placed...[0m
[0;33mW (6634) FINGERPRINT: No matching fingerprint found[0m
[0;32mI (6634) FINGERPRINT: Fingerprint mismatch. Status: 0x09[0m
[0;32mI (8754) FINGERPRINT: Finger detected! Status: 0x00[0m
[0;32mI (8964) FINGERPRINT: Fingerprint search successful. Status: 0x00[0m
[0;32mI (8964) FINGERPRINT: Match found at Page ID: 0[0m
[0;32mI (8964) FINGERPRINT: Match score: 0[0m
[1;31mE (8964) FINGERPRINT: Fingerprint already exists in database![0m
[0;32mI (8964) FINGERPRINT: Waiting for a finger to be placed...[0m
[0;33mW (9224) FINGERPRINT: No matching fingerprint found[0m
[0;32mI (9224) FINGERPRINT: Fingerprint mismatch. Status: 0x09[0m
[0;32mI (9524) FINGERPRINT: Finger detected! Status: 0x00[0m
[0;32mI (9784) FINGERPRINT: Fingerprint search successful. Status: 0x00[0m
[0;32mI (9784) FINGERPRINT: Match found at Page ID: 0[0m
[0;32mI (9784) FINGERPRINT: Match score: 0[0m
[1;31mE (9784) FINGERPRINT: Fingerprint already exists in database![0m
[1;31mE (9784) FINGERPRINT: Enrollment failed after 3 attempts[0m
[1;31mE (9794) FINGERPRINT: Fingeprint not enrolled![0m
[0;32mI (9794) FINGERPRINT: Starting fingerprint verification...[0m
[0;33mW (9994) FINGERPRINT: No matching fingerprint found[0m
[0;32mI (9994) FINGERPRINT: Fingerprint mismatch. Status: 0x09[0m
[0;32mI (11804) FINGERPRINT: Please place your finger on the sensor...[0m
[0;32mI (12394) FINGERPRINT: Finger detected! Status: 0x00[0m
[0;32mI (12394) FINGERPRINT: Finger detected![0m
[0;32mI (12654) FINGERPRINT: Fingerprint features extracted successfully! Status: 0x00[0m
[0;32mI (12654) FINGERPRINT: Searching for fingerprint match...[0m
[0;33mW (13074) FINGERPRINT: No matching fingerprint found[0m
[0;32mI (13074) FINGERPRINT: Fingerprint mismatch. Status: 0x09[0m
[0;33mW (13074) FINGERPRINT: No match found, attempt 1 of 3[0m
[0;32mI (14074) FINGERPRINT: Please place your finger on the sensor...[0m
[0;32mI (14634) FINGERPRINT: Finger detected! Status: 0x00[0m
[0;32mI (14634) FINGERPRINT: Finger detected![0m
[0;32mI (14894) FINGERPRINT: Fingerprint features extracted successfully! Status: 0x00[0m
[0;32mI (14894) FINGERPRINT: Searching for fingerprint match...[0m
[0;33mW (15314) FINGERPRINT: No matching fingerprint found[0m
[0;32mI (15314) FINGERPRINT: Fingerprint mismatch. Status: 0x09[0m
[0;33mW (15314) FINGERPRINT: No match found, attempt 2 of 3[0m
[0;32mI (16314) FINGERPRINT: Please place your finger on the sensor...[0m
[0;32mI (16874) FINGERPRINT: Finger detected! Status: 0x00[0m
[0;32mI (16874) FINGERPRINT: Finger detected![0m
[0;32mI (17134) FINGERPRINT: Fingerprint features extracted successfully! Status: 0x00[0m
[0;32mI (17134) FINGERPRINT: Searching for fingerprint match...[0m
[0;33mW (17554) FINGERPRINT: No matching fingerprint found[0m
[0;32mI (17554) FINGERPRINT: Fingerprint mismatch. Status: 0x09[0m
[0;33mW (17554) FINGERPRINT: No match found, attempt 3 of 3[0m
[1;31mE (18554) FINGERPRINT: Verification failed after 3 attempts[0m
[1;31mE (18554) FINGERPRINT: Access denied - fingerprint not recognized[0m
[0;32mI (18814) FINGERPRINT: Number of valid templates: 5[0m
[0;32mI (18814) FINGERPRINT: Unknown event triggered. Status: 0x00[0m
ESP-ROM:esp32s3-20210327
Build:Mar 27 2021
rst:0x1 (POWERON),boot:0x18 (SPI_FAST_FLASH_BOOT)
SPIWP:0xee
Octal Flash Mode Enabled
For OPI Flash, Use Default Flash Boot Mode
mode:SLOW_RD, clock div:1
load:0x3fce2810,len:0x15a0
load:0x403c8700,len:0x4
load:0x403c8704,len:0xd20
load:0x403cb700,len:0x2ee4
entry 0x403c8928
[0;32mI (33) boot: ESP-IDF v5.4-dirty 2nd stage bootloader[0m
[0;32mI (33) boot: compile time Mar  4 2025 16:14:42[0m
[0;32mI (33) boot: Multicore bootloader[0m
[0;32mI (34) boot: chip revision: v0.1[0m
[0;32mI (37) boot: efuse block revision: v1.2[0m
[0;32mI (40) boot.esp32s3: Boot SPI Speed : 80MHz[0m
[0;32mI (44) boot.esp32s3: SPI Mode       : SLOW READ[0m
[0;32mI (48) boot.esp32s3: SPI Flash Size : 2MB[0m
[0;32mI (52) boot: Enabling RNG early entropy source...[0m
[0;32mI (57) boot: Partition Table:[0m
[0;32mI (59) boot: ## Label            Usage          Type ST Offset   Length[0m
[0;32mI (66) boot:  0 nvs              WiFi data        01 02 00009000 00006000[0m
[0;32mI (72) boot:  1 phy_init         RF data          01 01 0000f000 00001000[0m
[0;32mI (79) boot:  2 factory          factory app      00 00 00010000 00100000[0m
[0;32mI (85) boot: End of partition table[0m
[0;32mI (88) esp_image: segment 0: paddr=00010020 vaddr=3c020020 size=0c4f8h ( 50424) map[0m
[0;32mI (108) esp_image: segment 1: paddr=0001c520 vaddr=3fc93900 size=02bf0h ( 11248) load[0m
[0;32mI (111) esp_image: segment 2: paddr=0001f118 vaddr=40374000 size=00f00h (  3840) load[0m
[0;32mI (113) esp_image: segment 3: paddr=00020020 vaddr=42000020 size=1c444h (115780) map[0m
[0;32mI (146) esp_image: segment 4: paddr=0003c46c vaddr=40374f00 size=0e9cch ( 59852) load[0m
[0;32mI (163) esp_image: segment 5: paddr=0004ae40 vaddr=600fe100 size=0001ch (    28) load[0m
[0;32mI (169) boot: Loaded app from partition at offset 0x10000[0m
[0;32mI (169) boot: Disabling RNG early entropy source...[0m
[0;32mI (181) cpu_start: Multicore app[0m
[0;32mI (190) cpu_start: Pro cpu start user code[0m
[0;32mI (190) cpu_start: cpu freq: 160000000 Hz[0m
[0;32mI (190) app_init: Application information:[0m
[0;32mI (190) app_init: Project name:     fingerprint_scanner[0m
[0;32mI (195) app_init: App version:      df81962-dirty[0m
[0;32mI (199) app_init: Compile time:     Mar 11 2025 15:01:49[0m
[0;32mI (204) app_init: ELF file SHA256:  f66ab18bc...[0m
[0;32mI (209) app_init: ESP-IDF:          v5.4-dirty[0m
[0;32mI (213) efuse_init: Min chip rev:     v0.0[0m
[0;32mI (217) efuse_init: Max chip rev:     v0.99 [0m
[0;32mI (221) efuse_init: Chip rev:         v0.1[0m
[0;32mI (224) heap_init: Initializing. RAM available for dynamic allocation:[0m
[0;32mI (231) heap_init: At 3FC96DD8 len 00052938 (330 KiB): RAM[0m
[0;32mI (236) heap_init: At 3FCE9710 len 00005724 (21 KiB): RAM[0m
[0;32mI (241) heap_init: At 3FCF0000 len 00008000 (32 KiB): DRAM[0m
[0;32mI (246) heap_init: At 600FE11C len 00001ECC (7 KiB): RTCRAM[0m
[0;33mW (252) spi_flash: Octal flash chip is using but dio mode is selected, will automatically switch to Octal mode[0m
[0;32mI (261) spi_flash: detected chip: mxic (opi)[0m
[0;32mI (265) spi_flash: flash io: opi_str[0m
[0;33mW (268) spi_flash: Detected size(32768k) larger than the size in the binary image header(2048k). Using the size in the binary image header.[0m
[0;32mI (281) sleep_gpio: Configure to isolate all GPIO pins in sleep state[0m
[0;32mI (287) sleep_gpio: Enable automatic switching of GPIO sleep configuration[0m
[0;32mI (294) main_task: Started on CPU0[0m
[0;32mI (304) main_task: Calling app_main()[0m
[0;32mI (304) FINGERPRINT: Initializing fingerprint scanner...[0m
[0;33mW (504) FINGERPRINT: No handshake received, retrying...[0m
[0;33mW (904) FINGERPRINT: No handshake received, retrying...[0m
[0;33mW (1304) FINGERPRINT: No handshake received, retrying...[0m
[0;33mW (1504) FINGERPRINT: No handshake received, retrying...[0m
[0;32mI (1704) FINGERPRINT: Fingerprint module handshake received: 0x55[0m
[0;32mI (1704) FINGERPRINT: Fingerprint scanner initialized successfully.[0m
[0;32mI (2904) FINGERPRINT: Fingerprint scanner initialized and waiting for a finger to be detected.[0m
[0;32mI (3204) FINGERPRINT: Index table read successful. Status: 0x00[0m
[0;32mI (3204) Index Table Parameters: 3e 00 00 00 00 00 00 00 00 00 00 00 00 00 00 00[0m
[0;32mI (3204) Index Table Parameters: 00 00 00 00 00 00 00 00 00 00 00 00 00 00 00 00[0m
[0;32mI (3204) FINGERPRINT: Location 7 is available[0m
[0;32mI (3214) FINGERPRINT: Waiting for a finger to be placed...[0m
[0;32mI (6644) FINGERPRINT: Finger detected! Status: 0x00[0m
[0;32mI (6904) FINGERPRINT: Fingerprint search successful. Status: 0x00[0m
[0;32mI (6904) FINGERPRINT: Match found at Page ID: 0[0m
[0;32mI (6904) FINGERPRINT: Match score: 0[0m
[1;31mE (6904) FINGERPRINT: Fingerprint already exists in database![0m
[0;32mI (6904) FINGERPRINT: Waiting for a finger to be placed...[0m
[0;33mW (7114) FINGERPRINT: No matching fingerprint found[0m
[0;32mI (7114) FINGERPRINT: Fingerprint mismatch. Status: 0x09[0m
[0;32mI (7404) FINGERPRINT: Finger detected! Status: 0x00[0m
[0;32mI (7664) FINGERPRINT: Fingerprint search successful. Status: 0x00[0m
[0;32mI (7664) FINGERPRINT: Match found at Page ID: 0[0m
[0;32mI (7664) FINGERPRINT: Match score: 0[0m
[1;31mE (7664) FINGERPRINT: Fingerprint already exists in database![0m
[0;32mI (7664) FINGERPRINT: Waiting for a finger to be placed...[0m
[0;33mW (7874) FINGERPRINT: No matching fingerprint found[0m
[0;32mI (7874) FINGERPRINT: Fingerprint mismatch. Status: 0x09[0m
[0;32mI (8174) FINGERPRINT: Finger detected! Status: 0x00[0m
[0;32mI (8434) FINGERPRINT: Fingerprint search successful. Status: 0x00[0m
[0;32mI (8434) FINGERPRINT: Match found at Page ID: 0[0m
[0;32mI (8434) FINGERPRINT: Match score: 0[0m
[1;31mE (8434) FINGERPRINT: Fingerprint already exists in database![0m
[1;31mE (8434) FINGERPRINT: Enrollment failed after 3 attempts[0m
[1;31mE (8444) FINGERPRINT: Fingeprint not enrolled![0m
[0;32mI (8444) FINGERPRINT: Starting fingerprint verification...[0m
[0;33mW (8644) FINGERPRINT: No matching fingerprint found[0m
[0;32mI (8644) FINGERPRINT: Fingerprint mismatch. Status: 0x09[0m
[0;32mI (10454) FINGERPRINT: Please place your finger on the sensor...[0m
[0;33mW (15814) FINGERPRINT: No finger detected within 5 seconds[0m
[0;32mI (15814) FINGERPRINT: Please place your finger on the sensor...[0m
[0;33mW (21414) FINGERPRINT: No finger detected within 5 seconds[0m
[0;32mI (21414) FINGERPRINT: Please place your finger on the sensor...[0m
[0;33mW (27014) FINGERPRINT: No finger detected within 5 seconds[0m
[1;31mE (27014) FINGERPRINT: Verification failed after 3 attempts[0m
[1;31mE (27014) FINGERPRINT: Access denied - fingerprint not recognized[0m
[0;32mI (27334) FINGERPRINT: Number of valid templates: 5[0m
[0;32mI (27334) FINGERPRINT: Unknown event triggered. Status: 0x00[0m
[0;32mI (28334) main_task: Returned from app_main()[0m
