ESP-ROM:esp32s3-20210327
Build:Mar 27 2021
rst:0x1 (POWERON),boot:0x18 (SPI_FAST_FLASH_BOOT)
SPIWP:0xee
Octal Flash Mode Enabled
For OPI Flash, Use Default Flash Boot Mode
mode:SLOW_RD, clock div:1
load:0x3fce2810,len:0x15a0
load:0x403c8700,len:0x4
load:0x403c8704,len:0xd20
load:0x403cb700,len:0x2ee4
entry 0x403c8928
[0;32mI (33) boot: ESP-IDF v5.4-dirty 2nd stage bootloader[0m
[0;32mI (33) boot: compile time Mar 20 2025 11:43:23[0m
[0;32mI (33) boot: Multicore bootloader[0m
[0;32mI (34) boot: chip revision: v0.1[0m
[0;32mI (37) boot: efuse block revision: v1.2[0m
[0;32mI (40) boot.esp32s3: Boot SPI Speed : 80MHz[0m
[0;32mI (44) boot.esp32s3: SPI Mode       : SLOW READ[0m
[0;32mI (48) boot.esp32s3: SPI Flash Size : 2MB[0m
[0;32mI (52) boot: Enabling RNG early entropy source...[0m
[0;32mI (57) boot: Partition Table:[0m
[0;32mI (59) boot: ## Label            Usage          Type ST Offset   Length[0m
[0;32mI (66) boot:  0 nvs              WiFi data        01 02 00009000 00006000[0m
[0;32mI (72) boot:  1 phy_init         RF data          01 01 0000f000 00001000[0m
[0;32mI (79) boot:  2 factory          factory app      00 00 00010000 00100000[0m
[0;32mI (85) boot: End of partition table[0m
[0;32mI (88) esp_image: segment 0: paddr=00010020 vaddr=3c020020 size=0e760h ( 59232) map[0m
[0;32mI (110) esp_image: segment 1: paddr=0001e788 vaddr=3fc93a00 size=01890h (  6288) load[0m
[0;32mI (112) esp_image: segment 2: paddr=00020020 vaddr=42000020 size=1f518h (128280) map[0m
[0;32mI (144) esp_image: segment 3: paddr=0003f540 vaddr=3fc95290 size=01e80h (  7808) load[0m
[0;32mI (146) esp_image: segment 4: paddr=000413c8 vaddr=40374000 size=0f8f8h ( 63736) load[0m
[0;32mI (165) esp_image: segment 5: paddr=00050cc8 vaddr=600fe100 size=0001ch (    28) load[0m
[0;32mI (171) boot: Loaded app from partition at offset 0x10000[0m
[0;32mI (172) boot: Disabling RNG early entropy source...[0m
[0;32mI (183) cpu_start: Multicore app[0m
[0;32mI (192) cpu_start: Pro cpu start user code[0m
[0;32mI (192) cpu_start: cpu freq: 160000000 Hz[0m
[0;32mI (192) app_init: Application information:[0m
[0;32mI (192) app_init: Project name:     fingerprint_scanner[0m
[0;32mI (197) app_init: App version:      f1c5aa9-dirty[0m
[0;32mI (201) app_init: Compile time:     Mar 20 2025 16:54:43[0m
[0;32mI (206) app_init: ELF file SHA256:  22146196a...[0m
[0;32mI (211) app_init: ESP-IDF:          v5.4-dirty[0m
[0;32mI (215) efuse_init: Min chip rev:     v0.0[0m
[0;32mI (219) efuse_init: Max chip rev:     v0.99 [0m
[0;32mI (223) efuse_init: Chip rev:         v0.1[0m
[0;32mI (226) heap_init: Initializing. RAM available for dynamic allocation:[0m
[0;32mI (233) heap_init: At 3FC98E70 len 000508A0 (322 KiB): RAM[0m
[0;32mI (238) heap_init: At 3FCE9710 len 00005724 (21 KiB): RAM[0m
[0;32mI (243) heap_init: At 3FCF0000 len 00008000 (32 KiB): DRAM[0m
[0;32mI (248) heap_init: At 600FE11C len 00001ECC (7 KiB): RTCRAM[0m
[0;33mW (254) spi_flash: Octal flash chip is using but dio mode is selected, will automatically switch to Octal mode[0m
[0;32mI (263) spi_flash: detected chip: mxic (opi)[0m
[0;32mI (267) spi_flash: flash io: opi_str[0m
[0;33mW (271) spi_flash: Detected size(32768k) larger than the size in the binary image header(2048k). Using the size in the binary image header.[0m
[0;32mI (283) sleep_gpio: Configure to isolate all GPIO pins in sleep state[0m
[0;32mI (289) sleep_gpio: Enable automatic switching of GPIO sleep configuration[0m
[0;32mI (296) main_task: Started on CPU0[0m
[0;32mI (306) main_task: Calling app_main()[0m
[0;32mI (306) FINGERPRINT: Fingerprint event handler registered[0m
[0;32mI (306) FINGERPRINT: Initializing fingerprint scanner...[0m
[0;32mI (316) gpio: GPIO[15]| InputEn: 1| OutputEn: 0| OpenDrain: 0| Pullup: 0| Pulldown: 1| Intr:1 [0m
[0;32mI (316) FINGERPRINT: Finger detection task started[0m
[0;32mI (326) FINGERPRINT: Fingerprint scanner initialized successfully with interrupt-based detection.[0m
[0;32mI (766) FINGERPRINT: Returning response with 1 packets[0m
[0;32mI (766) FINGERPRINT: Command response packet: ID=0x07, Status=0x00[0m
[0;32mI (1516) FINGERPRINT: Fingerprint scanner initialized and waiting for a finger to be detected.[0m
[0;32mI (1516) FINGERPRINT: Checking if location 4 is available (page 0, position 4)[0m
[0;32mI (1816) FINGERPRINT: Returning response with 1 packets[0m
[0;32mI (1816) FINGERPRINT: Command response packet: ID=0x07, Status=0x00[0m
[0;32mI (1816) FINGERPRINT: Checking template at position 4 (byte 0, bit 4)[0m
[0;32mI (1816) FINGERPRINT: Position 4 is free[0m
[0;32mI (1816) FINGERPRINT: Index table read successful. Status: 0x00[0m
[0;32mI (1826) Index Table Parameters: 0f 00 00 00 00 00 00 00 00 00 00 00 00 00 00 00[0m
[0;32mI (1836) Index Table Parameters: 00 00 00 00 00 00 00 00 00 00 00 00 00 00 00 00[0m
[0;32mI (1836) Index Table Parameters: 00 00 00 00 00 00 00 00 00 00 00 00 00 00 00 00[0m
[0;32mI (1846) Index Table Parameters: 00 00 00 00 00 00 00 00 00 00 00 00 00 00 00 00[0m
[0;32mI (1856) Index Table Parameters: 00 00 00 00 00 00 00 00 00 00 00 00 00 00 00 00[0m
[0;32mI (1866) Index Table Parameters: 00 00 00 00 00 00 00 00 00 00 00 00 00 00 00 00[0m
[0;32mI (1866) Index Table Parameters: 00 00 00 00 00 00 00 00 00 00 00 00 00 00 00 00[0m
[0;32mI (1876) Index Table Parameters: 00 00 00 00 00 00 00 00 00 00 00 00 00 00 00 00[0m
[0;32mI (1886) Index Table Parameters: 00 00 00 00 00 00 00 00 00 00 00 00 00 00 00 00[0m
[0;32mI (1886) Index Table Parameters: 00 00 00 00 00 00 00 00 00 00 00 00 00 00 00 00[0m
[0;32mI (1896) Index Table Parameters: 00 00 00 00 00 00 00 00 00 00 00 00 00 00 00 00[0m
[0;32mI (1906) Index Table Parameters: 00 00 00 00 00 00 00 00 00 00 00 00 00 00 00 00[0m
[0;32mI (1916) Index Table Parameters: 00 00 00 00 00 00 00 00 00 00 00 00 00 00 00 00[0m
[0;32mI (1916) Index Table Parameters: 00 00 00 00 00 00 00 00 00 00 00 00 00 00 00 00[0m
[0;32mI (1926) Index Table Parameters: 00 00 00 00 00 00 00 00 00 00 00 00 00 00 00 00[0m
[0;32mI (1936) Index Table Parameters: 00 00 00 00 00 00 00 00 00 00 00 00 00 00 00 00[0m
[0;32mI (1936) FINGERPRINT: Location 4 is available[0m
[0;32mI (1946) FINGERPRINT: Fingerprint operation mode set to 2[0m
[0;32mI (1946) FINGERPRINT: Waiting for a finger to be placed (via interrupt)...[0m
[0;32mI (2146) FINGERPRINT: Polling for finger presence...[0m
[0;32mI (2426) FINGERPRINT: Returning response with 1 packets[0m
[0;32mI (2426) FINGERPRINT: Command response packet: ID=0x07, Status=0x02[0m
[0;32mI (4106) FINGERPRINT: Finger detected via interrupt![0m
[0;32mI (4106) FINGERPRINT: Processing fingerprint in mode: 2[0m
[0;32mI (4616) FINGERPRINT: Returning response with 1 packets[0m
[0;32mI (4616) FINGERPRINT: Command response packet: ID=0x07, Status=0x00[0m
[0;32mI (4616) FINGERPRINT: Finger presence confirmed on attempt 1[0m
[0;32mI (4616) FINGERPRINT: Image capture successful, signaling event group[0m
[0;32mI (4616) FINGERPRINT: Image capture successful, processing features[0m
[0;32mI (4626) FINGERPRINT: Fingerprint features extracted successfully! Status: 0x00[0m
[0;32mI (4676) FINGERPRINT: First fingerprint image captured successfully![0m
[0;32mI (4676) FINGERPRINT: Remove finger and place it again...[0m
[0;32mI (4726) FINGERPRINT: Fingerprint features extracted successfully! Status: 0x00[0m
[0;32mI (4726) FINGERPRINT: First enrollment image captured successfully[0m
[0;32mI (4726) FINGERPRINT: Fingerprint processing completed[0m
[0;32mI (4886) FINGERPRINT: Returning response with 1 packets[0m
[0;32mI (4886) FINGERPRINT: Command response packet: ID=0x07, Status=0x00[0m
[0;32mI (4886) FINGERPRINT: Feature extraction successful, signaling event group[0m
[0;32mI (4886) FINGERPRINT: Fingerprint features extracted successfully! Status: 0x00[0m
[0;32mI (7066) FINGERPRINT: Returning response with 1 packets[0m
[0;32mI (7066) FINGERPRINT: Command response packet: ID=0x07, Status=0x02[0m
[0;32mI (7766) FINGERPRINT: Returning response with 1 packets[0m
[0;32mI (7766) FINGERPRINT: Command response packet: ID=0x07, Status=0x02[0m
[0;32mI (7766) FINGERPRINT: Finger removal confirmed[0m
[0;32mI (8066) FINGERPRINT: Fingerprint operation mode set to 3[0m
[0;32mI (8066) FINGERPRINT: Please place the same finger again (via interrupt)...[0m
[0;32mI (8066) FINGERPRINT: Polling for finger presence...[0m
[0;32mI (8466) FINGERPRINT: Returning response with 1 packets[0m
[0;32mI (8466) FINGERPRINT: Command response packet: ID=0x07, Status=0x02[0m
[0;32mI (9066) FINGERPRINT: Polling for finger presence...[0m
[0;32mI (9376) FINGERPRINT: Returning response with 1 packets[0m
[0;32mI (9376) FINGERPRINT: Command response packet: ID=0x07, Status=0x02[0m
[0;32mI (10646) FINGERPRINT: Finger detected via interrupt![0m
[0;32mI (10646) FINGERPRINT: Processing fingerprint in mode: 3[0m
[0;32mI (11146) FINGERPRINT: Returning response with 1 packets[0m
[0;32mI (11146) FINGERPRINT: Command response packet: ID=0x07, Status=0x00[0m
[0;32mI (11146) FINGERPRINT: Finger presence confirmed on attempt 1[0m
[0;32mI (11146) FINGERPRINT: Image capture successful, signaling event group[0m
[0;32mI (11146) FINGERPRINT: Image capture successful, processing features[0m
[0;32mI (11156) FINGERPRINT: Fingerprint features extracted successfully! Status: 0x00[0m
[0;32mI (11176) FINGERPRINT: Second fingerprint image captured successfully![0m
[0;32mI (11256) FINGERPRINT: Fingerprint features extracted successfully! Status: 0x00[0m
[0;32mI (11256) FINGERPRINT: Second enrollment image captured, creating model[0m
[0;32mI (11416) FINGERPRINT: Returning response with 1 packets[0m
[0;32mI (11416) FINGERPRINT: Command response packet: ID=0x07, Status=0x00[0m
[0;32mI (11416) FINGERPRINT: Unknown event triggered. Status: 0x00[0m
[0;32mI (11416) FINGERPRINT: Fingerprint model created successfully![0m
[0;32mI (11626) FINGERPRINT: Returning response with 1 packets[0m
[0;32mI (11626) FINGERPRINT: Command response packet: ID=0x07, Status=0x00[0m
[0;32mI (11626) FINGERPRINT: Search returned zero score, not a duplicate[0m
[0;32mI (11726) FINGERPRINT: No duplicate found, continuing enrollment...[0m
[0;32mI (11916) FINGERPRINT: Fingerprint processing completed[0m
[0;32mI (12006) FINGERPRINT: Returning response with 1 packets[0m
[0;32mI (12006) FINGERPRINT: Command response packet: ID=0x07, Status=0x00[0m
[0;32mI (12006) FINGERPRINT: Unknown event triggered. Status: 0x00[0m
[0;32mI (12006) FINGERPRINT: Fingerprint enrolled successfully![0m
[0;32mI (12016) FINGERPRINT: Fingerprint operation mode set to 0[0m
[0;32mI (12016) FINGERPRINT: Fingerprint Enrolled![0m
[0;32mI (12016) FINGERPRINT: Starting fingerprint verification...[0m
[0;32mI (12356) FINGERPRINT: Returning response with 1 packets[0m
[0;32mI (12356) FINGERPRINT: Command response packet: ID=0x07, Status=0x00[0m
[0;32mI (12356) FINGERPRINT: Unknown event triggered. Status: 0x00[0m
[0;32mI (14036) FINGERPRINT: Please place your finger on the sensor...[0m
[0;32mI (14036) FINGERPRINT: Polling for finger presence...[0m
[0;32mI (14316) FINGERPRINT: Returning response with 1 packets[0m
[0;32mI (14316) FINGERPRINT: Command response packet: ID=0x07, Status=0x02[0m
