ESP-ROM:esp32s3-20210327
Build:Mar 27 2021
rst:0x1 (POWERON),boot:0x3b (SPI_FAST_FLASH_BOOT)
SPIWP:0xee
Octal Flash Mode Enabled
For OPI Flash, Use Default Flash Boot Mode
mode:SLOW_RD, clock div:1
load:0x3fce2810,len:0x15a0
load:0x403c8700,len:0x4
load:0x403c8704,len:0xd20
load:0x403cb700,len:0x2ee4
entry 0x403c8928
[0;32mI (33) boot: ESP-IDF v5.4-dirty 2nd stage bootloader[0m
[0;32mI (33) boot: compile time Mar 20 2025 11:43:23[0m
[0;32mI (33) boot: Multicore bootloader[0m
[0;32mI (34) boot: chip revision: v0.1[0m
[0;32mI (37) boot: efuse block revision: v1.2[0m
[0;32mI (40) boot.esp32s3: Boot SPI Speed : 80MHz[0m
[0;32mI (44) boot.esp32s3: SPI Mode       : SLOW READ[0m
[0;32mI (48) boot.esp32s3: SPI Flash Size : 2MB[0m
[0;32mI (52) boot: Enabling RNG early entropy source...[0m
[0;32mI (57) boot: Partition Table:[0m
[0;32mI (59) boot: ## Label            Usage          Type ST Offset   Length[0m
[0;32mI (66) boot:  0 nvs              WiFi data        01 02 00009000 00006000[0m
[0;32mI (72) boot:  1 phy_init         RF data          01 01 0000f000 00001000[0m
[0;32mI (79) boot:  2 factory          factory app      00 00 00010000 00100000[0m
[0;32mI (85) boot: End of partition table[0m
[0;32mI (88) esp_image: segment 0: paddr=00010020 vaddr=3c020020 size=0def0h ( 57072) map[0m
[0;32mI (109) esp_image: segment 1: paddr=0001df18 vaddr=3fc94000 size=02100h (  8448) load[0m
[0;32mI (112) esp_image: segment 2: paddr=00020020 vaddr=42000020 size=1f130h (127280) map[0m
[0;32mI (143) esp_image: segment 3: paddr=0003f158 vaddr=3fc96100 size=01500h (  5376) load[0m
[0;32mI (145) esp_image: segment 4: paddr=00040660 vaddr=40374000 size=0ff1ch ( 65308) load[0m
[0;32mI (165) esp_image: segment 5: paddr=00050584 vaddr=600fe100 size=0001ch (    28) load[0m
[0;32mI (171) boot: Loaded app from partition at offset 0x10000[0m
[0;32mI (171) boot: Disabling RNG early entropy source...[0m
[0;32mI (183) cpu_start: Multicore app[0m
[0;32mI (191) cpu_start: Pro cpu start user code[0m
[0;32mI (192) cpu_start: cpu freq: 160000000 Hz[0m
[0;32mI (192) app_init: Application information:[0m
[0;32mI (192) app_init: Project name:     fingerprint_scanner[0m
[0;32mI (197) app_init: App version:      8d513b8-dirty[0m
[0;32mI (201) app_init: Compile time:     Mar 27 2025 15:15:15[0m
[0;32mI (206) app_init: ELF file SHA256:  35e994a37...[0m
[0;32mI (210) app_init: ESP-IDF:          v5.4-dirty[0m
[0;32mI (215) efuse_init: Min chip rev:     v0.0[0m
[0;32mI (218) efuse_init: Max chip rev:     v0.99 [0m
[0;32mI (222) efuse_init: Chip rev:         v0.1[0m
[0;32mI (226) heap_init: Initializing. RAM available for dynamic allocation:[0m
[0;32mI (232) heap_init: At 3FC9B2B8 len 0004E458 (313 KiB): RAM[0m
[0;32mI (238) heap_init: At 3FCE9710 len 00005724 (21 KiB): RAM[0m
[0;32mI (243) heap_init: At 3FCF0000 len 00008000 (32 KiB): DRAM[0m
[0;32mI (248) heap_init: At 600FE11C len 00001ECC (7 KiB): RTCRAM[0m
[0;33mW (254) spi_flash: Octal flash chip is using but dio mode is selected, will automatically switch to Octal mode[0m
[0;32mI (263) spi_flash: detected chip: mxic (opi)[0m
[0;32mI (267) spi_flash: flash io: opi_str[0m
[0;33mW (270) spi_flash: Detected size(32768k) larger than the size in the binary image header(2048k). Using the size in the binary image header.[0m
[0;32mI (283) sleep_gpio: Configure to isolate all GPIO pins in sleep state[0m
[0;32mI (289) sleep_gpio: Enable automatic switching of GPIO sleep configuration[0m
[0;32mI (296) main_task: Started on CPU0[0m
[0;32mI (306) main_task: Calling app_main()[0m
[0;32mI (306) FINGERPRINT: Fingerprint event handler registered[0m
[0;32mI (306) FINGERPRINT: Initializing fingerprint scanner...[0m
[0;32mI (316) gpio: GPIO[15]| InputEn: 1| OutputEn: 0| OpenDrain: 0| Pullup: 0| Pulldown: 1| Intr:1 [0m
[0;32mI (316) FINGERPRINT: Fingerprint scanner initialized successfully with interrupt-based detection.[0m
[0;32mI (1566) FINGERPRINT: Fingerprint scanner initialized and waiting for a finger to be detected.[0m
[0;32mI (1566) FINGERPRINT: Starting fingerprint verification...[0m
[0;32mI (3706) FINGERPRINT: Please place your finger on the sensor...[0m
[0;32mI (4656) FINGERPRINT: Fingerprint features extracted successfully! Status: 0x00[0m
[0;32mI (5096) SEARCH SUCCESS: EVENT SEARCH SUCCESS[0m
[0;32mI (5096) SEARCH SUCCESS: Fingerprint search successful. Status: 0x00[0m
[0;32mI (5096) SEARCH SUCCESS: Match found at Enrollee ID: 0[0m
[0;32mI (5096) SEARCH SUCCESS: Match score: 3840[0m
[0;33mW (5926) FINGERPRINT: Finger presence check failed on attempt 1[0m
[0;33mW (5926) FINGERPRINT: No match found, attempt 1 of 3[0m
[0;33mW (6516) FINGERPRINT: Finger presence check failed on attempt 2[0m
[0;32mI (7096) FINGERPRINT: Please place your finger on the sensor...[0m
[0;33mW (7106) FINGERPRINT: Finger presence check failed on attempt 3[0m
[0;33mW (7206) FINGERPRINT: Could not confirm finger presence after multiple attempts[0m
[0;32mI (12836) FINGERPRINT: Fingerprint features extracted successfully! Status: 0x00[0m
[0;32mI (13276) SEARCH SUCCESS: EVENT SEARCH SUCCESS[0m
[0;32mI (13276) SEARCH SUCCESS: Fingerprint search successful. Status: 0x00[0m
[0;32mI (13276) SEARCH SUCCESS: Match found at Enrollee ID: 0[0m
[0;32mI (13276) SEARCH SUCCESS: Match score: 3840[0m
[0;32mI (14066) FINGERPRINT: 1. Backing up template id 0x0000[0m
[0;32mI (14066) FINGERPRINT: 0. Backing up template id 0x0000[0m
[0;32mI (14066) FINGERPRINT: LoadChar command sent[0m
[0;32mI (14116) EVENT TEMPLATE COUNT: Number of valid templates: 2[0m
[0;32mI (14386) FINGERPRINT: Waiting for template data transfer...[0m
[0;32mI (14436) FINGERPRINT: Template loaded successfully. Status: 0x00[0m
ESP-ROM:esp32s3-20210327
Build:Mar 27 2021
rst:0x1 (POWERON),boot:0x3a (SPI_FAST_FLASH_BOOT)
SPIWP:0xee
Octal Flash Mode Enabled
For OPI Flash, Use Default Flash Boot Mode
mode:SLOW_RD, clock div:1
load:0x3fce2810,len:0x15a0
load:0x403c8700,len:0x4
load:0x403c8704,len:0xd20
load:0x403cb700,len:0x2ee4
entry 0x403c8928
[0;32mI (33) boot: ESP-IDF v5.4-dirty 2nd stage bootloader[0m
[0;32mI (33) boot: compile time Mar 20 2025 11:43:23[0m
[0;32mI (33) boot: Multicore bootloader[0m
[0;32mI (34) boot: chip revision: v0.1[0m
[0;32mI (37) boot: efuse block revision: v1.2[0m
[0;32mI (40) boot.esp32s3: Boot SPI Speed : 80MHz[0m
[0;32mI (44) boot.esp32s3: SPI Mode       : SLOW READ[0m
[0;32mI (48) boot.esp32s3: SPI Flash Size : 2MB[0m
[0;32mI (52) boot: Enabling RNG early entropy source...[0m
[0;32mI (57) boot: Partition Table:[0m
[0;32mI (59) boot: ## Label            Usage          Type ST Offset   Length[0m
[0;32mI (66) boot:  0 nvs              WiFi data        01 02 00009000 00006000[0m
[0;32mI (72) boot:  1 phy_init         RF data          01 01 0000f000 00001000[0m
[0;32mI (79) boot:  2 factory          factory app      00 00 00010000 00100000[0m
[0;32mI (85) boot: End of partition table[0m
[0;32mI (88) esp_image: segment 0: paddr=00010020 vaddr=3c020020 size=0def0h ( 57072) map[0m
[0;32mI (109) esp_image: segment 1: paddr=0001df18 vaddr=3fc94000 size=02100h (  8448) load[0m
[0;32mI (112) esp_image: segment 2: paddr=00020020 vaddr=42000020 size=1f130h (127280) map[0m
[0;32mI (143) esp_image: segment 3: paddr=0003f158 vaddr=3fc96100 size=01500h (  5376) load[0m
[0;32mI (145) esp_image: segment 4: paddr=00040660 vaddr=40374000 size=0ff1ch ( 65308) load[0m
[0;32mI (165) esp_image: segment 5: paddr=00050584 vaddr=600fe100 size=0001ch (    28) load[0m
[0;32mI (171) boot: Loaded app from partition at offset 0x10000[0m
[0;32mI (171) boot: Disabling RNG early entropy source...[0m
[0;32mI (183) cpu_start: Multicore app[0m
[0;32mI (191) cpu_start: Pro cpu start user code[0m
[0;32mI (192) cpu_start: cpu freq: 160000000 Hz[0m
[0;32mI (192) app_init: Application information:[0m
[0;32mI (192) app_init: Project name:     fingerprint_scanner[0m
[0;32mI (197) app_init: App version:      8d513b8-dirty[0m
[0;32mI (201) app_init: Compile time:     Mar 27 2025 15:15:15[0m
[0;32mI (206) app_init: ELF file SHA256:  35e994a37...[0m
[0;32mI (210) app_init: ESP-IDF:          v5.4-dirty[0m
[0;32mI (215) efuse_init: Min chip rev:     v0.0[0m
[0;32mI (218) efuse_init: Max chip rev:     v0.99 [0m
[0;32mI (222) efuse_init: Chip rev:         v0.1[0m
[0;32mI (226) heap_init: Initializing. RAM available for dynamic allocation:[0m
[0;32mI (232) heap_init: At 3FC9B2B8 len 0004E458 (313 KiB): RAM[0m
[0;32mI (238) heap_init: At 3FCE9710 len 00005724 (21 KiB): RAM[0m
[0;32mI (243) heap_init: At 3FCF0000 len 00008000 (32 KiB): DRAM[0m
[0;32mI (248) heap_init: At 600FE11C len 00001ECC (7 KiB): RTCRAM[0m
[0;33mW (254) spi_flash: Octal flash chip is using but dio mode is selected, will automatically switch to Octal mode[0m
[0;32mI (263) spi_flash: detected chip: mxic (opi)[0m
[0;32mI (267) spi_flash: flash io: opi_str[0m
[0;33mW (270) spi_flash: Detected size(32768k) larger than the size in the binary image header(2048k). Using the size in the binary image header.[0m
[0;32mI (283) sleep_gpio: Configure to isolate all GPIO pins in sleep state[0m
[0;32mI (289) sleep_gpio: Enable automatic switching of GPIO sleep configuration[0m
[0;32mI (296) main_task: Started on CPU0[0m
[0;32mI (306) main_task: Calling app_main()[0m
[0;32mI (306) FINGERPRINT: Fingerprint event handler registered[0m
[0;32mI (306) FINGERPRINT: Initializing fingerprint scanner...[0m
[0;32mI (316) gpio: GPIO[15]| InputEn: 1| OutputEn: 0| OpenDrain: 0| Pullup: 0| Pulldown: 1| Intr:1 [0m
[0;32mI (316) FINGERPRINT: Fingerprint scanner initialized successfully with interrupt-based detection.[0m
[0;32mI (1566) FINGERPRINT: Fingerprint scanner initialized and waiting for a finger to be detected.[0m
[0;32mI (1566) FINGERPRINT: Starting fingerprint verification...[0m
[0;33mW (2086) FINGERPRINT: Could not confirm finger presence after multiple attempts[0m
[0;32mI (3606) FINGERPRINT: Please place your finger on the sensor...[0m
[0;32mI (6636) FINGERPRINT: Fingerprint features extracted successfully! Status: 0x00[0m
[0;32mI (7076) SEARCH SUCCESS: EVENT SEARCH SUCCESS[0m
[0;32mI (7076) SEARCH SUCCESS: Fingerprint search successful. Status: 0x00[0m
[0;32mI (7076) SEARCH SUCCESS: Match found at Enrollee ID: 0[0m
[0;32mI (7076) SEARCH SUCCESS: Match score: 3840[0m
[0;32mI (7866) FINGERPRINT: 1. Backing up template id 0x0000[0m
[0;32mI (7866) FINGERPRINT: 0. Backing up template id 0x0000[0m
[0;32mI (7866) FINGERPRINT: LoadChar command sent[0m
[0;32mI (7916) EVENT TEMPLATE COUNT: Number of valid templates: 2[0m
[0;32mI (8186) FINGERPRINT: Waiting for template data transfer...[0m
[0;32mI (8236) FINGERPRINT: Template loaded successfully. Status: 0x00[0m
[0;32mI (11226) FINGERPRINT: Copied 8124 bytes to template buffer[0m
[0;32mI (11226) FINGERPRINT: Added 8124 bytes to template accumulator[0m
[0;32mI (11226) FINGERPRINT: Last sent command: 0x08[0m
[0;32mI (11276) TEMPLATE UPLOADED: Template uploaded[0m
[0;32mI (11276) TEMPLATE UPLOADED: Multi-packet data available: 32 packets[0m
[0;32mI (11276) TEMPLATE UPLOADED: Packet 0: ID=0x02, Address=0xFFFFFFFF, Length=7, Checksum=0x00C8[0m
[0;32mI (11326) TEMPLATE UPLOADED: Packet 1: ID=0x02, Address=0xFFFFFFFF, Length=258, Checksum=0x4E64[0m
[0;32mI (11326) FINGERPRINT: Accumulator state: data=0x3fcaf6f8, size=8124, complete=0[0m
[0;32mI (11376) TEMPLATE UPLOADED: Packet 2: ID=0x02, Address=0xFFFFFFFF, Length=258, Checksum=0x71D7[0m
[0;32mI (11426) TEMPLATE UPLOADED: Packet 3: ID=0x02, Address=0xFFFFFFFF, Length=258, Checksum=0x6E3C[0m
[0;32mI (11476) TEMPLATE UPLOADED: Packet 4: ID=0x02, Address=0xFFFFFFFF, Length=258, Checksum=0x65E6[0m
[0;32mI (11526) TEMPLATE UPLOADED: Packet 5: ID=0x02, Address=0xFFFFFFFF, Length=258, Checksum=0x7042[0m
[0;32mI (11576) TEMPLATE UPLOADED: Packet 6: ID=0x02, Address=0xFFFFFFFF, Length=258, Checksum=0x72C7[0m
[0;32mI (11626) TEMPLATE UPLOADED: Packet 7: ID=0x02, Address=0xFFFFFFFF, Length=258, Checksum=0x6623[0m
[0;32mI (11676) TEMPLATE UPLOADED: Packet 8: ID=0x02, Address=0xFFFFFFFF, Length=258, Checksum=0x2588[0m
[0;32mI (11726) TEMPLATE UPLOADED: Packet 9: ID=0x02, Address=0xFFFFFFFF, Length=258, Checksum=0x693A[0m
[0;32mI (11776) TEMPLATE UPLOADED: Packet 10: ID=0x02, Address=0xFFFFFFFF, Length=258, Checksum=0x66E9[0m
[0;32mI (11826) TEMPLATE UPLOADED: Packet 11: ID=0x02, Address=0xFFFFFFFF, Length=258, Checksum=0x66DD[0m
[0;32mI (11876) TEMPLATE UPLOADED: Packet 12: ID=0x02, Address=0xFFFFFFFF, Length=258, Checksum=0x654B[0m
[0;32mI (11926) TEMPLATE UPLOADED: Packet 13: ID=0x02, Address=0xFFFFFFFF, Length=258, Checksum=0x6AB1[0m
[0;32mI (11976) TEMPLATE UPLOADED: Packet 14: ID=0x02, Address=0xFFFFFFFF, Length=258, Checksum=0x7423[0m
[0;32mI (12026) TEMPLATE UPLOADED: Packet 15: ID=0x02, Address=0xFFFFFFFF, Length=258, Checksum=0x5829[0m
[0;32mI (12076) TEMPLATE UPLOADED: Packet 16: ID=0x02, Address=0xFFFFFFFF, Length=258, Checksum=0x430A[0m
[0;32mI (12126) TEMPLATE UPLOADED: Packet 17: ID=0x02, Address=0xFFFFFFFF, Length=258, Checksum=0x6B11[0m
[0;32mI (12176) TEMPLATE UPLOADED: Packet 18: ID=0x02, Address=0xFFFFFFFF, Length=258, Checksum=0x67C3[0m
[0;32mI (12226) TEMPLATE UPLOADED: Packet 19: ID=0x02, Address=0xFFFFFFFF, Length=258, Checksum=0x6A94[0m
[0;32mI (12276) TEMPLATE UPLOADED: Packet 20: ID=0x02, Address=0xFFFFFFFF, Length=258, Checksum=0x6BF9[0m
[0;32mI (12326) TEMPLATE UPLOADED: Packet 21: ID=0x02, Address=0xFFFFFFFF, Length=258, Checksum=0x6FF2[0m
[0;32mI (12376) TEMPLATE UPLOADED: Packet 22: ID=0x02, Address=0xFFFFFFFF, Length=258, Checksum=0x6D1D[0m
[0;32mI (12426) TEMPLATE UPLOADED: Packet 23: ID=0x02, Address=0xFFFFFFFF, Length=258, Checksum=0x30BC[0m
[0;32mI (12476) TEMPLATE UPLOADED: Packet 24: ID=0x02, Address=0xFFFFFFFF, Length=258, Checksum=0x690B[0m
[0;32mI (12526) TEMPLATE UPLOADED: Packet 25: ID=0x02, Address=0xFFFFFFFF, Length=258, Checksum=0x6CE0[0m
[0;32mI (12576) TEMPLATE UPLOADED: Packet 26: ID=0x02, Address=0xFFFFFFFF, Length=258, Checksum=0x6A40[0m
[0;32mI (12626) TEMPLATE UPLOADED: Packet 27: ID=0x02, Address=0xFFFFFFFF, Length=258, Checksum=0x6D00[0m
[0;32mI (12676) TEMPLATE UPLOADED: Packet 28: ID=0x02, Address=0xFFFFFFFF, Length=258, Checksum=0x7208[0m
[0;32mI (12726) TEMPLATE UPLOADED: Packet 29: ID=0x02, Address=0xFFFFFFFF, Length=258, Checksum=0x6DCD[0m
[0;32mI (12776) TEMPLATE UPLOADED: Packet 30: ID=0x02, Address=0xFFFFFFFF, Length=258, Checksum=0x60D9[0m
[0;32mI (12826) TEMPLATE UPLOADED: Packet 31: ID=0x08, Address=0xFFFFFFFF, Length=79, Checksum=0x027F[0m
[0;32mI (12876) TEMPLATE UPLOADED: Complete template data received (8124 bits)[0m
[0;32mI (12876) Template Data: 0x3fcb3a20   ef 01 ff ff ff ff 07 00  03 00 00 0a ef 01 ff ff  |................|[0m
[0;32mI (12876) Template Data: 0x3fcb3a30   ff ff 02 00 07 00 00 54  1e 4d 00 c8 ef 01 ff ff  |.......T.M......|[0m
[0;32mI (12886) Template Data: 0x3fcb3a40   ff ff 02 01 02 01 04 93  07 50 52 45 43 49 53 45  |.........PRECISE|[0m
[0;32mI (12896) Template Data: 0x3fcb3a50   00 01 02 b5 e3 13 72 00  56 00 00 00 27 66 0d a8  |......r.V...'f..|[0m
[0;32mI (12906) TEMPLATE UPLOADED: Restoring template to location 10[0m
[0;32mI (12906) FINGERPRINT: Preparing to download template to location 10 using packet structures[0m
[0;32mI (13316) FINGERPRINT: Found successful DownChar response at position 0[0m
[0;32mI (13326) main_task: Returned from app_main()[0m
[0;32mI (13366) FINGERPRINT: Module ready to receive template data[0m
[0;32mI (13366) FINGERPRINT: Using 32 existing packet structures for download[0m
[0;32mI (13366) FINGERPRINT: Packet analysis: data packets: yes, final packet: yes[0m
[0;32mI (13366) FINGERPRINT: Response Count: 32[0m
[0;32mI (13376) FINGERPRINT: Sending packet 0 with ID 0x02[0m
[0;32mI (13476) FINGERPRINT: Sending packet 1 with ID 0x02[0m
[0;32mI (13616) FINGERPRINT: Sending packet 2 with ID 0x02[0m
[0;32mI (13756) FINGERPRINT: Sending packet 3 with ID 0x02[0m
[0;32mI (13896) FINGERPRINT: Sending packet 4 with ID 0x02[0m
[0;32mI (14036) FINGERPRINT: Sending packet 5 with ID 0x02[0m
[0;32mI (14176) FINGERPRINT: Sending packet 6 with ID 0x02[0m
[0;32mI (14316) FINGERPRINT: Sending packet 7 with ID 0x02[0m
[0;32mI (14456) FINGERPRINT: Sending packet 8 with ID 0x02[0m
[0;32mI (14596) FINGERPRINT: Sending packet 9 with ID 0x02[0m
[0;32mI (14736) FINGERPRINT: Sending packet 10 with ID 0x02[0m
[0;32mI (14876) FINGERPRINT: Sending packet 11 with ID 0x02[0m
[0;32mI (15016) FINGERPRINT: Sending packet 12 with ID 0x02[0m
[0;32mI (15156) FINGERPRINT: Sending packet 13 with ID 0x02[0m
[0;32mI (15296) FINGERPRINT: Sending packet 14 with ID 0x02[0m
[0;32mI (15436) FINGERPRINT: Sending packet 15 with ID 0x02[0m
[0;32mI (15576) FINGERPRINT: Sending packet 16 with ID 0x02[0m
[0;32mI (15716) FINGERPRINT: Sending packet 17 with ID 0x02[0m
[0;32mI (15856) FINGERPRINT: Sending packet 18 with ID 0x02[0m
[0;32mI (15996) FINGERPRINT: Sending packet 19 with ID 0x02[0m
[0;32mI (16136) FINGERPRINT: Sending packet 20 with ID 0x02[0m
[0;32mI (16276) FINGERPRINT: Sending packet 21 with ID 0x02[0m
[0;32mI (16416) FINGERPRINT: Sending packet 22 with ID 0x02[0m
[0;32mI (16556) FINGERPRINT: Sending packet 23 with ID 0x02[0m
[0;32mI (16696) FINGERPRINT: Sending packet 24 with ID 0x02[0m
[0;32mI (16836) FINGERPRINT: Sending packet 25 with ID 0x02[0m
[0;32mI (16976) FINGERPRINT: Sending packet 26 with ID 0x02[0m
[0;32mI (17116) FINGERPRINT: Sending packet 27 with ID 0x02[0m
[0;32mI (17256) FINGERPRINT: Sending packet 28 with ID 0x02[0m
[0;32mI (17396) FINGERPRINT: Sending packet 29 with ID 0x02[0m
[0;32mI (17536) FINGERPRINT: Sending packet 30 with ID 0x02[0m
[0;32mI (17676) FINGERPRINT: Sending packet 31 with ID 0x08[0m
[0;32mI (17676) FINGERPRINT: Sending final packet (0x08)[0m
[0;32mI (18076) FINGERPRINT: Storing template to location 10...[0m
[1;31mE (20076) FINGERPRINT: Failed to store template at location 10[0m
[1;31mE (20076) TEMPLATE UPLOADED: Failed to restore template: ESP_FAIL[0m
[0;32mI (20076) FINGERPRINT: Freed multi-packet response from event[0m
[0;32mI (20396) TEMPLATE STORED: Fingerprint template stored successfully. Status: 0x00[0m
[0;33mW (36376) FINGERPRINT: Could not confirm finger presence after multiple attempts[0m
