ESP-ROM:esp32s3-20210327
Build:Mar 27 2021
rst:0x1 (POWERON),boot:0x3b (SPI_FAST_FLASH_BOOT)
SPIWP:0xee
Octal Flash Mode Enabled
For OPI Flash, Use Default Flash Boot Mode
mode:SLOW_RD, clock div:1
load:0x3fce2810,len:0x15a0
load:0x403c8700,len:0x4
load:0x403c8704,len:0xd20
load:0x403cb700,len:0x2ee4
entry 0x403c8928
[0;32mI (33) boot: ESP-IDF v5.4-dirty 2nd stage bootloader[0m
[0;32mI (33) boot: compile time Mar  4 2025 16:14:42[0m
[0;32mI (33) boot: Multicore bootloader[0m
[0;32mI (34) boot: chip revision: v0.1[0m
[0;32mI (37) boot: efuse block revision: v1.2[0m
[0;32mI (40) boot.esp32s3: Boot SPI Speed : 80MHz[0m
[0;32mI (44) boot.esp32s3: SPI Mode       : SLOW READ[0m
[0;32mI (48) boot.esp32s3: SPI Flash Size : 2MB[0m
[0;32mI (52) boot: Enabling RNG early entropy source...[0m
[0;32mI (57) boot: Partition Table:[0m
[0;32mI (59) boot: ## Label            Usage          Type ST Offset   Length[0m
[0;32mI (66) boot:  0 nvs              WiFi data        01 02 00009000 00006000[0m
[0;32mI (72) boot:  1 phy_init         RF data          01 01 0000f000 00001000[0m
[0;32mI (79) boot:  2 factory          factory app      00 00 00010000 00100000[0m
[0;32mI (85) boot: End of partition table[0m
[0;32mI (88) esp_image: segment 0: paddr=00010020 vaddr=3c020020 size=0c828h ( 51240) map[0m
[0;32mI (108) esp_image: segment 1: paddr=0001c850 vaddr=3fc93900 size=02c50h ( 11344) load[0m
[0;32mI (111) esp_image: segment 2: paddr=0001f4a8 vaddr=40374000 size=00b70h (  2928) load[0m
[0;32mI (113) esp_image: segment 3: paddr=00020020 vaddr=42000020 size=1c8a4h (116900) map[0m
[0;32mI (147) esp_image: segment 4: paddr=0003c8cc vaddr=40374b70 size=0ed5ch ( 60764) load[0m
[0;32mI (164) esp_image: segment 5: paddr=0004b630 vaddr=600fe100 size=0001ch (    28) load[0m
[0;32mI (170) boot: Loaded app from partition at offset 0x10000[0m
[0;32mI (170) boot: Disabling RNG early entropy source...[0m
[0;32mI (182) cpu_start: Multicore app[0m
[0;32mI (190) cpu_start: Pro cpu start user code[0m
[0;32mI (190) cpu_start: cpu freq: 160000000 Hz[0m
[0;32mI (191) app_init: Application information:[0m
[0;32mI (191) app_init: Project name:     fingerprint_scanner[0m
[0;32mI (195) app_init: App version:      128b7ae-dirty[0m
[0;32mI (200) app_init: Compile time:     Mar 12 2025 11:13:33[0m
[0;32mI (205) app_init: ELF file SHA256:  fc22ef5b9...[0m
[0;32mI (209) app_init: ESP-IDF:          v5.4-dirty[0m
[0;32mI (213) efuse_init: Min chip rev:     v0.0[0m
[0;32mI (217) efuse_init: Max chip rev:     v0.99 [0m
[0;32mI (221) efuse_init: Chip rev:         v0.1[0m
[0;32mI (225) heap_init: Initializing. RAM available for dynamic allocation:[0m
[0;32mI (231) heap_init: At 3FC96E38 len 000528D8 (330 KiB): RAM[0m
[0;32mI (237) heap_init: At 3FCE9710 len 00005724 (21 KiB): RAM[0m
[0;32mI (242) heap_init: At 3FCF0000 len 00008000 (32 KiB): DRAM[0m
[0;32mI (247) heap_init: At 600FE11C len 00001ECC (7 KiB): RTCRAM[0m
[0;33mW (253) spi_flash: Octal flash chip is using but dio mode is selected, will automatically switch to Octal mode[0m
[0;32mI (262) spi_flash: detected chip: mxic (opi)[0m
[0;32mI (266) spi_flash: flash io: opi_str[0m
[0;33mW (269) spi_flash: Detected size(32768k) larger than the size in the binary image header(2048k). Using the size in the binary image header.[0m
[0;32mI (281) sleep_gpio: Configure to isolate all GPIO pins in sleep state[0m
[0;32mI (288) sleep_gpio: Enable automatic switching of GPIO sleep configuration[0m
[0;32mI (295) main_task: Started on CPU0[0m
[0;32mI (305) main_task: Calling app_main()[0m
[0;32mI (305) FINGERPRINT: Initializing fingerprint scanner...[0m
[0;33mW (505) FINGERPRINT: No handshake received, retrying...[0m
[0;33mW (905) FINGERPRINT: No handshake received, retrying...[0m
[0;33mW (1305) FINGERPRINT: No handshake received, retrying...[0m
[0;33mW (1545) FINGERPRINT: No handshake received, retrying...[0m
[0;33mW (1745) FINGERPRINT: No handshake received, retrying...[0m
[0;33mW (1945) FINGERPRINT: No handshake received, retrying...[0m
[0;33mW (2145) FINGERPRINT: No handshake received, retrying...[0m
[0;33mW (2345) FINGERPRINT: No handshake received, retrying...[0m
[0;33mW (2545) FINGERPRINT: No handshake received, retrying...[0m
[0;33mW (2745) FINGERPRINT: No handshake received, retrying...[0m
[0;33mW (2945) FINGERPRINT: No handshake received, retrying...[0m
[0;33mW (3145) FINGERPRINT: No handshake received, retrying...[0m
[0;32mI (3345) FINGERPRINT: Fingerprint module handshake received: 0x55[0m
[0;32mI (3345) FINGERPRINT: Fingerprint scanner initialized successfully.[0m
[0;32mI (4545) FINGERPRINT: Fingerprint scanner initialized and waiting for a finger to be detected.[0m
[0;32mI (4785) FINGERPRINT: Index table read successful. Status: 0x00[0m
[0;32mI (4785) Index Table Parameters: 07 00 00 00 00 00 00 00 00 00 00 00 00 00 00 00[0m
[0;32mI (4785) Index Table Parameters: 00 00 00 00 00 00 00 00 00 00 00 00 00 00 00 00[0m
[1;31mE (4785) FINGERPRINT: Location 2 is already occupied[0m
[1;31mE (4795) FINGERPRINT: Fingeprint not enrolled![0m
[0;32mI (4795) FINGERPRINT: Starting fingerprint verification...[0m
[0;32mI (6805) FINGERPRINT: Please place your finger on the sensor...[0m
[0;32mI (12425) FINGERPRINT: Finger detected! Status: 0x00[0m
[0;32mI (12425) FINGERPRINT: Finger detected![0m
[0;32mI (12685) FINGERPRINT: Fingerprint features extracted successfully! Status: 0x00[0m
[0;32mI (12685) FINGERPRINT: Searching for fingerprint match...[0m
[0;32mI (13045) FINGERPRINT: Fingerprint search successful. Status: 0x00[0m
[0;32mI (13045) FINGERPRINT: Match found at Enrollee ID: 2[0m
[0;32mI (13045) FINGERPRINT: Match score: 4096[0m
[0;32mI (13045) FINGERPRINT: Access granted - fingerprint verified![0m
[0;32mI (13255) EVENT TEMPLATE COUNT: Number of valid templates: 3[0m
[0;32mI (13255) FINGERPRINT: Count of enrolled fingerprints sent successfully.[0m
[0;32mI (13255) FINGERPRINT: Loading Template...[0m
[0;32mI (13255) FINGERPRINT: LoadChar command sent[0m
[0;32mI (13465) FINGERPRINT: Template loaded successfully[0m
[0;32mI (13465) FINGERPRINT: Loading Template Successful[0m
[0;32mI (13465) FINGERPRINT: Uploading Template...[0m
[0;32mI (13565) FINGERPRINT: Uploading Template Successful[0m
[0;32mI (13565) FINGERPRINT: Template backed up successfully.[0m
[0;32mI (13565) main_task: Returned from app_main()[0m
[1;31mE (14515) FINGERPRINT: Incomplete packet! Expected: 267, Available: 264[0m
[0;33mW (14915) FINGERPRINT: Response queue full, dropping packet.[0m
[0;33mW (15025) FINGERPRINT: Response queue full, dropping packet.[0m
[0;33mW (15335) FINGERPRINT: Response queue full, dropping packet.[0m
[0;33mW (16665) FINGERPRINT: No corresponding command found for response![0m
[0;33mW (19665) FINGERPRINT: No corresponding command found for response![0m
[0;33mW (22665) FINGERPRINT: No corresponding command found for response![0m
[0;33mW (25665) FINGERPRINT: No corresponding command found for response![0m
[0;33mW (28665) FINGERPRINT: No corresponding command found for response![0m
[0;33mW (31665) FINGERPRINT: No corresponding command found for response![0m
[0;33mW (34665) FINGERPRINT: No corresponding command found for response![0m
[0;33mW (37665) FINGERPRINT: No corresponding command found for response![0m
[0;33mW (40665) FINGERPRINT: No corresponding command found for response![0m
[0;33mW (43665) FINGERPRINT: No corresponding command found for response![0m
[0;33mW (46665) FINGERPRINT: No corresponding command found for response![0m
