ESP-ROM:esp32s3-20210327
Build:Mar 27 2021
rst:0x1 (POWERON),boot:0x18 (SPI_FAST_FLASH_BOOT)
SPIWP:0xee
Octal Flash Mode Enabled
For OPI Flash, Use Default Flash Boot Mode
mode:SLOW_RD, clock div:1
load:0x3fce2810,len:0x15a0
load:0x403c8700,len:0x4
load:0x403c8704,len:0xd20
load:0x403cb700,len:0x2ee4
entry 0x403c8928
[0;32mI (33) boot: ESP-IDF v5.4-dirty 2nd stage bootloader[0m
[0;32mI (33) boot: compile time Mar  4 2025 16:14:42[0m
[0;32mI (33) boot: Multicore bootloader[0m
[0;32mI (34) boot: chip revision: v0.1[0m
[0;32mI (37) boot: efuse block revision: v1.2[0m
[0;32mI (40) boot.esp32s3: Boot SPI Speed : 80MHz[0m
[0;32mI (44) boot.esp32s3: SPI Mode       : SLOW READ[0m
[0;32mI (48) boot.esp32s3: SPI Flash Size : 2MB[0m
[0;32mI (52) boot: Enabling RNG early entropy source...[0m
[0;32mI (57) boot: Partition Table:[0m
[0;32mI (59) boot: ## Label            Usage          Type ST Offset   Length[0m
[0;32mI (66) boot:  0 nvs              WiFi data        01 02 00009000 00006000[0m
[0;32mI (72) boot:  1 phy_init         RF data          01 01 0000f000 00001000[0m
[0;32mI (79) boot:  2 factory          factory app      00 00 00010000 00100000[0m
[0;32mI (85) boot: End of partition table[0m
[0;32mI (88) esp_image: segment 0: paddr=00010020 vaddr=3c020020 size=0d4e8h ( 54504) map[0m
[0;32mI (109) esp_image: segment 1: paddr=0001d510 vaddr=3fc93900 size=02b08h ( 11016) load[0m
[0;32mI (112) esp_image: segment 2: paddr=00020020 vaddr=42000020 size=1d9b4h (121268) map[0m
[0;32mI (141) esp_image: segment 3: paddr=0003d9dc vaddr=3fc96408 size=00ae8h (  2792) load[0m
[0;32mI (142) esp_image: segment 4: paddr=0003e4cc vaddr=40374000 size=0f8cch ( 63692) load[0m
[0;32mI (162) esp_image: segment 5: paddr=0004dda0 vaddr=600fe100 size=0001ch (    28) load[0m
[0;32mI (169) boot: Loaded app from partition at offset 0x10000[0m
[0;32mI (169) boot: Disabling RNG early entropy source...[0m
[0;32mI (180) cpu_start: Multicore app[0m
[0;32mI (189) cpu_start: Pro cpu start user code[0m
[0;32mI (189) cpu_start: cpu freq: 160000000 Hz[0m
[0;32mI (189) app_init: Application information:[0m
[0;32mI (189) app_init: Project name:     fingerprint_scanner[0m
[0;32mI (194) app_init: App version:      7eb2ecb-dirty[0m
[0;32mI (199) app_init: Compile time:     Mar 14 2025 08:27:26[0m
[0;32mI (204) app_init: ELF file SHA256:  a6f5f0976...[0m
[0;32mI (208) app_init: ESP-IDF:          v5.4-dirty[0m
[0;32mI (212) efuse_init: Min chip rev:     v0.0[0m
[0;32mI (216) efuse_init: Max chip rev:     v0.99 [0m
[0;32mI (220) efuse_init: Chip rev:         v0.1[0m
[0;32mI (224) heap_init: Initializing. RAM available for dynamic allocation:[0m
[0;32mI (230) heap_init: At 3FC98A18 len 00050CF8 (323 KiB): RAM[0m
[0;32mI (235) heap_init: At 3FCE9710 len 00005724 (21 KiB): RAM[0m
[0;32mI (240) heap_init: At 3FCF0000 len 00008000 (32 KiB): DRAM[0m
[0;32mI (245) heap_init: At 600FE11C len 00001ECC (7 KiB): RTCRAM[0m
[0;33mW (251) spi_flash: Octal flash chip is using but dio mode is selected, will automatically switch to Octal mode[0m
[0;32mI (261) spi_flash: detected chip: mxic (opi)[0m
[0;32mI (265) spi_flash: flash io: opi_str[0m
[0;33mW (268) spi_flash: Detected size(32768k) larger than the size in the binary image header(2048k). Using the size in the binary image header.[0m
[0;32mI (280) sleep_gpio: Configure to isolate all GPIO pins in sleep state[0m
[0;32mI (286) sleep_gpio: Enable automatic switching of GPIO sleep configuration[0m
[0;32mI (293) main_task: Started on CPU0[0m
[0;32mI (303) main_task: Calling app_main()[0m
[0;32mI (303) FINGERPRINT: Initializing fingerprint scanner...[0m
[0;33mW (503) FINGERPRINT: No handshake received, retrying...[0m
[0;33mW (903) FINGERPRINT: No handshake received, retrying...[0m
[0;33mW (1303) FINGERPRINT: No handshake received, retrying...[0m
[0;33mW (1703) FINGERPRINT: No handshake received, retrying...[0m
[0;33mW (2103) FINGERPRINT: No handshake received, retrying...[0m
[0;33mW (2503) FINGERPRINT: No handshake received, retrying...[0m
[0;33mW (2903) FINGERPRINT: No handshake received, retrying...[0m
[0;33mW (3303) FINGERPRINT: No handshake received, retrying...[0m
[0;33mW (3703) FINGERPRINT: No handshake received, retrying...[0m
[0;33mW (4103) FINGERPRINT: No handshake received, retrying...[0m
[0;33mW (4503) FINGERPRINT: No handshake received, retrying...[0m
[0;33mW (4903) FINGERPRINT: No handshake received, retrying...[0m
[0;33mW (5303) FINGERPRINT: No handshake received, retrying...[0m
[0;33mW (5703) FINGERPRINT: No handshake received, retrying...[0m
[0;33mW (6103) FINGERPRINT: No handshake received, retrying...[0m
[0;33mW (6503) FINGERPRINT: No handshake received, retrying...[0m
[0;33mW (6903) FINGERPRINT: No handshake received, retrying...[0m
[0;33mW (7233) FINGERPRINT: No handshake received, retrying...[0m
[0;32mI (7433) FINGERPRINT: Fingerprint module handshake received: 0x55[0m
[0;32mI (7433) FINGERPRINT: Fingerprint scanner initialized successfully.[0m
[0;32mI (7883) FINGERPRINT: Read 12 bytes, buffer now contains 12 bytes[0m
[0;32mI (7883) FINGERPRINT: Found header (0xEF01) at position 0[0m
[0;32mI (7883) FINGERPRINT: Read address: 0xFFFFFFFF[0m
[0;32mI (7883) FINGERPRINT: Read packet_id: 0x07[0m
[0;32mI (7883) FINGERPRINT: Read length: 3[0m
[0;32mI (7893) FINGERPRINT: Read checksum: 0x000A[0m
[0;32mI (7893) FINGERPRINT: Added packet to response, count now: 1[0m
[0;33mW (7903) FINGERPRINT: Emergency timeout - processing took too long, clearing buffer[0m
[0;32mI (7903) FINGERPRINT: Buffer fully processed, reset position[0m
[0;32mI (7913) FINGERPRINT: Returning response with 1 packets[0m
[0;32mI (7913) FINGERPRINT: Packet 0: ID=0x07, Length=3[0m
[0;32mI (7923) FINGERPRINT: 01 ef 00 00 ff ff ff ff 07 00 03 00 00 00 00 00[0m
[0;32mI (7923) FINGERPRINT: 00 00 00 00 00 00 00 00 00 00 00 00 00 00 00 00[0m
[0;32mI (7933) FINGERPRINT: 00 00 00 00 00 00 00 00 00 00 00 00 00 00 00 00[0m
[0;32mI (7943) FINGERPRINT: 00 00 00 00 00 00 00 00 00 00 00 00 00 00 00 00[0m
[0;32mI (7943) FINGERPRINT: 00 00 00 00 00 00 00 00 00 00 00 00 00 00 00 00[0m
[0;32mI (7953) FINGERPRINT: 00 00 00 00 00 00 00 00 00 00 00 00 00 00 00 00[0m
[0;32mI (7953) FINGERPRINT: 00 00 00 00 00 00 00 00 00 00 00 00 00 00 00 00[0m
[0;32mI (7963) FINGERPRINT: 00 00 00 00 00 00 00 00 00 00 00 00 00 00 00 00[0m
[0;32mI (7973) FINGERPRINT: 00 00 00 00 00 00 00 00 00 00 00 00 00 00 00 00[0m
[0;32mI (7973) FINGERPRINT: 00 00 00 00 00 00 00 00 00 00 00 00 00 00 00 00[0m
[0;32mI (7983) FINGERPRINT: 00 00 00 00 00 00 00 00 00 00 00 00 00 00 00 00[0m
[0;32mI (7993) FINGERPRINT: 00 00 00 00 00 00 00 00 00 00 00 00 00 00 00 00[0m
[0;32mI (7993) FINGERPRINT: 00 00 00 00 00 00 00 00 00 00 00 00 00 00 00 00[0m
[0;32mI (8003) FINGERPRINT: 00 00 00 00 00 00 00 00 00 00 00 00 00 00 00 00[0m
[0;32mI (8003) FINGERPRINT: 00 00 00 00 00 00 00 00 00 00 00 00 00 00 00 00[0m
[0;32mI (8013) FINGERPRINT: 00 00 00 00 00 00 00 00 00 00 00 00 00 00 00 00[0m
[0;32mI (8023) FINGERPRINT: 00 00 00 00 00 00 00 00 00 00 00 00 00 00 0a 00[0m
[0;32mI (8633) FINGERPRINT: Fingerprint scanner initialized and waiting for a finger to be detected.[0m
[0;32mI (10653) FINGERPRINT: Location 1 is available[0m
[0;32mI (10653) FINGERPRINT: Waiting for a finger to be placed...[0m
[0;32mI (11033) FINGERPRINT: Read 12 bytes, buffer now contains 12 bytes[0m
[0;32mI (11033) FINGERPRINT: Found header (0xEF01) at position 0[0m
[0;32mI (11033) FINGERPRINT: Read address: 0xFFFFFFFF[0m
[0;32mI (11033) FINGERPRINT: Read packet_id: 0x07[0m
[0;32mI (11033) FINGERPRINT: Read length: 3[0m
[0;32mI (11043) FINGERPRINT: Read checksum: 0x000C[0m
[0;32mI (11043) FINGERPRINT: Added packet to response, count now: 1[0m
[0;33mW (11053) FINGERPRINT: Emergency timeout - processing took too long, clearing buffer[0m
[0;32mI (11053) FINGERPRINT: Buffer fully processed, reset position[0m
[0;32mI (11063) FINGERPRINT: Returning response with 1 packets[0m
[0;32mI (11063) FINGERPRINT: Packet 0: ID=0x07, Length=3[0m
[0;32mI (11073) FINGERPRINT: 01 ef 00 00 ff ff ff ff 07 00 03 00 02 00 00 00[0m
[0;32mI (11073) FINGERPRINT: 00 00 00 00 00 00 00 00 00 00 00 00 00 00 00 00[0m
[0;32mI (11083) FINGERPRINT: 00 00 00 00 00 00 00 00 00 00 00 00 00 00 00 00[0m
[0;32mI (11093) FINGERPRINT: 00 00 00 00 00 00 00 00 00 00 00 00 00 00 00 00[0m
[0;32mI (11093) FINGERPRINT: 00 00 00 00 00 00 00 00 00 00 00 00 00 00 00 00[0m
[0;32mI (11103) FINGERPRINT: 00 00 00 00 00 00 00 00 00 00 00 00 00 00 00 00[0m
[0;32mI (11113) FINGERPRINT: 00 00 00 00 00 00 00 00 00 00 00 00 00 00 00 00[0m
[0;32mI (11113) FINGERPRINT: 00 00 00 00 00 00 00 00 00 00 00 00 00 00 00 00[0m
[0;32mI (11123) FINGERPRINT: 00 00 00 00 00 00 00 00 00 00 00 00 00 00 00 00[0m
[0;32mI (11123) FINGERPRINT: 00 00 00 00 00 00 00 00 00 00 00 00 00 00 00 00[0m
[0;32mI (11133) FINGERPRINT: 00 00 00 00 00 00 00 00 00 00 00 00 00 00 00 00[0m
[0;32mI (11143) FINGERPRINT: 00 00 00 00 00 00 00 00 00 00 00 00 00 00 00 00[0m
[0;32mI (11143) FINGERPRINT: 00 00 00 00 00 00 00 00 00 00 00 00 00 00 00 00[0m
[0;32mI (11153) FINGERPRINT: 00 00 00 00 00 00 00 00 00 00 00 00 00 00 00 00[0m
[0;32mI (11163) FINGERPRINT: 00 00 00 00 00 00 00 00 00 00 00 00 00 00 00 00[0m
[0;32mI (11163) FINGERPRINT: 00 00 00 00 00 00 00 00 00 00 00 00 00 00 00 00[0m
[0;32mI (11173) FINGERPRINT: 00 00 00 00 00 00 00 00 00 00 00 00 00 00 0c 00[0m
[0;32mI (11663) FINGERPRINT: Read 12 bytes, buffer now contains 12 bytes[0m
[0;32mI (11663) FINGERPRINT: Found header (0xEF01) at position 0[0m
[0;32mI (11663) FINGERPRINT: Read address: 0xFFFFFFFF[0m
[0;32mI (11663) FINGERPRINT: Read packet_id: 0x07[0m
[0;32mI (11663) FINGERPRINT: Read length: 3[0m
[0;32mI (11673) FINGERPRINT: Read checksum: 0x000C[0m
[0;32mI (11673) FINGERPRINT: Added packet to response, count now: 1[0m
[0;33mW (11683) FINGERPRINT: Emergency timeout - processing took too long, clearing buffer[0m
[0;32mI (11683) FINGERPRINT: Buffer fully processed, reset position[0m
[0;32mI (11693) FINGERPRINT: Returning response with 1 packets[0m
[0;32mI (11693) FINGERPRINT: Packet 0: ID=0x07, Length=3[0m
[0;32mI (11703) FINGERPRINT: 01 ef 00 00 ff ff ff ff 07 00 03 00 02 00 00 00[0m
[0;32mI (11703) FINGERPRINT: 00 00 00 00 00 00 00 00 00 00 00 00 00 00 00 00[0m
[0;32mI (11713) FINGERPRINT: 00 00 00 00 00 00 00 00 00 00 00 00 00 00 00 00[0m
[0;32mI (11723) FINGERPRINT: 00 00 00 00 00 00 00 00 00 00 00 00 00 00 00 00[0m
[0;32mI (11723) FINGERPRINT: 00 00 00 00 00 00 00 00 00 00 00 00 00 00 00 00[0m
[0;32mI (11733) FINGERPRINT: 00 00 00 00 00 00 00 00 00 00 00 00 00 00 00 00[0m
[0;32mI (11743) FINGERPRINT: 00 00 00 00 00 00 00 00 00 00 00 00 00 00 00 00[0m
[0;32mI (11743) FINGERPRINT: 00 00 00 00 00 00 00 00 00 00 00 00 00 00 00 00[0m
[0;32mI (11753) FINGERPRINT: 00 00 00 00 00 00 00 00 00 00 00 00 00 00 00 00[0m
[0;32mI (11753) FINGERPRINT: 00 00 00 00 00 00 00 00 00 00 00 00 00 00 00 00[0m
[0;32mI (11763) FINGERPRINT: 00 00 00 00 00 00 00 00 00 00 00 00 00 00 00 00[0m
[0;32mI (11773) FINGERPRINT: 00 00 00 00 00 00 00 00 00 00 00 00 00 00 00 00[0m
[0;32mI (11773) FINGERPRINT: 00 00 00 00 00 00 00 00 00 00 00 00 00 00 00 00[0m
[0;32mI (11783) FINGERPRINT: 00 00 00 00 00 00 00 00 00 00 00 00 00 00 00 00[0m
[0;32mI (11793) FINGERPRINT: 00 00 00 00 00 00 00 00 00 00 00 00 00 00 00 00[0m
[0;32mI (11793) FINGERPRINT: 00 00 00 00 00 00 00 00 00 00 00 00 00 00 00 00[0m
[0;32mI (11803) FINGERPRINT: 00 00 00 00 00 00 00 00 00 00 00 00 00 00 0c 00[0m
[0;32mI (12293) FINGERPRINT: Read 12 bytes, buffer now contains 12 bytes[0m
[0;32mI (12293) FINGERPRINT: Found header (0xEF01) at position 0[0m
[0;32mI (12293) FINGERPRINT: Read address: 0xFFFFFFFF[0m
[0;32mI (12293) FINGERPRINT: Read packet_id: 0x07[0m
[0;32mI (12293) FINGERPRINT: Read length: 3[0m
[0;32mI (12303) FINGERPRINT: Read checksum: 0x000C[0m
[0;32mI (12303) FINGERPRINT: Added packet to response, count now: 1[0m
[0;33mW (12313) FINGERPRINT: Emergency timeout - processing took too long, clearing buffer[0m
[0;32mI (12313) FINGERPRINT: Buffer fully processed, reset position[0m
[0;32mI (12323) FINGERPRINT: Returning response with 1 packets[0m
[0;32mI (12323) FINGERPRINT: Packet 0: ID=0x07, Length=3[0m
[0;32mI (12333) FINGERPRINT: 01 ef 00 00 ff ff ff ff 07 00 03 00 02 00 00 00[0m
[0;32mI (12333) FINGERPRINT: 00 00 00 00 00 00 00 00 00 00 00 00 00 00 00 00[0m
[0;32mI (12343) FINGERPRINT: 00 00 00 00 00 00 00 00 00 00 00 00 00 00 00 00[0m
[0;32mI (12353) FINGERPRINT: 00 00 00 00 00 00 00 00 00 00 00 00 00 00 00 00[0m
[0;32mI (12353) FINGERPRINT: 00 00 00 00 00 00 00 00 00 00 00 00 00 00 00 00[0m
[0;32mI (12363) FINGERPRINT: 00 00 00 00 00 00 00 00 00 00 00 00 00 00 00 00[0m
[0;32mI (12373) FINGERPRINT: 00 00 00 00 00 00 00 00 00 00 00 00 00 00 00 00[0m
[0;32mI (12373) FINGERPRINT: 00 00 00 00 00 00 00 00 00 00 00 00 00 00 00 00[0m
[0;32mI (12383) FINGERPRINT: 00 00 00 00 00 00 00 00 00 00 00 00 00 00 00 00[0m
[0;32mI (12383) FINGERPRINT: 00 00 00 00 00 00 00 00 00 00 00 00 00 00 00 00[0m
[0;32mI (12393) FINGERPRINT: 00 00 00 00 00 00 00 00 00 00 00 00 00 00 00 00[0m
[0;32mI (12403) FINGERPRINT: 00 00 00 00 00 00 00 00 00 00 00 00 00 00 00 00[0m
[0;32mI (12403) FINGERPRINT: 00 00 00 00 00 00 00 00 00 00 00 00 00 00 00 00[0m
[0;32mI (12413) FINGERPRINT: 00 00 00 00 00 00 00 00 00 00 00 00 00 00 00 00[0m
[0;32mI (12423) FINGERPRINT: 00 00 00 00 00 00 00 00 00 00 00 00 00 00 00 00[0m
[0;32mI (12423) FINGERPRINT: 00 00 00 00 00 00 00 00 00 00 00 00 00 00 00 00[0m
[0;32mI (12433) FINGERPRINT: 00 00 00 00 00 00 00 00 00 00 00 00 00 00 0c 00[0m
ESP-ROM:esp32s3-20210327
Build:Mar 27 2021
rst:0x1 (POWERON),boot:0x18 (SPI_FAST_FLASH_BOOT)
SPIWP:0xee
Octal Flash Mode Enabled
For OPI Flash, Use Default Flash Boot Mode
mode:SLOW_RD, clock div:1
load:0x3fce2810,len:0x15a0
load:0x403c8700,len:0x4
load:0x403c8704,len:0xd20
load:0x403cb700,len:0x2ee4
entry 0x403c8928
[0;32mI (33) boot: ESP-IDF v5.4-dirty 2nd stage bootloader[0m
[0;32mI (33) boot: compile time Mar  4 2025 16:14:42[0m
[0;32mI (33) boot: Multicore bootloader[0m
[0;32mI (34) boot: chip revision: v0.1[0m
[0;32mI (37) boot: efuse block revision: v1.2[0m
[0;32mI (40) boot.esp32s3: Boot SPI Speed : 80MHz[0m
[0;32mI (44) boot.esp32s3: SPI Mode       : SLOW READ[0m
[0;32mI (48) boot.esp32s3: SPI Flash Size : 2MB[0m
[0;32mI (52) boot: Enabling RNG early entropy source...[0m
[0;32mI (57) boot: Partition Table:[0m
[0;32mI (59) boot: ## Label            Usage          Type ST Offset   Length[0m
[0;32mI (66) boot:  0 nvs              WiFi data        01 02 00009000 00006000[0m
[0;32mI (72) boot:  1 phy_init         RF data          01 01 0000f000 00001000[0m
[0;32mI (79) boot:  2 factory          factory app      00 00 00010000 00100000[0m
[0;32mI (85) boot: End of partition table[0m
[0;32mI (88) esp_image: segment 0: paddr=00010020 vaddr=3c020020 size=0d4e8h ( 54504) map[0m
[0;32mI (109) esp_image: segment 1: paddr=0001d510 vaddr=3fc93900 size=02b08h ( 11016) load[0m
[0;32mI (112) esp_image: segment 2: paddr=00020020 vaddr=42000020 size=1d9b4h (121268) map[0m
[0;32mI (141) esp_image: segment 3: paddr=0003d9dc vaddr=3fc96408 size=00ae8h (  2792) load[0m
[0;32mI (142) esp_image: segment 4: paddr=0003e4cc vaddr=40374000 size=0f8cch ( 63692) load[0m
[0;32mI (162) esp_image: segment 5: paddr=0004dda0 vaddr=600fe100 size=0001ch (    28) load[0m
[0;32mI (169) boot: Loaded app from partition at offset 0x10000[0m
[0;32mI (169) boot: Disabling RNG early entropy source...[0m
[0;32mI (180) cpu_start: Multicore app[0m
[0;32mI (189) cpu_start: Pro cpu start user code[0m
[0;32mI (189) cpu_start: cpu freq: 160000000 Hz[0m
[0;32mI (189) app_init: Application information:[0m
[0;32mI (189) app_init: Project name:     fingerprint_scanner[0m
[0;32mI (194) app_init: App version:      7eb2ecb-dirty[0m
[0;32mI (199) app_init: Compile time:     Mar 14 2025 08:27:26[0m
[0;32mI (204) app_init: ELF file SHA256:  a6f5f0976...[0m
[0;32mI (208) app_init: ESP-IDF:          v5.4-dirty[0m
[0;32mI (212) efuse_init: Min chip rev:     v0.0[0m
[0;32mI (216) efuse_init: Max chip rev:     v0.99 [0m
[0;32mI (220) efuse_init: Chip rev:         v0.1[0m
[0;32mI (224) heap_init: Initializing. RAM available for dynamic allocation:[0m
[0;32mI (230) heap_init: At 3FC98A18 len 00050CF8 (323 KiB): RAM[0m
[0;32mI (235) heap_init: At 3FCE9710 len 00005724 (21 KiB): RAM[0m
[0;32mI (240) heap_init: At 3FCF0000 len 00008000 (32 KiB): DRAM[0m
[0;32mI (245) heap_init: At 600FE11C len 00001ECC (7 KiB): RTCRAM[0m
[0;33mW (251) spi_flash: Octal flash chip is using but dio mode is selected, will automatically switch to Octal mode[0m
[0;32mI (261) spi_flash: detected chip: mxic (opi)[0m
[0;32mI (265) spi_flash: flash io: opi_str[0m
[0;33mW (268) spi_flash: Detected size(32768k) larger than the size in the binary image header(2048k). Using the size in the binary image header.[0m
[0;32mI (280) sleep_gpio: Configure to isolate all GPIO pins in sleep state[0m
[0;32mI (286) sleep_gpio: Enable automatic switching of GPIO sleep configuration[0m
[0;32mI (293) main_task: Started on CPU0[0m
[0;32mI (303) main_task: Calling app_main()[0m
[0;32mI (303) FINGERPRINT: Initializing fingerprint scanner...[0m
[0;33mW (503) FINGERPRINT: No handshake received, retrying...[0m
[0;33mW (903) FINGERPRINT: No handshake received, retrying...[0m
[0;33mW (1303) FINGERPRINT: No handshake received, retrying...[0m
[0;33mW (1703) FINGERPRINT: No handshake received, retrying...[0m
[0;33mW (2103) FINGERPRINT: No handshake received, retrying...[0m
[0;33mW (2503) FINGERPRINT: No handshake received, retrying...[0m
[0;33mW (2903) FINGERPRINT: No handshake received, retrying...[0m
[0;33mW (3303) FINGERPRINT: No handshake received, retrying...[0m
[0;33mW (3703) FINGERPRINT: No handshake received, retrying...[0m
[0;33mW (4103) FINGERPRINT: No handshake received, retrying...[0m
[0;33mW (4503) FINGERPRINT: No handshake received, retrying...[0m
[0;33mW (4903) FINGERPRINT: No handshake received, retrying...[0m
[0;33mW (5303) FINGERPRINT: No handshake received, retrying...[0m
[0;33mW (5623) FINGERPRINT: No handshake received, retrying...[0m
[0;32mI (5823) FINGERPRINT: Fingerprint module handshake received: 0x55[0m
[0;32mI (5823) FINGERPRINT: Fingerprint scanner initialized successfully.[0m
[0;32mI (6273) FINGERPRINT: Read 12 bytes, buffer now contains 12 bytes[0m
[0;32mI (6273) FINGERPRINT: Found header (0xEF01) at position 0[0m
[0;32mI (6273) FINGERPRINT: Read address: 0xFFFFFFFF[0m
[0;32mI (6273) FINGERPRINT: Read packet_id: 0x07[0m
[0;32mI (6273) FINGERPRINT: Read length: 3[0m
[0;32mI (6283) FINGERPRINT: Read checksum: 0x000A[0m
[0;32mI (6283) FINGERPRINT: Added packet to response, count now: 1[0m
[0;33mW (6293) FINGERPRINT: Emergency timeout - processing took too long, clearing buffer[0m
[0;32mI (6293) FINGERPRINT: Buffer fully processed, reset position[0m
[0;32mI (6303) FINGERPRINT: Returning response with 1 packets[0m
[0;32mI (6303) FINGERPRINT: Packet 0: ID=0x07, Length=3[0m
[0;32mI (6313) FINGERPRINT: 01 ef 00 00 ff ff ff ff 07 00 03 00 00 00 00 00[0m
[0;32mI (6313) FINGERPRINT: 00 00 00 00 00 00 00 00 00 00 00 00 00 00 00 00[0m
[0;32mI (6323) FINGERPRINT: 00 00 00 00 00 00 00 00 00 00 00 00 00 00 00 00[0m
[0;32mI (6333) FINGERPRINT: 00 00 00 00 00 00 00 00 00 00 00 00 00 00 00 00[0m
[0;32mI (6333) FINGERPRINT: 00 00 00 00 00 00 00 00 00 00 00 00 00 00 00 00[0m
[0;32mI (6343) FINGERPRINT: 00 00 00 00 00 00 00 00 00 00 00 00 00 00 00 00[0m
[0;32mI (6343) FINGERPRINT: 00 00 00 00 00 00 00 00 00 00 00 00 00 00 00 00[0m
[0;32mI (6353) FINGERPRINT: 00 00 00 00 00 00 00 00 00 00 00 00 00 00 00 00[0m
[0;32mI (6363) FINGERPRINT: 00 00 00 00 00 00 00 00 00 00 00 00 00 00 00 00[0m
[0;32mI (6363) FINGERPRINT: 00 00 00 00 00 00 00 00 00 00 00 00 00 00 00 00[0m
[0;32mI (6373) FINGERPRINT: 00 00 00 00 00 00 00 00 00 00 00 00 00 00 00 00[0m
[0;32mI (6383) FINGERPRINT: 00 00 00 00 00 00 00 00 00 00 00 00 00 00 00 00[0m
[0;32mI (6383) FINGERPRINT: 00 00 00 00 00 00 00 00 00 00 00 00 00 00 00 00[0m
[0;32mI (6393) FINGERPRINT: 00 00 00 00 00 00 00 00 00 00 00 00 00 00 00 00[0m
[0;32mI (6393) FINGERPRINT: 00 00 00 00 00 00 00 00 00 00 00 00 00 00 00 00[0m
[0;32mI (6403) FINGERPRINT: 00 00 00 00 00 00 00 00 00 00 00 00 00 00 00 00[0m
[0;32mI (6413) FINGERPRINT: 00 00 00 00 00 00 00 00 00 00 00 00 00 00 0a 00[0m
[0;32mI (7023) FINGERPRINT: Fingerprint scanner initialized and waiting for a finger to be detected.[0m
[0;32mI (7253) FINGERPRINT: Read 44 bytes, buffer now contains 44 bytes[0m
[0;32mI (7253) FINGERPRINT: Found header (0xEF01) at position 0[0m
[0;32mI (7253) FINGERPRINT: Read address: 0xFFFFFFFF[0m
[0;32mI (7253) FINGERPRINT: Read packet_id: 0x07[0m
[0;32mI (7253) FINGERPRINT: Read length: 35[0m
[0;32mI (7263) FINGERPRINT: Read checksum: 0x002D[0m
[0;32mI (7263) FINGERPRINT: Added packet to response, count now: 1[0m
[0;33mW (7273) FINGERPRINT: Emergency timeout - processing took too long, clearing buffer[0m
[0;32mI (7273) FINGERPRINT: Buffer fully processed, reset position[0m
[0;32mI (7283) FINGERPRINT: Returning response with 1 packets[0m
[0;32mI (7283) FINGERPRINT: Packet 0: ID=0x07, Length=35[0m
[0;32mI (7293) FINGERPRINT: 01 ef 00 00 ff ff ff ff 07 00 23 00 00 03 00 00[0m
[0;32mI (7293) FINGERPRINT: 00 00 00 00 00 00 00 00 00 00 00 00 00 00 00 00[0m
[0;32mI (7303) FINGERPRINT: 00 00 00 00 00 00 00 00 00 00 00 00 00 00 00 00[0m
[0;32mI (7313) FINGERPRINT: 00 00 00 00 00 00 00 00 00 00 00 00 00 00 00 00[0m
[0;32mI (7313) FINGERPRINT: 00 00 00 00 00 00 00 00 00 00 00 00 00 00 00 00[0m
[0;32mI (7323) FINGERPRINT: 00 00 00 00 00 00 00 00 00 00 00 00 00 00 00 00[0m
[0;32mI (7323) FINGERPRINT: 00 00 00 00 00 00 00 00 00 00 00 00 00 00 00 00[0m
[0;32mI (7333) FINGERPRINT: 00 00 00 00 00 00 00 00 00 00 00 00 00 00 00 00[0m
[0;32mI (7343) FINGERPRINT: 00 00 00 00 00 00 00 00 00 00 00 00 00 00 00 00[0m
[0;32mI (7343) FINGERPRINT: 00 00 00 00 00 00 00 00 00 00 00 00 00 00 00 00[0m
[0;32mI (7353) FINGERPRINT: 00 00 00 00 00 00 00 00 00 00 00 00 00 00 00 00[0m
[0;32mI (7363) FINGERPRINT: 00 00 00 00 00 00 00 00 00 00 00 00 00 00 00 00[0m
[0;32mI (7363) FINGERPRINT: 00 00 00 00 00 00 00 00 00 00 00 00 00 00 00 00[0m
[0;32mI (7373) FINGERPRINT: 00 00 00 00 00 00 00 00 00 00 00 00 00 00 00 00[0m
[0;32mI (7373) FINGERPRINT: 00 00 00 00 00 00 00 00 00 00 00 00 00 00 00 00[0m
[0;32mI (7383) FINGERPRINT: 00 00 00 00 00 00 00 00 00 00 00 00 00 00 00 00[0m
[0;32mI (7393) FINGERPRINT: 00 00 00 00 00 00 00 00 00 00 00 00 00 00 2d 00[0m
[0;32mI (7393) FINGERPRINT: Index table read successful. Status: 0x00[0m
[0;32mI (7403) Index Table Parameters: 03 00 00 00 00 00 00 00 00 00 00 00 00 00 00 00[0m
[0;32mI (7413) Index Table Parameters: 00 00 00 00 00 00 00 00 00 00 00 00 00 00 00 00[0m
[0;32mI (7413) Index Table Parameters: 00 00 00 00 00 00 00 00 00 00 00 00 00 00 00 00[0m
[0;32mI (7423) Index Table Parameters: 00 00 00 00 00 00 00 00 00 00 00 00 00 00 00 00[0m
[0;32mI (7433) Index Table Parameters: 00 00 00 00 00 00 00 00 00 00 00 00 00 00 00 00[0m
[0;32mI (7433) Index Table Parameters: 00 00 00 00 00 00 00 00 00 00 00 00 00 00 00 00[0m
[0;32mI (7443) Index Table Parameters: 00 00 00 00 00 00 00 00 00 00 00 00 00 00 00 00[0m
[0;32mI (7453) Index Table Parameters: 00 00 00 00 00 00 00 00 00 00 00 00 00 00 00 00[0m
[0;32mI (7463) Index Table Parameters: 00 00 00 00 00 00 00 00 00 00 00 00 00 00 00 00[0m
[0;32mI (7463) Index Table Parameters: 00 00 00 00 00 00 00 00 00 00 00 00 00 00 00 00[0m
[0;32mI (7473) Index Table Parameters: 00 00 00 00 00 00 00 00 00 00 00 00 00 00 00 00[0m
[0;32mI (7483) Index Table Parameters: 00 00 00 00 00 00 00 00 00 00 00 00 00 00 00 00[0m
[0;32mI (7483) Index Table Parameters: 00 00 00 00 00 00 00 00 00 00 00 00 00 00 00 00[0m
[0;32mI (7493) Index Table Parameters: 00 00 00 00 00 00 00 00 00 00 00 00 00 00 00 00[0m
[0;32mI (7503) Index Table Parameters: 00 00 00 00 00 00 00 00 00 00 00 00 00 00 00 00[0m
[0;32mI (7513) Index Table Parameters: 00 00 00 00 00 00 00 00 00 00 00 00 00 00 00 00[0m

***ERROR*** A stack overflow in task FingerprintProc has been detected.


Backtrace: 0x40375bdd:0x3fca0c90 0x4037ab91:0x3fca0cb0 0x4037b9e2:0x3fca0cd0 0x4037ce8b:0x3fca0d50 0x4037baa8:0x3fca0d70 0x4037ba9e:0x00000000 |<-CORRUPTED




ELF file SHA256: a6f5f0976

Rebooting...
ï¿½ï¿½ï¿½ESP-ROM:esp32s3-20210327
Build:Mar 27 2021
rst:0xc (RTC_SW_CPU_RST),boot:0x18 (SPI_FAST_FLASH_BOOT)
Saved PC:0x40375b1c
SPIWP:0xee
Octal Flash Mode Enabled
For OPI Flash, Use Default Flash Boot Mode
mode:SLOW_RD, clock div:1
load:0x3fce2810,len:0x15a0
load:0x403c8700,len:0x4
load:0x403c8704,len:0xd20
load:0x403cb700,len:0x2ee4
entry 0x403c8928
[0;32mI (37) boot: ESP-IDF v5.4-dirty 2nd stage bootloader[0m
[0;32mI (38) boot: compile time Mar  4 2025 16:14:42[0m
[0;32mI (38) boot: Multicore bootloader[0m
[0;32mI (38) boot: chip revision: v0.1[0m
[0;32mI (41) boot: efuse block revision: v1.2[0m
[0;32mI (45) boot.esp32s3: Boot SPI Speed : 80MHz[0m
[0;32mI (49) boot.esp32s3: SPI Mode       : SLOW READ[0m
[0;32mI (53) boot.esp32s3: SPI Flash Size : 2MB[0m
[0;32mI (57) boot: Enabling RNG early entropy source...[0m
[0;32mI (61) boot: Partition Table:[0m
[0;32mI (64) boot: ## Label            Usage          Type ST Offset   Length[0m
[0;32mI (70) boot:  0 nvs              WiFi data        01 02 00009000 00006000[0m
[0;32mI (77) boot:  1 phy_init         RF data          01 01 0000f000 00001000[0m
[0;32mI (83) boot:  2 factory          factory app      00 00 00010000 00100000[0m
[0;32mI (90) boot: End of partition table[0m
[0;32mI (93) esp_image: segment 0: paddr=00010020 vaddr=3c020020 size=0d4e8h ( 54504) map[0m
[0;32mI (113) esp_image: segment 1: paddr=0001d510 vaddr=3fc93900 size=02b08h ( 11016) load[0m
[0;32mI (116) esp_image: segment 2: paddr=00020020 vaddr=42000020 size=1d9b4h (121268) map[0m
[0;32mI (145) esp_image: segment 3: paddr=0003d9dc vaddr=3fc96408 size=00ae8h (  2792) load[0m
[0;32mI (146) esp_image: segment 4: paddr=0003e4cc vaddr=40374000 size=0f8cch ( 63692) load[0m
[0;32mI (167) esp_image: segment 5: paddr=0004dda0 vaddr=600fe100 size=0001ch (    28) load[0m
[0;32mI (173) boot: Loaded app from partition at offset 0x10000[0m
[0;32mI (173) boot: Disabling RNG early entropy source...[0m
[0;32mI (185) cpu_start: Multicore app[0m
[0;32mI (193) cpu_start: Pro cpu start user code[0m
[0;32mI (193) cpu_start: cpu freq: 160000000 Hz[0m
[0;32mI (194) app_init: Application information:[0m
[0;32mI (194) app_init: Project name:     fingerprint_scanner[0m
[0;32mI (198) app_init: App version:      7eb2ecb-dirty[0m
[0;32mI (203) app_init: Compile time:     Mar 14 2025 08:27:26[0m
[0;32mI (208) app_init: ELF file SHA256:  a6f5f0976...[0m
[0;32mI (212) app_init: ESP-IDF:          v5.4-dirty[0m
[0;32mI (216) efuse_init: Min chip rev:     v0.0[0m
[0;32mI (220) efuse_init: Max chip rev:     v0.99 [0m
[0;32mI (224) efuse_init: Chip rev:         v0.1[0m
[0;32mI (228) heap_init: Initializing. RAM available for dynamic allocation:[0m
[0;32mI (234) heap_init: At 3FC98A18 len 00050CF8 (323 KiB): RAM[0m
[0;32mI (240) heap_init: At 3FCE9710 len 00005724 (21 KiB): RAM[0m
[0;32mI (245) heap_init: At 3FCF0000 len 00008000 (32 KiB): DRAM[0m
[0;32mI (250) heap_init: At 600FE11C len 00001ECC (7 KiB): RTCRAM[0m
[0;33mW (256) spi_flash: Octal flash chip is using but dio mode is selected, will automatically switch to Octal mode[0m
[0;32mI (265) spi_flash: detected chip: mxic (opi)[0m
[0;32mI (269) spi_flash: flash io: opi_str[0m
[0;33mW (272) spi_flash: Detected size(32768k) larger than the size in the binary image header(2048k). Using the size in the binary image header.[0m
[0;32mI (285) sleep_gpio: Configure to isolate all GPIO pins in sleep state[0m
[0;32mI (291) sleep_gpio: Enable automatic switching of GPIO sleep configuration[0m
[0;32mI (298) main_task: Started on CPU0[0m
[0;32mI (308) main_task: Calling app_main()[0m
[0;32mI (308) FINGERPRINT: Initializing fingerprint scanner...[0m
[0;33mW (508) FINGERPRINT: No handshake received, retrying...[0m
[0;33mW (908) FINGERPRINT: No handshake received, retrying...[0m
[0;33mW (1308) FINGERPRINT: No handshake received, retrying...[0m
[0;33mW (1708) FINGERPRINT: No handshake received, retrying...[0m
[0;33mW (2108) FINGERPRINT: No handshake received, retrying...[0m
[0;33mW (2508) FINGERPRINT: No handshake received, retrying...[0m
[0;33mW (2908) FINGERPRINT: No handshake received, retrying...[0m
[0;33mW (3308) FINGERPRINT: No handshake received, retrying...[0m
[0;33mW (3708) FINGERPRINT: No handshake received, retrying...[0m
[0;33mW (4108) FINGERPRINT: No handshake received, retrying...[0m
[0;33mW (4508) FINGERPRINT: No handshake received, retrying...[0m
[0;33mW (4908) FINGERPRINT: No handshake received, retrying...[0m
[0;33mW (5308) FINGERPRINT: No handshake received, retrying...[0m
[0;33mW (5708) FINGERPRINT: No handshake received, retrying...[0m
