ESP-ROM:esp32s3-20210327
Build:Mar 27 2021
rst:0x1 (POWERON),boot:0x18 (SPI_FAST_FLASH_BOOT)
SPIWP:0xee
Octal Flash Mode Enabled
For OPI Flash, Use Default Flash Boot Mode
mode:SLOW_RD, clock div:1
load:0x3fce2810,len:0x15a0
load:0x403c8700,len:0x4
load:0x403c8704,len:0xd20
load:0x403cb700,len:0x2ee4
entry 0x403c8928
[0;32mI (33) boot: ESP-IDF v5.4-dirty 2nd stage bootloader[0m
[0;32mI (33) boot: compile time Mar  4 2025 16:14:42[0m
[0;32mI (33) boot: Multicore bootloader[0m
[0;32mI (34) boot: chip revision: v0.1[0m
[0;32mI (37) boot: efuse block revision: v1.2[0m
[0;32mI (40) boot.esp32s3: Boot SPI Speed : 80MHz[0m
[0;32mI (44) boot.esp32s3: SPI Mode       : SLOW READ[0m
[0;32mI (48) boot.esp32s3: SPI Flash Size : 2MB[0m
[0;32mI (52) boot: Enabling RNG early entropy source...[0m
[0;32mI (57) boot: Partition Table:[0m
[0;32mI (59) boot: ## Label            Usage          Type ST Offset   Length[0m
[0;32mI (66) boot:  0 nvs              WiFi data        01 02 00009000 00006000[0m
[0;32mI (72) boot:  1 phy_init         RF data          01 01 0000f000 00001000[0m
[0;32mI (79) boot:  2 factory          factory app      00 00 00010000 00100000[0m
[0;32mI (85) boot: End of partition table[0m
[0;32mI (88) esp_image: segment 0: paddr=00010020 vaddr=3c020020 size=0d878h ( 55416) map[0m
[0;32mI (109) esp_image: segment 1: paddr=0001d8a0 vaddr=3fc93900 size=02778h ( 10104) load[0m
[0;32mI (112) esp_image: segment 2: paddr=00020020 vaddr=42000020 size=1e528h (124200) map[0m
[0;32mI (142) esp_image: segment 3: paddr=0003e550 vaddr=3fc96078 size=00f88h (  3976) load[0m
[0;32mI (143) esp_image: segment 4: paddr=0003f4e0 vaddr=40374000 size=0f8cch ( 63692) load[0m
[0;32mI (163) esp_image: segment 5: paddr=0004edb4 vaddr=600fe100 size=0001ch (    28) load[0m
[0;32mI (170) boot: Loaded app from partition at offset 0x10000[0m
[0;32mI (170) boot: Disabling RNG early entropy source...[0m
[0;32mI (181) cpu_start: Multicore app[0m
[0;32mI (190) cpu_start: Pro cpu start user code[0m
[0;32mI (190) cpu_start: cpu freq: 160000000 Hz[0m
[0;32mI (190) app_init: Application information:[0m
[0;32mI (190) app_init: Project name:     fingerprint_scanner[0m
[0;32mI (195) app_init: App version:      eba1181-dirty[0m
[0;32mI (199) app_init: Compile time:     Mar 17 2025 10:43:10[0m
[0;32mI (204) app_init: ELF file SHA256:  586966737...[0m
[0;32mI (209) app_init: ESP-IDF:          v5.4-dirty[0m
[0;32mI (213) efuse_init: Min chip rev:     v0.0[0m
[0;32mI (217) efuse_init: Max chip rev:     v0.99 [0m
[0;32mI (221) efuse_init: Chip rev:         v0.1[0m
[0;32mI (225) heap_init: Initializing. RAM available for dynamic allocation:[0m
[0;32mI (231) heap_init: At 3FC98D48 len 000509C8 (322 KiB): RAM[0m
[0;32mI (236) heap_init: At 3FCE9710 len 00005724 (21 KiB): RAM[0m
[0;32mI (241) heap_init: At 3FCF0000 len 00008000 (32 KiB): DRAM[0m
[0;32mI (246) heap_init: At 600FE11C len 00001ECC (7 KiB): RTCRAM[0m
[0;33mW (252) spi_flash: Octal flash chip is using but dio mode is selected, will automatically switch to Octal mode[0m
[0;32mI (262) spi_flash: detected chip: mxic (opi)[0m
[0;32mI (265) spi_flash: flash io: opi_str[0m
[0;33mW (269) spi_flash: Detected size(32768k) larger than the size in the binary image header(2048k). Using the size in the binary image header.[0m
[0;32mI (281) sleep_gpio: Configure to isolate all GPIO pins in sleep state[0m
[0;32mI (287) sleep_gpio: Enable automatic switching of GPIO sleep configuration[0m
[0;32mI (294) main_task: Started on CPU0[0m
[0;32mI (304) main_task: Calling app_main()[0m
[0;32mI (304) FINGERPRINT: Initializing fingerprint scanner...[0m
[0;33mW (504) FINGERPRINT: No handshake received, retrying...[0m
[0;33mW (904) FINGERPRINT: No handshake received, retrying...[0m
[0;33mW (1104) FINGERPRINT: No handshake received, retrying...[0m
[0;32mI (1304) FINGERPRINT: Fingerprint module handshake received: 0x55[0m
[0;32mI (1304) FINGERPRINT: Fingerprint scanner initialized successfully.[0m
[0;33mW (1744) FINGERPRINT: No complete packets found, returning NULL[0m
[0;33mW (1954) FINGERPRINT: No complete packets found, returning NULL[0m
[0;33mW (2164) FINGERPRINT: No complete packets found, returning NULL[0m
[0;33mW (2374) FINGERPRINT: No complete packets found, returning NULL[0m
[0;32mI (2504) FINGERPRINT: Fingerprint scanner initialized and waiting for a finger to be detected.[0m
[0;33mW (2584) FINGERPRINT: No complete packets found, returning NULL[0m
[0;32mI (2794) FINGERPRINT: Returning response with 1 packets[0m
[0;32mI (2794) FINGERPRINT: Command response packet: ID=0x07, Status=0x00[0m
[0;32mI (2794) FINGERPRINT: UART RECEIVED: 1 packets (first ID=0x07)[0m
[0;32mI (2794) FINGERPRINT: Index table read successful. Status: 0x00[0m
[0;32mI (2804) Index Table Parameters: 03 00 00 00 00 00 00 00 00 00 00 00 00 00 00 00[0m
[0;32mI (2804) Index Table Parameters: 00 00 00 00 00 00 00 00 00 00 00 00 00 00 00 00[0m
[0;32mI (2814) Index Table Parameters: 00 00 00 00 00 00 00 00 00 00 00 00 00 00 00 00[0m
[0;32mI (2824) Index Table Parameters: 00 00 00 00 00 00 00 00 00 00 00 00 00 00 00 00[0m
[0;32mI (2824) Index Table Parameters: 00 00 00 00 00 00 00 00 00 00 00 00 00 00 00 00[0m
[0;32mI (2834) Index Table Parameters: 00 00 00 00 00 00 00 00 00 00 00 00 00 00 00 00[0m
[0;32mI (2844) Index Table Parameters: 00 00 00 00 00 00 00 00 00 00 00 00 00 00 00 00[0m
[0;32mI (2854) Index Table Parameters: 00 00 00 00 00 00 00 00 00 00 00 00 00 00 00 00[0m
[0;32mI (2854) Index Table Parameters: 00 00 00 00 00 00 00 00 00 00 00 00 00 00 00 00[0m
[0;32mI (2864) Index Table Parameters: 00 00 00 00 00 00 00 00 00 00 00 00 00 00 00 00[0m
[0;32mI (2874) Index Table Parameters: 00 00 00 00 00 00 00 00 00 00 00 00 00 00 00 00[0m
[0;32mI (2874) Index Table Parameters: 00 00 00 00 00 00 00 00 00 00 00 00 00 00 00 00[0m
[0;32mI (2884) Index Table Parameters: 00 00 00 00 00 00 00 00 00 00 00 00 00 00 00 00[0m
[0;32mI (2894) Index Table Parameters: 00 00 00 00 00 00 00 00 00 00 00 00 00 00 00 00[0m
[0;32mI (2904) Index Table Parameters: 00 00 00 00 00 00 00 00 00 00 00 00 00 00 00 00[0m
[0;32mI (2904) Index Table Parameters: 00 00 00 00 00 00 00 00 00 00 00 00 00 00 00 00[0m

***ERROR*** A stack overflow in task FingerprintProc has been detected.


Backtrace: 0x40375bdd:0x3fca0fc0 0x4037ab91:0x3fca0fe0 0x4037b9e2:0x3fca1000 0x4037ce8b:0x3fca1080 0x4037baa8:0x3fca10a0 0x4037ba9e:0x00000000 |<-CORRUPTED




ELF file SHA256: 586966737

Rebooting...
ESP-ROM:esp32s3-20210327
Build:Mar 27 2021
rst:0xc (RTC_SW_CPU_RST),boot:0x18 (SPI_FAST_FLASH_BOOT)
Saved PC:0x40375b1c
SPIWP:0xee
Octal Flash Mode Enabled
For OPI Flash, Use Default Flash Boot Mode
mode:SLOW_RD, clock div:1
load:0x3fce2810,len:0x15a0
load:0x403c8700,len:0x4
load:0x403c8704,len:0xd20
load:0x403cb700,len:0x2ee4
entry 0x403c8928
[0;32mI (37) boot: ESP-IDF v5.4-dirty 2nd stage bootloader[0m
[0;32mI (38) boot: compile time Mar  4 2025 16:14:42[0m
[0;32mI (38) boot: Multicore bootloader[0m
[0;32mI (38) boot: chip revision: v0.1[0m
[0;32mI (41) boot: efuse block revision: v1.2[0m
[0;32mI (45) boot.esp32s3: Boot SPI Speed : 80MHz[0m
[0;32mI (49) boot.esp32s3: SPI Mode       : SLOW READ[0m
[0;32mI (53) boot.esp32s3: SPI Flash Size : 2MB[0m
[0;32mI (57) boot: Enabling RNG early entropy source...[0m
[0;32mI (61) boot: Partition Table:[0m
[0;32mI (64) boot: ## Label            Usage          Type ST Offset   Length[0m
[0;32mI (70) boot:  0 nvs              WiFi data        01 02 00009000 00006000[0m
[0;32mI (77) boot:  1 phy_init         RF data          01 01 0000f000 00001000[0m
[0;32mI (83) boot:  2 factory          factory app      00 00 00010000 00100000[0m
[0;32mI (90) boot: End of partition table[0m
[0;32mI (93) esp_image: segment 0: paddr=00010020 vaddr=3c020020 size=0d878h ( 55416) map[0m
[0;32mI (113) esp_image: segment 1: paddr=0001d8a0 vaddr=3fc93900 size=02778h ( 10104) load[0m
[0;32mI (116) esp_image: segment 2: paddr=00020020 vaddr=42000020 size=1e528h (124200) map[0m
[0;32mI (146) esp_image: segment 3: paddr=0003e550 vaddr=3fc96078 size=00f88h (  3976) load[0m
[0;32mI (148) esp_image: segment 4: paddr=0003f4e0 vaddr=40374000 size=0f8cch ( 63692) load[0m
[0;32mI (168) esp_image: segment 5: paddr=0004edb4 vaddr=600fe100 size=0001ch (    28) load[0m
[0;32mI (174) boot: Loaded app from partition at offset 0x10000[0m
[0;32mI (174) boot: Disabling RNG early entropy source...[0m
[0;32mI (186) cpu_start: Multicore app[0m
[0;32mI (194) cpu_start: Pro cpu start user code[0m
[0;32mI (194) cpu_start: cpu freq: 160000000 Hz[0m
[0;32mI (194) app_init: Application information:[0m
[0;32mI (194) app_init: Project name:     fingerprint_scanner[0m
[0;32mI (199) app_init: App version:      eba1181-dirty[0m
[0;32mI (204) app_init: Compile time:     Mar 17 2025 10:43:10[0m
[0;32mI (209) app_init: ELF file SHA256:  586966737...[0m
[0;32mI (213) app_init: ESP-IDF:          v5.4-dirty[0m
[0;32mI (217) efuse_init: Min chip rev:     v0.0[0m
[0;32mI (221) efuse_init: Max chip rev:     v0.99 [0m
[0;32mI (225) efuse_init: Chip rev:         v0.1[0m
[0;32mI (229) heap_init: Initializing. RAM available for dynamic allocation:[0m
[0;32mI (235) heap_init: At 3FC98D48 len 000509C8 (322 KiB): RAM[0m
[0;32mI (240) heap_init: At 3FCE9710 len 00005724 (21 KiB): RAM[0m
[0;32mI (246) heap_init: At 3FCF0000 len 00008000 (32 KiB): DRAM[0m
[0;32mI (251) heap_init: At 600FE11C len 00001ECC (7 KiB): RTCRAM[0m
[0;33mW (257) spi_flash: Octal flash chip is using but dio mode is selected, will automatically switch to Octal mode[0m
[0;32mI (266) spi_flash: detected chip: mxic (opi)[0m
[0;32mI (270) spi_flash: flash io: opi_str[0m
[0;33mW (273) spi_flash: Detected size(32768k) larger than the size in the binary image header(2048k). Using the size in the binary image header.[0m
[0;32mI (285) sleep_gpio: Configure to isolate all GPIO pins in sleep state[0m
[0;32mI (292) sleep_gpio: Enable automatic switching of GPIO sleep configuration[0m
[0;32mI (299) main_task: Started on CPU0[0m
[0;32mI (309) main_task: Calling app_main()[0m
[0;32mI (309) FINGERPRINT: Initializing fingerprint scanner...[0m
[0;33mW (509) FINGERPRINT: No handshake received, retrying...[0m
[0;33mW (909) FINGERPRINT: No handshake received, retrying...[0m
[0;33mW (1309) FINGERPRINT: No handshake received, retrying...[0m
ESP-ROM:esp32s3-20210327
Build:Mar 27 2021
rst:0x1 (POWERON),boot:0x18 (SPI_FAST_FLASH_BOOT)
SPIWP:0xee
Octal Flash Mode Enabled
For OPI Flash, Use Default Flash Boot Mode
mode:SLOW_RD, clock div:1
load:0x3fce2810,len:0x15a0
load:0x403c8700,len:0x4
load:0x403c8704,len:0xd20
load:0x403cb700,len:0x2ee4
entry 0x403c8928
[0;32mI (33) boot: ESP-IDF v5.4-dirty 2nd stage bootloader[0m
[0;32mI (33) boot: compile time Mar  4 2025 16:14:42[0m
[0;32mI (33) boot: Multicore bootloader[0m
[0;32mI (34) boot: chip revision: v0.1[0m
[0;32mI (37) boot: efuse block revision: v1.2[0m
[0;32mI (40) boot.esp32s3: Boot SPI Speed : 80MHz[0m
[0;32mI (44) boot.esp32s3: SPI Mode       : SLOW READ[0m
[0;32mI (48) boot.esp32s3: SPI Flash Size : 2MB[0m
[0;32mI (52) boot: Enabling RNG early entropy source...[0m
[0;32mI (57) boot: Partition Table:[0m
[0;32mI (59) boot: ## Label            Usage          Type ST Offset   Length[0m
[0;32mI (66) boot:  0 nvs              WiFi data        01 02 00009000 00006000[0m
[0;32mI (72) boot:  1 phy_init         RF data          01 01 0000f000 00001000[0m
[0;32mI (79) boot:  2 factory          factory app      00 00 00010000 00100000[0m
[0;32mI (85) boot: End of partition table[0m
[0;32mI (88) esp_image: segment 0: paddr=00010020 vaddr=3c020020 size=0d878h ( 55416) map[0m
[0;32mI (109) esp_image: segment 1: paddr=0001d8a0 vaddr=3fc93900 size=02778h ( 10104) load[0m
[0;32mI (112) esp_image: segment 2: paddr=00020020 vaddr=42000020 size=1e528h (124200) map[0m
[0;32mI (142) esp_image: segment 3: paddr=0003e550 vaddr=3fc96078 size=00f88h (  3976) load[0m
[0;32mI (143) esp_image: segment 4: paddr=0003f4e0 vaddr=40374000 size=0f8cch ( 63692) load[0m
[0;32mI (163) esp_image: segment 5: paddr=0004edb4 vaddr=600fe100 size=0001ch (    28) load[0m
[0;32mI (170) boot: Loaded app from partition at offset 0x10000[0m
[0;32mI (170) boot: Disabling RNG early entropy source...[0m
[0;32mI (181) cpu_start: Multicore app[0m
[0;32mI (190) cpu_start: Pro cpu start user code[0m
[0;32mI (190) cpu_start: cpu freq: 160000000 Hz[0m
[0;32mI (190) app_init: Application information:[0m
[0;32mI (190) app_init: Project name:     fingerprint_scanner[0m
[0;32mI (195) app_init: App version:      eba1181-dirty[0m
[0;32mI (199) app_init: Compile time:     Mar 17 2025 10:43:10[0m
[0;32mI (204) app_init: ELF file SHA256:  586966737...[0m
[0;32mI (209) app_init: ESP-IDF:          v5.4-dirty[0m
[0;32mI (213) efuse_init: Min chip rev:     v0.0[0m
[0;32mI (217) efuse_init: Max chip rev:     v0.99 [0m
[0;32mI (221) efuse_init: Chip rev:         v0.1[0m
[0;32mI (225) heap_init: Initializing. RAM available for dynamic allocation:[0m
[0;32mI (231) heap_init: At 3FC98D48 len 000509C8 (322 KiB): RAM[0m
[0;32mI (236) heap_init: At 3FCE9710 len 00005724 (21 KiB): RAM[0m
[0;32mI (241) heap_init: At 3FCF0000 len 00008000 (32 KiB): DRAM[0m
[0;32mI (246) heap_init: At 600FE11C len 00001ECC (7 KiB): RTCRAM[0m
[0;33mW (252) spi_flash: Octal flash chip is using but dio mode is selected, will automatically switch to Octal mode[0m
[0;32mI (262) spi_flash: detected chip: mxic (opi)[0m
[0;32mI (265) spi_flash: flash io: opi_str[0m
[0;33mW (269) spi_flash: Detected size(32768k) larger than the size in the binary image header(2048k). Using the size in the binary image header.[0m
[0;32mI (281) sleep_gpio: Configure to isolate all GPIO pins in sleep state[0m
[0;32mI (287) sleep_gpio: Enable automatic switching of GPIO sleep configuration[0m
[0;32mI (294) main_task: Started on CPU0[0m
[0;32mI (304) main_task: Calling app_main()[0m
[0;32mI (304) FINGERPRINT: Initializing fingerprint scanner...[0m
[0;33mW (504) FINGERPRINT: No handshake received, retrying...[0m
[0;33mW (904) FINGERPRINT: No handshake received, retrying...[0m
[0;33mW (1304) FINGERPRINT: No handshake received, retrying...[0m
[0;33mW (1704) FINGERPRINT: No handshake received, retrying...[0m
[0;33mW (1904) FINGERPRINT: No handshake received, retrying...[0m
[0;32mI (2104) FINGERPRINT: Fingerprint module handshake received: 0x55[0m
[0;32mI (2104) FINGERPRINT: Fingerprint scanner initialized successfully.[0m
[0;32mI (2554) FINGERPRINT: Returning response with 1 packets[0m
[0;32mI (2554) FINGERPRINT: Command response packet: ID=0x07, Status=0x00[0m
[0;32mI (2554) FINGERPRINT: UART RECEIVED: 1 packets (first ID=0x07)[0m
[0;32mI (3304) FINGERPRINT: Fingerprint scanner initialized and waiting for a finger to be detected.[0m
[0;32mI (3604) FINGERPRINT: Returning response with 1 packets[0m
[0;32mI (3604) FINGERPRINT: Command response packet: ID=0x07, Status=0x00[0m
[0;32mI (3604) FINGERPRINT: UART RECEIVED: 1 packets (first ID=0x07)[0m
[0;32mI (3604) FINGERPRINT: Index table read successful. Status: 0x00[0m
[0;32mI (3614) Index Table Parameters: 03 00 00 00 00 00 00 00 00 00 00 00 00 00 00 00[0m
[0;32mI (3614) Index Table Parameters: 00 00 00 00 00 00 00 00 00 00 00 00 00 00 00 00[0m
[0;32mI (3624) Index Table Parameters: 00 00 00 00 00 00 00 00 00 00 00 00 00 00 00 00[0m
[0;32mI (3634) Index Table Parameters: 00 00 00 00 00 00 00 00 00 00 00 00 00 00 00 00[0m
[0;32mI (3634) Index Table Parameters: 00 00 00 00 00 00 00 00 00 00 00 00 00 00 00 00[0m
[0;32mI (3644) Index Table Parameters: 00 00 00 00 00 00 00 00 00 00 00 00 00 00 00 00[0m
[0;32mI (3654) Index Table Parameters: 00 00 00 00 00 00 00 00 00 00 00 00 00 00 00 00[0m
[0;32mI (3664) Index Table Parameters: 00 00 00 00 00 00 00 00 00 00 00 00 00 00 00 00[0m
[0;32mI (3664) Index Table Parameters: 00 00 00 00 00 00 00 00 00 00 00 00 00 00 00 00[0m
[0;32mI (3674) Index Table Parameters: 00 00 00 00 00 00 00 00 00 00 00 00 00 00 00 00[0m
[0;32mI (3684) Index Table Parameters: 00 00 00 00 00 00 00 00 00 00 00 00 00 00 00 00[0m
[0;32mI (3684) Index Table Parameters: 00 00 00 00 00 00 00 00 00 00 00 00 00 00 00 00[0m
[0;32mI (3694) Index Table Parameters: 00 00 00 00 00 00 00 00 00 00 00 00 00 00 00 00[0m
[0;32mI (3704) Index Table Parameters: 00 00 00 00 00 00 00 00 00 00 00 00 00 00 00 00[0m
[0;32mI (3714) Index Table Parameters: 00 00 00 00 00 00 00 00 00 00 00 00 00 00 00 00[0m
[0;32mI (3714) Index Table Parameters: 00 00 00 00 00 00 00 00 00 00 00 00 00 00 00 00[0m

***ERROR*** A stack overflow in task FingerprintProc has been detected.


Backtrace: 0x40375bdd:0x3fca0fc0 0x4037ab91:0x3fca0fe0 0x4037b9e2:0x3fca1000 0x4037ce8b:0x3fca1080 0x4037baa8:0x3fca10a0 0x4037ba9e:0x00000000 |<-CORRUPTED




ELF file SHA256: 586966737

Rebooting...
ï¿½ï¿½ï¿½ESP-ROM:esp32s3-20210327
Build:Mar 27 2021
rst:0xc (RTC_SW_CPU_RST),boot:0x18 (SPI_FAST_FLASH_BOOT)
Saved PC:0x40375b1c
SPIWP:0xee
Octal Flash Mode Enabled
For OPI Flash, Use Default Flash Boot Mode
mode:SLOW_RD, clock div:1
load:0x3fce2810,len:0x15a0
load:0x403c8700,len:0x4
load:0x403c8704,len:0xd20
load:0x403cb700,len:0x2ee4
entry 0x403c8928
[0;32mI (37) boot: ESP-IDF v5.4-dirty 2nd stage bootloader[0m
[0;32mI (38) boot: compile time Mar  4 2025 16:14:42[0m
[0;32mI (38) boot: Multicore bootloader[0m
[0;32mI (38) boot: chip revision: v0.1[0m
[0;32mI (41) boot: efuse block revision: v1.2[0m
[0;32mI (45) boot.esp32s3: Boot SPI Speed : 80MHz[0m
[0;32mI (49) boot.esp32s3: SPI Mode       : SLOW READ[0m
[0;32mI (53) boot.esp32s3: SPI Flash Size : 2MB[0m
[0;32mI (57) boot: Enabling RNG early entropy source...[0m
[0;32mI (61) boot: Partition Table:[0m
[0;32mI (64) boot: ## Label            Usage          Type ST Offset   Length[0m
[0;32mI (70) boot:  0 nvs              WiFi data        01 02 00009000 00006000[0m
[0;32mI (77) boot:  1 phy_init         RF data          01 01 0000f000 00001000[0m
[0;32mI (83) boot:  2 factory          factory app      00 00 00010000 00100000[0m
[0;32mI (90) boot: End of partition table[0m
[0;32mI (93) esp_image: segment 0: paddr=00010020 vaddr=3c020020 size=0d878h ( 55416) map[0m
[0;32mI (113) esp_image: segment 1: paddr=0001d8a0 vaddr=3fc93900 size=02778h ( 10104) load[0m
[0;32mI (116) esp_image: segment 2: paddr=00020020 vaddr=42000020 size=1e528h (124200) map[0m
[0;32mI (146) esp_image: segment 3: paddr=0003e550 vaddr=3fc96078 size=00f88h (  3976) load[0m
[0;32mI (148) esp_image: segment 4: paddr=0003f4e0 vaddr=40374000 size=0f8cch ( 63692) load[0m
[0;32mI (168) esp_image: segment 5: paddr=0004edb4 vaddr=600fe100 size=0001ch (    28) load[0m
[0;32mI (174) boot: Loaded app from partition at offset 0x10000[0m
[0;32mI (174) boot: Disabling RNG early entropy source...[0m
[0;32mI (186) cpu_start: Multicore app[0m
[0;32mI (194) cpu_start: Pro cpu start user code[0m
[0;32mI (194) cpu_start: cpu freq: 160000000 Hz[0m
[0;32mI (194) app_init: Application information:[0m
[0;32mI (194) app_init: Project name:     fingerprint_scanner[0m
[0;32mI (199) app_init: App version:      eba1181-dirty[0m
[0;32mI (204) app_init: Compile time:     Mar 17 2025 10:43:10[0m
[0;32mI (209) app_init: ELF file SHA256:  586966737...[0m
[0;32mI (213) app_init: ESP-IDF:          v5.4-dirty[0m
[0;32mI (217) efuse_init: Min chip rev:     v0.0[0m
[0;32mI (221) efuse_init: Max chip rev:     v0.99 [0m
[0;32mI (225) efuse_init: Chip rev:         v0.1[0m
[0;32mI (229) heap_init: Initializing. RAM available for dynamic allocation:[0m
[0;32mI (235) heap_init: At 3FC98D48 len 000509C8 (322 KiB): RAM[0m
[0;32mI (240) heap_init: At 3FCE9710 len 00005724 (21 KiB): RAM[0m
[0;32mI (246) heap_init: At 3FCF0000 len 00008000 (32 KiB): DRAM[0m
[0;32mI (251) heap_init: At 600FE11C len 00001ECC (7 KiB): RTCRAM[0m
[0;33mW (257) spi_flash: Octal flash chip is using but dio mode is selected, will automatically switch to Octal mode[0m
[0;32mI (266) spi_flash: detected chip: mxic (opi)[0m
[0;32mI (270) spi_flash: flash io: opi_str[0m
[0;33mW (273) spi_flash: Detected size(32768k) larger than the size in the binary image header(2048k). Using the size in the binary image header.[0m
[0;32mI (285) sleep_gpio: Configure to isolate all GPIO pins in sleep state[0m
[0;32mI (292) sleep_gpio: Enable automatic switching of GPIO sleep configuration[0m
[0;32mI (299) main_task: Started on CPU0[0m
[0;32mI (309) main_task: Calling app_main()[0m
[0;32mI (309) FINGERPRINT: Initializing fingerprint scanner...[0m
[0;33mW (509) FINGERPRINT: No handshake received, retrying...[0m
[0;33mW (909) FINGERPRINT: No handshake received, retrying...[0m
[0;33mW (1309) FINGERPRINT: No handshake received, retrying...[0m
[0;33mW (1709) FINGERPRINT: No handshake received, retrying...[0m
ESP-ROM:esp32s3-20210327
Build:Mar 27 2021
rst:0x1 (POWERON),boot:0x1b (SPI_FAST_FLASH_BOOT)
SPIWP:0xee
Octal Flash Mode Enabled
For OPI Flash, Use Default Flash Boot Mode
mode:SLOW_RD, clock div:1
load:0x3fce2810,len:0x15a0
load:0x403c8700,len:0x4
load:0x403c8704,len:0xd20
load:0x403cb700,len:0x2ee4
entry 0x403c8928
[0;32mI (33) boot: ESP-IDF v5.4-dirty 2nd stage bootloader[0m
[0;32mI (33) boot: compile time Mar  4 2025 16:14:42[0m
[0;32mI (33) boot: Multicore bootloader[0m
[0;32mI (34) boot: chip revision: v0.1[0m
[0;32mI (37) boot: efuse block revision: v1.2[0m
[0;32mI (40) boot.esp32s3: Boot SPI Speed : 80MHz[0m
[0;32mI (44) boot.esp32s3: SPI Mode       : SLOW READ[0m
[0;32mI (48) boot.esp32s3: SPI Flash Size : 2MB[0m
[0;32mI (52) boot: Enabling RNG early entropy source...[0m
[0;32mI (57) boot: Partition Table:[0m
[0;32mI (59) boot: ## Label            Usage          Type ST Offset   Length[0m
[0;32mI (66) boot:  0 nvs              WiFi data        01 02 00009000 00006000[0m
[0;32mI (72) boot:  1 phy_init         RF data          01 01 0000f000 00001000[0m
[0;32mI (79) boot:  2 factory          factory app      00 00 00010000 00100000[0m
[0;32mI (85) boot: End of partition table[0m
[0;32mI (88) esp_image: segment 0: paddr=00010020 vaddr=3c020020 size=0d878h ( 55416) map[0m
[0;32mI (109) esp_image: segment 1: paddr=0001d8a0 vaddr=3fc93900 size=02778h ( 10104) load[0m
[0;32mI (112) esp_image: segment 2: paddr=00020020 vaddr=42000020 size=1e528h (124200) map[0m
[0;32mI (142) esp_image: segment 3: paddr=0003e550 vaddr=3fc96078 size=00f88h (  3976) load[0m
[0;32mI (143) esp_image: segment 4: paddr=0003f4e0 vaddr=40374000 size=0f8cch ( 63692) load[0m
[0;32mI (163) esp_image: segment 5: paddr=0004edb4 vaddr=600fe100 size=0001ch (    28) load[0m
[0;32mI (170) boot: Loaded app from partition at offset 0x10000[0m
[0;32mI (170) boot: Disabling RNG early entropy source...[0m
[0;32mI (181) cpu_start: Multicore app[0m
[0;32mI (190) cpu_start: Pro cpu start user code[0m
[0;32mI (190) cpu_start: cpu freq: 160000000 Hz[0m
[0;32mI (190) app_init: Application information:[0m
[0;32mI (190) app_init: Project name:     fingerprint_scanner[0m
[0;32mI (195) app_init: App version:      eba1181-dirty[0m
[0;32mI (199) app_init: Compile time:     Mar 17 2025 10:43:10[0m
[0;32mI (204) app_init: ELF file SHA256:  586966737...[0m
[0;32mI (209) app_init: ESP-IDF:          v5.4-dirty[0m
[0;32mI (213) efuse_init: Min chip rev:     v0.0[0m
[0;32mI (217) efuse_init: Max chip rev:     v0.99 [0m
[0;32mI (221) efuse_init: Chip rev:         v0.1[0m
[0;32mI (225) heap_init: Initializing. RAM available for dynamic allocation:[0m
[0;32mI (231) heap_init: At 3FC98D48 len 000509C8 (322 KiB): RAM[0m
[0;32mI (236) heap_init: At 3FCE9710 len 00005724 (21 KiB): RAM[0m
[0;32mI (241) heap_init: At 3FCF0000 len 00008000 (32 KiB): DRAM[0m
[0;32mI (246) heap_init: At 600FE11C len 00001ECC (7 KiB): RTCRAM[0m
[0;33mW (252) spi_flash: Octal flash chip is using but dio mode is selected, will automatically switch to Octal mode[0m
[0;32mI (262) spi_flash: detected chip: mxic (opi)[0m
[0;32mI (265) spi_flash: flash io: opi_str[0m
[0;33mW (269) spi_flash: Detected size(32768k) larger than the size in the binary image header(2048k). Using the size in the binary image header.[0m
[0;32mI (281) sleep_gpio: Configure to isolate all GPIO pins in sleep state[0m
[0;32mI (287) sleep_gpio: Enable automatic switching of GPIO sleep configuration[0m
[0;32mI (294) main_task: Started on CPU0[0m
[0;32mI (304) main_task: Calling app_main()[0m
[0;32mI (304) FINGERPRINT: Initializing fingerprint scanner...[0m
[0;33mW (504) FINGERPRINT: No handshake received, retrying...[0m
[0;33mW (904) FINGERPRINT: No handshake received, retrying...[0m
[0;33mW (1304) FINGERPRINT: No handshake received, retrying...[0m
[0;33mW (1704) FINGERPRINT: No handshake received, retrying...[0m
[0;33mW (2104) FINGERPRINT: No handshake received, retrying...[0m
[0;33mW (2324) FINGERPRINT: No handshake received, retrying...[0m
[0;32mI (2524) FINGERPRINT: Fingerprint module handshake received: 0x55[0m
[0;32mI (2524) FINGERPRINT: Fingerprint scanner initialized successfully.[0m
[0;32mI (2974) FINGERPRINT: Returning response with 1 packets[0m
[0;32mI (2974) FINGERPRINT: Command response packet: ID=0x07, Status=0x00[0m
[0;32mI (2974) FINGERPRINT: UART RECEIVED: 1 packets (first ID=0x07)[0m
[0;32mI (3724) FINGERPRINT: Fingerprint scanner initialized and waiting for a finger to be detected.[0m
[0;32mI (4024) FINGERPRINT: Returning response with 1 packets[0m
[0;32mI (4024) FINGERPRINT: Command response packet: ID=0x07, Status=0x00[0m
[0;32mI (4024) FINGERPRINT: UART RECEIVED: 1 packets (first ID=0x07)[0m
[0;32mI (4024) FINGERPRINT: Index table read successful. Status: 0x00[0m
[0;32mI (4034) Index Table Parameters: 03 00 00 00 00 00 00 00 00 00 00 00 00 00 00 00[0m
[0;32mI (4034) Index Table Parameters: 00 00 00 00 00 00 00 00 00 00 00 00 00 00 00 00[0m
[0;32mI (4044) Index Table Parameters: 00 00 00 00 00 00 00 00 00 00 00 00 00 00 00 00[0m
[0;32mI (4054) Index Table Parameters: 00 00 00 00 00 00 00 00 00 00 00 00 00 00 00 00[0m
[0;32mI (4054) Index Table Parameters: 00 00 00 00 00 00 00 00 00 00 00 00 00 00 00 00[0m
[0;32mI (4064) Index Table Parameters: 00 00 00 00 00 00 00 00 00 00 00 00 00 00 00 00[0m
[0;32mI (4074) Index Table Parameters: 00 00 00 00 00 00 00 00 00 00 00 00 00 00 00 00[0m
[0;32mI (4084) Index Table Parameters: 00 00 00 00 00 00 00 00 00 00 00 00 00 00 00 00[0m
[0;32mI (4084) Index Table Parameters: 00 00 00 00 00 00 00 00 00 00 00 00 00 00 00 00[0m
[0;32mI (4094) Index Table Parameters: 00 00 00 00 00 00 00 00 00 00 00 00 00 00 00 00[0m
[0;32mI (4104) Index Table Parameters: 00 00 00 00 00 00 00 00 00 00 00 00 00 00 00 00[0m
[0;32mI (4104) Index Table Parameters: 00 00 00 00 00 00 00 00 00 00 00 00 00 00 00 00[0m
[0;32mI (4114) Index Table Parameters: 00 00 00 00 00 00 00 00 00 00 00 00 00 00 00 00[0m
[0;32mI (4124) Index Table Parameters: 00 00 00 00 00 00 00 00 00 00 00 00 00 00 00 00[0m
[0;32mI (4134) Index Table Parameters: 00 00 00 00 00 00 00 00 00 00 00 00 00 00 00 00[0m
[0;32mI (4134) Index Table Parameters: 00 00 00 00 00 00 00 00 00 00 00 00 00 00 00 00[0m
[1;31mE (4144) FINGERPRINT: Location 1 is already occupied[0m
[1;31mE (4144) FINGERPRINT: Fingeprint not enrolled![0m
[0;32mI (4154) FINGERPRINT: Starting fingerprint verification...[0m
[0;32mI (6154) FINGERPRINT: Please place your finger on the sensor...[0m
[0;32mI (6834) FINGERPRINT: Returning response with 1 packets[0m
[0;32mI (6834) FINGERPRINT: Command response packet: ID=0x07, Status=0x02[0m
[0;32mI (6834) FINGERPRINT: UART RECEIVED: 1 packets (first ID=0x07)[0m
[0;32mI (7394) FINGERPRINT: Returning response with 1 packets[0m
[0;32mI (7394) FINGERPRINT: Command response packet: ID=0x07, Status=0x00[0m
[0;32mI (7394) FINGERPRINT: UART RECEIVED: 1 packets (first ID=0x07)[0m
[0;32mI (7394) FINGERPRINT: Finger detected! Status: 0x00[0m
[0;32mI (7404) FINGERPRINT: Finger detected![0m
[0;32mI (7664) FINGERPRINT: Returning response with 1 packets[0m
[0;32mI (7664) FINGERPRINT: Command response packet: ID=0x07, Status=0x00[0m
[0;32mI (7664) FINGERPRINT: UART RECEIVED: 1 packets (first ID=0x07)[0m
[0;32mI (7664) FINGERPRINT: Fingerprint features extracted successfully! Status: 0x00[0m
[0;32mI (7674) FINGERPRINT: Searching for fingerprint match...[0m
[0;32mI (8044) FINGERPRINT: Returning response with 1 packets[0m
[0;32mI (8044) FINGERPRINT: Command response packet: ID=0x07, Status=0x00[0m
[0;32mI (8044) FINGERPRINT: UART RECEIVED: 1 packets (first ID=0x07)[0m
[0;32mI (8044) FINGERPRINT: Fingerprint search successful. Status: 0x00[0m
[0;32mI (8054) FINGERPRINT: Match found at Enrollee ID: 0[0m
[0;32mI (8054) FINGERPRINT: Match score: 4608[0m
[0;32mI (8054) FINGERPRINT: Access granted - fingerprint verified![0m
[0;32mI (8474) FINGERPRINT: Returning response with 1 packets[0m
[0;32mI (8474) FINGERPRINT: Command response packet: ID=0x07, Status=0x00[0m
[0;32mI (8474) FINGERPRINT: UART RECEIVED: 1 packets (first ID=0x07)[0m
[0;32mI (8474) EVENT TEMPLATE COUNT: Number of valid templates: 2[0m
[0;32mI (8484) FINGERPRINT: Count of enrolled fingerprints sent successfully.[0m
[0;32mI (8484) FINGERPRINT: Backing up template id 0x0001[0m
[0;32mI (8494) FINGERPRINT: Loading Template...[0m
[0;32mI (8694) FINGERPRINT: LoadChar command sent[0m
[0;32mI (8904) FINGERPRINT: Returning response with 1 packets[0m
[0;32mI (8904) FINGERPRINT: Command response packet: ID=0x07, Status=0x00[0m
[0;32mI (8904) FINGERPRINT: UART RECEIVED: 1 packets (first ID=0x07)[0m
[0;32mI (8904) FINGERPRINT: Template loaded successfully. Status: 0x00[0m
[0;32mI (8914) FINGERPRINT: Loading Template Successful[0m
[0;32mI (8914) FINGERPRINT: Uploading Template...[0m
[0;32mI (8914) FINGERPRINT: Sending UpChar command for buffer 1[0m
[0;32mI (9124) FINGERPRINT: Waiting for template data transfer...[0m
[0;32mI (9174) FINGERPRINT: Received template data packet 1[0m
[0;32mI (9174) FINGERPRINT: UART RECEIVED: 3 packets (first ID=0x07)[0m
[0;32mI (9174) FINGERPRINT: Template accumulator initialized[0m
[0;32mI (9224) FINGERPRINT: UART RECEIVED: 1 packets (first ID=0x02)[0m
[0;32mI (9274) FINGERPRINT: UART RECEIVED: 1 packets (first ID=0x02)[0m
[0;32mI (9324) FINGERPRINT: UART RECEIVED: 1 packets (first ID=0x02)[0m
[0;32mI (9374) FINGERPRINT: UART RECEIVED: 1 packets (first ID=0x02)[0m
[0;32mI (9424) FINGERPRINT: UART RECEIVED: 1 packets (first ID=0x02)[0m
[0;32mI (9474) FINGERPRINT: UART RECEIVED: 1 packets (first ID=0x02)[0m
[0;32mI (9524) FINGERPRINT: UART RECEIVED: 1 packets (first ID=0x02)[0m
[0;32mI (9574) FINGERPRINT: UART RECEIVED: 1 packets (first ID=0x02)[0m
[0;32mI (9624) FINGERPRINT: UART RECEIVED: 1 packets (first ID=0x02)[0m
[0;32mI (9644) FINGERPRINT: UART RECEIVED: 1 packets (first ID=0x02)[0m
[0;32mI (9694) FINGERPRINT: UART RECEIVED: 1 packets (first ID=0x02)[0m
[0;32mI (9744) FINGERPRINT: UART RECEIVED: 1 packets (first ID=0x02)[0m
[0;32mI (9794) FINGERPRINT: UART RECEIVED: 1 packets (first ID=0x02)[0m
[0;32mI (9844) FINGERPRINT: UART RECEIVED: 1 packets (first ID=0x02)[0m
[0;32mI (9894) FINGERPRINT: Found FOOF end marker at position 242[0m
[0;32mI (9894) FINGERPRINT: Copied 256 bytes to template buffer[0m
[0;32mI (9904) FINGERPRINT: UART RECEIVED: 2 packets (first ID=0x02)[0m
[0;32mI (9904) FINGERPRINT: UART RECEIVED: Final packet (0x08)[0m
[0;32mI (9904) FINGERPRINT: Added 256 bytes to template accumulator (total: 256 bytes)[0m
[0;32mI (9914) FINGERPRINT: Triggering template event with 256 bytes of complete data[0m
[0;32mI (9924) FINGERPRINT: Complete template data (256 bytes):[0m
[0;32mI (9924) Template Data: 0x3fca4250   f3 be 24 2e 25 9c d8 8f  0d 00 25 21 6f 3a 13 2e  |..$.%.....%!o:..|[0m
[0;32mI (9934) Template Data: 0x3fca4260   e4 59 e8 a3 f4 6c 40 4f  39 27 a9 ed 7f e9 23 1c  |.Y...l@O9'....#.|[0m
[0;32mI (9944) Template Data: 0x3fca4270   ef f1 1f 1b 23 93 b9 7a  f6 ad c5 04 bc c9 16 0c  |....#..z........|[0m
[0;32mI (9954) Template Data: 0x3fca4280   a0 7e 4a 86 b9 05 6a 18  17 3d 41 b1 80 a4 0e eb  |.~J...j..=A.....|[0m
[0;32mI (9964) Template Data: 0x3fca4290   5e bb f1 a3 3e 11 31 e5  9a ba 7b 56 34 40 fe 00  |^...>.1...{V4@..|[0m
[0;32mI (9974) Template Data: 0x3fca42a0   01 00 31 03 00 97 00 04  0a 32 22 46 d6 d7 f9 ae  |..1......2"F....|[0m
[0;32mI (9984) Template Data: 0x3fca42b0   a8 43 cc 3e 4a b6 68 40  b5 be e7 27 c8 19 18 19  |.C.>J.h@...'....|[0m
[0;32mI (9994) Template Data: 0x3fca42c0   a0 33 63 ef ab 21 fb 7e  0f 1d 08 25 d5 7b 8f 3e  |.3c..!.~...%.{.>|[0m
[0;32mI (10004) Template Data: 0x3fca42d0   6c b7 bd 6f 00 05 00 18  00 00 00 9b 00 00 00 00  |l..o............|[0m
[0;32mI (10014) Template Data: 0x3fca42e0   00 00 00 00 00 00 00 00  00 00 00 00 00 00 00 00  |................|[0m
[0;32mI (10024) Template Data: 0x3fca42f0   00 0b 00 43 01 10 04 00  00 00 00 00 00 07 0d 00  |...C............|[0m
[0;32mI (10034) Template Data: 0x3fca4300   00 12 1d 00 00 02 05 00  00 00 00 00 00 00 00 59  |...............Y|[0m
[0;32mI (10044) Template Data: 0x3fca4310   05 ef 01 ff ff ff ff 02  01 02 00 00 00 00 00 00  |................|[0m
[0;32mI (10044) Template Data: 0x3fca4320   00 00 00 00 00 00 00 00  08 08 00 00 18 21 00 00  |.............!..|[0m
[0;32mI (10054) Template Data: 0x3fca4330   04 04 00 00 00 00 00 00  00 00 00 00 00 00 00 00  |................|[0m
[0;32mI (10064) Template Data: 0x3fca4340   00 00 46 4f 4f 46 93 07  50 52 45 43 49 53 45 00  |..FOOF..PRECISE.|[0m
[0;32mI (10074) FINGERPRINT: Template saved for later use[0m
[0;32mI (10084) FINGERPRINT: Fingerprint template uploaded successfully[0m
[0;32mI (10084) FINGERPRINT: Template accumulation complete and event triggered[0m
[0;32mI (13124) FINGERPRINT: Template upload should be complete[0m
[0;32mI (13124) FINGERPRINT: Template backup successful[0m
[0;32mI (13124) FINGERPRINT: Template backed up successfully.[0m
[0;32mI (15124) FINGERPRINT: Template backed up successfully.[0m
[0;32mI (17124) FINGERPRINT: Downloading saved template to location 2[0m
[0;32mI (17124) FINGERPRINT: Found template validation marker (FOOF) at offset 242[0m
[0;32mI (19654) FINGERPRINT: Returning response with 1 packets[0m
[0;32mI (19654) FINGERPRINT: Command response packet: ID=0x07, Status=0x00[0m
[0;32mI (19654) FINGERPRINT: UART RECEIVED: 1 packets (first ID=0x07)[0m
[0;32mI (19654) FINGERPRINT: Download starting - module ready to receive data[0m
[0;32mI (19664) FINGERPRINT: Sending template chunk 1 of 16 bytes[0m
[0;32mI (19874) FINGERPRINT: Sending template chunk 2 of 16 bytes[0m
[0;32mI (20084) FINGERPRINT: Sending template chunk 3 of 16 bytes[0m
[0;32mI (20294) FINGERPRINT: Sending template chunk 4 of 16 bytes[0m
[0;32mI (20504) FINGERPRINT: Sending template chunk 5 of 16 bytes[0m
[0;32mI (20714) FINGERPRINT: Sending template chunk 6 of 16 bytes[0m
[0;32mI (20924) FINGERPRINT: Sending template chunk 7 of 16 bytes[0m
[0;32mI (21134) FINGERPRINT: Sending template chunk 8 of 16 bytes[0m
[0;32mI (21344) FINGERPRINT: Sending template chunk 9 of 16 bytes[0m
[0;32mI (21554) FINGERPRINT: Sending template chunk 10 of 16 bytes[0m
[0;32mI (21764) FINGERPRINT: Sending template chunk 11 of 16 bytes[0m
[0;32mI (21974) FINGERPRINT: Sending template chunk 12 of 16 bytes[0m
[0;32mI (22184) FINGERPRINT: Sending template chunk 13 of 16 bytes[0m
[0;32mI (22394) FINGERPRINT: Sending template chunk 14 of 16 bytes[0m
[0;32mI (22604) FINGERPRINT: Sending template chunk 15 of 16 bytes[0m
[0;32mI (22814) FINGERPRINT: Sending template chunk 16 of 16 bytes[0m
[0;32mI (23104) FINGERPRINT: Sending final packet (0x08)[0m
ESP-ROM:esp32s3-20210327
Build:Mar 27 2021
rst:0x7 (TG0WDT_SYS_RST),boot:0x1b (SPI_FAST_FLASH_BOOT)
Saved PC:0x40041a7c
SPIWP:0xee
Octal Flash Mode Enabled
For OPI Flash, Use Default Flash Boot Mode
mode:SLOW_RD, clock div:1
load:0x3fce2810,len:0x15a0
load:0x403c8700,len:0x4
load:0x403c8704,len:0xd20
load:0x403cb700,len:0x2ee4
entry 0x403c8928
[0;32mI (37) boot: ESP-IDF v5.4-dirty 2nd stage bootloader[0m
[0;32mI (38) boot: compile time Mar  4 2025 16:14:42[0m
[0;32mI (38) boot: Multicore bootloader[0m
[0;32mI (38) boot: chip revision: v0.1[0m
[0;32mI (41) boot: efuse block revision: v1.2[0m
[0;32mI (45) boot.esp32s3: Boot SPI Speed : 80MHz[0m
[0;32mI (49) boot.esp32s3: SPI Mode       : SLOW READ[0m
[0;32mI (53) boot.esp32s3: SPI Flash Size : 2MB[0m
[0;33mW (57) boot.esp32s3: PRO CPU has been reset by WDT.[0m
[0;33mW (61) boot.esp32s3: APP CPU has been reset by WDT.[0m
[0;32mI (66) boot: Enabling RNG early entropy source...[0m
[0;32mI (70) boot: Partition Table:[0m
[0;32mI (73) boot: ## Label            Usage          Type ST Offset   Length[0m
[0;32mI (79) boot:  0 nvs              WiFi data        01 02 00009000 00006000[0m
[0;32mI (86) boot:  1 phy_init         RF data          01 01 0000f000 00001000[0m
[0;32mI (92) boot:  2 factory          factory app      00 00 00010000 00100000[0m
[0;32mI (99) boot: End of partition table[0m
[0;32mI (102) esp_image: segment 0: paddr=00010020 vaddr=3c020020 size=0d878h ( 55416) map[0m
[0;32mI (123) esp_image: segment 1: paddr=0001d8a0 vaddr=3fc93900 size=02778h ( 10104) load[0m
[0;32mI (126) esp_image: segment 2: paddr=00020020 vaddr=42000020 size=1e528h (124200) map[0m
[0;32mI (156) esp_image: segment 3: paddr=0003e550 vaddr=3fc96078 size=00f88h (  3976) load[0m
[0;32mI (157) esp_image: segment 4: paddr=0003f4e0 vaddr=40374000 size=0f8cch ( 63692) load[0m
[0;32mI (177) esp_image: segment 5: paddr=0004edb4 vaddr=600fe100 size=0001ch (    28) load[0m
[0;32mI (183) boot: Loaded app from partition at offset 0x10000[0m
[0;32mI (183) boot: Disabling RNG early entropy source...[0m
[0;32mI (195) cpu_start: Multicore app[0m
[0;32mI (204) cpu_start: Pro cpu start user code[0m
[0;32mI (204) cpu_start: cpu freq: 160000000 Hz[0m
[0;32mI (204) app_init: Application information:[0m
[0;32mI (204) app_init: Project name:     fingerprint_scanner[0m
[0;32mI (209) app_init: App version:      eba1181-dirty[0m
[0;32mI (213) app_init: Compile time:     Mar 17 2025 10:43:10[0m
[0;32mI (218) app_init: ELF file SHA256:  586966737...[0m
[0;32mI (222) app_init: ESP-IDF:          v5.4-dirty[0m
[0;32mI (227) efuse_init: Min chip rev:     v0.0[0m
[0;32mI (230) efuse_init: Max chip rev:     v0.99 [0m
[0;32mI (234) efuse_init: Chip rev:         v0.1[0m
[0;32mI (238) heap_init: Initializing. RAM available for dynamic allocation:[0m
[0;32mI (245) heap_init: At 3FC98D48 len 000509C8 (322 KiB): RAM[0m
[0;32mI (250) heap_init: At 3FCE9710 len 00005724 (21 KiB): RAM[0m
[0;32mI (255) heap_init: At 3FCF0000 len 00008000 (32 KiB): DRAM[0m
[0;32mI (260) heap_init: At 600FE11C len 00001ECC (7 KiB): RTCRAM[0m
[0;33mW (266) spi_flash: Octal flash chip is using but dio mode is selected, will automatically switch to Octal mode[0m
[0;32mI (275) spi_flash: detected chip: mxic (opi)[0m
[0;32mI (279) spi_flash: flash io: opi_str[0m
[0;33mW (282) spi_flash: Detected size(32768k) larger than the size in the binary image header(2048k). Using the size in the binary image header.[0m
[0;32mI (295) sleep_gpio: Configure to isolate all GPIO pins in sleep state[0m
[0;32mI (301) sleep_gpio: Enable automatic switching of GPIO sleep configuration[0m
[0;32mI (308) main_task: Started on CPU0[0m
[0;32mI (318) main_task: Calling app_main()[0m
[0;32mI (318) FINGERPRINT: Initializing fingerprint scanner...[0m
[0;33mW (518) FINGERPRINT: No handshake received, retrying...[0m
[0;33mW (918) FINGERPRINT: No handshake received, retrying...[0m
[0;33mW (1318) FINGERPRINT: No handshake received, retrying...[0m
[0;33mW (1718) FINGERPRINT: No handshake received, retrying...[0m
